Archive member included because of file (symbol)

..\..\..\libvga_api.a(API_DRAW.o)
                              ..\obj\UI.o (API_DRAW_line)
..\..\..\libvga_api.a(API_IO.o)
                              ..\obj\UI.o (API_IO_INIT)
..\..\..\libvga_api.a(lcd.o)  ..\..\..\libvga_api.a(API_IO.o) (LCD_init)
..\..\..\libvga_api.a(delay.o)
                              ..\..\..\libvga_api.a(API_IO.o) (DELAY_init)
..\..\..\libvga_api.a(uart.o)
                              ..\..\..\libvga_api.a(API_IO.o) (UART_init)
c:/program files (x86)/gnu tools arm embedded/4.8 2013q4/bin/../lib/gcc/arm-none-eabi/4.8.3/armv7e-m\libgcc.a(_arm_addsubdf3.o)
                              ..\..\..\libvga_api.a(delay.o) (__aeabi_ui2d)
c:/program files (x86)/gnu tools arm embedded/4.8 2013q4/bin/../lib/gcc/arm-none-eabi/4.8.3/armv7e-m\libgcc.a(_arm_muldivdf3.o)
                              ..\..\..\libvga_api.a(delay.o) (__aeabi_dmul)
c:/program files (x86)/gnu tools arm embedded/4.8 2013q4/bin/../lib/gcc/arm-none-eabi/4.8.3/armv7e-m\libgcc.a(_arm_fixunsdfsi.o)
                              ..\..\..\libvga_api.a(delay.o) (__aeabi_d2uiz)
c:/program files (x86)/gnu tools arm embedded/4.8 2013q4/bin/../lib/gcc/arm-none-eabi/4.8.3/armv7e-m\libgcc.a(_arm_addsubsf3.o)
                              ..\..\..\libvga_api.a(API_IO.o) (__aeabi_fadd)
c:/program files (x86)/gnu tools arm embedded/4.8 2013q4/bin/../lib/gcc/arm-none-eabi/4.8.3/armv7e-m\libgcc.a(_arm_muldivsf3.o)
                              ..\..\..\libvga_api.a(API_IO.o) (__aeabi_fmul)
c:/program files (x86)/gnu tools arm embedded/4.8 2013q4/bin/../lib/gcc/arm-none-eabi/4.8.3/armv7e-m\libgcc.a(_arm_cmpsf2.o)
                              ..\..\..\libvga_api.a(API_IO.o) (__aeabi_fcmple)
c:/program files (x86)/gnu tools arm embedded/4.8 2013q4/bin/../lib/gcc/arm-none-eabi/4.8.3/armv7e-m\libgcc.a(_arm_fixsfsi.o)
                              ..\..\..\libvga_api.a(API_IO.o) (__aeabi_f2iz)
c:/program files (x86)/gnu tools arm embedded/4.8 2013q4/bin/../lib/gcc/arm-none-eabi/4.8.3/../../../../arm-none-eabi/lib/armv7e-m\libg.a(lib_a-atoi.o)
                              ..\obj\UI.o (atoi)
c:/program files (x86)/gnu tools arm embedded/4.8 2013q4/bin/../lib/gcc/arm-none-eabi/4.8.3/../../../../arm-none-eabi/lib/armv7e-m\libg.a(lib_a-ctype_.o)
                              ..\obj\UI.o (__ctype_ptr__)
c:/program files (x86)/gnu tools arm embedded/4.8 2013q4/bin/../lib/gcc/arm-none-eabi/4.8.3/../../../../arm-none-eabi/lib/armv7e-m\libg.a(lib_a-memset.o)
                              ..\obj\UI.o (memset)
c:/program files (x86)/gnu tools arm embedded/4.8 2013q4/bin/../lib/gcc/arm-none-eabi/4.8.3/../../../../arm-none-eabi/lib/armv7e-m\libg.a(lib_a-strlen.o)
                              ..\obj\IO_tekst_bitmap.o (strlen)
c:/program files (x86)/gnu tools arm embedded/4.8 2013q4/bin/../lib/gcc/arm-none-eabi/4.8.3/../../../../arm-none-eabi/lib/armv7e-m\libg.a(lib_a-strncmp.o)
                              ..\obj\UI.o (strncmp)
c:/program files (x86)/gnu tools arm embedded/4.8 2013q4/bin/../lib/gcc/arm-none-eabi/4.8.3/../../../../arm-none-eabi/lib/armv7e-m\libg.a(lib_a-strtol.o)
                              c:/program files (x86)/gnu tools arm embedded/4.8 2013q4/bin/../lib/gcc/arm-none-eabi/4.8.3/../../../../arm-none-eabi/lib/armv7e-m\libg.a(lib_a-atoi.o) (_strtol_r)
c:/program files (x86)/gnu tools arm embedded/4.8 2013q4/bin/../lib/gcc/arm-none-eabi/4.8.3/../../../../arm-none-eabi/lib/armv7e-m\libg.a(lib_a-vsnprintf.o)
                              ..\..\..\libvga_api.a(uart.o) (vsnprintf)
c:/program files (x86)/gnu tools arm embedded/4.8 2013q4/bin/../lib/gcc/arm-none-eabi/4.8.3/../../../../arm-none-eabi/lib/armv7e-m\libg.a(lib_a-impure.o)
                              c:/program files (x86)/gnu tools arm embedded/4.8 2013q4/bin/../lib/gcc/arm-none-eabi/4.8.3/../../../../arm-none-eabi/lib/armv7e-m\libg.a(lib_a-strtol.o) (_impure_ptr)
c:/program files (x86)/gnu tools arm embedded/4.8 2013q4/bin/../lib/gcc/arm-none-eabi/4.8.3/../../../../arm-none-eabi/lib/armv7e-m\libg.a(lib_a-svfprintf.o)
                              c:/program files (x86)/gnu tools arm embedded/4.8 2013q4/bin/../lib/gcc/arm-none-eabi/4.8.3/../../../../arm-none-eabi/lib/armv7e-m\libg.a(lib_a-vsnprintf.o) (_svfprintf_r)
c:/program files (x86)/gnu tools arm embedded/4.8 2013q4/bin/../lib/gcc/arm-none-eabi/4.8.3/../../../../arm-none-eabi/lib/armv7e-m\libg.a(lib_a-dtoa.o)
                              c:/program files (x86)/gnu tools arm embedded/4.8 2013q4/bin/../lib/gcc/arm-none-eabi/4.8.3/../../../../arm-none-eabi/lib/armv7e-m\libg.a(lib_a-svfprintf.o) (_dtoa_r)
c:/program files (x86)/gnu tools arm embedded/4.8 2013q4/bin/../lib/gcc/arm-none-eabi/4.8.3/../../../../arm-none-eabi/lib/armv7e-m\libg.a(lib_a-locale.o)
                              c:/program files (x86)/gnu tools arm embedded/4.8 2013q4/bin/../lib/gcc/arm-none-eabi/4.8.3/../../../../arm-none-eabi/lib/armv7e-m\libg.a(lib_a-svfprintf.o) (_localeconv_r)
[...]
Memory Configuration

Name             Origin             Length             Attributes
rom              0x08000000         0x00100000         xr
ram              0x20000000         0x00020000         xrw
ram1             0x10000000         0x00010000         xrw
*default*        0x00000000         0xffffffff

Linker script and memory map

                0x20020000                _eram = 0x20020000

.text           0x08000000     0x4e8c
 *(.isr_vector)
 .isr_vector    0x08000000      0x188 ..\obj\startup_stm32f4xx.o
                0x08000000                g_pfnVectors
 *(.text*)
 .text.UI_rp_char
                0x08000188       0x40 ..\obj\UI.o
                0x08000188                UI_rp_char
 .text.UI_get_param
                0x080001c8       0x3c ..\obj\UI.o
                0x080001c8                UI_get_param
 .text.UI_rm_char
                0x08000204       0x4c ..\obj\UI.o
                0x08000204                UI_rm_char
 .text.main     0x08000250      0x2c0 ..\obj\UI.o
                0x08000250                main
 .text.USART_Init
                0x08000510      0x174 ..\obj\stm32f4xx_usart.o
                0x08000510                USART_Init
 .text.USART_Cmd
                0x08000684       0x40 ..\obj\stm32f4xx_usart.o
                0x08000684                USART_Cmd
 .text.USART_SendData
                0x080006c4       0x24 ..\obj\stm32f4xx_usart.o
                0x080006c4                USART_SendData
 .text.USART_ITConfig
                0x080006e8       0x90 ..\obj\stm32f4xx_usart.o
                0x080006e8                USART_ITConfig
 .text.USART_GetFlagStatus
                0x08000778       0x38 ..\obj\stm32f4xx_usart.o
                0x08000778                USART_GetFlagStatus
 .text.USART_GetITStatus
                0x080007b0       0xb0 ..\obj\stm32f4xx_usart.o
                0x080007b0                USART_GetITStatus
 .text.USART_ClearITPendingBit
                0x08000860       0x38 ..\obj\stm32f4xx_usart.o
                0x08000860                USART_ClearITPendingBit
 .text.API_DRAW_letter
                0x08000898       0xcc ..\obj\IO_tekst_bitmap.o
                0x08000898                API_DRAW_letter
 .text.API_DRAW_text
                0x08000964       0x90 ..\obj\IO_tekst_bitmap.o
                0x08000964                API_DRAW_text
 .text.Default_Reset_Handler
                0x080009f4       0x5c ..\obj\startup_stm32f4xx.o
                0x080009f4                Default_Reset_Handler
                0x080009f4                Reset_Handler
 .text.Default_Handler
                0x08000a50        0x8 ..\obj\startup_stm32f4xx.o
                0x08000a50                RTC_Alarm_IRQHandler
                0x08000a50                HASH_RNG_IRQHandler
                0x08000a50                EXTI2_IRQHandler
                0x08000a50                TIM8_CC_IRQHandler
                0x08000a50                DebugMon_Handler
                0x08000a50                TIM1_CC_IRQHandler
                0x08000a50                HardFault_Handler
                0x08000a50                DMA1_Stream5_IRQHandler
                0x08000a50                SysTick_Handler
                0x08000a50                PVD_IRQHandler
                0x08000a50                SDIO_IRQHandler
                0x08000a50                TAMP_STAMP_IRQHandler
                0x08000a50                PendSV_Handler
                0x08000a50                NMI_Handler
                0x08000a50                CAN2_RX1_IRQHandler
                0x08000a50                EXTI3_IRQHandler
                0x08000a50                TIM8_TRG_COM_TIM14_IRQHandler
                0x08000a50                TIM1_UP_TIM10_IRQHandler
                0x08000a50                TIM8_UP_TIM13_IRQHandler
                0x08000a50                I2C3_ER_IRQHandler
                0x08000a50                EXTI0_IRQHandler
                0x08000a50                I2C2_EV_IRQHandler
                0x08000a50                DMA1_Stream2_IRQHandler
                0x08000a50                CAN1_RX0_IRQHandler
                0x08000a50                FPU_IRQHandler
                0x08000a50                OTG_HS_WKUP_IRQHandler
                0x08000a50                UsageFault_Handler
                0x08000a50                CAN2_SCE_IRQHandler
                0x08000a50                DMA2_Stream2_IRQHandler
                0x08000a50                SPI1_IRQHandler
                0x08000a50                TIM6_DAC_IRQHandler
                0x08000a50                TIM1_BRK_TIM9_IRQHandler
                0x08000a50                DCMI_IRQHandler
                0x08000a50                CAN2_RX0_IRQHandler
                0x08000a50                DMA2_Stream3_IRQHandler
                0x08000a50                USART6_IRQHandler
                0x08000a50                USART3_IRQHandler
                0x08000a50                CRYP_IRQHandler
                0x08000a50                CAN1_RX1_IRQHandler
                0x08000a50                UART5_IRQHandler
                0x08000a50                DMA2_Stream0_IRQHandler
                0x08000a50                TIM4_IRQHandler
                0x08000a50                I2C1_EV_IRQHandler
                0x08000a50                DMA1_Stream6_IRQHandler
                0x08000a50                DMA1_Stream1_IRQHandler
                0x08000a50                UART4_IRQHandler
                0x08000a50                TIM3_IRQHandler
                0x08000a50                RCC_IRQHandler
                0x08000a50                TIM8_BRK_TIM12_IRQHandler
                0x08000a50                EXTI15_10_IRQHandler
                0x08000a50                ADC_IRQHandler
                0x08000a50                DMA1_Stream7_IRQHandler
                0x08000a50                TIM7_IRQHandler
                0x08000a50                CAN2_TX_IRQHandler
                0x08000a50                TIM5_IRQHandler
                0x08000a50                DMA2_Stream7_IRQHandler
                0x08000a50                I2C3_EV_IRQHandler
                0x08000a50                EXTI9_5_IRQHandler
                0x08000a50                RTC_WKUP_IRQHandler
                0x08000a50                ETH_WKUP_IRQHandler
                0x08000a50                SPI2_IRQHandler
                0x08000a50                OTG_HS_EP1_IN_IRQHandler
                0x08000a50                MemManage_Handler
                0x08000a50                DMA1_Stream0_IRQHandler
                0x08000a50                CAN1_TX_IRQHandler
                0x08000a50                SVC_Handler
                0x08000a50                EXTI4_IRQHandler
                0x08000a50                FSMC_IRQHandler
                0x08000a50                ETH_IRQHandler
                0x08000a50                OTG_HS_EP1_OUT_IRQHandler
                0x08000a50                WWDG_IRQHandler
                0x08000a50                OTG_FS_WKUP_IRQHandler
                0x08000a50                TIM1_TRG_COM_TIM11_IRQHandler
                0x08000a50                OTG_HS_IRQHandler
                0x08000a50                EXTI1_IRQHandler
                0x08000a50                I2C2_ER_IRQHandler
                0x08000a50                DMA2_Stream1_IRQHandler
                0x08000a50                CAN1_SCE_IRQHandler
                0x08000a50                FLASH_IRQHandler
                0x08000a50                DMA2_Stream4_IRQHandler
                0x08000a50                BusFault_Handler
                0x08000a50                USART1_IRQHandler
                0x08000a50                OTG_FS_IRQHandler
                0x08000a50                SPI3_IRQHandler
                0x08000a50                DMA1_Stream4_IRQHandler
                0x08000a50                I2C1_ER_IRQHandler
                0x08000a50                DMA2_Stream6_IRQHandler
                0x08000a50                DMA1_Stream3_IRQHandler
 .text.LL_exe   0x08000a58      0x1c4 ..\obj\LL.o
                0x08000a58                LL_exe
 .text.RCC_GetClocksFreq
                0x08000c1c      0x154 ..\obj\stm32f4xx_rcc.o
                0x08000c1c                RCC_GetClocksFreq
 .text.RCC_AHB1PeriphClockCmd
                0x08000d70       0x3c ..\obj\stm32f4xx_rcc.o
                0x08000d70                RCC_AHB1PeriphClockCmd
 .text.RCC_APB1PeriphClockCmd
                0x08000dac       0x3c ..\obj\stm32f4xx_rcc.o
                0x08000dac                RCC_APB1PeriphClockCmd
 .text.RCC_APB2PeriphClockCmd
                0x08000de8       0x3c ..\obj\stm32f4xx_rcc.o
                0x08000de8                RCC_APB2PeriphClockCmd
 .text.GPIO_Init
                0x08000e24      0x11c ..\obj\stm32f4xx_gpio.o
                0x08000e24                GPIO_Init
 .text.GPIO_ReadInputDataBit
                0x08000f40       0x34 ..\obj\stm32f4xx_gpio.o
                0x08000f40                GPIO_ReadInputDataBit
 .text.GPIO_SetBits
                0x08000f74       0x1c ..\obj\stm32f4xx_gpio.o
                0x08000f74                GPIO_SetBits
 .text.GPIO_ResetBits
                0x08000f90       0x1c ..\obj\stm32f4xx_gpio.o
                0x08000f90                GPIO_ResetBits
 .text.GPIO_PinAFConfig
                0x08000fac       0x8c ..\obj\stm32f4xx_gpio.o
                0x08000fac                GPIO_PinAFConfig
 .text.SystemInit
                0x08001038       0x58 ..\obj\system_stm32f4xx.o
                0x08001038                SystemInit
 .text.SetSysClock
                0x08001090       0xf4 ..\obj\system_stm32f4xx.o
 .text.DMA_DeInit
                0x08001184      0x1a4 ..\obj\stm32f4xx_dma.o
                0x08001184                DMA_DeInit
 .text.DMA_Init
                0x08001328       0xac ..\obj\stm32f4xx_dma.o
                0x08001328                DMA_Init
 .text.DMA_Cmd  0x080013d4       0x38 ..\obj\stm32f4xx_dma.o
                0x080013d4                DMA_Cmd
 .text.DMA_ITConfig
                0x0800140c       0x74 ..\obj\stm32f4xx_dma.o
                0x0800140c                DMA_ITConfig
 .text.DMA_GetITStatus
                0x08001480       0xb0 ..\obj\stm32f4xx_dma.o
                0x08001480                DMA_GetITStatus
 .text.DMA_ClearITPendingBit
                0x08001530       0x5c ..\obj\stm32f4xx_dma.o
                0x08001530                DMA_ClearITPendingBit
 .text.UB_VGA_Screen_Init
                0x0800158c       0x80 ..\obj\stm32_ub_vga_screen.o
                0x0800158c                UB_VGA_Screen_Init
 .text.UB_VGA_FillScreen
                0x0800160c       0x48 ..\obj\stm32_ub_vga_screen.o
                0x0800160c                UB_VGA_FillScreen
 .text.UB_VGA_SetPixel
                0x08001654       0x4c ..\obj\stm32_ub_vga_screen.o
                0x08001654                UB_VGA_SetPixel
 .text.P_VGA_InitIO
                0x080016a0       0xa8 ..\obj\stm32_ub_vga_screen.o
                0x080016a0                P_VGA_InitIO
 .text.P_VGA_InitTIM
                0x08001748       0xc8 ..\obj\stm32_ub_vga_screen.o
                0x08001748                P_VGA_InitTIM
 .text.P_VGA_InitINT
                0x08001810       0x58 ..\obj\stm32_ub_vga_screen.o
                0x08001810                P_VGA_InitINT
 .text.P_VGA_InitDMA
                0x08001868       0x90 ..\obj\stm32_ub_vga_screen.o
                0x08001868                P_VGA_InitDMA
 .text.TIM2_IRQHandler
                0x080018f8       0xb8 ..\obj\stm32_ub_vga_screen.o
                0x080018f8                TIM2_IRQHandler
 .text.DMA2_Stream5_IRQHandler
                0x080019b0       0x4c ..\obj\stm32_ub_vga_screen.o
                0x080019b0                DMA2_Stream5_IRQHandler
 .text.NVIC_Init
                0x080019fc       0xbc ..\obj\misc.o
                0x080019fc                NVIC_Init
 .text.TIM_TimeBaseInit
                0x08001ab8       0xd4 ..\obj\stm32f4xx_tim.o
                0x08001ab8                TIM_TimeBaseInit
 .text.TIM_ARRPreloadConfig
                0x08001b8c       0x40 ..\obj\stm32f4xx_tim.o
                0x08001b8c                TIM_ARRPreloadConfig
 .text.TIM_Cmd  0x08001bcc       0x40 ..\obj\stm32f4xx_tim.o
                0x08001bcc                TIM_Cmd
 .text.TIM_OC3Init
                0x08001c0c      0x10c ..\obj\stm32f4xx_tim.o
                0x08001c0c                TIM_OC3Init
 .text.TIM_OC4Init
                0x08001d18       0xcc ..\obj\stm32f4xx_tim.o
                0x08001d18                TIM_OC4Init
 .text.TIM_OC3PreloadConfig
                0x08001de4       0x38 ..\obj\stm32f4xx_tim.o
                0x08001de4                TIM_OC3PreloadConfig
 .text.TIM_OC4PreloadConfig
                0x08001e1c       0x3c ..\obj\stm32f4xx_tim.o
                0x08001e1c                TIM_OC4PreloadConfig
 .text.TIM_ITConfig
                0x08001e58       0x48 ..\obj\stm32f4xx_tim.o
                0x08001e58                TIM_ITConfig
 .text.TIM_ClearITPendingBit
                0x08001ea0       0x20 ..\obj\stm32f4xx_tim.o
                0x08001ea0                TIM_ClearITPendingBit
 .text.TIM_DMACmd
                0x08001ec0       0x48 ..\obj\stm32f4xx_tim.o
                0x08001ec0                TIM_DMACmd
 .text.API_ERROR_inrange
                0x08001f08       0x68 ..\..\..\libvga_api.a(API_DRAW.o)
                0x08001f08                API_ERROR_inrange
 .text.API_DRAW_line
                0x08001f70       0x4c ..\..\..\libvga_api.a(API_DRAW.o)
                0x08001f70                API_DRAW_line
 .text.API_DRAW_bitmap
                0x08001fbc       0xb4 ..\..\..\libvga_api.a(API_DRAW.o)
                0x08001fbc                API_DRAW_bitmap
 .text.API_IO_INIT
                0x08002070       0x1c ..\..\..\libvga_api.a(API_IO.o)
                0x08002070                API_IO_INIT
 .text.API_IO_UART_gets
                0x0800208c       0x18 ..\..\..\libvga_api.a(API_IO.o)
                0x0800208c                API_IO_UART_gets
 .text.API_IO_UART_putint
                0x080020a4       0x18 ..\..\..\libvga_api.a(API_IO.o)
                0x080020a4                API_IO_UART_putint
 .text.API_IO_UART_puts
                0x080020bc       0x18 ..\..\..\libvga_api.a(API_IO.o)
                0x080020bc                API_IO_UART_puts
 .text.API_IO_bitmap
                0x080020d4      0x144 ..\..\..\libvga_api.a(API_IO.o)
                0x080020d4                API_IO_bitmap
 .text.API_IO_clearscherm
                0x08002218       0x1c ..\..\..\libvga_api.a(API_IO.o)
                0x08002218                API_IO_clearscherm
 .text.API_IO_line
                0x08002234      0x270 ..\..\..\libvga_api.a(API_IO.o)
                0x08002234                API_IO_line
 .text.API_IO_rechthoek
                0x080024a4       0xb8 ..\..\..\libvga_api.a(API_IO.o)
                0x080024a4                API_IO_rechthoek
 .text.ClearBits
                0x0800255c       0x2c ..\..\..\libvga_api.a(lcd.o)
                0x0800255c                ClearBits
 .text.LCD_init
                0x08002588       0xe4 ..\..\..\libvga_api.a(lcd.o)
                0x08002588                LCD_init
 .text.LCD_writenibble
                0x0800266c       0x64 ..\..\..\libvga_api.a(lcd.o)
 .text.LCD_writebyte
                0x080026d0       0x58 ..\..\..\libvga_api.a(lcd.o)
 .text.busyflag
                0x08002728       0xb0 ..\..\..\libvga_api.a(lcd.o)
                0x08002728                busyflag
 .text.DELAY_init
                0x080027d8      0x128 ..\..\..\libvga_api.a(delay.o)
                0x080027d8                DELAY_init
 .text.DELAY_ms
                0x08002900       0x3c ..\..\..\libvga_api.a(delay.o)
                0x08002900                DELAY_ms
 .text.UART_init
                0x0800293c       0x94 ..\..\..\libvga_api.a(uart.o)
                0x0800293c                UART_init
 .text.UART_putchar
                0x080029d0       0x34 ..\..\..\libvga_api.a(uart.o)
                0x080029d0                UART_putchar
 .text.UART_puts
                0x08002a04       0x38 ..\..\..\libvga_api.a(uart.o)
                0x08002a04                UART_puts
 .text.USART2_IRQHandler
                0x08002a3c       0xb4 ..\..\..\libvga_api.a(uart.o)
                0x08002a3c                USART2_IRQHandler
 .text.UART_putint
                0x08002af0       0x18 ..\..\..\libvga_api.a(uart.o)
                0x08002af0                UART_putint
 .text.UART_putnum
                0x08002b08       0xb4 ..\..\..\libvga_api.a(uart.o)
                0x08002b08                UART_putnum
 .text.UART_get
                0x08002bbc       0x30 ..\..\..\libvga_api.a(uart.o)
                0x08002bbc                UART_get
 .text.UART_gets
                0x08002bec       0x58 ..\..\..\libvga_api.a(uart.o)
                0x08002bec                UART_gets
 .text          0x08002c44      0x370 c:/program files (x86)/gnu tools arm embedded/4.8 2013q4/bin/../lib/gcc/arm-none-eabi/4.8.3/armv7e-m\libgcc.a(_arm_addsubdf3.o)
                0x08002c44                __aeabi_drsub
                0x08002c4c                __aeabi_dsub
                0x08002c4c                __subdf3
                0x08002c50                __aeabi_dadd
                0x08002c50                __adddf3
                0x08002ec8                __floatunsidf
                0x08002ec8                __aeabi_ui2d
                0x08002ee8                __floatsidf
                0x08002ee8                __aeabi_i2d
                0x08002f0c                __aeabi_f2d
                0x08002f0c                __extendsfdf2
                0x08002f48                __floatundidf
                0x08002f48                __aeabi_ul2d
                0x08002f58                __floatdidf
                0x08002f58                __aeabi_l2d
 .text          0x08002fb4      0x424 c:/program files (x86)/gnu tools arm embedded/4.8 2013q4/bin/../lib/gcc/arm-none-eabi/4.8.3/armv7e-m\libgcc.a(_arm_muldivdf3.o)
                0x08002fb4                __aeabi_dmul
                0x08002fb4                __muldf3
                0x08003208                __divdf3
                0x08003208                __aeabi_ddiv
 .text          0x080033d8       0x40 c:/program files (x86)/gnu tools arm embedded/4.8 2013q4/bin/../lib/gcc/arm-none-eabi/4.8.3/armv7e-m\libgcc.a(_arm_fixunsdfsi.o)
                0x080033d8                __aeabi_d2uiz
                0x080033d8                __fixunsdfsi
 .text          0x08003418      0x21c c:/program files (x86)/gnu tools arm embedded/4.8 2013q4/bin/../lib/gcc/arm-none-eabi/4.8.3/armv7e-m\libgcc.a(_arm_addsubsf3.o)
                0x08003418                __aeabi_frsub
                0x08003420                __subsf3
                0x08003420                __aeabi_fsub
                0x08003424                __aeabi_fadd
                0x08003424                __addsf3
                0x08003584                __aeabi_ui2f
                0x08003584                __floatunsisf
                0x0800358c                __aeabi_i2f
                0x0800358c                __floatsisf
                0x080035a8                __aeabi_ul2f
                0x080035a8                __floatundisf
                0x080035b8                __aeabi_l2f
                0x080035b8                __floatdisf
 .text          0x08003634      0x2a0 c:/program files (x86)/gnu tools arm embedded/4.8 2013q4/bin/../lib/gcc/arm-none-eabi/4.8.3/armv7e-m\libgcc.a(_arm_muldivsf3.o)
                0x08003634                __mulsf3
                0x08003634                __aeabi_fmul
                0x0800379c                __aeabi_fdiv
                0x0800379c                __divsf3
 .text          0x080038d4       0xec c:/program files (x86)/gnu tools arm embedded/4.8 2013q4/bin/../lib/gcc/arm-none-eabi/4.8.3/armv7e-m\libgcc.a(_arm_cmpsf2.o)
                0x080038d4                __gesf2
                0x080038d4                __gtsf2
                0x080038dc                __lesf2
                0x080038dc                __ltsf2
                0x080038e4                __nesf2
                0x080038e4                __eqsf2
                0x080038e4                __cmpsf2
                0x08003944                __aeabi_cfrcmple
                0x0800394c                __aeabi_cfcmpeq
                0x0800394c                __aeabi_cfcmple
                0x0800395c                __aeabi_fcmpeq
                0x08003970                __aeabi_fcmplt
                0x08003984                __aeabi_fcmple
                0x08003998                __aeabi_fcmpge
                0x080039ac                __aeabi_fcmpgt
 .text          0x080039c0       0x4c c:/program files (x86)/gnu tools arm embedded/4.8 2013q4/bin/../lib/gcc/arm-none-eabi/4.8.3/armv7e-m\libgcc.a(_arm_fixsfsi.o)
                0x080039c0                __aeabi_f2iz
                0x080039c0                __fixsfsi
 .text.atoi     0x08003a0c        0x8 c:/program files (x86)/gnu tools arm embedded/4.8 2013q4/bin/../lib/gcc/arm-none-eabi/4.8.3/../../../../arm-none-eabi/lib/armv7e-m\libg.a(lib_a-atoi.o)
                0x08003a0c                atoi
 .text.memset   0x08003a14       0x94 c:/program files (x86)/gnu tools arm embedded/4.8 2013q4/bin/../lib/gcc/arm-none-eabi/4.8.3/../../../../arm-none-eabi/lib/armv7e-m\libg.a(lib_a-memset.o)
                0x08003a14                memset
 .text.strlen   0x08003aa8       0x60 c:/program files (x86)/gnu tools arm embedded/4.8 2013q4/bin/../lib/gcc/arm-none-eabi/4.8.3/../../../../arm-none-eabi/lib/armv7e-m\libg.a(lib_a-strlen.o)
                0x08003aa8                strlen
 .text.strncmp  0x08003b08       0xb4 c:/program files (x86)/gnu tools arm embedded/4.8 2013q4/bin/../lib/gcc/arm-none-eabi/4.8.3/../../../../arm-none-eabi/lib/armv7e-m\libg.a(lib_a-strncmp.o)
                0x08003b08                strncmp
 .text._strtol_r
                0x08003bbc      0x114 c:/program files (x86)/gnu tools arm embedded/4.8 2013q4/bin/../lib/gcc/arm-none-eabi/4.8.3/../../../../arm-none-eabi/lib/armv7e-m\libg.a(lib_a-strtol.o)
                0x08003bbc                _strtol_r
 .text.strtol   0x08003cd0       0x18 c:/program files (x86)/gnu tools arm embedded/4.8 2013q4/bin/../lib/gcc/arm-none-eabi/4.8.3/../../../../arm-none-eabi/lib/armv7e-m\libg.a(lib_a-strtol.o)
                0x08003cd0                strtol
 *(.init)
 *(.fini)
 *crtbegin.o(.ctors)
 *crtbegin?.o(.ctors)
 *(EXCLUDE_FILE(*crtend.o *crtend?.o) .ctors)
 *(SORT(.ctors.*))
 *(.ctors)
 *crtbegin.o(.dtors)
 *crtbegin?.o(.dtors)
 *(EXCLUDE_FILE(*crtend.o *crtend?.o) .dtors)
 *(SORT(.dtors.*))
 *(.dtors)
 *(.rodata*)
 .rodata        0x08003ce8       0x44 ..\obj\UI.o
 .rodata        0x08003d2c     0x1044 ..\obj\IO_tekst_bitmap.o
                0x08003d2c                arial_16ptBitmaps
                0x08004a64                arial_16ptDescriptors
 .rodata        0x08004d70       0x14 ..\obj\LL.o
 .rodata._ctype_
                0x08004d84      0x104 c:/program files (x86)/gnu tools arm embedded/4.8 2013q4/bin/../lib/gcc/arm-none-eabi/4.8.3/../../../../arm-none-eabi/lib/armv7e-m\libg.a(lib_a-ctype_.o)
                0x08004d84                _ctype_
 .rodata.str1.4
                0x08004e88        0x4 c:/program files (x86)/gnu tools arm embedded/4.8 2013q4/bin/../lib/gcc/arm-none-eabi/4.8.3/../../../../arm-none-eabi/lib/armv7e-m\libg.a(lib_a-impure.o)
 *(.eh_fram e*)

.glue_7         0x08004e8c        0x0
 .glue_7        0x00000000        0x0 linker stubs

.glue_7t        0x08004e8c        0x0
 .glue_7t       0x00000000        0x0 linker stubs

.vfp11_veneer   0x08004e8c        0x0
 .vfp11_veneer  0x00000000        0x0 linker stubs

.v4_bx          0x08004e8c        0x0
 .v4_bx         0x00000000        0x0 linker stubs

.iplt           0x08004e8c        0x0
 .iplt          0x00000000        0x0 ..\obj\UI.o

.rel.dyn        0x08004e8c        0x0
 .rel.iplt      0x00000000        0x0 ..\obj\UI.o

.ARM.extab
 *(.ARM.extab* .gnu.linkonce.armextab.*)
                0x08004e8c                __exidx_start = .

.ARM.exidx
 *(.ARM.exidx* .gnu.linkonce.armexidx.*)
                0x08004e8c                __exidx_end = .
                0x08004e8c                __etext = .
                0x08004e8c                _sidata = __etext

.data           0x20000000     0x293c load address 0x08004e8c
                0x20000000                __data_start__ = .
                0x20000000                _sdata = __data_start__
 *(vtable)
 *(.data*)
 .data          0x20000000       0x10 ..\obj\stm32f4xx_rcc.o
 .data          0x20000010     0x24e8 ..\..\..\libvga_api.a(API_DRAW.o)
                0x20000010                pijl_links
                0x20000478                pijl_rechts
                0x200008e0                pijl_omhoog
                0x20000d20                pijl_omlaag
                0x20001160                smiley_blij
                0x20001b2c                smiley_boos
 .data          0x200024f8       0x10 ..\..\..\libvga_api.a(uart.o)
 .data.__ctype_ptr__
                0x20002508        0x4 c:/program files (x86)/gnu tools arm embedded/4.8 2013q4/bin/../lib/gcc/arm-none-eabi/4.8.3/../../../../arm-none-eabi/lib/armv7e-m\libg.a(lib_a-ctype_.o)
                0x20002508                __ctype_ptr__
 *fill*         0x2000250c        0x4 
 .data.impure_data
                0x20002510      0x428 c:/program files (x86)/gnu tools arm embedded/4.8 2013q4/bin/../lib/gcc/arm-none-eabi/4.8.3/../../../../arm-none-eabi/lib/armv7e-m\libg.a(lib_a-impure.o)
 .data._impure_ptr
                0x20002938        0x4 c:/program files (x86)/gnu tools arm embedded/4.8 2013q4/bin/../lib/gcc/arm-none-eabi/4.8.3/../../../../arm-none-eabi/lib/armv7e-m\libg.a(lib_a-impure.o)
                0x20002938                _impure_ptr
                0x2000293c                . = ALIGN (0x4)
                0x2000293c                PROVIDE (__preinit_array_start, .)
 *(.preinit_array)
                0x2000293c                PROVIDE (__preinit_array_end, .)
                0x2000293c                . = ALIGN (0x4)
                0x2000293c                PROVIDE (__init_array_start, .)
 *(SORT(.init_array.*))
 *(.init_array)
                0x2000293c                PROVIDE (__init_array_end, .)
                0x2000293c                . = ALIGN (0x4)
                0x2000293c                PROVIDE (__fini_array_start, .)
 *(SORT(.fini_array.*))
 *(.fini_array)
                0x2000293c                PROVIDE (__fini_array_end, .)
 *(.jcr*)
                0x2000293c                . = ALIGN (0x4)
                0x2000293c                __data_end__ = .
                0x2000293c                _edata = __data_end__

.igot.plt       0x2000293c        0x0 load address 0x080077c8
 .igot.plt      0x00000000        0x0 ..\obj\UI.o

.bss            0x2000293c    0x12d74 load address 0x080077c8
                0x2000293c                . = ALIGN (0x4)
                0x2000293c                __bss_start__ = .
                0x2000293c                _sbss = __bss_start__
 *(.bss*)
 .bss           0x2000293c        0x4 ..\..\..\libvga_api.a(uart.o)
                0x2000293c                charcounter
 *(COMMON)
 COMMON         0x20002940    0x12cfc ..\obj\IO_tekst_bitmap.o
                0x20002940                VGA
                0x2000294c                VGA_RAM1
 COMMON         0x2001563c       0x10 ..\..\..\libvga_api.a(delay.o)
                0x2001563c                G_CLK
                0x20015640                D_S
                0x20015644                D_uS
                0x20015648                D_mS
 COMMON         0x2001564c       0x64 ..\..\..\libvga_api.a(uart.o)
                0x2001564c                string
                0x200156b0                . = ALIGN (0x4)
                0x200156b0                __bss_end__ = .
                0x200156b0                _ebss = __bss_end__

.heap           0x200156b0        0x0
                0x200156b0                __end__ = .
                0x200156b0                _end = __end__
                0x200156b0                end = __end__
 *(.heap*)
                0x200156b0                __HeapLimit = .

.co_stack       0x200156b0      0x800 load address 0x0801a53c
                0x200156b0                . = ALIGN (0x8)
 *(.co_stack .co_stack.*)
 .co_stack      0x200156b0      0x800 ..\obj\startup_stm32f4xx.o
                0x200156b0                pulStack
                0x20020000                __StackTop = (ORIGIN (ram) + 0x20000)
                0x2001f800                __StackLimit = (__StackTop - SIZEOF (.co_stack))
                0x20020000                PROVIDE (__stack, __StackTop)
                0x00000001                ASSERT ((__StackLimit >= __HeapLimit), region ram  overflowed with stack)
LOAD ..\obj\UI.o
LOAD ..\obj\stm32f4xx_usart.o
LOAD ..\obj\IO_tekst_bitmap.o
LOAD ..\obj\startup_stm32f4xx.o
LOAD ..\obj\LL.o
LOAD ..\obj\stm32f4xx_rcc.o
LOAD ..\obj\stm32f4xx_gpio.o
LOAD ..\obj\system_stm32f4xx.o
LOAD ..\obj\syscalls.o
LOAD ..\obj\stm32f4xx_dma.o
LOAD ..\obj\stm32_ub_vga_screen.o
LOAD ..\obj\misc.o
LOAD ..\obj\stm32f4xx_tim.o
LOAD ..\..\..\libvga_api.a
LOAD c:/program files (x86)/gnu tools arm embedded/4.8 2013q4/bin/../lib/gcc/arm-none-eabi/4.8.3/../../../../arm-none-eabi/lib/armv7e-m\libm.a
START GROUP
LOAD c:/program files (x86)/gnu tools arm embedded/4.8 2013q4/bin/../lib/gcc/arm-none-eabi/4.8.3/armv7e-m\libgcc.a
LOAD c:/program files (x86)/gnu tools arm embedded/4.8 2013q4/bin/../lib/gcc/arm-none-eabi/4.8.3/../../../../arm-none-eabi/lib/armv7e-m\libg.a
LOAD c:/program files (x86)/gnu tools arm embedded/4.8 2013q4/bin/../lib/gcc/arm-none-eabi/4.8.3/../../../../arm-none-eabi/lib/armv7e-m\libc.a
END GROUP
OUTPUT(VGA_Core.elf elf32-littlearm)

.debug_info     0x00000000     0x761c
 .debug_info    0x00000000      0x294 ..\obj\UI.o
 .debug_info    0x00000294      0x996 ..\obj\stm32f4xx_usart.o
 .debug_info    0x00000c2a      0x2c8 ..\obj\IO_tekst_bitmap.o
 .debug_info    0x00000ef2       0xed ..\obj\startup_stm32f4xx.o
 .debug_info    0x00000fdf      0x18b ..\obj\LL.o
 .debug_info    0x0000116a      0xc21 ..\obj\stm32f4xx_rcc.o
 .debug_info    0x00001d8b      0x5d6 ..\obj\stm32f4xx_gpio.o
 .debug_info    0x00002361      0x566 ..\obj\system_stm32f4xx.o
 .debug_info    0x000028c7      0x718 ..\obj\stm32f4xx_dma.o
 .debug_info    0x00002fdf      0xaa7 ..\obj\stm32_ub_vga_screen.o
 .debug_info    0x00003a86      0x51c ..\obj\misc.o
 .debug_info    0x00003fa2     0x1c35 ..\obj\stm32f4xx_tim.o
 .debug_info    0x00005bd7      0x3b1 ..\..\..\libvga_api.a(API_DRAW.o)
 .debug_info    0x00005f88      0x42d ..\..\..\libvga_api.a(API_IO.o)
 .debug_info    0x000063b5      0x5da ..\..\..\libvga_api.a(lcd.o)
 .debug_info    0x0000698f      0x2a6 ..\..\..\libvga_api.a(delay.o)
 .debug_info    0x00006c35      0x9e7 ..\..\..\libvga_api.a(uart.o)

.debug_abbrev   0x00000000     0x169a
 .debug_abbrev  0x00000000      0x142 ..\obj\UI.o
 .debug_abbrev  0x00000142      0x155 ..\obj\stm32f4xx_usart.o
 .debug_abbrev  0x00000297      0x121 ..\obj\IO_tekst_bitmap.o
 .debug_abbrev  0x000003b8       0xb0 ..\obj\startup_stm32f4xx.o
 .debug_abbrev  0x00000468       0xa3 ..\obj\LL.o
 .debug_abbrev  0x0000050b      0x1e3 ..\obj\stm32f4xx_rcc.o
 .debug_abbrev  0x000006ee      0x1a3 ..\obj\stm32f4xx_gpio.o
 .debug_abbrev  0x00000891      0x136 ..\obj\system_stm32f4xx.o
 .debug_abbrev  0x000009c7      0x155 ..\obj\stm32f4xx_dma.o
 .debug_abbrev  0x00000b1c      0x1c1 ..\obj\stm32_ub_vga_screen.o
 .debug_abbrev  0x00000cdd      0x145 ..\obj\misc.o
 .debug_abbrev  0x00000e22      0x187 ..\obj\stm32f4xx_tim.o
 .debug_abbrev  0x00000fa9      0x10d ..\..\..\libvga_api.a(API_DRAW.o)
 .debug_abbrev  0x000010b6      0x130 ..\..\..\libvga_api.a(API_IO.o)
 .debug_abbrev  0x000011e6      0x1ce ..\..\..\libvga_api.a(lcd.o)
 .debug_abbrev  0x000013b4      0x100 ..\..\..\libvga_api.a(delay.o)
 .debug_abbrev  0x000014b4      0x1e6 ..\..\..\libvga_api.a(uart.o)

.debug_aranges  0x00000000      0x9f0
 .debug_aranges
                0x00000000       0x38 ..\obj\UI.o
 .debug_aranges
                0x00000038      0x100 ..\obj\stm32f4xx_usart.o
 .debug_aranges
                0x00000138       0x28 ..\obj\IO_tekst_bitmap.o
 .debug_aranges
                0x00000160       0x28 ..\obj\startup_stm32f4xx.o
 .debug_aranges
                0x00000188       0x20 ..\obj\LL.o
 .debug_aranges
                0x000001a8      0x178 ..\obj\stm32f4xx_rcc.o
 .debug_aranges
                0x00000320       0x88 ..\obj\stm32f4xx_gpio.o
 .debug_aranges
                0x000003a8       0x30 ..\obj\system_stm32f4xx.o
 .debug_aranges
                0x000003d8       0xb0 ..\obj\stm32f4xx_dma.o
 .debug_aranges
                0x00000488       0x60 ..\obj\stm32_ub_vga_screen.o
 .debug_aranges
                0x000004e8       0x40 ..\obj\misc.o
 .debug_aranges
                0x00000528      0x2f8 ..\obj\stm32f4xx_tim.o
 .debug_aranges
                0x00000820       0x38 ..\..\..\libvga_api.a(API_DRAW.o)
 .debug_aranges
                0x00000858       0x70 ..\..\..\libvga_api.a(API_IO.o)
 .debug_aranges
                0x000008c8       0x88 ..\..\..\libvga_api.a(lcd.o)
 .debug_aranges
                0x00000950       0x38 ..\..\..\libvga_api.a(delay.o)
 .debug_aranges
                0x00000988       0x68 ..\..\..\libvga_api.a(uart.o)

.debug_ranges   0x00000000      0x8e0
 .debug_ranges  0x00000000       0x28 ..\obj\UI.o
 .debug_ranges  0x00000028       0xf0 ..\obj\stm32f4xx_usart.o
 .debug_ranges  0x00000118       0x18 ..\obj\IO_tekst_bitmap.o
 .debug_ranges  0x00000130       0x18 ..\obj\startup_stm32f4xx.o
 .debug_ranges  0x00000148       0x10 ..\obj\LL.o
 .debug_ranges  0x00000158      0x168 ..\obj\stm32f4xx_rcc.o
 .debug_ranges  0x000002c0       0x78 ..\obj\stm32f4xx_gpio.o
 .debug_ranges  0x00000338       0x20 ..\obj\system_stm32f4xx.o
 .debug_ranges  0x00000358       0xa0 ..\obj\stm32f4xx_dma.o
 .debug_ranges  0x000003f8       0x50 ..\obj\stm32_ub_vga_screen.o
 .debug_ranges  0x00000448       0x30 ..\obj\misc.o
 .debug_ranges  0x00000478      0x2e8 ..\obj\stm32f4xx_tim.o
 .debug_ranges  0x00000760       0x28 ..\..\..\libvga_api.a(API_DRAW.o)
 .debug_ranges  0x00000788       0x60 ..\..\..\libvga_api.a(API_IO.o)
 .debug_ranges  0x000007e8       0x78 ..\..\..\libvga_api.a(lcd.o)
 .debug_ranges  0x00000860       0x28 ..\..\..\libvga_api.a(delay.o)
 .debug_ranges  0x00000888       0x58 ..\..\..\libvga_api.a(uart.o)

.debug_line     0x00000000     0x3b2d
 .debug_line    0x00000000      0x173 ..\obj\UI.o
 .debug_line    0x00000173      0x46a ..\obj\stm32f4xx_usart.o
 .debug_line    0x000005dd      0x1b2 ..\obj\IO_tekst_bitmap.o
 .debug_line    0x0000078f       0xaa ..\obj\startup_stm32f4xx.o
 .debug_line    0x00000839       0x9d ..\obj\LL.o
 .debug_line    0x000008d6      0x562 ..\obj\stm32f4xx_rcc.o
 .debug_line    0x00000e38      0x307 ..\obj\stm32f4xx_gpio.o
 .debug_line    0x0000113f      0x19d ..\obj\system_stm32f4xx.o
 .debug_line    0x000012dc      0x3a4 ..\obj\stm32f4xx_dma.o
 .debug_line    0x00001680      0x35e ..\obj\stm32_ub_vga_screen.o
 .debug_line    0x000019de      0x20d ..\obj\misc.o
 .debug_line    0x00001beb      0xa2d ..\obj\stm32f4xx_tim.o
 .debug_line    0x00002618      0x3b3 ..\..\..\libvga_api.a(API_DRAW.o)
 .debug_line    0x000029cb      0x3ca ..\..\..\libvga_api.a(API_IO.o)
 .debug_line    0x00002d95      0x4f3 ..\..\..\libvga_api.a(lcd.o)
 .debug_line    0x00003288      0x351 ..\..\..\libvga_api.a(delay.o)
 .debug_line    0x000035d9      0x554 ..\..\..\libvga_api.a(uart.o)

.debug_str      0x00000000     0x30f6
 .debug_str     0x00000000      0x1f0 ..\obj\UI.o
                                0x229 (size before relaxing)
 .debug_str     0x000001f0      0x51e ..\obj\stm32f4xx_usart.o
                                0x66e (size before relaxing)
 .debug_str     0x0000070e      0x116 ..\obj\IO_tekst_bitmap.o
                                0x26e (size before relaxing)
 .debug_str     0x00000824       0xb9 ..\obj\startup_stm32f4xx.o
                                0x150 (size before relaxing)
 .debug_str     0x000008dd       0x43 ..\obj\LL.o
                                0x1d0 (size before relaxing)
 .debug_str     0x00000920      0x5ec ..\obj\stm32f4xx_rcc.o
                                0x82f (size before relaxing)
 .debug_str     0x00000f0c      0x331 ..\obj\stm32f4xx_gpio.o
                                0x482 (size before relaxing)
 .debug_str     0x0000123d      0x121 ..\obj\system_stm32f4xx.o
                                0x389 (size before relaxing)
 .debug_str     0x0000135e      0x3a0 ..\obj\stm32f4xx_dma.o
                                0x52b (size before relaxing)
 .debug_str     0x000016fe      0x843 ..\obj\stm32_ub_vga_screen.o
                                0xcbc (size before relaxing)
 .debug_str     0x00001f41      0x16a ..\obj\misc.o
                                0x3b8 (size before relaxing)
 .debug_str     0x000020ab      0xa07 ..\obj\stm32f4xx_tim.o
                                0xdaf (size before relaxing)
 .debug_str     0x00002ab2      0x22d ..\..\..\libvga_api.a(API_DRAW.o)
                                0x366 (size before relaxing)
 .debug_str     0x00002cdf      0x125 ..\..\..\libvga_api.a(API_IO.o)
                                0x39d (size before relaxing)
 .debug_str     0x00002e04      0x13f ..\..\..\libvga_api.a(lcd.o)
                                0x517 (size before relaxing)
 .debug_str     0x00002f43       0xa4 ..\..\..\libvga_api.a(delay.o)
                                0x325 (size before relaxing)
 .debug_str     0x00002fe7      0x10f ..\..\..\libvga_api.a(uart.o)
                                0xba2 (size before relaxing)

.comment        0x00000000       0xde
 .comment       0x00000000       0x70 ..\obj\UI.o
                                 0x71 (size before relaxing)
 .comment       0x00000000       0x71 ..\obj\stm32f4xx_usart.o
 .comment       0x00000000       0x71 ..\obj\IO_tekst_bitmap.o
 .comment       0x00000000       0x71 ..\obj\startup_stm32f4xx.o
 .comment       0x00000000       0x71 ..\obj\LL.o
 .comment       0x00000000       0x71 ..\obj\stm32f4xx_rcc.o
 .comment       0x00000000       0x71 ..\obj\stm32f4xx_gpio.o
 .comment       0x00000000       0x71 ..\obj\system_stm32f4xx.o
 .comment       0x00000000       0x71 ..\obj\stm32f4xx_dma.o
 .comment       0x00000000       0x71 ..\obj\stm32_ub_vga_screen.o
 .comment       0x00000000       0x71 ..\obj\misc.o
 .comment       0x00000000       0x71 ..\obj\stm32f4xx_tim.o
 .comment       0x00000070       0x6e ..\..\..\libvga_api.a(API_DRAW.o)
                                 0x6f (size before relaxing)
 .comment       0x00000000       0x6f ..\..\..\libvga_api.a(API_IO.o)
 .comment       0x00000000       0x6f ..\..\..\libvga_api.a(lcd.o)
 .comment       0x00000000       0x6f ..\..\..\libvga_api.a(delay.o)
 .comment       0x00000000       0x6f ..\..\..\libvga_api.a(uart.o)

.ARM.attributes
                0x00000000       0x31
 .ARM.attributes
                0x00000000       0x33 ..\obj\UI.o
 .ARM.attributes
                0x00000033       0x33 ..\obj\stm32f4xx_usart.o
 .ARM.attributes
                0x00000066       0x33 ..\obj\IO_tekst_bitmap.o
 .ARM.attributes
                0x00000099       0x33 ..\obj\startup_stm32f4xx.o
 .ARM.attributes
                0x000000cc       0x33 ..\obj\LL.o
 .ARM.attributes
                0x000000ff       0x33 ..\obj\stm32f4xx_rcc.o
 .ARM.attributes
                0x00000132       0x33 ..\obj\stm32f4xx_gpio.o
 .ARM.attributes
                0x00000165       0x33 ..\obj\system_stm32f4xx.o
 .ARM.attributes
                0x00000198       0x33 ..\obj\stm32f4xx_dma.o
 .ARM.attributes
                0x000001cb       0x33 ..\obj\stm32_ub_vga_screen.o
 .ARM.attributes
                0x000001fe       0x33 ..\obj\misc.o
 .ARM.attributes
                0x00000231       0x33 ..\obj\stm32f4xx_tim.o
 .ARM.attributes
                0x00000264       0x33 ..\..\..\libvga_api.a(API_DRAW.o)
 .ARM.attributes
                0x00000297       0x33 ..\..\..\libvga_api.a(API_IO.o)
 .ARM.attributes
                0x000002ca       0x33 ..\..\..\libvga_api.a(lcd.o)
 .ARM.attributes
                0x000002fd       0x33 ..\..\..\libvga_api.a(delay.o)
 .ARM.attributes
                0x00000330       0x33 ..\..\..\libvga_api.a(uart.o)
 .ARM.attributes
                0x00000363       0x1e c:/program files (x86)/gnu tools arm embedded/4.8 2013q4/bin/../lib/gcc/arm-none-eabi/4.8.3/armv7e-m\libgcc.a(_arm_addsubdf3.o)
 .ARM.attributes
                0x00000381       0x1e c:/program files (x86)/gnu tools arm embedded/4.8 2013q4/bin/../lib/gcc/arm-none-eabi/4.8.3/armv7e-m\libgcc.a(_arm_muldivdf3.o)
 .ARM.attributes
                0x0000039f       0x1e c:/program files (x86)/gnu tools arm embedded/4.8 2013q4/bin/../lib/gcc/arm-none-eabi/4.8.3/armv7e-m\libgcc.a(_arm_fixunsdfsi.o)
 .ARM.attributes
                0x000003bd       0x1e c:/program files (x86)/gnu tools arm embedded/4.8 2013q4/bin/../lib/gcc/arm-none-eabi/4.8.3/armv7e-m\libgcc.a(_arm_addsubsf3.o)
 .ARM.attributes
                0x000003db       0x1e c:/program files (x86)/gnu tools arm embedded/4.8 2013q4/bin/../lib/gcc/arm-none-eabi/4.8.3/armv7e-m\libgcc.a(_arm_muldivsf3.o)
 .ARM.attributes
                0x000003f9       0x1e c:/program files (x86)/gnu tools arm embedded/4.8 2013q4/bin/../lib/gcc/arm-none-eabi/4.8.3/armv7e-m\libgcc.a(_arm_cmpsf2.o)
 .ARM.attributes
                0x00000417       0x1e c:/program files (x86)/gnu tools arm embedded/4.8 2013q4/bin/../lib/gcc/arm-none-eabi/4.8.3/armv7e-m\libgcc.a(_arm_fixsfsi.o)
 .ARM.attributes
                0x00000435       0x2e c:/program files (x86)/gnu tools arm embedded/4.8 2013q4/bin/../lib/gcc/arm-none-eabi/4.8.3/../../../../arm-none-eabi/lib/armv7e-m\libg.a(lib_a-atoi.o)
 .ARM.attributes
                0x00000463       0x2e c:/program files (x86)/gnu tools arm embedded/4.8 2013q4/bin/../lib/gcc/arm-none-eabi/4.8.3/../../../../arm-none-eabi/lib/armv7e-m\libg.a(lib_a-ctype_.o)
 .ARM.attributes
                0x00000491       0x2e c:/program files (x86)/gnu tools arm embedded/4.8 2013q4/bin/../lib/gcc/arm-none-eabi/4.8.3/../../../../arm-none-eabi/lib/armv7e-m\libg.a(lib_a-memset.o)
 .ARM.attributes
                0x000004bf       0x2e c:/program files (x86)/gnu tools arm embedded/4.8 2013q4/bin/../lib/gcc/arm-none-eabi/4.8.3/../../../../arm-none-eabi/lib/armv7e-m\libg.a(lib_a-strlen.o)
 .ARM.attributes
                0x000004ed       0x2e c:/program files (x86)/gnu tools arm embedded/4.8 2013q4/bin/../lib/gcc/arm-none-eabi/4.8.3/../../../../arm-none-eabi/lib/armv7e-m\libg.a(lib_a-strncmp.o)
 .ARM.attributes
                0x0000051b       0x2e c:/program files (x86)/gnu tools arm embedded/4.8 2013q4/bin/../lib/gcc/arm-none-eabi/4.8.3/../../../../arm-none-eabi/lib/armv7e-m\libg.a(lib_a-strtol.o)
 .ARM.attributes
                0x00000549       0x2e c:/program files (x86)/gnu tools arm embedded/4.8 2013q4/bin/../lib/gcc/arm-none-eabi/4.8.3/../../../../arm-none-eabi/lib/armv7e-m\libg.a(lib_a-impure.o)

.debug_frame    0x00000000     0x2100
 .debug_frame   0x00000000       0x84 ..\obj\UI.o
 .debug_frame   0x00000084      0x344 ..\obj\stm32f4xx_usart.o
 .debug_frame   0x000003c8       0x54 ..\obj\IO_tekst_bitmap.o
 .debug_frame   0x0000041c       0x48 ..\obj\startup_stm32f4xx.o
 .debug_frame   0x00000464       0x34 ..\obj\LL.o
 .debug_frame   0x00000498      0x4d8 ..\obj\stm32f4xx_rcc.o
 .debug_frame   0x00000970      0x19c ..\obj\stm32f4xx_gpio.o
 .debug_frame   0x00000b0c       0x64 ..\obj\system_stm32f4xx.o
 .debug_frame   0x00000b70      0x224 ..\obj\stm32f4xx_dma.o
 .debug_frame   0x00000d94      0x124 ..\obj\stm32_ub_vga_screen.o
 .debug_frame   0x00000eb8       0x9c ..\obj\misc.o
 .debug_frame   0x00000f54      0xa3c ..\obj\stm32f4xx_tim.o
 .debug_frame   0x00001990       0xa4 ..\..\..\libvga_api.a(API_DRAW.o)
 .debug_frame   0x00001a34      0x19c ..\..\..\libvga_api.a(API_IO.o)
 .debug_frame   0x00001bd0      0x1f4 ..\..\..\libvga_api.a(lcd.o)
 .debug_frame   0x00001dc4       0xb0 ..\..\..\libvga_api.a(delay.o)
 .debug_frame   0x00001e74      0x198 ..\..\..\libvga_api.a(uart.o)
 .debug_frame   0x0000200c       0x30 c:/program files (x86)/gnu tools arm embedded/4.8 2013q4/bin/../lib/gcc/arm-none-eabi/4.8.3/../../../../arm-none-eabi/lib/armv7e-m\libg.a(lib_a-atoi.o)
 .debug_frame   0x0000203c       0x2c c:/program files (x86)/gnu tools arm embedded/4.8 2013q4/bin/../lib/gcc/arm-none-eabi/4.8.3/../../../../arm-none-eabi/lib/armv7e-m\libg.a(lib_a-memset.o)
 .debug_frame   0x00002068       0x20 c:/program files (x86)/gnu tools arm embedded/4.8 2013q4/bin/../lib/gcc/arm-none-eabi/4.8.3/../../../../arm-none-eabi/lib/armv7e-m\libg.a(lib_a-strlen.o)
 .debug_frame   0x00002088       0x28 c:/program files (x86)/gnu tools arm embedded/4.8 2013q4/bin/../lib/gcc/arm-none-eabi/4.8.3/../../../../arm-none-eabi/lib/armv7e-m\libg.a(lib_a-strncmp.o)
 .debug_frame   0x000020b0       0x50 c:/program files (x86)/gnu tools arm embedded/4.8 2013q4/bin/../lib/gcc/arm-none-eabi/4.8.3/../../../../arm-none-eabi/lib/armv7e-m\libg.a(lib_a-strtol.o)
