Archive member included because of file (symbol)

..\..\..\libvga_api.a(API_DRAW.o)
                              ..\obj\UI.o (API_DRAW_line)
..\..\..\libvga_api.a(API_IO.o)
                              ..\obj\UI.o (API_IO_INIT)
..\..\..\libvga_api.a(lcd.o)  ..\..\..\libvga_api.a(API_IO.o) (LCD_init)
..\..\..\libvga_api.a(delay.o)
                              ..\..\..\libvga_api.a(API_IO.o) (DELAY_init)
..\..\..\libvga_api.a(uart.o)
                              ..\..\..\libvga_api.a(API_IO.o) (UART_init)
c:/program files (x86)/gnu tools arm embedded/4.8 2013q4/bin/../lib/gcc/arm-none-eabi/4.8.3/armv7e-m\libgcc.a(_arm_addsubdf3.o)
                              ..\..\..\libvga_api.a(delay.o) (__aeabi_ui2d)
c:/program files (x86)/gnu tools arm embedded/4.8 2013q4/bin/../lib/gcc/arm-none-eabi/4.8.3/armv7e-m\libgcc.a(_arm_muldivdf3.o)
                              ..\..\..\libvga_api.a(delay.o) (__aeabi_dmul)
c:/program files (x86)/gnu tools arm embedded/4.8 2013q4/bin/../lib/gcc/arm-none-eabi/4.8.3/armv7e-m\libgcc.a(_arm_fixunsdfsi.o)
                              ..\..\..\libvga_api.a(delay.o) (__aeabi_d2uiz)
c:/program files (x86)/gnu tools arm embedded/4.8 2013q4/bin/../lib/gcc/arm-none-eabi/4.8.3/armv7e-m\libgcc.a(_arm_addsubsf3.o)
                              ..\..\..\libvga_api.a(API_IO.o) (__aeabi_fadd)
c:/program files (x86)/gnu tools arm embedded/4.8 2013q4/bin/../lib/gcc/arm-none-eabi/4.8.3/armv7e-m\libgcc.a(_arm_muldivsf3.o)
                              ..\..\..\libvga_api.a(API_IO.o) (__aeabi_fmul)
c:/program files (x86)/gnu tools arm embedded/4.8 2013q4/bin/../lib/gcc/arm-none-eabi/4.8.3/armv7e-m\libgcc.a(_arm_cmpsf2.o)
                              ..\..\..\libvga_api.a(API_IO.o) (__aeabi_fcmple)
c:/program files (x86)/gnu tools arm embedded/4.8 2013q4/bin/../lib/gcc/arm-none-eabi/4.8.3/armv7e-m\libgcc.a(_arm_fixsfsi.o)
                              ..\..\..\libvga_api.a(API_IO.o) (__aeabi_f2iz)
c:/program files (x86)/gnu tools arm embedded/4.8 2013q4/bin/../lib/gcc/arm-none-eabi/4.8.3/../../../../arm-none-eabi/lib/armv7e-m\libg.a(lib_a-atoi.o)
                              ..\obj\UI.o (atoi)
c:/program files (x86)/gnu tools arm embedded/4.8 2013q4/bin/../lib/gcc/arm-none-eabi/4.8.3/../../../../arm-none-eabi/lib/armv7e-m\libg.a(lib_a-ctype_.o)
                              ..\obj\UI.o (__ctype_ptr__)
c:/program files (x86)/gnu tools arm embedded/4.8 2013q4/bin/../lib/gcc/arm-none-eabi/4.8.3/../../../../arm-none-eabi/lib/armv7e-m\libg.a(lib_a-memset.o)
                              ..\obj\UI.o (memset)
c:/program files (x86)/gnu tools arm embedded/4.8 2013q4/bin/../lib/gcc/arm-none-eabi/4.8.3/../../../../arm-none-eabi/lib/armv7e-m\libg.a(lib_a-strlen.o)
                              ..\obj\IO_tekst_bitmap.o (strlen)
c:/program files (x86)/gnu tools arm embedded/4.8 2013q4/bin/../lib/gcc/arm-none-eabi/4.8.3/../../../../arm-none-eabi/lib/armv7e-m\libg.a(lib_a-strncmp.o)
                              ..\obj\UI.o (strncmp)
c:/program files (x86)/gnu tools arm embedded/4.8 2013q4/bin/../lib/gcc/arm-none-eabi/4.8.3/../../../../arm-none-eabi/lib/armv7e-m\libg.a(lib_a-strtol.o)
                              c:/program files (x86)/gnu tools arm embedded/4.8 2013q4/bin/../lib/gcc/arm-none-eabi/4.8.3/../../../../arm-none-eabi/lib/armv7e-m\libg.a(lib_a-atoi.o) (_strtol_r)
c:/program files (x86)/gnu tools arm embedded/4.8 2013q4/bin/../lib/gcc/arm-none-eabi/4.8.3/../../../../arm-none-eabi/lib/armv7e-m\libg.a(lib_a-vsnprintf.o)
                              ..\..\..\libvga_api.a(uart.o) (vsnprintf)
c:/program files (x86)/gnu tools arm embedded/4.8 2013q4/bin/../lib/gcc/arm-none-eabi/4.8.3/../../../../arm-none-eabi/lib/armv7e-m\libg.a(lib_a-impure.o)
                              c:/program files (x86)/gnu tools arm embedded/4.8 2013q4/bin/../lib/gcc/arm-none-eabi/4.8.3/../../../../arm-none-eabi/lib/armv7e-m\libg.a(lib_a-strtol.o) (_impure_ptr)
c:/program files (x86)/gnu tools arm embedded/4.8 2013q4/bin/../lib/gcc/arm-none-eabi/4.8.3/../../../../arm-none-eabi/lib/armv7e-m\libg.a(lib_a-svfprintf.o)
                              c:/program files (x86)/gnu tools arm embedded/4.8 2013q4/bin/../lib/gcc/arm-none-eabi/4.8.3/../../../../arm-none-eabi/lib/armv7e-m\libg.a(lib_a-vsnprintf.o) (_svfprintf_r)
c:/program files (x86)/gnu tools arm embedded/4.8 2013q4/bin/../lib/gcc/arm-none-eabi/4.8.3/../../../../arm-none-eabi/lib/armv7e-m\libg.a(lib_a-dtoa.o)
                              c:/program files (x86)/gnu tools arm embedded/4.8 2013q4/bin/../lib/gcc/arm-none-eabi/4.8.3/../../../../arm-none-eabi/lib/armv7e-m\libg.a(lib_a-svfprintf.o) (_dtoa_r)
c:/program files (x86)/gnu tools arm embedded/4.8 2013q4/bin/../lib/gcc/arm-none-eabi/4.8.3/../../../../arm-none-eabi/lib/armv7e-m\libg.a(lib_a-locale.o)
                              c:/program files (x86)/gnu tools arm embedded/4.8 2013q4/bin/../lib/gcc/arm-none-eabi/4.8.3/../../../../arm-none-eabi/lib/armv7e-m\libg.a(lib_a-svfprintf.o) (_localeconv_r)
[...]
Memory Configuration

Name             Origin             Length             Attributes
rom              0x08000000         0x00100000         xr
ram              0x20000000         0x00020000         xrw
ram1             0x10000000         0x00010000         xrw
*default*        0x00000000         0xffffffff

Linker script and memory map

                0x20020000                _eram = 0x20020000

.text           0x08000000     0x4808
 *(.isr_vector)
 .isr_vector    0x08000000      0x188 ..\obj\startup_stm32f4xx.o
                0x08000000                g_pfnVectors
 *(.text*)
 .text.UI_rp_char
                0x08000188       0x40 ..\obj\UI.o
                0x08000188                UI_rp_char
 .text.UI_get_param
                0x080001c8       0x3c ..\obj\UI.o
                0x080001c8                UI_get_param
 .text.UI_rm_char
                0x08000204       0x4c ..\obj\UI.o
                0x08000204                UI_rm_char
 .text.main     0x08000250      0x330 ..\obj\UI.o
                0x08000250                main
 .text.USART_Init
                0x08000580      0x174 ..\obj\stm32f4xx_usart.o
                0x08000580                USART_Init
 .text.USART_Cmd
                0x080006f4       0x40 ..\obj\stm32f4xx_usart.o
                0x080006f4                USART_Cmd
 .text.USART_SendData
                0x08000734       0x24 ..\obj\stm32f4xx_usart.o
                0x08000734                USART_SendData
 .text.USART_ITConfig
                0x08000758       0x90 ..\obj\stm32f4xx_usart.o
                0x08000758                USART_ITConfig
 .text.USART_GetFlagStatus
                0x080007e8       0x38 ..\obj\stm32f4xx_usart.o
                0x080007e8                USART_GetFlagStatus
 .text.USART_GetITStatus
                0x08000820       0xb0 ..\obj\stm32f4xx_usart.o
                0x08000820                USART_GetITStatus
 .text.USART_ClearITPendingBit
                0x080008d0       0x38 ..\obj\stm32f4xx_usart.o
                0x080008d0                USART_ClearITPendingBit
 .text.API_IO_putc
                0x08000908       0xe0 ..\obj\IO_tekst_bitmap.o
                0x08000908                API_IO_putc
 .text.API_DRAW_text
                0x080009e8       0x7c ..\obj\IO_tekst_bitmap.o
                0x080009e8                API_DRAW_text
 .text.Default_Reset_Handler
                0x08000a64       0x5c ..\obj\startup_stm32f4xx.o
                0x08000a64                Default_Reset_Handler
                0x08000a64                Reset_Handler
 .text.Default_Handler
                0x08000ac0        0x8 ..\obj\startup_stm32f4xx.o
                0x08000ac0                RTC_Alarm_IRQHandler
                0x08000ac0                HASH_RNG_IRQHandler
                0x08000ac0                EXTI2_IRQHandler
                0x08000ac0                TIM8_CC_IRQHandler
                0x08000ac0                DebugMon_Handler
                0x08000ac0                TIM1_CC_IRQHandler
                0x08000ac0                HardFault_Handler
                0x08000ac0                DMA1_Stream5_IRQHandler
                0x08000ac0                SysTick_Handler
                0x08000ac0                PVD_IRQHandler
                0x08000ac0                SDIO_IRQHandler
                0x08000ac0                TAMP_STAMP_IRQHandler
                0x08000ac0                PendSV_Handler
                0x08000ac0                NMI_Handler
                0x08000ac0                CAN2_RX1_IRQHandler
                0x08000ac0                EXTI3_IRQHandler
                0x08000ac0                TIM8_TRG_COM_TIM14_IRQHandler
                0x08000ac0                TIM1_UP_TIM10_IRQHandler
                0x08000ac0                TIM8_UP_TIM13_IRQHandler
                0x08000ac0                I2C3_ER_IRQHandler
                0x08000ac0                EXTI0_IRQHandler
                0x08000ac0                I2C2_EV_IRQHandler
                0x08000ac0                DMA1_Stream2_IRQHandler
                0x08000ac0                CAN1_RX0_IRQHandler
                0x08000ac0                FPU_IRQHandler
                0x08000ac0                OTG_HS_WKUP_IRQHandler
                0x08000ac0                UsageFault_Handler
                0x08000ac0                CAN2_SCE_IRQHandler
                0x08000ac0                DMA2_Stream2_IRQHandler
                0x08000ac0                SPI1_IRQHandler
                0x08000ac0                TIM6_DAC_IRQHandler
                0x08000ac0                TIM1_BRK_TIM9_IRQHandler
                0x08000ac0                DCMI_IRQHandler
                0x08000ac0                CAN2_RX0_IRQHandler
                0x08000ac0                DMA2_Stream3_IRQHandler
                0x08000ac0                USART6_IRQHandler
                0x08000ac0                USART3_IRQHandler
                0x08000ac0                CRYP_IRQHandler
                0x08000ac0                CAN1_RX1_IRQHandler
                0x08000ac0                UART5_IRQHandler
                0x08000ac0                DMA2_Stream0_IRQHandler
                0x08000ac0                TIM4_IRQHandler
                0x08000ac0                I2C1_EV_IRQHandler
                0x08000ac0                DMA1_Stream6_IRQHandler
                0x08000ac0                DMA1_Stream1_IRQHandler
                0x08000ac0                UART4_IRQHandler
                0x08000ac0                TIM3_IRQHandler
                0x08000ac0                RCC_IRQHandler
                0x08000ac0                TIM8_BRK_TIM12_IRQHandler
                0x08000ac0                EXTI15_10_IRQHandler
                0x08000ac0                ADC_IRQHandler
                0x08000ac0                DMA1_Stream7_IRQHandler
                0x08000ac0                TIM7_IRQHandler
                0x08000ac0                CAN2_TX_IRQHandler
                0x08000ac0                TIM5_IRQHandler
                0x08000ac0                DMA2_Stream7_IRQHandler
                0x08000ac0                I2C3_EV_IRQHandler
                0x08000ac0                EXTI9_5_IRQHandler
                0x08000ac0                RTC_WKUP_IRQHandler
                0x08000ac0                ETH_WKUP_IRQHandler
                0x08000ac0                SPI2_IRQHandler
                0x08000ac0                OTG_HS_EP1_IN_IRQHandler
                0x08000ac0                MemManage_Handler
                0x08000ac0                DMA1_Stream0_IRQHandler
                0x08000ac0                CAN1_TX_IRQHandler
                0x08000ac0                SVC_Handler
                0x08000ac0                EXTI4_IRQHandler
                0x08000ac0                FSMC_IRQHandler
                0x08000ac0                ETH_IRQHandler
                0x08000ac0                OTG_HS_EP1_OUT_IRQHandler
                0x08000ac0                WWDG_IRQHandler
                0x08000ac0                OTG_FS_WKUP_IRQHandler
                0x08000ac0                TIM1_TRG_COM_TIM11_IRQHandler
                0x08000ac0                OTG_HS_IRQHandler
                0x08000ac0                EXTI1_IRQHandler
                0x08000ac0                I2C2_ER_IRQHandler
                0x08000ac0                DMA2_Stream1_IRQHandler
                0x08000ac0                CAN1_SCE_IRQHandler
                0x08000ac0                FLASH_IRQHandler
                0x08000ac0                DMA2_Stream4_IRQHandler
                0x08000ac0                BusFault_Handler
                0x08000ac0                USART1_IRQHandler
                0x08000ac0                OTG_FS_IRQHandler
                0x08000ac0                SPI3_IRQHandler
                0x08000ac0                DMA1_Stream4_IRQHandler
                0x08000ac0                I2C1_ER_IRQHandler
                0x08000ac0                DMA2_Stream6_IRQHandler
                0x08000ac0                DMA1_Stream3_IRQHandler
 .text.LL_exe   0x08000ac8      0x1c4 ..\obj\LL.o
                0x08000ac8                LL_exe
 .text.RCC_GetClocksFreq
                0x08000c8c      0x154 ..\obj\stm32f4xx_rcc.o
                0x08000c8c                RCC_GetClocksFreq
 .text.RCC_AHB1PeriphClockCmd
                0x08000de0       0x3c ..\obj\stm32f4xx_rcc.o
                0x08000de0                RCC_AHB1PeriphClockCmd
 .text.RCC_APB1PeriphClockCmd
                0x08000e1c       0x3c ..\obj\stm32f4xx_rcc.o
                0x08000e1c                RCC_APB1PeriphClockCmd
 .text.RCC_APB2PeriphClockCmd
                0x08000e58       0x3c ..\obj\stm32f4xx_rcc.o
                0x08000e58                RCC_APB2PeriphClockCmd
 .text.GPIO_Init
                0x08000e94      0x11c ..\obj\stm32f4xx_gpio.o
                0x08000e94                GPIO_Init
 .text.GPIO_ReadInputDataBit
                0x08000fb0       0x34 ..\obj\stm32f4xx_gpio.o
                0x08000fb0                GPIO_ReadInputDataBit
 .text.GPIO_SetBits
                0x08000fe4       0x1c ..\obj\stm32f4xx_gpio.o
                0x08000fe4                GPIO_SetBits
 .text.GPIO_ResetBits
                0x08001000       0x1c ..\obj\stm32f4xx_gpio.o
                0x08001000                GPIO_ResetBits
 .text.GPIO_PinAFConfig
                0x0800101c       0x8c ..\obj\stm32f4xx_gpio.o
                0x0800101c                GPIO_PinAFConfig
 .text.SystemInit
                0x080010a8       0x58 ..\obj\system_stm32f4xx.o
                0x080010a8                SystemInit
 .text.SetSysClock
                0x08001100       0xf4 ..\obj\system_stm32f4xx.o
 .text.DMA_DeInit
                0x080011f4      0x1a4 ..\obj\stm32f4xx_dma.o
                0x080011f4                DMA_DeInit
 .text.DMA_Init
                0x08001398       0xac ..\obj\stm32f4xx_dma.o
                0x08001398                DMA_Init
 .text.DMA_Cmd  0x08001444       0x38 ..\obj\stm32f4xx_dma.o
                0x08001444                DMA_Cmd
 .text.DMA_ITConfig
                0x0800147c       0x74 ..\obj\stm32f4xx_dma.o
                0x0800147c                DMA_ITConfig
 .text.DMA_GetITStatus
                0x080014f0       0xb0 ..\obj\stm32f4xx_dma.o
                0x080014f0                DMA_GetITStatus
 .text.DMA_ClearITPendingBit
                0x080015a0       0x5c ..\obj\stm32f4xx_dma.o
                0x080015a0                DMA_ClearITPendingBit
 .text.UB_VGA_Screen_Init
                0x080015fc       0x80 ..\obj\stm32_ub_vga_screen.o
                0x080015fc                UB_VGA_Screen_Init
 .text.UB_VGA_FillScreen
                0x0800167c       0x48 ..\obj\stm32_ub_vga_screen.o
                0x0800167c                UB_VGA_FillScreen
 .text.UB_VGA_SetPixel
                0x080016c4       0x4c ..\obj\stm32_ub_vga_screen.o
                0x080016c4                UB_VGA_SetPixel
 .text.P_VGA_InitIO
                0x08001710       0xa8 ..\obj\stm32_ub_vga_screen.o
                0x08001710                P_VGA_InitIO
 .text.P_VGA_InitTIM
                0x080017b8       0xc8 ..\obj\stm32_ub_vga_screen.o
                0x080017b8                P_VGA_InitTIM
 .text.P_VGA_InitINT
                0x08001880       0x58 ..\obj\stm32_ub_vga_screen.o
                0x08001880                P_VGA_InitINT
 .text.P_VGA_InitDMA
                0x080018d8       0x90 ..\obj\stm32_ub_vga_screen.o
                0x080018d8                P_VGA_InitDMA
 .text.TIM2_IRQHandler
                0x08001968       0xb8 ..\obj\stm32_ub_vga_screen.o
                0x08001968                TIM2_IRQHandler
 .text.DMA2_Stream5_IRQHandler
                0x08001a20       0x4c ..\obj\stm32_ub_vga_screen.o
                0x08001a20                DMA2_Stream5_IRQHandler
 .text.NVIC_Init
                0x08001a6c       0xbc ..\obj\misc.o
                0x08001a6c                NVIC_Init
 .text.TIM_TimeBaseInit
                0x08001b28       0xd4 ..\obj\stm32f4xx_tim.o
                0x08001b28                TIM_TimeBaseInit
 .text.TIM_ARRPreloadConfig
                0x08001bfc       0x40 ..\obj\stm32f4xx_tim.o
                0x08001bfc                TIM_ARRPreloadConfig
 .text.TIM_Cmd  0x08001c3c       0x40 ..\obj\stm32f4xx_tim.o
                0x08001c3c                TIM_Cmd
 .text.TIM_OC3Init
                0x08001c7c      0x10c ..\obj\stm32f4xx_tim.o
                0x08001c7c                TIM_OC3Init
 .text.TIM_OC4Init
                0x08001d88       0xcc ..\obj\stm32f4xx_tim.o
                0x08001d88                TIM_OC4Init
 .text.TIM_OC3PreloadConfig
                0x08001e54       0x38 ..\obj\stm32f4xx_tim.o
                0x08001e54                TIM_OC3PreloadConfig
 .text.TIM_OC4PreloadConfig
                0x08001e8c       0x3c ..\obj\stm32f4xx_tim.o
                0x08001e8c                TIM_OC4PreloadConfig
 .text.TIM_ITConfig
                0x08001ec8       0x48 ..\obj\stm32f4xx_tim.o
                0x08001ec8                TIM_ITConfig
 .text.TIM_ClearITPendingBit
                0x08001f10       0x20 ..\obj\stm32f4xx_tim.o
                0x08001f10                TIM_ClearITPendingBit
 .text.TIM_DMACmd
                0x08001f30       0x48 ..\obj\stm32f4xx_tim.o
                0x08001f30                TIM_DMACmd
 .text.API_ERROR_inrange
                0x08001f78       0x68 ..\..\..\libvga_api.a(API_DRAW.o)
                0x08001f78                API_ERROR_inrange
 .text.API_DRAW_line
                0x08001fe0       0x4c ..\..\..\libvga_api.a(API_DRAW.o)
                0x08001fe0                API_DRAW_line
 .text.API_DRAW_bitmap
                0x0800202c       0xb4 ..\..\..\libvga_api.a(API_DRAW.o)
                0x0800202c                API_DRAW_bitmap
 .text.API_IO_INIT
                0x080020e0       0x1c ..\..\..\libvga_api.a(API_IO.o)
                0x080020e0                API_IO_INIT
 .text.API_IO_UART_gets
                0x080020fc       0x18 ..\..\..\libvga_api.a(API_IO.o)
                0x080020fc                API_IO_UART_gets
 .text.API_IO_UART_putint
                0x08002114       0x18 ..\..\..\libvga_api.a(API_IO.o)
                0x08002114                API_IO_UART_putint
 .text.API_IO_UART_puts
                0x0800212c       0x18 ..\..\..\libvga_api.a(API_IO.o)
                0x0800212c                API_IO_UART_puts
 .text.API_IO_bitmap
                0x08002144      0x144 ..\..\..\libvga_api.a(API_IO.o)
                0x08002144                API_IO_bitmap
 .text.API_IO_clearscherm
                0x08002288       0x1c ..\..\..\libvga_api.a(API_IO.o)
                0x08002288                API_IO_clearscherm
 .text.API_IO_line
                0x080022a4      0x270 ..\..\..\libvga_api.a(API_IO.o)
                0x080022a4                API_IO_line
 .text.API_IO_rechthoek
                0x08002514       0xb8 ..\..\..\libvga_api.a(API_IO.o)
                0x08002514                API_IO_rechthoek
 .text.ClearBits
                0x080025cc       0x2c ..\..\..\libvga_api.a(lcd.o)
                0x080025cc                ClearBits
 .text.LCD_init
                0x080025f8       0xe4 ..\..\..\libvga_api.a(lcd.o)
                0x080025f8                LCD_init
 .text.LCD_writenibble
                0x080026dc       0x64 ..\..\..\libvga_api.a(lcd.o)
 .text.LCD_writebyte
                0x08002740       0x58 ..\..\..\libvga_api.a(lcd.o)
 .text.busyflag
                0x08002798       0xb0 ..\..\..\libvga_api.a(lcd.o)
                0x08002798                busyflag
 .text.DELAY_init
                0x08002848      0x128 ..\..\..\libvga_api.a(delay.o)
                0x08002848                DELAY_init
 .text.DELAY_ms
                0x08002970       0x3c ..\..\..\libvga_api.a(delay.o)
                0x08002970                DELAY_ms
 .text.UART_init
                0x080029ac       0x94 ..\..\..\libvga_api.a(uart.o)
                0x080029ac                UART_init
 .text.UART_putchar
                0x08002a40       0x34 ..\..\..\libvga_api.a(uart.o)
                0x08002a40                UART_putchar
 .text.UART_puts
                0x08002a74       0x38 ..\..\..\libvga_api.a(uart.o)
                0x08002a74                UART_puts
 .text.USART2_IRQHandler
                0x08002aac       0xb4 ..\..\..\libvga_api.a(uart.o)
                0x08002aac                USART2_IRQHandler
 .text.UART_putint
                0x08002b60       0x18 ..\..\..\libvga_api.a(uart.o)
                0x08002b60                UART_putint
 .text.UART_putnum
                0x08002b78       0xb4 ..\..\..\libvga_api.a(uart.o)
                0x08002b78                UART_putnum
 .text.UART_get
                0x08002c2c       0x30 ..\..\..\libvga_api.a(uart.o)
                0x08002c2c                UART_get
 .text.UART_gets
                0x08002c5c       0x58 ..\..\..\libvga_api.a(uart.o)
                0x08002c5c                UART_gets
 .text          0x08002cb4      0x370 c:/program files (x86)/gnu tools arm embedded/4.8 2013q4/bin/../lib/gcc/arm-none-eabi/4.8.3/armv7e-m\libgcc.a(_arm_addsubdf3.o)
                0x08002cb4                __aeabi_drsub
                0x08002cbc                __aeabi_dsub
                0x08002cbc                __subdf3
                0x08002cc0                __aeabi_dadd
                0x08002cc0                __adddf3
                0x08002f38                __floatunsidf
                0x08002f38                __aeabi_ui2d
                0x08002f58                __floatsidf
                0x08002f58                __aeabi_i2d
                0x08002f7c                __aeabi_f2d
                0x08002f7c                __extendsfdf2
                0x08002fb8                __floatundidf
                0x08002fb8                __aeabi_ul2d
                0x08002fc8                __floatdidf
                0x08002fc8                __aeabi_l2d
 .text          0x08003024      0x424 c:/program files (x86)/gnu tools arm embedded/4.8 2013q4/bin/../lib/gcc/arm-none-eabi/4.8.3/armv7e-m\libgcc.a(_arm_muldivdf3.o)
                0x08003024                __aeabi_dmul
                0x08003024                __muldf3
                0x08003278                __divdf3
                0x08003278                __aeabi_ddiv
 .text          0x08003448       0x40 c:/program files (x86)/gnu tools arm embedded/4.8 2013q4/bin/../lib/gcc/arm-none-eabi/4.8.3/armv7e-m\libgcc.a(_arm_fixunsdfsi.o)
                0x08003448                __aeabi_d2uiz
                0x08003448                __fixunsdfsi
 .text          0x08003488      0x21c c:/program files (x86)/gnu tools arm embedded/4.8 2013q4/bin/../lib/gcc/arm-none-eabi/4.8.3/armv7e-m\libgcc.a(_arm_addsubsf3.o)
                0x08003488                __aeabi_frsub
                0x08003490                __subsf3
                0x08003490                __aeabi_fsub
                0x08003494                __aeabi_fadd
                0x08003494                __addsf3
                0x080035f4                __aeabi_ui2f
                0x080035f4                __floatunsisf
                0x080035fc                __aeabi_i2f
                0x080035fc                __floatsisf
                0x08003618                __aeabi_ul2f
                0x08003618                __floatundisf
                0x08003628                __aeabi_l2f
                0x08003628                __floatdisf
 .text          0x080036a4      0x2a0 c:/program files (x86)/gnu tools arm embedded/4.8 2013q4/bin/../lib/gcc/arm-none-eabi/4.8.3/armv7e-m\libgcc.a(_arm_muldivsf3.o)
                0x080036a4                __mulsf3
                0x080036a4                __aeabi_fmul
                0x0800380c                __aeabi_fdiv
                0x0800380c                __divsf3
 .text          0x08003944       0xec c:/program files (x86)/gnu tools arm embedded/4.8 2013q4/bin/../lib/gcc/arm-none-eabi/4.8.3/armv7e-m\libgcc.a(_arm_cmpsf2.o)
                0x08003944                __gesf2
                0x08003944                __gtsf2
                0x0800394c                __lesf2
                0x0800394c                __ltsf2
                0x08003954                __nesf2
                0x08003954                __eqsf2
                0x08003954                __cmpsf2
                0x080039b4                __aeabi_cfrcmple
                0x080039bc                __aeabi_cfcmpeq
                0x080039bc                __aeabi_cfcmple
                0x080039cc                __aeabi_fcmpeq
                0x080039e0                __aeabi_fcmplt
                0x080039f4                __aeabi_fcmple
                0x08003a08                __aeabi_fcmpge
                0x08003a1c                __aeabi_fcmpgt
 .text          0x08003a30       0x4c c:/program files (x86)/gnu tools arm embedded/4.8 2013q4/bin/../lib/gcc/arm-none-eabi/4.8.3/armv7e-m\libgcc.a(_arm_fixsfsi.o)
                0x08003a30                __aeabi_f2iz
                0x08003a30                __fixsfsi
 .text.atoi     0x08003a7c        0x8 c:/program files (x86)/gnu tools arm embedded/4.8 2013q4/bin/../lib/gcc/arm-none-eabi/4.8.3/../../../../arm-none-eabi/lib/armv7e-m\libg.a(lib_a-atoi.o)
                0x08003a7c                atoi
 .text.memset   0x08003a84       0x94 c:/program files (x86)/gnu tools arm embedded/4.8 2013q4/bin/../lib/gcc/arm-none-eabi/4.8.3/../../../../arm-none-eabi/lib/armv7e-m\libg.a(lib_a-memset.o)
                0x08003a84                memset
 .text.strlen   0x08003b18       0x60 c:/program files (x86)/gnu tools arm embedded/4.8 2013q4/bin/../lib/gcc/arm-none-eabi/4.8.3/../../../../arm-none-eabi/lib/armv7e-m\libg.a(lib_a-strlen.o)
                0x08003b18                strlen
 .text.strncmp  0x08003b78       0xb4 c:/program files (x86)/gnu tools arm embedded/4.8 2013q4/bin/../lib/gcc/arm-none-eabi/4.8.3/../../../../arm-none-eabi/lib/armv7e-m\libg.a(lib_a-strncmp.o)
                0x08003b78                strncmp
 .text._strtol_r
                0x08003c2c      0x114 c:/program files (x86)/gnu tools arm embedded/4.8 2013q4/bin/../lib/gcc/arm-none-eabi/4.8.3/../../../../arm-none-eabi/lib/armv7e-m\libg.a(lib_a-strtol.o)
                0x08003c2c                _strtol_r
 .text.strtol   0x08003d40       0x18 c:/program files (x86)/gnu tools arm embedded/4.8 2013q4/bin/../lib/gcc/arm-none-eabi/4.8.3/../../../../arm-none-eabi/lib/armv7e-m\libg.a(lib_a-strtol.o)
                0x08003d40                strtol
 *(.init)
 *(.fini)
 *crtbegin.o(.ctors)
 *crtbegin?.o(.ctors)
 *(EXCLUDE_FILE(*crtend.o *crtend?.o) .ctors)
 *(SORT(.ctors.*))
 *(.ctors)
 *crtbegin.o(.dtors)
 *crtbegin?.o(.dtors)
 *(EXCLUDE_FILE(*crtend.o *crtend?.o) .dtors)
 *(SORT(.dtors.*))
 *(.dtors)
 *(.rodata*)
 .rodata        0x08003d58       0x74 ..\obj\UI.o
 .rodata        0x08003dcc      0x920 ..\obj\IO_tekst_bitmap.o
                0x08003dcc                consolas_12ptBitmaps
                0x080043fc                consolas_12ptDescriptors
 .rodata        0x080046ec       0x14 ..\obj\LL.o
 .rodata._ctype_
                0x08004700      0x104 c:/program files (x86)/gnu tools arm embedded/4.8 2013q4/bin/../lib/gcc/arm-none-eabi/4.8.3/../../../../arm-none-eabi/lib/armv7e-m\libg.a(lib_a-ctype_.o)
                0x08004700                _ctype_
 .rodata.str1.4
                0x08004804        0x4 c:/program files (x86)/gnu tools arm embedded/4.8 2013q4/bin/../lib/gcc/arm-none-eabi/4.8.3/../../../../arm-none-eabi/lib/armv7e-m\libg.a(lib_a-impure.o)
 *(.eh_fram e*)

.glue_7         0x08004808        0x0
 .glue_7        0x00000000        0x0 linker stubs

.glue_7t        0x08004808        0x0
 .glue_7t       0x00000000        0x0 linker stubs

.vfp11_veneer   0x08004808        0x0
 .vfp11_veneer  0x00000000        0x0 linker stubs

.v4_bx          0x08004808        0x0
 .v4_bx         0x00000000        0x0 linker stubs

.iplt           0x08004808        0x0
 .iplt          0x00000000        0x0 ..\obj\UI.o

.rel.dyn        0x08004808        0x0
 .rel.iplt      0x00000000        0x0 ..\obj\UI.o

.ARM.extab
 *(.ARM.extab* .gnu.linkonce.armextab.*)
                0x08004808                __exidx_start = .

.ARM.exidx
 *(.ARM.exidx* .gnu.linkonce.armexidx.*)
                0x08004808                __exidx_end = .
                0x08004808                __etext = .
                0x08004808                _sidata = __etext

.data           0x20000000     0x293c load address 0x08004808
                0x20000000                __data_start__ = .
                0x20000000                _sdata = __data_start__
 *(vtable)
 *(.data*)
 .data          0x20000000       0x10 ..\obj\stm32f4xx_rcc.o
 .data          0x20000010     0x24e8 ..\..\..\libvga_api.a(API_DRAW.o)
                0x20000010                pijl_links
                0x20000478                pijl_rechts
                0x200008e0                pijl_omhoog
                0x20000d20                pijl_omlaag
                0x20001160                smiley_blij
                0x20001b2c                smiley_boos
 .data          0x200024f8       0x10 ..\..\..\libvga_api.a(uart.o)
 .data.__ctype_ptr__
                0x20002508        0x4 c:/program files (x86)/gnu tools arm embedded/4.8 2013q4/bin/../lib/gcc/arm-none-eabi/4.8.3/../../../../arm-none-eabi/lib/armv7e-m\libg.a(lib_a-ctype_.o)
                0x20002508                __ctype_ptr__
 *fill*         0x2000250c        0x4 
 .data.impure_data
                0x20002510      0x428 c:/program files (x86)/gnu tools arm embedded/4.8 2013q4/bin/../lib/gcc/arm-none-eabi/4.8.3/../../../../arm-none-eabi/lib/armv7e-m\libg.a(lib_a-impure.o)
 .data._impure_ptr
                0x20002938        0x4 c:/program files (x86)/gnu tools arm embedded/4.8 2013q4/bin/../lib/gcc/arm-none-eabi/4.8.3/../../../../arm-none-eabi/lib/armv7e-m\libg.a(lib_a-impure.o)
                0x20002938                _impure_ptr
                0x2000293c                . = ALIGN (0x4)
                0x2000293c                PROVIDE (__preinit_array_start, .)
 *(.preinit_array)
                0x2000293c                PROVIDE (__preinit_array_end, .)
                0x2000293c                . = ALIGN (0x4)
                0x2000293c                PROVIDE (__init_array_start, .)
 *(SORT(.init_array.*))
 *(.init_array)
                0x2000293c                PROVIDE (__init_array_end, .)
                0x2000293c                . = ALIGN (0x4)
                0x2000293c                PROVIDE (__fini_array_start, .)
 *(SORT(.fini_array.*))
 *(.fini_array)
                0x2000293c                PROVIDE (__fini_array_end, .)
 *(.jcr*)
                0x2000293c                . = ALIGN (0x4)
                0x2000293c                __data_end__ = .
                0x2000293c                _edata = __data_end__

.igot.plt       0x2000293c        0x0 load address 0x08007144
 .igot.plt      0x00000000        0x0 ..\obj\UI.o

.bss            0x2000293c    0x12d74 load address 0x08007144
                0x2000293c                . = ALIGN (0x4)
                0x2000293c                __bss_start__ = .
                0x2000293c                _sbss = __bss_start__
 *(.bss*)
 .bss           0x2000293c        0x4 ..\..\..\libvga_api.a(uart.o)
                0x2000293c                charcounter
 *(COMMON)
 COMMON         0x20002940    0x12cfc ..\obj\IO_tekst_bitmap.o
                0x20002940                VGA
                0x2000294c                VGA_RAM1
 COMMON         0x2001563c       0x10 ..\..\..\libvga_api.a(delay.o)
                0x2001563c                G_CLK
                0x20015640                D_S
                0x20015644                D_uS
                0x20015648                D_mS
 COMMON         0x2001564c       0x64 ..\..\..\libvga_api.a(uart.o)
                0x2001564c                string
                0x200156b0                . = ALIGN (0x4)
                0x200156b0                __bss_end__ = .
                0x200156b0                _ebss = __bss_end__

.heap           0x200156b0        0x0
                0x200156b0                __end__ = .
                0x200156b0                _end = __end__
                0x200156b0                end = __end__
 *(.heap*)
                0x200156b0                __HeapLimit = .

.co_stack       0x200156b0      0x800 load address 0x08019eb8
                0x200156b0                . = ALIGN (0x8)
 *(.co_stack .co_stack.*)
 .co_stack      0x200156b0      0x800 ..\obj\startup_stm32f4xx.o
                0x200156b0                pulStack
                0x20020000                __StackTop = (ORIGIN (ram) + 0x20000)
                0x2001f800                __StackLimit = (__StackTop - SIZEOF (.co_stack))
                0x20020000                PROVIDE (__stack, __StackTop)
                0x00000001                ASSERT ((__StackLimit >= __HeapLimit), region ram  overflowed with stack)
LOAD ..\obj\UI.o
LOAD ..\obj\stm32f4xx_usart.o
LOAD ..\obj\IO_tekst_bitmap.o
LOAD ..\obj\startup_stm32f4xx.o
LOAD ..\obj\LL.o
LOAD ..\obj\stm32f4xx_rcc.o
LOAD ..\obj\stm32f4xx_gpio.o
LOAD ..\obj\system_stm32f4xx.o
LOAD ..\obj\syscalls.o
LOAD ..\obj\stm32f4xx_dma.o
LOAD ..\obj\stm32_ub_vga_screen.o
LOAD ..\obj\misc.o
LOAD ..\obj\stm32f4xx_tim.o
LOAD ..\..\..\libvga_api.a
LOAD c:/program files (x86)/gnu tools arm embedded/4.8 2013q4/bin/../lib/gcc/arm-none-eabi/4.8.3/../../../../arm-none-eabi/lib/armv7e-m\libm.a
START GROUP
LOAD c:/program files (x86)/gnu tools arm embedded/4.8 2013q4/bin/../lib/gcc/arm-none-eabi/4.8.3/armv7e-m\libgcc.a
LOAD c:/program files (x86)/gnu tools arm embedded/4.8 2013q4/bin/../lib/gcc/arm-none-eabi/4.8.3/../../../../arm-none-eabi/lib/armv7e-m\libg.a
LOAD c:/program files (x86)/gnu tools arm embedded/4.8 2013q4/bin/../lib/gcc/arm-none-eabi/4.8.3/../../../../arm-none-eabi/lib/armv7e-m\libc.a
END GROUP
OUTPUT(VGA_Core.elf elf32-littlearm)

.debug_info     0x00000000     0x75ee
 .debug_info    0x00000000      0x2a2 ..\obj\UI.o
 .debug_info    0x000002a2      0x996 ..\obj\stm32f4xx_usart.o
 .debug_info    0x00000c38      0x28c ..\obj\IO_tekst_bitmap.o
 .debug_info    0x00000ec4       0xed ..\obj\startup_stm32f4xx.o
 .debug_info    0x00000fb1      0x18b ..\obj\LL.o
 .debug_info    0x0000113c      0xc21 ..\obj\stm32f4xx_rcc.o
 .debug_info    0x00001d5d      0x5d6 ..\obj\stm32f4xx_gpio.o
 .debug_info    0x00002333      0x566 ..\obj\system_stm32f4xx.o
 .debug_info    0x00002899      0x718 ..\obj\stm32f4xx_dma.o
 .debug_info    0x00002fb1      0xaa7 ..\obj\stm32_ub_vga_screen.o
 .debug_info    0x00003a58      0x51c ..\obj\misc.o
 .debug_info    0x00003f74     0x1c35 ..\obj\stm32f4xx_tim.o
 .debug_info    0x00005ba9      0x3b1 ..\..\..\libvga_api.a(API_DRAW.o)
 .debug_info    0x00005f5a      0x42d ..\..\..\libvga_api.a(API_IO.o)
 .debug_info    0x00006387      0x5da ..\..\..\libvga_api.a(lcd.o)
 .debug_info    0x00006961      0x2a6 ..\..\..\libvga_api.a(delay.o)
 .debug_info    0x00006c07      0x9e7 ..\..\..\libvga_api.a(uart.o)

.debug_abbrev   0x00000000     0x168b
 .debug_abbrev  0x00000000      0x12a ..\obj\UI.o
 .debug_abbrev  0x0000012a      0x155 ..\obj\stm32f4xx_usart.o
 .debug_abbrev  0x0000027f      0x12a ..\obj\IO_tekst_bitmap.o
 .debug_abbrev  0x000003a9       0xb0 ..\obj\startup_stm32f4xx.o
 .debug_abbrev  0x00000459       0xa3 ..\obj\LL.o
 .debug_abbrev  0x000004fc      0x1e3 ..\obj\stm32f4xx_rcc.o
 .debug_abbrev  0x000006df      0x1a3 ..\obj\stm32f4xx_gpio.o
 .debug_abbrev  0x00000882      0x136 ..\obj\system_stm32f4xx.o
 .debug_abbrev  0x000009b8      0x155 ..\obj\stm32f4xx_dma.o
 .debug_abbrev  0x00000b0d      0x1c1 ..\obj\stm32_ub_vga_screen.o
 .debug_abbrev  0x00000cce      0x145 ..\obj\misc.o
 .debug_abbrev  0x00000e13      0x187 ..\obj\stm32f4xx_tim.o
 .debug_abbrev  0x00000f9a      0x10d ..\..\..\libvga_api.a(API_DRAW.o)
 .debug_abbrev  0x000010a7      0x130 ..\..\..\libvga_api.a(API_IO.o)
 .debug_abbrev  0x000011d7      0x1ce ..\..\..\libvga_api.a(lcd.o)
 .debug_abbrev  0x000013a5      0x100 ..\..\..\libvga_api.a(delay.o)
 .debug_abbrev  0x000014a5      0x1e6 ..\..\..\libvga_api.a(uart.o)

.debug_aranges  0x00000000      0x9f0
 .debug_aranges
                0x00000000       0x38 ..\obj\UI.o
 .debug_aranges
                0x00000038      0x100 ..\obj\stm32f4xx_usart.o
 .debug_aranges
                0x00000138       0x28 ..\obj\IO_tekst_bitmap.o
 .debug_aranges
                0x00000160       0x28 ..\obj\startup_stm32f4xx.o
 .debug_aranges
                0x00000188       0x20 ..\obj\LL.o
 .debug_aranges
                0x000001a8      0x178 ..\obj\stm32f4xx_rcc.o
 .debug_aranges
                0x00000320       0x88 ..\obj\stm32f4xx_gpio.o
 .debug_aranges
                0x000003a8       0x30 ..\obj\system_stm32f4xx.o
 .debug_aranges
                0x000003d8       0xb0 ..\obj\stm32f4xx_dma.o
 .debug_aranges
                0x00000488       0x60 ..\obj\stm32_ub_vga_screen.o
 .debug_aranges
                0x000004e8       0x40 ..\obj\misc.o
 .debug_aranges
                0x00000528      0x2f8 ..\obj\stm32f4xx_tim.o
 .debug_aranges
                0x00000820       0x38 ..\..\..\libvga_api.a(API_DRAW.o)
 .debug_aranges
                0x00000858       0x70 ..\..\..\libvga_api.a(API_IO.o)
 .debug_aranges
                0x000008c8       0x88 ..\..\..\libvga_api.a(lcd.o)
 .debug_aranges
                0x00000950       0x38 ..\..\..\libvga_api.a(delay.o)
 .debug_aranges
                0x00000988       0x68 ..\..\..\libvga_api.a(uart.o)

.debug_ranges   0x00000000      0x8e0
 .debug_ranges  0x00000000       0x28 ..\obj\UI.o
 .debug_ranges  0x00000028       0xf0 ..\obj\stm32f4xx_usart.o
 .debug_ranges  0x00000118       0x18 ..\obj\IO_tekst_bitmap.o
 .debug_ranges  0x00000130       0x18 ..\obj\startup_stm32f4xx.o
 .debug_ranges  0x00000148       0x10 ..\obj\LL.o
 .debug_ranges  0x00000158      0x168 ..\obj\stm32f4xx_rcc.o
 .debug_ranges  0x000002c0       0x78 ..\obj\stm32f4xx_gpio.o
 .debug_ranges  0x00000338       0x20 ..\obj\system_stm32f4xx.o
 .debug_ranges  0x00000358       0xa0 ..\obj\stm32f4xx_dma.o
 .debug_ranges  0x000003f8       0x50 ..\obj\stm32_ub_vga_screen.o
 .debug_ranges  0x00000448       0x30 ..\obj\misc.o
 .debug_ranges  0x00000478      0x2e8 ..\obj\stm32f4xx_tim.o
 .debug_ranges  0x00000760       0x28 ..\..\..\libvga_api.a(API_DRAW.o)
 .debug_ranges  0x00000788       0x60 ..\..\..\libvga_api.a(API_IO.o)
 .debug_ranges  0x000007e8       0x78 ..\..\..\libvga_api.a(lcd.o)
 .debug_ranges  0x00000860       0x28 ..\..\..\libvga_api.a(delay.o)
 .debug_ranges  0x00000888       0x58 ..\..\..\libvga_api.a(uart.o)

.debug_line     0x00000000     0x3b46
 .debug_line    0x00000000      0x174 ..\obj\UI.o
 .debug_line    0x00000174      0x46a ..\obj\stm32f4xx_usart.o
 .debug_line    0x000005de      0x1ca ..\obj\IO_tekst_bitmap.o
 .debug_line    0x000007a8       0xaa ..\obj\startup_stm32f4xx.o
 .debug_line    0x00000852       0x9d ..\obj\LL.o
 .debug_line    0x000008ef      0x562 ..\obj\stm32f4xx_rcc.o
 .debug_line    0x00000e51      0x307 ..\obj\stm32f4xx_gpio.o
 .debug_line    0x00001158      0x19d ..\obj\system_stm32f4xx.o
 .debug_line    0x000012f5      0x3a4 ..\obj\stm32f4xx_dma.o
 .debug_line    0x00001699      0x35e ..\obj\stm32_ub_vga_screen.o
 .debug_line    0x000019f7      0x20d ..\obj\misc.o
 .debug_line    0x00001c04      0xa2d ..\obj\stm32f4xx_tim.o
 .debug_line    0x00002631      0x3b3 ..\..\..\libvga_api.a(API_DRAW.o)
 .debug_line    0x000029e4      0x3ca ..\..\..\libvga_api.a(API_IO.o)
 .debug_line    0x00002dae      0x4f3 ..\..\..\libvga_api.a(lcd.o)
 .debug_line    0x000032a1      0x351 ..\..\..\libvga_api.a(delay.o)
 .debug_line    0x000035f2      0x554 ..\..\..\libvga_api.a(uart.o)

.debug_str      0x00000000     0x30e7
 .debug_str     0x00000000      0x1e2 ..\obj\UI.o
                                0x21b (size before relaxing)
 .debug_str     0x000001e2      0x51e ..\obj\stm32f4xx_usart.o
                                0x66e (size before relaxing)
 .debug_str     0x00000700      0x11b ..\obj\IO_tekst_bitmap.o
                                0x25e (size before relaxing)
 .debug_str     0x0000081b       0xb9 ..\obj\startup_stm32f4xx.o
                                0x150 (size before relaxing)
 .debug_str     0x000008d4       0x3d ..\obj\LL.o
                                0x1d0 (size before relaxing)
 .debug_str     0x00000911      0x5ec ..\obj\stm32f4xx_rcc.o
                                0x82f (size before relaxing)
 .debug_str     0x00000efd      0x331 ..\obj\stm32f4xx_gpio.o
                                0x482 (size before relaxing)
 .debug_str     0x0000122e      0x121 ..\obj\system_stm32f4xx.o
                                0x389 (size before relaxing)
 .debug_str     0x0000134f      0x3a0 ..\obj\stm32f4xx_dma.o
                                0x52b (size before relaxing)
 .debug_str     0x000016ef      0x843 ..\obj\stm32_ub_vga_screen.o
                                0xcbc (size before relaxing)
 .debug_str     0x00001f32      0x16a ..\obj\misc.o
                                0x3b8 (size before relaxing)
 .debug_str     0x0000209c      0xa07 ..\obj\stm32f4xx_tim.o
                                0xdaf (size before relaxing)
 .debug_str     0x00002aa3      0x22d ..\..\..\libvga_api.a(API_DRAW.o)
                                0x366 (size before relaxing)
 .debug_str     0x00002cd0      0x125 ..\..\..\libvga_api.a(API_IO.o)
                                0x39d (size before relaxing)
 .debug_str     0x00002df5      0x13f ..\..\..\libvga_api.a(lcd.o)
                                0x517 (size before relaxing)
 .debug_str     0x00002f34       0xa4 ..\..\..\libvga_api.a(delay.o)
                                0x325 (size before relaxing)
 .debug_str     0x00002fd8      0x10f ..\..\..\libvga_api.a(uart.o)
                                0xba2 (size before relaxing)

.comment        0x00000000       0xde
 .comment       0x00000000       0x70 ..\obj\UI.o
                                 0x71 (size before relaxing)
 .comment       0x00000000       0x71 ..\obj\stm32f4xx_usart.o
 .comment       0x00000000       0x71 ..\obj\IO_tekst_bitmap.o
 .comment       0x00000000       0x71 ..\obj\startup_stm32f4xx.o
 .comment       0x00000000       0x71 ..\obj\LL.o
 .comment       0x00000000       0x71 ..\obj\stm32f4xx_rcc.o
 .comment       0x00000000       0x71 ..\obj\stm32f4xx_gpio.o
 .comment       0x00000000       0x71 ..\obj\system_stm32f4xx.o
 .comment       0x00000000       0x71 ..\obj\stm32f4xx_dma.o
 .comment       0x00000000       0x71 ..\obj\stm32_ub_vga_screen.o
 .comment       0x00000000       0x71 ..\obj\misc.o
 .comment       0x00000000       0x71 ..\obj\stm32f4xx_tim.o
 .comment       0x00000070       0x6e ..\..\..\libvga_api.a(API_DRAW.o)
                                 0x6f (size before relaxing)
 .comment       0x00000000       0x6f ..\..\..\libvga_api.a(API_IO.o)
 .comment       0x00000000       0x6f ..\..\..\libvga_api.a(lcd.o)
 .comment       0x00000000       0x6f ..\..\..\libvga_api.a(delay.o)
 .comment       0x00000000       0x6f ..\..\..\libvga_api.a(uart.o)

.ARM.attributes
                0x00000000       0x31
 .ARM.attributes
                0x00000000       0x33 ..\obj\UI.o
 .ARM.attributes
                0x00000033       0x33 ..\obj\stm32f4xx_usart.o
 .ARM.attributes
                0x00000066       0x33 ..\obj\IO_tekst_bitmap.o
 .ARM.attributes
                0x00000099       0x33 ..\obj\startup_stm32f4xx.o
 .ARM.attributes
                0x000000cc       0x33 ..\obj\LL.o
 .ARM.attributes
                0x000000ff       0x33 ..\obj\stm32f4xx_rcc.o
 .ARM.attributes
                0x00000132       0x33 ..\obj\stm32f4xx_gpio.o
 .ARM.attributes
                0x00000165       0x33 ..\obj\system_stm32f4xx.o
 .ARM.attributes
                0x00000198       0x33 ..\obj\stm32f4xx_dma.o
 .ARM.attributes
                0x000001cb       0x33 ..\obj\stm32_ub_vga_screen.o
 .ARM.attributes
                0x000001fe       0x33 ..\obj\misc.o
 .ARM.attributes
                0x00000231       0x33 ..\obj\stm32f4xx_tim.o
 .ARM.attributes
                0x00000264       0x33 ..\..\..\libvga_api.a(API_DRAW.o)
 .ARM.attributes
                0x00000297       0x33 ..\..\..\libvga_api.a(API_IO.o)
 .ARM.attributes
                0x000002ca       0x33 ..\..\..\libvga_api.a(lcd.o)
 .ARM.attributes
                0x000002fd       0x33 ..\..\..\libvga_api.a(delay.o)
 .ARM.attributes
                0x00000330       0x33 ..\..\..\libvga_api.a(uart.o)
 .ARM.attributes
                0x00000363       0x1e c:/program files (x86)/gnu tools arm embedded/4.8 2013q4/bin/../lib/gcc/arm-none-eabi/4.8.3/armv7e-m\libgcc.a(_arm_addsubdf3.o)
 .ARM.attributes
                0x00000381       0x1e c:/program files (x86)/gnu tools arm embedded/4.8 2013q4/bin/../lib/gcc/arm-none-eabi/4.8.3/armv7e-m\libgcc.a(_arm_muldivdf3.o)
 .ARM.attributes
                0x0000039f       0x1e c:/program files (x86)/gnu tools arm embedded/4.8 2013q4/bin/../lib/gcc/arm-none-eabi/4.8.3/armv7e-m\libgcc.a(_arm_fixunsdfsi.o)
 .ARM.attributes
                0x000003bd       0x1e c:/program files (x86)/gnu tools arm embedded/4.8 2013q4/bin/../lib/gcc/arm-none-eabi/4.8.3/armv7e-m\libgcc.a(_arm_addsubsf3.o)
 .ARM.attributes
                0x000003db       0x1e c:/program files (x86)/gnu tools arm embedded/4.8 2013q4/bin/../lib/gcc/arm-none-eabi/4.8.3/armv7e-m\libgcc.a(_arm_muldivsf3.o)
 .ARM.attributes
                0x000003f9       0x1e c:/program files (x86)/gnu tools arm embedded/4.8 2013q4/bin/../lib/gcc/arm-none-eabi/4.8.3/armv7e-m\libgcc.a(_arm_cmpsf2.o)
 .ARM.attributes
                0x00000417       0x1e c:/program files (x86)/gnu tools arm embedded/4.8 2013q4/bin/../lib/gcc/arm-none-eabi/4.8.3/armv7e-m\libgcc.a(_arm_fixsfsi.o)
 .ARM.attributes
                0x00000435       0x2e c:/program files (x86)/gnu tools arm embedded/4.8 2013q4/bin/../lib/gcc/arm-none-eabi/4.8.3/../../../../arm-none-eabi/lib/armv7e-m\libg.a(lib_a-atoi.o)
 .ARM.attributes
                0x00000463       0x2e c:/program files (x86)/gnu tools arm embedded/4.8 2013q4/bin/../lib/gcc/arm-none-eabi/4.8.3/../../../../arm-none-eabi/lib/armv7e-m\libg.a(lib_a-ctype_.o)
 .ARM.attributes
                0x00000491       0x2e c:/program files (x86)/gnu tools arm embedded/4.8 2013q4/bin/../lib/gcc/arm-none-eabi/4.8.3/../../../../arm-none-eabi/lib/armv7e-m\libg.a(lib_a-memset.o)
 .ARM.attributes
                0x000004bf       0x2e c:/program files (x86)/gnu tools arm embedded/4.8 2013q4/bin/../lib/gcc/arm-none-eabi/4.8.3/../../../../arm-none-eabi/lib/armv7e-m\libg.a(lib_a-strlen.o)
 .ARM.attributes
                0x000004ed       0x2e c:/program files (x86)/gnu tools arm embedded/4.8 2013q4/bin/../lib/gcc/arm-none-eabi/4.8.3/../../../../arm-none-eabi/lib/armv7e-m\libg.a(lib_a-strncmp.o)
 .ARM.attributes
                0x0000051b       0x2e c:/program files (x86)/gnu tools arm embedded/4.8 2013q4/bin/../lib/gcc/arm-none-eabi/4.8.3/../../../../arm-none-eabi/lib/armv7e-m\libg.a(lib_a-strtol.o)
 .ARM.attributes
                0x00000549       0x2e c:/program files (x86)/gnu tools arm embedded/4.8 2013q4/bin/../lib/gcc/arm-none-eabi/4.8.3/../../../../arm-none-eabi/lib/armv7e-m\libg.a(lib_a-impure.o)

.debug_frame    0x00000000     0x2100
 .debug_frame   0x00000000       0x88 ..\obj\UI.o
 .debug_frame   0x00000088      0x344 ..\obj\stm32f4xx_usart.o
 .debug_frame   0x000003cc       0x50 ..\obj\IO_tekst_bitmap.o
 .debug_frame   0x0000041c       0x48 ..\obj\startup_stm32f4xx.o
 .debug_frame   0x00000464       0x34 ..\obj\LL.o
 .debug_frame   0x00000498      0x4d8 ..\obj\stm32f4xx_rcc.o
 .debug_frame   0x00000970      0x19c ..\obj\stm32f4xx_gpio.o
 .debug_frame   0x00000b0c       0x64 ..\obj\system_stm32f4xx.o
 .debug_frame   0x00000b70      0x224 ..\obj\stm32f4xx_dma.o
 .debug_frame   0x00000d94      0x124 ..\obj\stm32_ub_vga_screen.o
 .debug_frame   0x00000eb8       0x9c ..\obj\misc.o
 .debug_frame   0x00000f54      0xa3c ..\obj\stm32f4xx_tim.o
 .debug_frame   0x00001990       0xa4 ..\..\..\libvga_api.a(API_DRAW.o)
 .debug_frame   0x00001a34      0x19c ..\..\..\libvga_api.a(API_IO.o)
 .debug_frame   0x00001bd0      0x1f4 ..\..\..\libvga_api.a(lcd.o)
 .debug_frame   0x00001dc4       0xb0 ..\..\..\libvga_api.a(delay.o)
 .debug_frame   0x00001e74      0x198 ..\..\..\libvga_api.a(uart.o)
 .debug_frame   0x0000200c       0x30 c:/program files (x86)/gnu tools arm embedded/4.8 2013q4/bin/../lib/gcc/arm-none-eabi/4.8.3/../../../../arm-none-eabi/lib/armv7e-m\libg.a(lib_a-atoi.o)
 .debug_frame   0x0000203c       0x2c c:/program files (x86)/gnu tools arm embedded/4.8 2013q4/bin/../lib/gcc/arm-none-eabi/4.8.3/../../../../arm-none-eabi/lib/armv7e-m\libg.a(lib_a-memset.o)
 .debug_frame   0x00002068       0x20 c:/program files (x86)/gnu tools arm embedded/4.8 2013q4/bin/../lib/gcc/arm-none-eabi/4.8.3/../../../../arm-none-eabi/lib/armv7e-m\libg.a(lib_a-strlen.o)
 .debug_frame   0x00002088       0x28 c:/program files (x86)/gnu tools arm embedded/4.8 2013q4/bin/../lib/gcc/arm-none-eabi/4.8.3/../../../../arm-none-eabi/lib/armv7e-m\libg.a(lib_a-strncmp.o)
 .debug_frame   0x000020b0       0x50 c:/program files (x86)/gnu tools arm embedded/4.8 2013q4/bin/../lib/gcc/arm-none-eabi/4.8.3/../../../../arm-none-eabi/lib/armv7e-m\libg.a(lib_a-strtol.o)
