Archive member included because of file (symbol)

c:/program files (x86)/gnu tools arm embedded/4.8 2013q4/bin/../lib/gcc/arm-none-eabi/4.8.3/armv7e-m\libgcc.a(_arm_addsubsf3.o)
                              ..\obj\main.o (__aeabi_fadd)
c:/program files (x86)/gnu tools arm embedded/4.8 2013q4/bin/../lib/gcc/arm-none-eabi/4.8.3/armv7e-m\libgcc.a(_arm_muldivsf3.o)
                              ..\obj\main.o (__aeabi_fmul)
c:/program files (x86)/gnu tools arm embedded/4.8 2013q4/bin/../lib/gcc/arm-none-eabi/4.8.3/armv7e-m\libgcc.a(_arm_cmpsf2.o)
                              ..\obj\main.o (__aeabi_fcmple)
c:/program files (x86)/gnu tools arm embedded/4.8 2013q4/bin/../lib/gcc/arm-none-eabi/4.8.3/armv7e-m\libgcc.a(_arm_fixsfsi.o)
                              ..\obj\main.o (__aeabi_f2iz)

Allocating common symbols
Common symbol       size              file

VGA                 0xc               ..\obj\UI.o
VGA_RAM1            0x12cf0           ..\obj\UI.o

Discarded input sections

 .text          0x00000000        0x0 ..\obj\UI.o
 .data          0x00000000        0x0 ..\obj\UI.o
 .bss           0x00000000        0x0 ..\obj\UI.o
 .text          0x00000000        0x0 ..\obj\startup_stm32f4xx.o
 .data          0x00000000        0x0 ..\obj\startup_stm32f4xx.o
 .bss           0x00000000        0x0 ..\obj\startup_stm32f4xx.o
 .text          0x00000000        0x0 ..\obj\LL.o
 .data          0x00000000        0x0 ..\obj\LL.o
 .bss           0x00000000        0x0 ..\obj\LL.o
 .debug_line    0x00000000        0x0 ..\obj\LL.o
 .debug_str     0x00000000        0x0 ..\obj\LL.o
 .comment       0x00000000       0x71 ..\obj\LL.o
 .ARM.attributes
                0x00000000       0x33 ..\obj\LL.o
 .text          0x00000000        0x0 ..\obj\main.o
 .bss           0x00000000        0x0 ..\obj\main.o
 .text.API_draw_line
                0x00000000      0x27c ..\obj\main.o
 .text.API_draw_rectangle
                0x00000000       0xfc ..\obj\main.o
 .text          0x00000000        0x0 ..\obj\stm32f4xx_rcc.o
 .data          0x00000000       0x10 ..\obj\stm32f4xx_rcc.o
 .bss           0x00000000        0x0 ..\obj\stm32f4xx_rcc.o
 .text.RCC_DeInit
                0x00000000       0x50 ..\obj\stm32f4xx_rcc.o
 .text.RCC_HSEConfig
                0x00000000       0x24 ..\obj\stm32f4xx_rcc.o
 .text.RCC_WaitForHSEStartUp
                0x00000000       0x50 ..\obj\stm32f4xx_rcc.o
 .text.RCC_AdjustHSICalibrationValue
                0x00000000       0x3c ..\obj\stm32f4xx_rcc.o
 .text.RCC_HSICmd
                0x00000000       0x20 ..\obj\stm32f4xx_rcc.o
 .text.RCC_LSEConfig
                0x00000000       0x40 ..\obj\stm32f4xx_rcc.o
 .text.RCC_LSICmd
                0x00000000       0x20 ..\obj\stm32f4xx_rcc.o
 .text.RCC_PLLConfig
                0x00000000       0x3c ..\obj\stm32f4xx_rcc.o
 .text.RCC_PLLCmd
                0x00000000       0x20 ..\obj\stm32f4xx_rcc.o
 .text.RCC_PLLI2SConfig
                0x00000000       0x28 ..\obj\stm32f4xx_rcc.o
 .text.RCC_PLLI2SCmd
                0x00000000       0x20 ..\obj\stm32f4xx_rcc.o
 .text.RCC_ClockSecuritySystemCmd
                0x00000000       0x20 ..\obj\stm32f4xx_rcc.o
 .text.RCC_MCO1Config
                0x00000000       0x3c ..\obj\stm32f4xx_rcc.o
 .text.RCC_MCO2Config
                0x00000000       0x3c ..\obj\stm32f4xx_rcc.o
 .text.RCC_SYSCLKConfig
                0x00000000       0x38 ..\obj\stm32f4xx_rcc.o
 .text.RCC_GetSYSCLKSource
                0x00000000       0x20 ..\obj\stm32f4xx_rcc.o
 .text.RCC_HCLKConfig
                0x00000000       0x38 ..\obj\stm32f4xx_rcc.o
 .text.RCC_PCLK1Config
                0x00000000       0x38 ..\obj\stm32f4xx_rcc.o
 .text.RCC_PCLK2Config
                0x00000000       0x38 ..\obj\stm32f4xx_rcc.o
 .text.RCC_GetClocksFreq
                0x00000000      0x154 ..\obj\stm32f4xx_rcc.o
 .text.RCC_RTCCLKConfig
                0x00000000       0x5c ..\obj\stm32f4xx_rcc.o
 .text.RCC_RTCCLKCmd
                0x00000000       0x20 ..\obj\stm32f4xx_rcc.o
 .text.RCC_BackupResetCmd
                0x00000000       0x20 ..\obj\stm32f4xx_rcc.o
 .text.RCC_I2SCLKConfig
                0x00000000       0x1c ..\obj\stm32f4xx_rcc.o
 .text.RCC_AHB2PeriphClockCmd
                0x00000000       0x3c ..\obj\stm32f4xx_rcc.o
 .text.RCC_AHB3PeriphClockCmd
                0x00000000       0x3c ..\obj\stm32f4xx_rcc.o
 .text.RCC_AHB1PeriphResetCmd
                0x00000000       0x3c ..\obj\stm32f4xx_rcc.o
 .text.RCC_AHB2PeriphResetCmd
                0x00000000       0x3c ..\obj\stm32f4xx_rcc.o
 .text.RCC_AHB3PeriphResetCmd
                0x00000000       0x3c ..\obj\stm32f4xx_rcc.o
 .text.RCC_APB1PeriphResetCmd
                0x00000000       0x3c ..\obj\stm32f4xx_rcc.o
 .text.RCC_APB2PeriphResetCmd
                0x00000000       0x3c ..\obj\stm32f4xx_rcc.o
 .text.RCC_AHB1PeriphClockLPModeCmd
                0x00000000       0x3c ..\obj\stm32f4xx_rcc.o
 .text.RCC_AHB2PeriphClockLPModeCmd
                0x00000000       0x3c ..\obj\stm32f4xx_rcc.o
 .text.RCC_AHB3PeriphClockLPModeCmd
                0x00000000       0x3c ..\obj\stm32f4xx_rcc.o
 .text.RCC_APB1PeriphClockLPModeCmd
                0x00000000       0x3c ..\obj\stm32f4xx_rcc.o
 .text.RCC_APB2PeriphClockLPModeCmd
                0x00000000       0x3c ..\obj\stm32f4xx_rcc.o
 .text.RCC_ITConfig
                0x00000000       0x48 ..\obj\stm32f4xx_rcc.o
 .text.RCC_GetFlagStatus
                0x00000000       0x74 ..\obj\stm32f4xx_rcc.o
 .text.RCC_ClearFlag
                0x00000000       0x1c ..\obj\stm32f4xx_rcc.o
 .text.RCC_GetITStatus
                0x00000000       0x38 ..\obj\stm32f4xx_rcc.o
 .text.RCC_ClearITPendingBit
                0x00000000       0x20 ..\obj\stm32f4xx_rcc.o
 .text          0x00000000        0x0 ..\obj\stm32f4xx_gpio.o
 .data          0x00000000        0x0 ..\obj\stm32f4xx_gpio.o
 .bss           0x00000000        0x0 ..\obj\stm32f4xx_gpio.o
 .text.GPIO_DeInit
                0x00000000      0x120 ..\obj\stm32f4xx_gpio.o
 .text.GPIO_StructInit
                0x00000000       0x34 ..\obj\stm32f4xx_gpio.o
 .text.GPIO_PinLockConfig
                0x00000000       0x44 ..\obj\stm32f4xx_gpio.o
 .text.GPIO_ReadInputDataBit
                0x00000000       0x34 ..\obj\stm32f4xx_gpio.o
 .text.GPIO_ReadInputData
                0x00000000       0x1c ..\obj\stm32f4xx_gpio.o
 .text.GPIO_ReadOutputDataBit
                0x00000000       0x34 ..\obj\stm32f4xx_gpio.o
 .text.GPIO_ReadOutputData
                0x00000000       0x1c ..\obj\stm32f4xx_gpio.o
 .text.GPIO_SetBits
                0x00000000       0x1c ..\obj\stm32f4xx_gpio.o
 .text.GPIO_ResetBits
                0x00000000       0x1c ..\obj\stm32f4xx_gpio.o
 .text.GPIO_WriteBit
                0x00000000       0x30 ..\obj\stm32f4xx_gpio.o
 .text.GPIO_Write
                0x00000000       0x1c ..\obj\stm32f4xx_gpio.o
 .text.GPIO_ToggleBits
                0x00000000       0x24 ..\obj\stm32f4xx_gpio.o
 .text          0x00000000        0x0 ..\obj\system_stm32f4xx.o
 .data          0x00000000       0x14 ..\obj\system_stm32f4xx.o
 .bss           0x00000000        0x0 ..\obj\system_stm32f4xx.o
 .text.SystemCoreClockUpdate
                0x00000000       0xf8 ..\obj\system_stm32f4xx.o
 .text          0x00000000        0x0 ..\obj\stm32f4xx_dma.o
 .data          0x00000000        0x0 ..\obj\stm32f4xx_dma.o
 .bss           0x00000000        0x0 ..\obj\stm32f4xx_dma.o
 .text.DMA_StructInit
                0x00000000       0x6c ..\obj\stm32f4xx_dma.o
 .text.DMA_PeriphIncOffsetSizeConfig
                0x00000000       0x34 ..\obj\stm32f4xx_dma.o
 .text.DMA_FlowControllerConfig
                0x00000000       0x34 ..\obj\stm32f4xx_dma.o
 .text.DMA_SetCurrDataCounter
                0x00000000       0x1c ..\obj\stm32f4xx_dma.o
 .text.DMA_GetCurrDataCounter
                0x00000000       0x1c ..\obj\stm32f4xx_dma.o
 .text.DMA_DoubleBufferModeConfig
                0x00000000       0x3c ..\obj\stm32f4xx_dma.o
 .text.DMA_DoubleBufferModeCmd
                0x00000000       0x38 ..\obj\stm32f4xx_dma.o
 .text.DMA_MemoryTargetConfig
                0x00000000       0x2c ..\obj\stm32f4xx_dma.o
 .text.DMA_GetCurrentMemoryTarget
                0x00000000       0x30 ..\obj\stm32f4xx_dma.o
 .text.DMA_GetCmdStatus
                0x00000000       0x30 ..\obj\stm32f4xx_dma.o
 .text.DMA_GetFIFOStatus
                0x00000000       0x24 ..\obj\stm32f4xx_dma.o
 .text.DMA_GetFlagStatus
                0x00000000       0x78 ..\obj\stm32f4xx_dma.o
 .text.DMA_ClearFlag
                0x00000000       0x5c ..\obj\stm32f4xx_dma.o
 .text          0x00000000        0x0 ..\obj\stm32_ub_vga_screen.o
 .data          0x00000000        0x0 ..\obj\stm32_ub_vga_screen.o
 .bss           0x00000000        0x0 ..\obj\stm32_ub_vga_screen.o
 .text          0x00000000        0x0 ..\obj\misc.o
 .data          0x00000000        0x0 ..\obj\misc.o
 .bss           0x00000000        0x0 ..\obj\misc.o
 .text.NVIC_PriorityGroupConfig
                0x00000000       0x24 ..\obj\misc.o
 .text.NVIC_SetVectorTable
                0x00000000       0x2c ..\obj\misc.o
 .text.NVIC_SystemLPConfig
                0x00000000       0x40 ..\obj\misc.o
 .text.SysTick_CLKSourceConfig
                0x00000000       0x38 ..\obj\misc.o
 .text          0x00000000        0x0 ..\obj\stm32f4xx_tim.o
 .data          0x00000000        0x0 ..\obj\stm32f4xx_tim.o
 .bss           0x00000000        0x0 ..\obj\stm32f4xx_tim.o
 .text.TIM_DeInit
                0x00000000      0x1bc ..\obj\stm32f4xx_tim.o
 .text.TIM_TimeBaseStructInit
                0x00000000       0x34 ..\obj\stm32f4xx_tim.o
 .text.TIM_PrescalerConfig
                0x00000000       0x28 ..\obj\stm32f4xx_tim.o
 .text.TIM_CounterModeConfig
                0x00000000       0x38 ..\obj\stm32f4xx_tim.o
 .text.TIM_SetCounter
                0x00000000       0x1c ..\obj\stm32f4xx_tim.o
 .text.TIM_SetAutoreload
                0x00000000       0x1c ..\obj\stm32f4xx_tim.o
 .text.TIM_GetCounter
                0x00000000       0x18 ..\obj\stm32f4xx_tim.o
 .text.TIM_GetPrescaler
                0x00000000       0x1c ..\obj\stm32f4xx_tim.o
 .text.TIM_UpdateDisableConfig
                0x00000000       0x40 ..\obj\stm32f4xx_tim.o
 .text.TIM_UpdateRequestConfig
                0x00000000       0x40 ..\obj\stm32f4xx_tim.o
 .text.TIM_SelectOnePulseMode
                0x00000000       0x38 ..\obj\stm32f4xx_tim.o
 .text.TIM_SetClockDivision
                0x00000000       0x38 ..\obj\stm32f4xx_tim.o
 .text.TIM_OC1Init
                0x00000000       0xf4 ..\obj\stm32f4xx_tim.o
 .text.TIM_OC2Init
                0x00000000      0x110 ..\obj\stm32f4xx_tim.o
 .text.TIM_OCStructInit
                0x00000000       0x44 ..\obj\stm32f4xx_tim.o
 .text.TIM_SelectOCxM
                0x00000000       0xac ..\obj\stm32f4xx_tim.o
 .text.TIM_SetCompare1
                0x00000000       0x1c ..\obj\stm32f4xx_tim.o
 .text.TIM_SetCompare2
                0x00000000       0x1c ..\obj\stm32f4xx_tim.o
 .text.TIM_SetCompare3
                0x00000000       0x1c ..\obj\stm32f4xx_tim.o
 .text.TIM_SetCompare4
                0x00000000       0x1c ..\obj\stm32f4xx_tim.o
 .text.TIM_ForcedOC1Config
                0x00000000       0x38 ..\obj\stm32f4xx_tim.o
 .text.TIM_ForcedOC2Config
                0x00000000       0x3c ..\obj\stm32f4xx_tim.o
 .text.TIM_ForcedOC3Config
                0x00000000       0x38 ..\obj\stm32f4xx_tim.o
 .text.TIM_ForcedOC4Config
                0x00000000       0x3c ..\obj\stm32f4xx_tim.o
 .text.TIM_OC1PreloadConfig
                0x00000000       0x38 ..\obj\stm32f4xx_tim.o
 .text.TIM_OC2PreloadConfig
                0x00000000       0x3c ..\obj\stm32f4xx_tim.o
 .text.TIM_OC1FastConfig
                0x00000000       0x38 ..\obj\stm32f4xx_tim.o
 .text.TIM_OC2FastConfig
                0x00000000       0x3c ..\obj\stm32f4xx_tim.o
 .text.TIM_OC3FastConfig
                0x00000000       0x38 ..\obj\stm32f4xx_tim.o
 .text.TIM_OC4FastConfig
                0x00000000       0x3c ..\obj\stm32f4xx_tim.o
 .text.TIM_ClearOC1Ref
                0x00000000       0x38 ..\obj\stm32f4xx_tim.o
 .text.TIM_ClearOC2Ref
                0x00000000       0x3c ..\obj\stm32f4xx_tim.o
 .text.TIM_ClearOC3Ref
                0x00000000       0x38 ..\obj\stm32f4xx_tim.o
 .text.TIM_ClearOC4Ref
                0x00000000       0x3c ..\obj\stm32f4xx_tim.o
 .text.TIM_OC1PolarityConfig
                0x00000000       0x38 ..\obj\stm32f4xx_tim.o
 .text.TIM_OC1NPolarityConfig
                0x00000000       0x38 ..\obj\stm32f4xx_tim.o
 .text.TIM_OC2PolarityConfig
                0x00000000       0x3c ..\obj\stm32f4xx_tim.o
 .text.TIM_OC2NPolarityConfig
                0x00000000       0x3c ..\obj\stm32f4xx_tim.o
 .text.TIM_OC3PolarityConfig
                0x00000000       0x3c ..\obj\stm32f4xx_tim.o
 .text.TIM_OC3NPolarityConfig
                0x00000000       0x3c ..\obj\stm32f4xx_tim.o
 .text.TIM_OC4PolarityConfig
                0x00000000       0x3c ..\obj\stm32f4xx_tim.o
 .text.TIM_CCxCmd
                0x00000000       0x54 ..\obj\stm32f4xx_tim.o
 .text.TIM_CCxNCmd
                0x00000000       0x54 ..\obj\stm32f4xx_tim.o
 .text.TIM_ICInit
                0x00000000       0xa8 ..\obj\stm32f4xx_tim.o
 .text.TIM_ICStructInit
                0x00000000       0x30 ..\obj\stm32f4xx_tim.o
 .text.TIM_PWMIConfig
                0x00000000       0xb8 ..\obj\stm32f4xx_tim.o
 .text.TIM_GetCapture1
                0x00000000       0x18 ..\obj\stm32f4xx_tim.o
 .text.TIM_GetCapture2
                0x00000000       0x18 ..\obj\stm32f4xx_tim.o
 .text.TIM_GetCapture3
                0x00000000       0x18 ..\obj\stm32f4xx_tim.o
 .text.TIM_GetCapture4
                0x00000000       0x18 ..\obj\stm32f4xx_tim.o
 .text.TIM_SetIC1Prescaler
                0x00000000       0x38 ..\obj\stm32f4xx_tim.o
 .text.TIM_SetIC2Prescaler
                0x00000000       0x3c ..\obj\stm32f4xx_tim.o
 .text.TIM_SetIC3Prescaler
                0x00000000       0x38 ..\obj\stm32f4xx_tim.o
 .text.TIM_SetIC4Prescaler
                0x00000000       0x3c ..\obj\stm32f4xx_tim.o
 .text.TIM_BDTRConfig
                0x00000000       0x50 ..\obj\stm32f4xx_tim.o
 .text.TIM_BDTRStructInit
                0x00000000       0x3c ..\obj\stm32f4xx_tim.o
 .text.TIM_CtrlPWMOutputs
                0x00000000       0x4c ..\obj\stm32f4xx_tim.o
 .text.TIM_SelectCOM
                0x00000000       0x40 ..\obj\stm32f4xx_tim.o
 .text.TIM_CCPreloadControl
                0x00000000       0x40 ..\obj\stm32f4xx_tim.o
 .text.TIM_GenerateEvent
                0x00000000       0x1c ..\obj\stm32f4xx_tim.o
 .text.TIM_GetFlagStatus
                0x00000000       0x38 ..\obj\stm32f4xx_tim.o
 .text.TIM_ClearFlag
                0x00000000       0x20 ..\obj\stm32f4xx_tim.o
 .text.TIM_GetITStatus
                0x00000000       0x54 ..\obj\stm32f4xx_tim.o
 .text.TIM_DMAConfig
                0x00000000       0x28 ..\obj\stm32f4xx_tim.o
 .text.TIM_SelectCCDMA
                0x00000000       0x40 ..\obj\stm32f4xx_tim.o
 .text.TIM_InternalClockConfig
                0x00000000       0x24 ..\obj\stm32f4xx_tim.o
 .text.TIM_ITRxExternalClockConfig
                0x00000000       0x2c ..\obj\stm32f4xx_tim.o
 .text.TIM_TIxExternalClockConfig
                0x00000000       0x54 ..\obj\stm32f4xx_tim.o
 .text.TIM_ETRClockMode1Config
                0x00000000       0x50 ..\obj\stm32f4xx_tim.o
 .text.TIM_ETRClockMode2Config
                0x00000000       0x30 ..\obj\stm32f4xx_tim.o
 .text.TIM_SelectInputTrigger
                0x00000000       0x38 ..\obj\stm32f4xx_tim.o
 .text.TIM_SelectOutputTrigger
                0x00000000       0x38 ..\obj\stm32f4xx_tim.o
 .text.TIM_SelectSlaveMode
                0x00000000       0x38 ..\obj\stm32f4xx_tim.o
 .text.TIM_SelectMasterSlaveMode
                0x00000000       0x38 ..\obj\stm32f4xx_tim.o
 .text.TIM_ETRConfig
                0x00000000       0x48 ..\obj\stm32f4xx_tim.o
 .text.TIM_EncoderInterfaceConfig
                0x00000000       0x8c ..\obj\stm32f4xx_tim.o
 .text.TIM_SelectHallSensor
                0x00000000       0x40 ..\obj\stm32f4xx_tim.o
 .text.TIM_RemapConfig
                0x00000000       0x20 ..\obj\stm32f4xx_tim.o
 .text.TI1_Config
                0x00000000       0x78 ..\obj\stm32f4xx_tim.o
 .text.TI2_Config
                0x00000000       0x8c ..\obj\stm32f4xx_tim.o
 .text.TI3_Config
                0x00000000       0x84 ..\obj\stm32f4xx_tim.o
 .text.TI4_Config
                0x00000000       0x90 ..\obj\stm32f4xx_tim.o
 .text          0x00000000      0x21c c:/program files (x86)/gnu tools arm embedded/4.8 2013q4/bin/../lib/gcc/arm-none-eabi/4.8.3/armv7e-m\libgcc.a(_arm_addsubsf3.o)
 .data          0x00000000        0x0 c:/program files (x86)/gnu tools arm embedded/4.8 2013q4/bin/../lib/gcc/arm-none-eabi/4.8.3/armv7e-m\libgcc.a(_arm_addsubsf3.o)
 .bss           0x00000000        0x0 c:/program files (x86)/gnu tools arm embedded/4.8 2013q4/bin/../lib/gcc/arm-none-eabi/4.8.3/armv7e-m\libgcc.a(_arm_addsubsf3.o)
 .ARM.attributes
                0x00000000       0x1e c:/program files (x86)/gnu tools arm embedded/4.8 2013q4/bin/../lib/gcc/arm-none-eabi/4.8.3/armv7e-m\libgcc.a(_arm_addsubsf3.o)
 .text          0x00000000      0x2a0 c:/program files (x86)/gnu tools arm embedded/4.8 2013q4/bin/../lib/gcc/arm-none-eabi/4.8.3/armv7e-m\libgcc.a(_arm_muldivsf3.o)
 .data          0x00000000        0x0 c:/program files (x86)/gnu tools arm embedded/4.8 2013q4/bin/../lib/gcc/arm-none-eabi/4.8.3/armv7e-m\libgcc.a(_arm_muldivsf3.o)
 .bss           0x00000000        0x0 c:/program files (x86)/gnu tools arm embedded/4.8 2013q4/bin/../lib/gcc/arm-none-eabi/4.8.3/armv7e-m\libgcc.a(_arm_muldivsf3.o)
 .ARM.attributes
                0x00000000       0x1e c:/program files (x86)/gnu tools arm embedded/4.8 2013q4/bin/../lib/gcc/arm-none-eabi/4.8.3/armv7e-m\libgcc.a(_arm_muldivsf3.o)
 .text          0x00000000       0xec c:/program files (x86)/gnu tools arm embedded/4.8 2013q4/bin/../lib/gcc/arm-none-eabi/4.8.3/armv7e-m\libgcc.a(_arm_cmpsf2.o)
 .data          0x00000000        0x0 c:/program files (x86)/gnu tools arm embedded/4.8 2013q4/bin/../lib/gcc/arm-none-eabi/4.8.3/armv7e-m\libgcc.a(_arm_cmpsf2.o)
 .bss           0x00000000        0x0 c:/program files (x86)/gnu tools arm embedded/4.8 2013q4/bin/../lib/gcc/arm-none-eabi/4.8.3/armv7e-m\libgcc.a(_arm_cmpsf2.o)
 .ARM.attributes
                0x00000000       0x1e c:/program files (x86)/gnu tools arm embedded/4.8 2013q4/bin/../lib/gcc/arm-none-eabi/4.8.3/armv7e-m\libgcc.a(_arm_cmpsf2.o)
 .text          0x00000000       0x4c c:/program files (x86)/gnu tools arm embedded/4.8 2013q4/bin/../lib/gcc/arm-none-eabi/4.8.3/armv7e-m\libgcc.a(_arm_fixsfsi.o)
 .data          0x00000000        0x0 c:/program files (x86)/gnu tools arm embedded/4.8 2013q4/bin/../lib/gcc/arm-none-eabi/4.8.3/armv7e-m\libgcc.a(_arm_fixsfsi.o)
 .bss           0x00000000        0x0 c:/program files (x86)/gnu tools arm embedded/4.8 2013q4/bin/../lib/gcc/arm-none-eabi/4.8.3/armv7e-m\libgcc.a(_arm_fixsfsi.o)
 .ARM.attributes
                0x00000000       0x1e c:/program files (x86)/gnu tools arm embedded/4.8 2013q4/bin/../lib/gcc/arm-none-eabi/4.8.3/armv7e-m\libgcc.a(_arm_fixsfsi.o)

Memory Configuration

Name             Origin             Length             Attributes
rom              0x08000000         0x00100000         xr
ram              0x20000000         0x00020000         xrw
ram1             0x10000000         0x00010000         xrw
*default*        0x00000000         0xffffffff

Linker script and memory map

                0x20020000                _eram = 0x20020000

.text           0x08000000     0x1414
 *(.isr_vector)
 .isr_vector    0x08000000      0x188 ..\obj\startup_stm32f4xx.o
                0x08000000                g_pfnVectors
 *(.text*)
 .text.Default_Reset_Handler
                0x08000188       0x5c ..\obj\startup_stm32f4xx.o
                0x08000188                Default_Reset_Handler
                0x08000188                Reset_Handler
 .text.Default_Handler
                0x080001e4        0x8 ..\obj\startup_stm32f4xx.o
                0x080001e4                RTC_Alarm_IRQHandler
                0x080001e4                HASH_RNG_IRQHandler
                0x080001e4                EXTI2_IRQHandler
                0x080001e4                TIM8_CC_IRQHandler
                0x080001e4                DebugMon_Handler
                0x080001e4                TIM1_CC_IRQHandler
                0x080001e4                HardFault_Handler
                0x080001e4                DMA1_Stream5_IRQHandler
                0x080001e4                SysTick_Handler
                0x080001e4                PVD_IRQHandler
                0x080001e4                SDIO_IRQHandler
                0x080001e4                TAMP_STAMP_IRQHandler
                0x080001e4                PendSV_Handler
                0x080001e4                NMI_Handler
                0x080001e4                CAN2_RX1_IRQHandler
                0x080001e4                EXTI3_IRQHandler
                0x080001e4                TIM8_TRG_COM_TIM14_IRQHandler
                0x080001e4                TIM1_UP_TIM10_IRQHandler
                0x080001e4                TIM8_UP_TIM13_IRQHandler
                0x080001e4                I2C3_ER_IRQHandler
                0x080001e4                EXTI0_IRQHandler
                0x080001e4                I2C2_EV_IRQHandler
                0x080001e4                DMA1_Stream2_IRQHandler
                0x080001e4                CAN1_RX0_IRQHandler
                0x080001e4                FPU_IRQHandler
                0x080001e4                OTG_HS_WKUP_IRQHandler
                0x080001e4                UsageFault_Handler
                0x080001e4                CAN2_SCE_IRQHandler
                0x080001e4                DMA2_Stream2_IRQHandler
                0x080001e4                SPI1_IRQHandler
                0x080001e4                TIM6_DAC_IRQHandler
                0x080001e4                TIM1_BRK_TIM9_IRQHandler
                0x080001e4                DCMI_IRQHandler
                0x080001e4                CAN2_RX0_IRQHandler
                0x080001e4                DMA2_Stream3_IRQHandler
                0x080001e4                USART6_IRQHandler
                0x080001e4                USART3_IRQHandler
                0x080001e4                CRYP_IRQHandler
                0x080001e4                CAN1_RX1_IRQHandler
                0x080001e4                UART5_IRQHandler
                0x080001e4                DMA2_Stream0_IRQHandler
                0x080001e4                TIM4_IRQHandler
                0x080001e4                I2C1_EV_IRQHandler
                0x080001e4                DMA1_Stream6_IRQHandler
                0x080001e4                DMA1_Stream1_IRQHandler
                0x080001e4                UART4_IRQHandler
                0x080001e4                TIM3_IRQHandler
                0x080001e4                RCC_IRQHandler
                0x080001e4                TIM8_BRK_TIM12_IRQHandler
                0x080001e4                EXTI15_10_IRQHandler
                0x080001e4                ADC_IRQHandler
                0x080001e4                DMA1_Stream7_IRQHandler
                0x080001e4                TIM7_IRQHandler
                0x080001e4                CAN2_TX_IRQHandler
                0x080001e4                TIM5_IRQHandler
                0x080001e4                DMA2_Stream7_IRQHandler
                0x080001e4                I2C3_EV_IRQHandler
                0x080001e4                EXTI9_5_IRQHandler
                0x080001e4                RTC_WKUP_IRQHandler
                0x080001e4                ETH_WKUP_IRQHandler
                0x080001e4                SPI2_IRQHandler
                0x080001e4                OTG_HS_EP1_IN_IRQHandler
                0x080001e4                MemManage_Handler
                0x080001e4                DMA1_Stream0_IRQHandler
                0x080001e4                CAN1_TX_IRQHandler
                0x080001e4                SVC_Handler
                0x080001e4                EXTI4_IRQHandler
                0x080001e4                FSMC_IRQHandler
                0x080001e4                ETH_IRQHandler
                0x080001e4                OTG_HS_EP1_OUT_IRQHandler
                0x080001e4                WWDG_IRQHandler
                0x080001e4                OTG_FS_WKUP_IRQHandler
                0x080001e4                TIM1_TRG_COM_TIM11_IRQHandler
                0x080001e4                OTG_HS_IRQHandler
                0x080001e4                EXTI1_IRQHandler
                0x080001e4                USART2_IRQHandler
                0x080001e4                I2C2_ER_IRQHandler
                0x080001e4                DMA2_Stream1_IRQHandler
                0x080001e4                CAN1_SCE_IRQHandler
                0x080001e4                FLASH_IRQHandler
                0x080001e4                DMA2_Stream4_IRQHandler
                0x080001e4                BusFault_Handler
                0x080001e4                USART1_IRQHandler
                0x080001e4                OTG_FS_IRQHandler
                0x080001e4                SPI3_IRQHandler
                0x080001e4                DMA1_Stream4_IRQHandler
                0x080001e4                I2C1_ER_IRQHandler
                0x080001e4                DMA2_Stream6_IRQHandler
                0x080001e4                DMA1_Stream3_IRQHandler
 .text.IO_draw_bitmap
                0x080001ec       0x74 ..\obj\main.o
                0x080001ec                IO_draw_bitmap
 .text.API_draw_bitmap
                0x08000260       0x44 ..\obj\main.o
                0x08000260                API_draw_bitmap
 .text.API_clearscreen
                0x080002a4       0x1c ..\obj\main.o
                0x080002a4                API_clearscreen
 .text.main     0x080002c0       0x28 ..\obj\main.o
                0x080002c0                main
 .text.RCC_AHB1PeriphClockCmd
                0x080002e8       0x3c ..\obj\stm32f4xx_rcc.o
                0x080002e8                RCC_AHB1PeriphClockCmd
 .text.RCC_APB1PeriphClockCmd
                0x08000324       0x3c ..\obj\stm32f4xx_rcc.o
                0x08000324                RCC_APB1PeriphClockCmd
 .text.RCC_APB2PeriphClockCmd
                0x08000360       0x3c ..\obj\stm32f4xx_rcc.o
                0x08000360                RCC_APB2PeriphClockCmd
 .text.GPIO_Init
                0x0800039c      0x11c ..\obj\stm32f4xx_gpio.o
                0x0800039c                GPIO_Init
 .text.GPIO_PinAFConfig
                0x080004b8       0x8c ..\obj\stm32f4xx_gpio.o
                0x080004b8                GPIO_PinAFConfig
 .text.SystemInit
                0x08000544       0x58 ..\obj\system_stm32f4xx.o
                0x08000544                SystemInit
 .text.SetSysClock
                0x0800059c       0xf4 ..\obj\system_stm32f4xx.o
 .text.DMA_DeInit
                0x08000690      0x1a4 ..\obj\stm32f4xx_dma.o
                0x08000690                DMA_DeInit
 .text.DMA_Init
                0x08000834       0xac ..\obj\stm32f4xx_dma.o
                0x08000834                DMA_Init
 .text.DMA_Cmd  0x080008e0       0x38 ..\obj\stm32f4xx_dma.o
                0x080008e0                DMA_Cmd
 .text.DMA_ITConfig
                0x08000918       0x74 ..\obj\stm32f4xx_dma.o
                0x08000918                DMA_ITConfig
 .text.DMA_GetITStatus
                0x0800098c       0xb0 ..\obj\stm32f4xx_dma.o
                0x0800098c                DMA_GetITStatus
 .text.DMA_ClearITPendingBit
                0x08000a3c       0x5c ..\obj\stm32f4xx_dma.o
                0x08000a3c                DMA_ClearITPendingBit
 .text.UB_VGA_Screen_Init
                0x08000a98       0x80 ..\obj\stm32_ub_vga_screen.o
                0x08000a98                UB_VGA_Screen_Init
 .text.UB_VGA_FillScreen
                0x08000b18       0x48 ..\obj\stm32_ub_vga_screen.o
                0x08000b18                UB_VGA_FillScreen
 .text.UB_VGA_SetPixel
                0x08000b60       0x4c ..\obj\stm32_ub_vga_screen.o
                0x08000b60                UB_VGA_SetPixel
 .text.P_VGA_InitIO
                0x08000bac       0xa8 ..\obj\stm32_ub_vga_screen.o
                0x08000bac                P_VGA_InitIO
 .text.P_VGA_InitTIM
                0x08000c54       0xc8 ..\obj\stm32_ub_vga_screen.o
                0x08000c54                P_VGA_InitTIM
 .text.P_VGA_InitINT
                0x08000d1c       0x58 ..\obj\stm32_ub_vga_screen.o
                0x08000d1c                P_VGA_InitINT
 .text.P_VGA_InitDMA
                0x08000d74       0x90 ..\obj\stm32_ub_vga_screen.o
                0x08000d74                P_VGA_InitDMA
 .text.TIM2_IRQHandler
                0x08000e04       0xb8 ..\obj\stm32_ub_vga_screen.o
                0x08000e04                TIM2_IRQHandler
 .text.DMA2_Stream5_IRQHandler
                0x08000ebc       0x4c ..\obj\stm32_ub_vga_screen.o
                0x08000ebc                DMA2_Stream5_IRQHandler
 .text.NVIC_Init
                0x08000f08       0xbc ..\obj\misc.o
                0x08000f08                NVIC_Init
 .text.TIM_TimeBaseInit
                0x08000fc4       0xd4 ..\obj\stm32f4xx_tim.o
                0x08000fc4                TIM_TimeBaseInit
 .text.TIM_ARRPreloadConfig
                0x08001098       0x40 ..\obj\stm32f4xx_tim.o
                0x08001098                TIM_ARRPreloadConfig
 .text.TIM_Cmd  0x080010d8       0x40 ..\obj\stm32f4xx_tim.o
                0x080010d8                TIM_Cmd
 .text.TIM_OC3Init
                0x08001118      0x10c ..\obj\stm32f4xx_tim.o
                0x08001118                TIM_OC3Init
 .text.TIM_OC4Init
                0x08001224       0xcc ..\obj\stm32f4xx_tim.o
                0x08001224                TIM_OC4Init
 .text.TIM_OC3PreloadConfig
                0x080012f0       0x38 ..\obj\stm32f4xx_tim.o
                0x080012f0                TIM_OC3PreloadConfig
 .text.TIM_OC4PreloadConfig
                0x08001328       0x3c ..\obj\stm32f4xx_tim.o
                0x08001328                TIM_OC4PreloadConfig
 .text.TIM_ITConfig
                0x08001364       0x48 ..\obj\stm32f4xx_tim.o
                0x08001364                TIM_ITConfig
 .text.TIM_ClearITPendingBit
                0x080013ac       0x20 ..\obj\stm32f4xx_tim.o
                0x080013ac                TIM_ClearITPendingBit
 .text.TIM_DMACmd
                0x080013cc       0x48 ..\obj\stm32f4xx_tim.o
                0x080013cc                TIM_DMACmd
 *(.init)
 *(.fini)
 *crtbegin.o(.ctors)
 *crtbegin?.o(.ctors)
 *(EXCLUDE_FILE(*crtend.o *crtend?.o) .ctors)
 *(SORT(.ctors.*))
 *(.ctors)
 *crtbegin.o(.dtors)
 *crtbegin?.o(.dtors)
 *(EXCLUDE_FILE(*crtend.o *crtend?.o) .dtors)
 *(SORT(.dtors.*))
 *(.dtors)
 *(.rodata*)
 *(.eh_fram e*)

.glue_7         0x08001414        0x0
 .glue_7        0x00000000        0x0 linker stubs

.glue_7t        0x08001414        0x0
 .glue_7t       0x00000000        0x0 linker stubs

.vfp11_veneer   0x08001414        0x0
 .vfp11_veneer  0x00000000        0x0 linker stubs

.v4_bx          0x08001414        0x0
 .v4_bx         0x00000000        0x0 linker stubs

.iplt           0x08001414        0x0
 .iplt          0x00000000        0x0 ..\obj\UI.o

.rel.dyn        0x08001414        0x0
 .rel.iplt      0x00000000        0x0 ..\obj\UI.o

.ARM.extab
 *(.ARM.extab* .gnu.linkonce.armextab.*)
                0x08001414                __exidx_start = .

.ARM.exidx
 *(.ARM.exidx* .gnu.linkonce.armexidx.*)
                0x08001414                __exidx_end = .
                0x08001414                __etext = .
                0x08001414                _sidata = __etext

.data           0x20000000     0x1710 load address 0x08001414
                0x20000000                __data_start__ = .
                0x20000000                _sdata = __data_start__
 *(vtable)
 *(.data*)
 .data          0x20000000     0x1710 ..\obj\main.o
                0x20000000                gbmp_1
                0x2000006c                gbmp_2
                0x20001710                . = ALIGN (0x4)
                0x20001710                PROVIDE (__preinit_array_start, .)
 *(.preinit_array)
                0x20001710                PROVIDE (__preinit_array_end, .)
                0x20001710                . = ALIGN (0x4)
                0x20001710                PROVIDE (__init_array_start, .)
 *(SORT(.init_array.*))
 *(.init_array)
                0x20001710                PROVIDE (__init_array_end, .)
                0x20001710                . = ALIGN (0x4)
                0x20001710                PROVIDE (__fini_array_start, .)
 *(SORT(.fini_array.*))
 *(.fini_array)
                0x20001710                PROVIDE (__fini_array_end, .)
 *(.jcr*)
                0x20001710                . = ALIGN (0x4)
                0x20001710                __data_end__ = .
                0x20001710                _edata = __data_end__

.igot.plt       0x20001710        0x0 load address 0x08002b24
 .igot.plt      0x00000000        0x0 ..\obj\UI.o

.bss            0x20001710    0x12cfc load address 0x08002b24
                0x20001710                . = ALIGN (0x4)
                0x20001710                __bss_start__ = .
                0x20001710                _sbss = __bss_start__
 *(.bss*)
 *(COMMON)
 COMMON         0x20001710    0x12cfc ..\obj\UI.o
                0x20001710                VGA
                0x2000171c                VGA_RAM1
                0x2001440c                . = ALIGN (0x4)
                0x2001440c                __bss_end__ = .
                0x2001440c                _ebss = __bss_end__

.heap           0x2001440c        0x0
                0x2001440c                __end__ = .
                0x2001440c                _end = __end__
                0x2001440c                end = __end__
 *(.heap*)
                0x2001440c                __HeapLimit = .

.co_stack       0x2001440c      0x804 load address 0x08015820
                0x20014410                . = ALIGN (0x8)
 *fill*         0x2001440c        0x4 
 *(.co_stack .co_stack.*)
 .co_stack      0x20014410      0x800 ..\obj\startup_stm32f4xx.o
                0x20014410                pulStack
                0x20020000                __StackTop = (ORIGIN (ram) + 0x20000)
                0x2001f7fc                __StackLimit = (__StackTop - SIZEOF (.co_stack))
                0x20020000                PROVIDE (__stack, __StackTop)
                0x00000001                ASSERT ((__StackLimit >= __HeapLimit), region ram  overflowed with stack)
LOAD ..\obj\UI.o
LOAD ..\obj\startup_stm32f4xx.o
LOAD ..\obj\LL.o
LOAD ..\obj\main.o
LOAD ..\obj\stm32f4xx_rcc.o
LOAD ..\obj\stm32f4xx_gpio.o
LOAD ..\obj\system_stm32f4xx.o
LOAD ..\obj\stm32f4xx_dma.o
LOAD ..\obj\stm32_ub_vga_screen.o
LOAD ..\obj\misc.o
LOAD ..\obj\stm32f4xx_tim.o
LOAD c:/program files (x86)/gnu tools arm embedded/4.8 2013q4/bin/../lib/gcc/arm-none-eabi/4.8.3/../../../../arm-none-eabi/lib/armv7e-m\libm.a
START GROUP
LOAD c:/program files (x86)/gnu tools arm embedded/4.8 2013q4/bin/../lib/gcc/arm-none-eabi/4.8.3/armv7e-m\libgcc.a
LOAD c:/program files (x86)/gnu tools arm embedded/4.8 2013q4/bin/../lib/gcc/arm-none-eabi/4.8.3/../../../../arm-none-eabi/lib/armv7e-m\libg.a
LOAD c:/program files (x86)/gnu tools arm embedded/4.8 2013q4/bin/../lib/gcc/arm-none-eabi/4.8.3/../../../../arm-none-eabi/lib/armv7e-m\libc.a
END GROUP
OUTPUT(VGA_Core.elf elf32-littlearm)

.debug_info     0x00000000     0x507f
 .debug_info    0x00000000      0x131 ..\obj\UI.o
 .debug_info    0x00000131       0xed ..\obj\startup_stm32f4xx.o
 .debug_info    0x0000021e      0x3f4 ..\obj\main.o
 .debug_info    0x00000612      0xc21 ..\obj\stm32f4xx_rcc.o
 .debug_info    0x00001233      0x5d6 ..\obj\stm32f4xx_gpio.o
 .debug_info    0x00001809      0x566 ..\obj\system_stm32f4xx.o
 .debug_info    0x00001d6f      0x718 ..\obj\stm32f4xx_dma.o
 .debug_info    0x00002487      0xaa7 ..\obj\stm32_ub_vga_screen.o
 .debug_info    0x00002f2e      0x51c ..\obj\misc.o
 .debug_info    0x0000344a     0x1c35 ..\obj\stm32f4xx_tim.o

.debug_abbrev   0x00000000      0xd2f
 .debug_abbrev  0x00000000       0x9b ..\obj\UI.o
 .debug_abbrev  0x0000009b       0xb0 ..\obj\startup_stm32f4xx.o
 .debug_abbrev  0x0000014b      0x146 ..\obj\main.o
 .debug_abbrev  0x00000291      0x1e3 ..\obj\stm32f4xx_rcc.o
 .debug_abbrev  0x00000474      0x1a3 ..\obj\stm32f4xx_gpio.o
 .debug_abbrev  0x00000617      0x136 ..\obj\system_stm32f4xx.o
 .debug_abbrev  0x0000074d      0x155 ..\obj\stm32f4xx_dma.o
 .debug_abbrev  0x000008a2      0x1c1 ..\obj\stm32_ub_vga_screen.o
 .debug_abbrev  0x00000a63      0x145 ..\obj\misc.o
 .debug_abbrev  0x00000ba8      0x187 ..\obj\stm32f4xx_tim.o

.debug_aranges  0x00000000      0x700
 .debug_aranges
                0x00000000       0x18 ..\obj\UI.o
 .debug_aranges
                0x00000018       0x28 ..\obj\startup_stm32f4xx.o
 .debug_aranges
                0x00000040       0x48 ..\obj\main.o
 .debug_aranges
                0x00000088      0x178 ..\obj\stm32f4xx_rcc.o
 .debug_aranges
                0x00000200       0x88 ..\obj\stm32f4xx_gpio.o
 .debug_aranges
                0x00000288       0x30 ..\obj\system_stm32f4xx.o
 .debug_aranges
                0x000002b8       0xb0 ..\obj\stm32f4xx_dma.o
 .debug_aranges
                0x00000368       0x60 ..\obj\stm32_ub_vga_screen.o
 .debug_aranges
                0x000003c8       0x40 ..\obj\misc.o
 .debug_aranges
                0x00000408      0x2f8 ..\obj\stm32f4xx_tim.o

.debug_line     0x00000000     0x2193
 .debug_line    0x00000000      0x10e ..\obj\UI.o
 .debug_line    0x0000010e       0xaa ..\obj\startup_stm32f4xx.o
 .debug_line    0x000001b8      0x299 ..\obj\main.o
 .debug_line    0x00000451      0x562 ..\obj\stm32f4xx_rcc.o
 .debug_line    0x000009b3      0x307 ..\obj\stm32f4xx_gpio.o
 .debug_line    0x00000cba      0x19d ..\obj\system_stm32f4xx.o
 .debug_line    0x00000e57      0x3a4 ..\obj\stm32f4xx_dma.o
 .debug_line    0x000011fb      0x35e ..\obj\stm32_ub_vga_screen.o
 .debug_line    0x00001559      0x20d ..\obj\misc.o
 .debug_line    0x00001766      0xa2d ..\obj\stm32f4xx_tim.o

.debug_str      0x00000000     0x25c2
 .debug_str     0x00000000      0x1b7 ..\obj\UI.o
                                0x1ff (size before relaxing)
 .debug_str     0x000001b7       0xb9 ..\obj\startup_stm32f4xx.o
                                0x150 (size before relaxing)
 .debug_str     0x00000270       0xf5 ..\obj\main.o
                                0x2c4 (size before relaxing)
 .debug_str     0x00000365      0x6bd ..\obj\stm32f4xx_rcc.o
                                0x82f (size before relaxing)
 .debug_str     0x00000a22      0x331 ..\obj\stm32f4xx_gpio.o
                                0x482 (size before relaxing)
 .debug_str     0x00000d53      0x121 ..\obj\system_stm32f4xx.o
                                0x389 (size before relaxing)
 .debug_str     0x00000e74      0x3a0 ..\obj\stm32f4xx_dma.o
                                0x52b (size before relaxing)
 .debug_str     0x00001214      0x83d ..\obj\stm32_ub_vga_screen.o
                                0xcbc (size before relaxing)
 .debug_str     0x00001a51      0x16a ..\obj\misc.o
                                0x3b8 (size before relaxing)
 .debug_str     0x00001bbb      0xa07 ..\obj\stm32f4xx_tim.o
                                0xdaf (size before relaxing)

.comment        0x00000000       0x70
 .comment       0x00000000       0x70 ..\obj\UI.o
                                 0x71 (size before relaxing)
 .comment       0x00000000       0x71 ..\obj\startup_stm32f4xx.o
 .comment       0x00000000       0x71 ..\obj\main.o
 .comment       0x00000000       0x71 ..\obj\stm32f4xx_rcc.o
 .comment       0x00000000       0x71 ..\obj\stm32f4xx_gpio.o
 .comment       0x00000000       0x71 ..\obj\system_stm32f4xx.o
 .comment       0x00000000       0x71 ..\obj\stm32f4xx_dma.o
 .comment       0x00000000       0x71 ..\obj\stm32_ub_vga_screen.o
 .comment       0x00000000       0x71 ..\obj\misc.o
 .comment       0x00000000       0x71 ..\obj\stm32f4xx_tim.o

.ARM.attributes
                0x00000000       0x33
 .ARM.attributes
                0x00000000       0x33 ..\obj\UI.o
 .ARM.attributes
                0x00000033       0x33 ..\obj\startup_stm32f4xx.o
 .ARM.attributes
                0x00000066       0x33 ..\obj\main.o
 .ARM.attributes
                0x00000099       0x33 ..\obj\stm32f4xx_rcc.o
 .ARM.attributes
                0x000000cc       0x33 ..\obj\stm32f4xx_gpio.o
 .ARM.attributes
                0x000000ff       0x33 ..\obj\system_stm32f4xx.o
 .ARM.attributes
                0x00000132       0x33 ..\obj\stm32f4xx_dma.o
 .ARM.attributes
                0x00000165       0x33 ..\obj\stm32_ub_vga_screen.o
 .ARM.attributes
                0x00000198       0x33 ..\obj\misc.o
 .ARM.attributes
                0x000001cb       0x33 ..\obj\stm32f4xx_tim.o

.debug_ranges   0x00000000      0x658
 .debug_ranges  0x00000000       0x18 ..\obj\startup_stm32f4xx.o
 .debug_ranges  0x00000018       0x38 ..\obj\main.o
 .debug_ranges  0x00000050      0x168 ..\obj\stm32f4xx_rcc.o
 .debug_ranges  0x000001b8       0x78 ..\obj\stm32f4xx_gpio.o
 .debug_ranges  0x00000230       0x20 ..\obj\system_stm32f4xx.o
 .debug_ranges  0x00000250       0xa0 ..\obj\stm32f4xx_dma.o
 .debug_ranges  0x000002f0       0x50 ..\obj\stm32_ub_vga_screen.o
 .debug_ranges  0x00000340       0x30 ..\obj\misc.o
 .debug_ranges  0x00000370      0x2e8 ..\obj\stm32f4xx_tim.o

.debug_frame    0x00000000     0x160c
 .debug_frame   0x00000000       0x48 ..\obj\startup_stm32f4xx.o
 .debug_frame   0x00000048       0xcc ..\obj\main.o
 .debug_frame   0x00000114      0x4d8 ..\obj\stm32f4xx_rcc.o
 .debug_frame   0x000005ec      0x19c ..\obj\stm32f4xx_gpio.o
 .debug_frame   0x00000788       0x64 ..\obj\system_stm32f4xx.o
 .debug_frame   0x000007ec      0x224 ..\obj\stm32f4xx_dma.o
 .debug_frame   0x00000a10      0x124 ..\obj\stm32_ub_vga_screen.o
 .debug_frame   0x00000b34       0x9c ..\obj\misc.o
 .debug_frame   0x00000bd0      0xa3c ..\obj\stm32f4xx_tim.o
