Archive member included because of file (symbol)

c:/program files (x86)/gnu tools arm embedded/4.8 2013q4/bin/../lib/gcc/arm-none-eabi/4.8.3/armv7e-m\libgcc.a(_arm_addsubdf3.o)
                              ..\obj\delay.o (__aeabi_ui2d)
c:/program files (x86)/gnu tools arm embedded/4.8 2013q4/bin/../lib/gcc/arm-none-eabi/4.8.3/armv7e-m\libgcc.a(_arm_muldivdf3.o)
                              ..\obj\delay.o (__aeabi_dmul)
c:/program files (x86)/gnu tools arm embedded/4.8 2013q4/bin/../lib/gcc/arm-none-eabi/4.8.3/armv7e-m\libgcc.a(_arm_fixunsdfsi.o)
                              ..\obj\delay.o (__aeabi_d2uiz)
c:/program files (x86)/gnu tools arm embedded/4.8 2013q4/bin/../lib/gcc/arm-none-eabi/4.8.3/armv7e-m\libgcc.a(_arm_addsubsf3.o)
                              ..\obj\API_IO.o (__aeabi_fadd)
c:/program files (x86)/gnu tools arm embedded/4.8 2013q4/bin/../lib/gcc/arm-none-eabi/4.8.3/armv7e-m\libgcc.a(_arm_muldivsf3.o)
                              ..\obj\API_IO.o (__aeabi_fmul)
c:/program files (x86)/gnu tools arm embedded/4.8 2013q4/bin/../lib/gcc/arm-none-eabi/4.8.3/armv7e-m\libgcc.a(_arm_cmpsf2.o)
                              ..\obj\API_IO.o (__aeabi_fcmple)
c:/program files (x86)/gnu tools arm embedded/4.8 2013q4/bin/../lib/gcc/arm-none-eabi/4.8.3/armv7e-m\libgcc.a(_arm_fixsfsi.o)
                              ..\obj\API_IO.o (__aeabi_f2iz)
c:/program files (x86)/gnu tools arm embedded/4.8 2013q4/bin/../lib/gcc/arm-none-eabi/4.8.3/../../../../arm-none-eabi/lib/armv7e-m\libg.a(lib_a-ctype_.o)
                              ..\obj\API_IO.o (__ctype_ptr__)
c:/program files (x86)/gnu tools arm embedded/4.8 2013q4/bin/../lib/gcc/arm-none-eabi/4.8.3/../../../../arm-none-eabi/lib/armv7e-m\libg.a(lib_a-strcpy.o)
                              ..\obj\API_IO.o (strcpy)
c:/program files (x86)/gnu tools arm embedded/4.8 2013q4/bin/../lib/gcc/arm-none-eabi/4.8.3/../../../../arm-none-eabi/lib/armv7e-m\libg.a(lib_a-strlen.o)
                              ..\obj\tekst_bitmap_functions.o (strlen)
c:/program files (x86)/gnu tools arm embedded/4.8 2013q4/bin/../lib/gcc/arm-none-eabi/4.8.3/../../../../arm-none-eabi/lib/armv7e-m\libg.a(lib_a-strncmp.o)
                              ..\obj\API_IO.o (strncmp)

Allocating common symbols
Common symbol       size              file

G_CLK               0x4               ..\obj\delay.o
D_S                 0x4               ..\obj\delay.o
D_uS                0x4               ..\obj\delay.o
string              0x64              ..\obj\uart.o
VGA                 0xc               ..\obj\API_DRAW.o
VGA_RAM1            0x12cf0           ..\obj\API_DRAW.o
D_mS                0x4               ..\obj\delay.o

Discarded input sections

 .text          0x00000000        0x0 ..\obj\API_DRAW.o
 .data          0x00000000     0x24e8 ..\obj\API_DRAW.o
 .bss           0x00000000        0x0 ..\obj\API_DRAW.o
 .text.API_draw_line
                0x00000000       0x4c ..\obj\API_DRAW.o
 .text.API_draw_rectangle
                0x00000000       0x54 ..\obj\API_DRAW.o
 .text.API_draw_clearscreen
                0x00000000       0x18 ..\obj\API_DRAW.o
 .text.API_draw_bitmap
                0x00000000      0x2e8 ..\obj\API_DRAW.o
 .text          0x00000000        0x0 ..\obj\stm32f4xx_syscfg.o
 .data          0x00000000        0x0 ..\obj\stm32f4xx_syscfg.o
 .bss           0x00000000        0x0 ..\obj\stm32f4xx_syscfg.o
 .text.SYSCFG_DeInit
                0x00000000       0x1c ..\obj\stm32f4xx_syscfg.o
 .text.SYSCFG_MemoryRemapConfig
                0x00000000       0x20 ..\obj\stm32f4xx_syscfg.o
 .text.SYSCFG_EXTILineConfig
                0x00000000       0x7c ..\obj\stm32f4xx_syscfg.o
 .text.SYSCFG_ETH_MediaInterfaceConfig
                0x00000000       0x1c ..\obj\stm32f4xx_syscfg.o
 .text.SYSCFG_CompensationCellCmd
                0x00000000       0x20 ..\obj\stm32f4xx_syscfg.o
 .text.SYSCFG_GetCompensationCellStatus
                0x00000000       0x34 ..\obj\stm32f4xx_syscfg.o
 .debug_info    0x00000000      0x24b ..\obj\stm32f4xx_syscfg.o
 .debug_abbrev  0x00000000      0x131 ..\obj\stm32f4xx_syscfg.o
 .debug_aranges
                0x00000000       0x48 ..\obj\stm32f4xx_syscfg.o
 .debug_ranges  0x00000000       0x38 ..\obj\stm32f4xx_syscfg.o
 .debug_line    0x00000000      0x1c4 ..\obj\stm32f4xx_syscfg.o
 .debug_str     0x00000000      0x2d8 ..\obj\stm32f4xx_syscfg.o
 .comment       0x00000000       0x71 ..\obj\stm32f4xx_syscfg.o
 .ARM.attributes
                0x00000000       0x33 ..\obj\stm32f4xx_syscfg.o
 .debug_frame   0x00000000       0xbc ..\obj\stm32f4xx_syscfg.o
 .text          0x00000000        0x0 ..\obj\delay.o
 .data          0x00000000        0x0 ..\obj\delay.o
 .bss           0x00000000        0x0 ..\obj\delay.o
 .text.DELAY_us
                0x00000000       0x3c ..\obj\delay.o
 .text.DELAY_ms
                0x00000000       0x3c ..\obj\delay.o
 .text.DELAY_s  0x00000000       0x3c ..\obj\delay.o
 .text          0x00000000        0x0 ..\obj\stm32f4xx_usart.o
 .data          0x00000000        0x0 ..\obj\stm32f4xx_usart.o
 .bss           0x00000000        0x0 ..\obj\stm32f4xx_usart.o
 .text.USART_DeInit
                0x00000000       0xd0 ..\obj\stm32f4xx_usart.o
 .text.USART_StructInit
                0x00000000       0x38 ..\obj\stm32f4xx_usart.o
 .text.USART_ClockInit
                0x00000000       0x54 ..\obj\stm32f4xx_usart.o
 .text.USART_ClockStructInit
                0x00000000       0x2c ..\obj\stm32f4xx_usart.o
 .text.USART_SetPrescaler
                0x00000000       0x38 ..\obj\stm32f4xx_usart.o
 .text.USART_OverSampling8Cmd
                0x00000000       0x44 ..\obj\stm32f4xx_usart.o
 .text.USART_OneBitMethodCmd
                0x00000000       0x40 ..\obj\stm32f4xx_usart.o
 .text.USART_SendData
                0x00000000       0x24 ..\obj\stm32f4xx_usart.o
 .text.USART_ReceiveData
                0x00000000       0x20 ..\obj\stm32f4xx_usart.o
 .text.USART_SetAddress
                0x00000000       0x38 ..\obj\stm32f4xx_usart.o
 .text.USART_ReceiverWakeUpCmd
                0x00000000       0x40 ..\obj\stm32f4xx_usart.o
 .text.USART_WakeUpConfig
                0x00000000       0x38 ..\obj\stm32f4xx_usart.o
 .text.USART_LINBreakDetectLengthConfig
                0x00000000       0x38 ..\obj\stm32f4xx_usart.o
 .text.USART_LINCmd
                0x00000000       0x40 ..\obj\stm32f4xx_usart.o
 .text.USART_SendBreak
                0x00000000       0x24 ..\obj\stm32f4xx_usart.o
 .text.USART_HalfDuplexCmd
                0x00000000       0x40 ..\obj\stm32f4xx_usart.o
 .text.USART_SetGuardTime
                0x00000000       0x3c ..\obj\stm32f4xx_usart.o
 .text.USART_SmartCardCmd
                0x00000000       0x40 ..\obj\stm32f4xx_usart.o
 .text.USART_SmartCardNACKCmd
                0x00000000       0x40 ..\obj\stm32f4xx_usart.o
 .text.USART_IrDAConfig
                0x00000000       0x38 ..\obj\stm32f4xx_usart.o
 .text.USART_IrDACmd
                0x00000000       0x40 ..\obj\stm32f4xx_usart.o
 .text.USART_DMACmd
                0x00000000       0x48 ..\obj\stm32f4xx_usart.o
 .text.USART_ClearFlag
                0x00000000       0x20 ..\obj\stm32f4xx_usart.o
 .text          0x00000000        0x0 ..\obj\uart.o
 .data          0x00000000       0x10 ..\obj\uart.o
 .text.UART_putchar
                0x00000000       0x30 ..\obj\uart.o
 .text.UART_puts
                0x00000000       0x34 ..\obj\uart.o
 .text.UART_printf
                0x00000000       0xb8 ..\obj\uart.o
 .text.UART_putint
                0x00000000       0x18 ..\obj\uart.o
 .text.UART_putnum
                0x00000000       0xb4 ..\obj\uart.o
 .text.UART_get
                0x00000000       0x30 ..\obj\uart.o
 .text.UART_gets
                0x00000000       0x74 ..\obj\uart.o
 .text          0x00000000        0x0 ..\obj\startup_stm32f4xx.o
 .data          0x00000000        0x0 ..\obj\startup_stm32f4xx.o
 .bss           0x00000000        0x0 ..\obj\startup_stm32f4xx.o
 .text          0x00000000        0x0 ..\obj\tekst_bitmap_functions.o
 .data          0x00000000        0x0 ..\obj\tekst_bitmap_functions.o
 .bss           0x00000000        0x0 ..\obj\tekst_bitmap_functions.o
 .text          0x00000000        0x0 ..\obj\main.o
 .data          0x00000000        0x0 ..\obj\main.o
 .bss           0x00000000        0x0 ..\obj\main.o
 .text          0x00000000        0x0 ..\obj\stm32f4xx_rcc.o
 .bss           0x00000000        0x0 ..\obj\stm32f4xx_rcc.o
 .text.RCC_DeInit
                0x00000000       0x50 ..\obj\stm32f4xx_rcc.o
 .text.RCC_HSEConfig
                0x00000000       0x24 ..\obj\stm32f4xx_rcc.o
 .text.RCC_WaitForHSEStartUp
                0x00000000       0x50 ..\obj\stm32f4xx_rcc.o
 .text.RCC_AdjustHSICalibrationValue
                0x00000000       0x3c ..\obj\stm32f4xx_rcc.o
 .text.RCC_HSICmd
                0x00000000       0x20 ..\obj\stm32f4xx_rcc.o
 .text.RCC_LSEConfig
                0x00000000       0x40 ..\obj\stm32f4xx_rcc.o
 .text.RCC_LSICmd
                0x00000000       0x20 ..\obj\stm32f4xx_rcc.o
 .text.RCC_PLLConfig
                0x00000000       0x3c ..\obj\stm32f4xx_rcc.o
 .text.RCC_PLLCmd
                0x00000000       0x20 ..\obj\stm32f4xx_rcc.o
 .text.RCC_PLLI2SConfig
                0x00000000       0x28 ..\obj\stm32f4xx_rcc.o
 .text.RCC_PLLI2SCmd
                0x00000000       0x20 ..\obj\stm32f4xx_rcc.o
 .text.RCC_ClockSecuritySystemCmd
                0x00000000       0x20 ..\obj\stm32f4xx_rcc.o
 .text.RCC_MCO1Config
                0x00000000       0x3c ..\obj\stm32f4xx_rcc.o
 .text.RCC_MCO2Config
                0x00000000       0x3c ..\obj\stm32f4xx_rcc.o
 .text.RCC_SYSCLKConfig
                0x00000000       0x38 ..\obj\stm32f4xx_rcc.o
 .text.RCC_GetSYSCLKSource
                0x00000000       0x20 ..\obj\stm32f4xx_rcc.o
 .text.RCC_HCLKConfig
                0x00000000       0x38 ..\obj\stm32f4xx_rcc.o
 .text.RCC_PCLK1Config
                0x00000000       0x38 ..\obj\stm32f4xx_rcc.o
 .text.RCC_PCLK2Config
                0x00000000       0x38 ..\obj\stm32f4xx_rcc.o
 .text.RCC_RTCCLKConfig
                0x00000000       0x5c ..\obj\stm32f4xx_rcc.o
 .text.RCC_RTCCLKCmd
                0x00000000       0x20 ..\obj\stm32f4xx_rcc.o
 .text.RCC_BackupResetCmd
                0x00000000       0x20 ..\obj\stm32f4xx_rcc.o
 .text.RCC_I2SCLKConfig
                0x00000000       0x1c ..\obj\stm32f4xx_rcc.o
 .text.RCC_AHB2PeriphClockCmd
                0x00000000       0x3c ..\obj\stm32f4xx_rcc.o
 .text.RCC_AHB3PeriphClockCmd
                0x00000000       0x3c ..\obj\stm32f4xx_rcc.o
 .text.RCC_AHB1PeriphResetCmd
                0x00000000       0x3c ..\obj\stm32f4xx_rcc.o
 .text.RCC_AHB2PeriphResetCmd
                0x00000000       0x3c ..\obj\stm32f4xx_rcc.o
 .text.RCC_AHB3PeriphResetCmd
                0x00000000       0x3c ..\obj\stm32f4xx_rcc.o
 .text.RCC_APB1PeriphResetCmd
                0x00000000       0x3c ..\obj\stm32f4xx_rcc.o
 .text.RCC_APB2PeriphResetCmd
                0x00000000       0x3c ..\obj\stm32f4xx_rcc.o
 .text.RCC_AHB1PeriphClockLPModeCmd
                0x00000000       0x3c ..\obj\stm32f4xx_rcc.o
 .text.RCC_AHB2PeriphClockLPModeCmd
                0x00000000       0x3c ..\obj\stm32f4xx_rcc.o
 .text.RCC_AHB3PeriphClockLPModeCmd
                0x00000000       0x3c ..\obj\stm32f4xx_rcc.o
 .text.RCC_APB1PeriphClockLPModeCmd
                0x00000000       0x3c ..\obj\stm32f4xx_rcc.o
 .text.RCC_APB2PeriphClockLPModeCmd
                0x00000000       0x3c ..\obj\stm32f4xx_rcc.o
 .text.RCC_ITConfig
                0x00000000       0x48 ..\obj\stm32f4xx_rcc.o
 .text.RCC_GetFlagStatus
                0x00000000       0x74 ..\obj\stm32f4xx_rcc.o
 .text.RCC_ClearFlag
                0x00000000       0x1c ..\obj\stm32f4xx_rcc.o
 .text.RCC_GetITStatus
                0x00000000       0x38 ..\obj\stm32f4xx_rcc.o
 .text.RCC_ClearITPendingBit
                0x00000000       0x20 ..\obj\stm32f4xx_rcc.o
 .text          0x00000000        0x0 ..\obj\printf.o
 .data          0x00000000      0x430 ..\obj\printf.o
 .bss           0x00000000        0x0 ..\obj\printf.o
 .text.PrintChar
                0x00000000       0x14 ..\obj\printf.o
 .text.PutChar  0x00000000       0x20 ..\obj\printf.o
 .text.PutString
                0x00000000       0x3c ..\obj\printf.o
 .text.PutUnsignedInt
                0x00000000       0xa0 ..\obj\printf.o
 .text.PutSignedInt
                0x00000000       0xfc ..\obj\printf.o
 .text.PutHexa  0x00000000       0xd4 ..\obj\printf.o
 .text.vsnprintf
                0x00000000      0x254 ..\obj\printf.o
 .text.snprintf
                0x00000000       0x30 ..\obj\printf.o
 .text.vsprintf
                0x00000000       0x24 ..\obj\printf.o
 .rodata        0x00000000       0x24 ..\obj\printf.o
 .text.vfprintf
                0x00000000       0x68 ..\obj\printf.o
 .text.vprintf  0x00000000       0x28 ..\obj\printf.o
 .text.fprintf  0x00000000       0x2c ..\obj\printf.o
 .text.printf   0x00000000       0x28 ..\obj\printf.o
 .text.sprintf  0x00000000       0x2c ..\obj\printf.o
 .text.puts     0x00000000       0x24 ..\obj\printf.o
 .text.fputc    0x00000000       0x40 ..\obj\printf.o
 .text.fputs    0x00000000       0x48 ..\obj\printf.o
 .debug_info    0x00000000      0xe38 ..\obj\printf.o
 .debug_abbrev  0x00000000      0x27e ..\obj\printf.o
 .debug_aranges
                0x00000000       0xa0 ..\obj\printf.o
 .debug_ranges  0x00000000       0x90 ..\obj\printf.o
 .debug_line    0x00000000      0x39b ..\obj\printf.o
 .debug_str     0x00000000      0x668 ..\obj\printf.o
 .comment       0x00000000       0x71 ..\obj\printf.o
 .ARM.attributes
                0x00000000       0x33 ..\obj\printf.o
 .debug_frame   0x00000000      0x244 ..\obj\printf.o
 .text          0x00000000        0x0 ..\obj\stm32f4xx_gpio.o
 .data          0x00000000        0x0 ..\obj\stm32f4xx_gpio.o
 .bss           0x00000000        0x0 ..\obj\stm32f4xx_gpio.o
 .text.GPIO_DeInit
                0x00000000      0x120 ..\obj\stm32f4xx_gpio.o
 .text.GPIO_StructInit
                0x00000000       0x34 ..\obj\stm32f4xx_gpio.o
 .text.GPIO_PinLockConfig
                0x00000000       0x44 ..\obj\stm32f4xx_gpio.o
 .text.GPIO_ReadInputDataBit
                0x00000000       0x34 ..\obj\stm32f4xx_gpio.o
 .text.GPIO_ReadInputData
                0x00000000       0x1c ..\obj\stm32f4xx_gpio.o
 .text.GPIO_ReadOutputDataBit
                0x00000000       0x34 ..\obj\stm32f4xx_gpio.o
 .text.GPIO_ReadOutputData
                0x00000000       0x1c ..\obj\stm32f4xx_gpio.o
 .text.GPIO_SetBits
                0x00000000       0x1c ..\obj\stm32f4xx_gpio.o
 .text.GPIO_ResetBits
                0x00000000       0x1c ..\obj\stm32f4xx_gpio.o
 .text.GPIO_WriteBit
                0x00000000       0x30 ..\obj\stm32f4xx_gpio.o
 .text.GPIO_Write
                0x00000000       0x1c ..\obj\stm32f4xx_gpio.o
 .text.GPIO_ToggleBits
                0x00000000       0x24 ..\obj\stm32f4xx_gpio.o
 .text          0x00000000        0x0 ..\obj\system_stm32f4xx.o
 .data          0x00000000       0x14 ..\obj\system_stm32f4xx.o
 .bss           0x00000000        0x0 ..\obj\system_stm32f4xx.o
 .text.SystemCoreClockUpdate
                0x00000000       0xf8 ..\obj\system_stm32f4xx.o
 .text          0x00000000        0x0 ..\obj\syscalls.o
 .data          0x00000000        0x0 ..\obj\syscalls.o
 .bss           0x00000000        0x4 ..\obj\syscalls.o
 .text._sbrk    0x00000000       0x40 ..\obj\syscalls.o
 .text.link     0x00000000       0x1c ..\obj\syscalls.o
 .text._close   0x00000000       0x18 ..\obj\syscalls.o
 .text._fstat   0x00000000       0x20 ..\obj\syscalls.o
 .text._isatty  0x00000000       0x18 ..\obj\syscalls.o
 .text._lseek   0x00000000       0x1c ..\obj\syscalls.o
 .text._read    0x00000000       0x1c ..\obj\syscalls.o
 .text._write   0x00000000       0x1c ..\obj\syscalls.o
 .text.abort    0x00000000        0x8 ..\obj\syscalls.o
 .debug_info    0x00000000      0x3ee ..\obj\syscalls.o
 .debug_abbrev  0x00000000       0xe2 ..\obj\syscalls.o
 .debug_aranges
                0x00000000       0x60 ..\obj\syscalls.o
 .debug_ranges  0x00000000       0x50 ..\obj\syscalls.o
 .debug_line    0x00000000      0x17b ..\obj\syscalls.o
 .debug_str     0x00000000      0x2d9 ..\obj\syscalls.o
 .comment       0x00000000       0x71 ..\obj\syscalls.o
 .ARM.attributes
                0x00000000       0x33 ..\obj\syscalls.o
 .debug_frame   0x00000000      0x108 ..\obj\syscalls.o
 .text          0x00000000        0x0 ..\obj\stm32f4xx_dma.o
 .data          0x00000000        0x0 ..\obj\stm32f4xx_dma.o
 .bss           0x00000000        0x0 ..\obj\stm32f4xx_dma.o
 .text.DMA_StructInit
                0x00000000       0x6c ..\obj\stm32f4xx_dma.o
 .text.DMA_PeriphIncOffsetSizeConfig
                0x00000000       0x34 ..\obj\stm32f4xx_dma.o
 .text.DMA_FlowControllerConfig
                0x00000000       0x34 ..\obj\stm32f4xx_dma.o
 .text.DMA_SetCurrDataCounter
                0x00000000       0x1c ..\obj\stm32f4xx_dma.o
 .text.DMA_GetCurrDataCounter
                0x00000000       0x1c ..\obj\stm32f4xx_dma.o
 .text.DMA_DoubleBufferModeConfig
                0x00000000       0x3c ..\obj\stm32f4xx_dma.o
 .text.DMA_DoubleBufferModeCmd
                0x00000000       0x38 ..\obj\stm32f4xx_dma.o
 .text.DMA_MemoryTargetConfig
                0x00000000       0x2c ..\obj\stm32f4xx_dma.o
 .text.DMA_GetCurrentMemoryTarget
                0x00000000       0x30 ..\obj\stm32f4xx_dma.o
 .text.DMA_GetCmdStatus
                0x00000000       0x30 ..\obj\stm32f4xx_dma.o
 .text.DMA_GetFIFOStatus
                0x00000000       0x24 ..\obj\stm32f4xx_dma.o
 .text.DMA_GetFlagStatus
                0x00000000       0x78 ..\obj\stm32f4xx_dma.o
 .text.DMA_ClearFlag
                0x00000000       0x5c ..\obj\stm32f4xx_dma.o
 .text          0x00000000        0x0 ..\obj\API_IO.o
 .data          0x00000000        0x0 ..\obj\API_IO.o
 .bss           0x00000000        0x0 ..\obj\API_IO.o
 .text.API_io_DELAY_us
                0x00000000       0x14 ..\obj\API_IO.o
 .text.API_io_DELAY_ms
                0x00000000       0x14 ..\obj\API_IO.o
 .text.API_io_DELAY_s
                0x00000000       0x14 ..\obj\API_IO.o
 .text.API_io_UART_INT_gets
                0x00000000       0x50 ..\obj\API_IO.o
 .text.API_io_UART_gets
                0x00000000       0x18 ..\obj\API_IO.o
 .text.API_io_UART_get
                0x00000000       0x10 ..\obj\API_IO.o
 .text.API_io_UART_puts
                0x00000000       0x14 ..\obj\API_IO.o
 .text.API_io_UART_putchar
                0x00000000       0x18 ..\obj\API_IO.o
 .text.API_io_UART_putint
                0x00000000       0x18 ..\obj\API_IO.o
 .text.API_io_UART_putnum
                0x00000000       0x1c ..\obj\API_IO.o
 .text.API_io_rp_c
                0x00000000       0x68 ..\obj\API_IO.o
 .text.API_io_rm_c_ut
                0x00000000       0xa4 ..\obj\API_IO.o
 .text.API_io_bitmap
                0x00000000      0x110 ..\obj\API_IO.o
 .text.API_io_line
                0x00000000      0x280 ..\obj\API_IO.o
 .text.API_io_rechthoek
                0x00000000       0xb8 ..\obj\API_IO.o
 .text          0x00000000        0x0 ..\obj\stm32_ub_vga_screen.o
 .data          0x00000000        0x0 ..\obj\stm32_ub_vga_screen.o
 .bss           0x00000000        0x0 ..\obj\stm32_ub_vga_screen.o
 .text          0x00000000        0x0 ..\obj\stm32f4xx_exti.o
 .data          0x00000000        0x0 ..\obj\stm32f4xx_exti.o
 .bss           0x00000000        0x0 ..\obj\stm32f4xx_exti.o
 .text.EXTI_DeInit
                0x00000000       0x34 ..\obj\stm32f4xx_exti.o
 .text.EXTI_Init
                0x00000000       0xdc ..\obj\stm32f4xx_exti.o
 .text.EXTI_StructInit
                0x00000000       0x2c ..\obj\stm32f4xx_exti.o
 .text.EXTI_GenerateSWInterrupt
                0x00000000       0x24 ..\obj\stm32f4xx_exti.o
 .text.EXTI_GetFlagStatus
                0x00000000       0x34 ..\obj\stm32f4xx_exti.o
 .text.EXTI_ClearFlag
                0x00000000       0x1c ..\obj\stm32f4xx_exti.o
 .text.EXTI_GetITStatus
                0x00000000       0x48 ..\obj\stm32f4xx_exti.o
 .text.EXTI_ClearITPendingBit
                0x00000000       0x1c ..\obj\stm32f4xx_exti.o
 .debug_info    0x00000000      0x331 ..\obj\stm32f4xx_exti.o
 .debug_abbrev  0x00000000      0x1a5 ..\obj\stm32f4xx_exti.o
 .debug_aranges
                0x00000000       0x58 ..\obj\stm32f4xx_exti.o
 .debug_ranges  0x00000000       0x48 ..\obj\stm32f4xx_exti.o
 .debug_line    0x00000000      0x255 ..\obj\stm32f4xx_exti.o
 .debug_str     0x00000000      0x347 ..\obj\stm32f4xx_exti.o
 .comment       0x00000000       0x71 ..\obj\stm32f4xx_exti.o
 .ARM.attributes
                0x00000000       0x33 ..\obj\stm32f4xx_exti.o
 .debug_frame   0x00000000       0xec ..\obj\stm32f4xx_exti.o
 .text          0x00000000        0x0 ..\obj\misc.o
 .data          0x00000000        0x0 ..\obj\misc.o
 .bss           0x00000000        0x0 ..\obj\misc.o
 .text.NVIC_PriorityGroupConfig
                0x00000000       0x24 ..\obj\misc.o
 .text.NVIC_SetVectorTable
                0x00000000       0x2c ..\obj\misc.o
 .text.NVIC_SystemLPConfig
                0x00000000       0x40 ..\obj\misc.o
 .text.SysTick_CLKSourceConfig
                0x00000000       0x38 ..\obj\misc.o
 .text          0x00000000        0x0 ..\obj\stm32f4xx_tim.o
 .data          0x00000000        0x0 ..\obj\stm32f4xx_tim.o
 .bss           0x00000000        0x0 ..\obj\stm32f4xx_tim.o
 .text.TIM_DeInit
                0x00000000      0x1bc ..\obj\stm32f4xx_tim.o
 .text.TIM_TimeBaseStructInit
                0x00000000       0x34 ..\obj\stm32f4xx_tim.o
 .text.TIM_PrescalerConfig
                0x00000000       0x28 ..\obj\stm32f4xx_tim.o
 .text.TIM_CounterModeConfig
                0x00000000       0x38 ..\obj\stm32f4xx_tim.o
 .text.TIM_SetCounter
                0x00000000       0x1c ..\obj\stm32f4xx_tim.o
 .text.TIM_SetAutoreload
                0x00000000       0x1c ..\obj\stm32f4xx_tim.o
 .text.TIM_GetCounter
                0x00000000       0x18 ..\obj\stm32f4xx_tim.o
 .text.TIM_GetPrescaler
                0x00000000       0x1c ..\obj\stm32f4xx_tim.o
 .text.TIM_UpdateDisableConfig
                0x00000000       0x40 ..\obj\stm32f4xx_tim.o
 .text.TIM_UpdateRequestConfig
                0x00000000       0x40 ..\obj\stm32f4xx_tim.o
 .text.TIM_SelectOnePulseMode
                0x00000000       0x38 ..\obj\stm32f4xx_tim.o
 .text.TIM_SetClockDivision
                0x00000000       0x38 ..\obj\stm32f4xx_tim.o
 .text.TIM_OC1Init
                0x00000000       0xf4 ..\obj\stm32f4xx_tim.o
 .text.TIM_OC2Init
                0x00000000      0x110 ..\obj\stm32f4xx_tim.o
 .text.TIM_OCStructInit
                0x00000000       0x44 ..\obj\stm32f4xx_tim.o
 .text.TIM_SelectOCxM
                0x00000000       0xac ..\obj\stm32f4xx_tim.o
 .text.TIM_SetCompare1
                0x00000000       0x1c ..\obj\stm32f4xx_tim.o
 .text.TIM_SetCompare2
                0x00000000       0x1c ..\obj\stm32f4xx_tim.o
 .text.TIM_SetCompare3
                0x00000000       0x1c ..\obj\stm32f4xx_tim.o
 .text.TIM_SetCompare4
                0x00000000       0x1c ..\obj\stm32f4xx_tim.o
 .text.TIM_ForcedOC1Config
                0x00000000       0x38 ..\obj\stm32f4xx_tim.o
 .text.TIM_ForcedOC2Config
                0x00000000       0x3c ..\obj\stm32f4xx_tim.o
 .text.TIM_ForcedOC3Config
                0x00000000       0x38 ..\obj\stm32f4xx_tim.o
 .text.TIM_ForcedOC4Config
                0x00000000       0x3c ..\obj\stm32f4xx_tim.o
 .text.TIM_OC1PreloadConfig
                0x00000000       0x38 ..\obj\stm32f4xx_tim.o
 .text.TIM_OC2PreloadConfig
                0x00000000       0x3c ..\obj\stm32f4xx_tim.o
 .text.TIM_OC1FastConfig
                0x00000000       0x38 ..\obj\stm32f4xx_tim.o
 .text.TIM_OC2FastConfig
                0x00000000       0x3c ..\obj\stm32f4xx_tim.o
 .text.TIM_OC3FastConfig
                0x00000000       0x38 ..\obj\stm32f4xx_tim.o
 .text.TIM_OC4FastConfig
                0x00000000       0x3c ..\obj\stm32f4xx_tim.o
 .text.TIM_ClearOC1Ref
                0x00000000       0x38 ..\obj\stm32f4xx_tim.o
 .text.TIM_ClearOC2Ref
                0x00000000       0x3c ..\obj\stm32f4xx_tim.o
 .text.TIM_ClearOC3Ref
                0x00000000       0x38 ..\obj\stm32f4xx_tim.o
 .text.TIM_ClearOC4Ref
                0x00000000       0x3c ..\obj\stm32f4xx_tim.o
 .text.TIM_OC1PolarityConfig
                0x00000000       0x38 ..\obj\stm32f4xx_tim.o
 .text.TIM_OC1NPolarityConfig
                0x00000000       0x38 ..\obj\stm32f4xx_tim.o
 .text.TIM_OC2PolarityConfig
                0x00000000       0x3c ..\obj\stm32f4xx_tim.o
 .text.TIM_OC2NPolarityConfig
                0x00000000       0x3c ..\obj\stm32f4xx_tim.o
 .text.TIM_OC3PolarityConfig
                0x00000000       0x3c ..\obj\stm32f4xx_tim.o
 .text.TIM_OC3NPolarityConfig
                0x00000000       0x3c ..\obj\stm32f4xx_tim.o
 .text.TIM_OC4PolarityConfig
                0x00000000       0x3c ..\obj\stm32f4xx_tim.o
 .text.TIM_CCxCmd
                0x00000000       0x54 ..\obj\stm32f4xx_tim.o
 .text.TIM_CCxNCmd
                0x00000000       0x54 ..\obj\stm32f4xx_tim.o
 .text.TIM_ICInit
                0x00000000       0xa8 ..\obj\stm32f4xx_tim.o
 .text.TIM_ICStructInit
                0x00000000       0x30 ..\obj\stm32f4xx_tim.o
 .text.TIM_PWMIConfig
                0x00000000       0xb8 ..\obj\stm32f4xx_tim.o
 .text.TIM_GetCapture1
                0x00000000       0x18 ..\obj\stm32f4xx_tim.o
 .text.TIM_GetCapture2
                0x00000000       0x18 ..\obj\stm32f4xx_tim.o
 .text.TIM_GetCapture3
                0x00000000       0x18 ..\obj\stm32f4xx_tim.o
 .text.TIM_GetCapture4
                0x00000000       0x18 ..\obj\stm32f4xx_tim.o
 .text.TIM_SetIC1Prescaler
                0x00000000       0x38 ..\obj\stm32f4xx_tim.o
 .text.TIM_SetIC2Prescaler
                0x00000000       0x3c ..\obj\stm32f4xx_tim.o
 .text.TIM_SetIC3Prescaler
                0x00000000       0x38 ..\obj\stm32f4xx_tim.o
 .text.TIM_SetIC4Prescaler
                0x00000000       0x3c ..\obj\stm32f4xx_tim.o
 .text.TIM_BDTRConfig
                0x00000000       0x50 ..\obj\stm32f4xx_tim.o
 .text.TIM_BDTRStructInit
                0x00000000       0x3c ..\obj\stm32f4xx_tim.o
 .text.TIM_CtrlPWMOutputs
                0x00000000       0x4c ..\obj\stm32f4xx_tim.o
 .text.TIM_SelectCOM
                0x00000000       0x40 ..\obj\stm32f4xx_tim.o
 .text.TIM_CCPreloadControl
                0x00000000       0x40 ..\obj\stm32f4xx_tim.o
 .text.TIM_GenerateEvent
                0x00000000       0x1c ..\obj\stm32f4xx_tim.o
 .text.TIM_GetFlagStatus
                0x00000000       0x38 ..\obj\stm32f4xx_tim.o
 .text.TIM_ClearFlag
                0x00000000       0x20 ..\obj\stm32f4xx_tim.o
 .text.TIM_GetITStatus
                0x00000000       0x54 ..\obj\stm32f4xx_tim.o
 .text.TIM_DMAConfig
                0x00000000       0x28 ..\obj\stm32f4xx_tim.o
 .text.TIM_SelectCCDMA
                0x00000000       0x40 ..\obj\stm32f4xx_tim.o
 .text.TIM_InternalClockConfig
                0x00000000       0x24 ..\obj\stm32f4xx_tim.o
 .text.TIM_ITRxExternalClockConfig
                0x00000000       0x2c ..\obj\stm32f4xx_tim.o
 .text.TIM_TIxExternalClockConfig
                0x00000000       0x54 ..\obj\stm32f4xx_tim.o
 .text.TIM_ETRClockMode1Config
                0x00000000       0x50 ..\obj\stm32f4xx_tim.o
 .text.TIM_ETRClockMode2Config
                0x00000000       0x30 ..\obj\stm32f4xx_tim.o
 .text.TIM_SelectInputTrigger
                0x00000000       0x38 ..\obj\stm32f4xx_tim.o
 .text.TIM_SelectOutputTrigger
                0x00000000       0x38 ..\obj\stm32f4xx_tim.o
 .text.TIM_SelectSlaveMode
                0x00000000       0x38 ..\obj\stm32f4xx_tim.o
 .text.TIM_SelectMasterSlaveMode
                0x00000000       0x38 ..\obj\stm32f4xx_tim.o
 .text.TIM_ETRConfig
                0x00000000       0x48 ..\obj\stm32f4xx_tim.o
 .text.TIM_EncoderInterfaceConfig
                0x00000000       0x8c ..\obj\stm32f4xx_tim.o
 .text.TIM_SelectHallSensor
                0x00000000       0x40 ..\obj\stm32f4xx_tim.o
 .text.TIM_RemapConfig
                0x00000000       0x20 ..\obj\stm32f4xx_tim.o
 .text.TI1_Config
                0x00000000       0x78 ..\obj\stm32f4xx_tim.o
 .text.TI2_Config
                0x00000000       0x8c ..\obj\stm32f4xx_tim.o
 .text.TI3_Config
                0x00000000       0x84 ..\obj\stm32f4xx_tim.o
 .text.TI4_Config
                0x00000000       0x90 ..\obj\stm32f4xx_tim.o
 .data          0x00000000        0x0 c:/program files (x86)/gnu tools arm embedded/4.8 2013q4/bin/../lib/gcc/arm-none-eabi/4.8.3/armv7e-m\libgcc.a(_arm_addsubdf3.o)
 .bss           0x00000000        0x0 c:/program files (x86)/gnu tools arm embedded/4.8 2013q4/bin/../lib/gcc/arm-none-eabi/4.8.3/armv7e-m\libgcc.a(_arm_addsubdf3.o)
 .data          0x00000000        0x0 c:/program files (x86)/gnu tools arm embedded/4.8 2013q4/bin/../lib/gcc/arm-none-eabi/4.8.3/armv7e-m\libgcc.a(_arm_muldivdf3.o)
 .bss           0x00000000        0x0 c:/program files (x86)/gnu tools arm embedded/4.8 2013q4/bin/../lib/gcc/arm-none-eabi/4.8.3/armv7e-m\libgcc.a(_arm_muldivdf3.o)
 .data          0x00000000        0x0 c:/program files (x86)/gnu tools arm embedded/4.8 2013q4/bin/../lib/gcc/arm-none-eabi/4.8.3/armv7e-m\libgcc.a(_arm_fixunsdfsi.o)
 .bss           0x00000000        0x0 c:/program files (x86)/gnu tools arm embedded/4.8 2013q4/bin/../lib/gcc/arm-none-eabi/4.8.3/armv7e-m\libgcc.a(_arm_fixunsdfsi.o)
 .text          0x00000000      0x21c c:/program files (x86)/gnu tools arm embedded/4.8 2013q4/bin/../lib/gcc/arm-none-eabi/4.8.3/armv7e-m\libgcc.a(_arm_addsubsf3.o)
 .data          0x00000000        0x0 c:/program files (x86)/gnu tools arm embedded/4.8 2013q4/bin/../lib/gcc/arm-none-eabi/4.8.3/armv7e-m\libgcc.a(_arm_addsubsf3.o)
 .bss           0x00000000        0x0 c:/program files (x86)/gnu tools arm embedded/4.8 2013q4/bin/../lib/gcc/arm-none-eabi/4.8.3/armv7e-m\libgcc.a(_arm_addsubsf3.o)
 .ARM.attributes
                0x00000000       0x1e c:/program files (x86)/gnu tools arm embedded/4.8 2013q4/bin/../lib/gcc/arm-none-eabi/4.8.3/armv7e-m\libgcc.a(_arm_addsubsf3.o)
 .text          0x00000000      0x2a0 c:/program files (x86)/gnu tools arm embedded/4.8 2013q4/bin/../lib/gcc/arm-none-eabi/4.8.3/armv7e-m\libgcc.a(_arm_muldivsf3.o)
 .data          0x00000000        0x0 c:/program files (x86)/gnu tools arm embedded/4.8 2013q4/bin/../lib/gcc/arm-none-eabi/4.8.3/armv7e-m\libgcc.a(_arm_muldivsf3.o)
 .bss           0x00000000        0x0 c:/program files (x86)/gnu tools arm embedded/4.8 2013q4/bin/../lib/gcc/arm-none-eabi/4.8.3/armv7e-m\libgcc.a(_arm_muldivsf3.o)
 .ARM.attributes
                0x00000000       0x1e c:/program files (x86)/gnu tools arm embedded/4.8 2013q4/bin/../lib/gcc/arm-none-eabi/4.8.3/armv7e-m\libgcc.a(_arm_muldivsf3.o)
 .text          0x00000000       0xec c:/program files (x86)/gnu tools arm embedded/4.8 2013q4/bin/../lib/gcc/arm-none-eabi/4.8.3/armv7e-m\libgcc.a(_arm_cmpsf2.o)
 .data          0x00000000        0x0 c:/program files (x86)/gnu tools arm embedded/4.8 2013q4/bin/../lib/gcc/arm-none-eabi/4.8.3/armv7e-m\libgcc.a(_arm_cmpsf2.o)
 .bss           0x00000000        0x0 c:/program files (x86)/gnu tools arm embedded/4.8 2013q4/bin/../lib/gcc/arm-none-eabi/4.8.3/armv7e-m\libgcc.a(_arm_cmpsf2.o)
 .ARM.attributes
                0x00000000       0x1e c:/program files (x86)/gnu tools arm embedded/4.8 2013q4/bin/../lib/gcc/arm-none-eabi/4.8.3/armv7e-m\libgcc.a(_arm_cmpsf2.o)
 .text          0x00000000       0x4c c:/program files (x86)/gnu tools arm embedded/4.8 2013q4/bin/../lib/gcc/arm-none-eabi/4.8.3/armv7e-m\libgcc.a(_arm_fixsfsi.o)
 .data          0x00000000        0x0 c:/program files (x86)/gnu tools arm embedded/4.8 2013q4/bin/../lib/gcc/arm-none-eabi/4.8.3/armv7e-m\libgcc.a(_arm_fixsfsi.o)
 .bss           0x00000000        0x0 c:/program files (x86)/gnu tools arm embedded/4.8 2013q4/bin/../lib/gcc/arm-none-eabi/4.8.3/armv7e-m\libgcc.a(_arm_fixsfsi.o)
 .ARM.attributes
                0x00000000       0x1e c:/program files (x86)/gnu tools arm embedded/4.8 2013q4/bin/../lib/gcc/arm-none-eabi/4.8.3/armv7e-m\libgcc.a(_arm_fixsfsi.o)
 .text          0x00000000        0x0 c:/program files (x86)/gnu tools arm embedded/4.8 2013q4/bin/../lib/gcc/arm-none-eabi/4.8.3/../../../../arm-none-eabi/lib/armv7e-m\libg.a(lib_a-ctype_.o)
 .data          0x00000000        0x0 c:/program files (x86)/gnu tools arm embedded/4.8 2013q4/bin/../lib/gcc/arm-none-eabi/4.8.3/../../../../arm-none-eabi/lib/armv7e-m\libg.a(lib_a-ctype_.o)
 .bss           0x00000000        0x0 c:/program files (x86)/gnu tools arm embedded/4.8 2013q4/bin/../lib/gcc/arm-none-eabi/4.8.3/../../../../arm-none-eabi/lib/armv7e-m\libg.a(lib_a-ctype_.o)
 .text          0x00000000        0x0 c:/program files (x86)/gnu tools arm embedded/4.8 2013q4/bin/../lib/gcc/arm-none-eabi/4.8.3/../../../../arm-none-eabi/lib/armv7e-m\libg.a(lib_a-strcpy.o)
 .data          0x00000000        0x0 c:/program files (x86)/gnu tools arm embedded/4.8 2013q4/bin/../lib/gcc/arm-none-eabi/4.8.3/../../../../arm-none-eabi/lib/armv7e-m\libg.a(lib_a-strcpy.o)
 .bss           0x00000000        0x0 c:/program files (x86)/gnu tools arm embedded/4.8 2013q4/bin/../lib/gcc/arm-none-eabi/4.8.3/../../../../arm-none-eabi/lib/armv7e-m\libg.a(lib_a-strcpy.o)
 .text.strcpy   0x00000000       0xbc c:/program files (x86)/gnu tools arm embedded/4.8 2013q4/bin/../lib/gcc/arm-none-eabi/4.8.3/../../../../arm-none-eabi/lib/armv7e-m\libg.a(lib_a-strcpy.o)
 .ARM.attributes
                0x00000000       0x2e c:/program files (x86)/gnu tools arm embedded/4.8 2013q4/bin/../lib/gcc/arm-none-eabi/4.8.3/../../../../arm-none-eabi/lib/armv7e-m\libg.a(lib_a-strcpy.o)
 .debug_frame   0x00000000       0x20 c:/program files (x86)/gnu tools arm embedded/4.8 2013q4/bin/../lib/gcc/arm-none-eabi/4.8.3/../../../../arm-none-eabi/lib/armv7e-m\libg.a(lib_a-strcpy.o)
 .text          0x00000000        0x0 c:/program files (x86)/gnu tools arm embedded/4.8 2013q4/bin/../lib/gcc/arm-none-eabi/4.8.3/../../../../arm-none-eabi/lib/armv7e-m\libg.a(lib_a-strlen.o)
 .data          0x00000000        0x0 c:/program files (x86)/gnu tools arm embedded/4.8 2013q4/bin/../lib/gcc/arm-none-eabi/4.8.3/../../../../arm-none-eabi/lib/armv7e-m\libg.a(lib_a-strlen.o)
 .bss           0x00000000        0x0 c:/program files (x86)/gnu tools arm embedded/4.8 2013q4/bin/../lib/gcc/arm-none-eabi/4.8.3/../../../../arm-none-eabi/lib/armv7e-m\libg.a(lib_a-strlen.o)
 .text          0x00000000        0x0 c:/program files (x86)/gnu tools arm embedded/4.8 2013q4/bin/../lib/gcc/arm-none-eabi/4.8.3/../../../../arm-none-eabi/lib/armv7e-m\libg.a(lib_a-strncmp.o)
 .data          0x00000000        0x0 c:/program files (x86)/gnu tools arm embedded/4.8 2013q4/bin/../lib/gcc/arm-none-eabi/4.8.3/../../../../arm-none-eabi/lib/armv7e-m\libg.a(lib_a-strncmp.o)
 .bss           0x00000000        0x0 c:/program files (x86)/gnu tools arm embedded/4.8 2013q4/bin/../lib/gcc/arm-none-eabi/4.8.3/../../../../arm-none-eabi/lib/armv7e-m\libg.a(lib_a-strncmp.o)

Memory Configuration

Name             Origin             Length             Attributes
rom              0x08000000         0x00100000         xr
ram              0x20000000         0x00020000         xrw
ram1             0x10000000         0x00010000         xrw
*default*        0x00000000         0xffffffff

Linker script and memory map

                0x20020000                _eram = 0x20020000

.text           0x08000000     0xb670
 *(.isr_vector)
 .isr_vector    0x08000000      0x188 ..\obj\startup_stm32f4xx.o
                0x08000000                g_pfnVectors
 *(.text*)
 .text.API_draw_text
                0x08000188       0x38 ..\obj\API_DRAW.o
                0x08000188                API_draw_text
 .text.DELAY_init
                0x080001c0      0x140 ..\obj\delay.o
                0x080001c0                DELAY_init
 .text.USART_Init
                0x08000300      0x174 ..\obj\stm32f4xx_usart.o
                0x08000300                USART_Init
 .text.USART_Cmd
                0x08000474       0x40 ..\obj\stm32f4xx_usart.o
                0x08000474                USART_Cmd
 .text.USART_ITConfig
                0x080004b4       0x90 ..\obj\stm32f4xx_usart.o
                0x080004b4                USART_ITConfig
 .text.USART_GetFlagStatus
                0x08000544       0x38 ..\obj\stm32f4xx_usart.o
                0x08000544                USART_GetFlagStatus
 .text.USART_GetITStatus
                0x0800057c       0xb0 ..\obj\stm32f4xx_usart.o
                0x0800057c                USART_GetITStatus
 .text.USART_ClearITPendingBit
                0x0800062c       0x38 ..\obj\stm32f4xx_usart.o
                0x0800062c                USART_ClearITPendingBit
 .text.UART_init
                0x08000664       0x94 ..\obj\uart.o
                0x08000664                UART_init
 .text.UART_INT_init
                0x080006f8       0x24 ..\obj\uart.o
                0x080006f8                UART_INT_init
 .text.USART2_IRQHandler
                0x0800071c       0x8c ..\obj\uart.o
                0x0800071c                USART2_IRQHandler
 .text.Default_Reset_Handler
                0x080007a8       0x5c ..\obj\startup_stm32f4xx.o
                0x080007a8                Default_Reset_Handler
                0x080007a8                Reset_Handler
 .text.Default_Handler
                0x08000804        0x8 ..\obj\startup_stm32f4xx.o
                0x08000804                RTC_Alarm_IRQHandler
                0x08000804                HASH_RNG_IRQHandler
                0x08000804                EXTI2_IRQHandler
                0x08000804                TIM8_CC_IRQHandler
                0x08000804                DebugMon_Handler
                0x08000804                TIM1_CC_IRQHandler
                0x08000804                HardFault_Handler
                0x08000804                DMA1_Stream5_IRQHandler
                0x08000804                SysTick_Handler
                0x08000804                PVD_IRQHandler
                0x08000804                SDIO_IRQHandler
                0x08000804                TAMP_STAMP_IRQHandler
                0x08000804                PendSV_Handler
                0x08000804                NMI_Handler
                0x08000804                CAN2_RX1_IRQHandler
                0x08000804                EXTI3_IRQHandler
                0x08000804                TIM8_TRG_COM_TIM14_IRQHandler
                0x08000804                TIM1_UP_TIM10_IRQHandler
                0x08000804                TIM8_UP_TIM13_IRQHandler
                0x08000804                I2C3_ER_IRQHandler
                0x08000804                EXTI0_IRQHandler
                0x08000804                I2C2_EV_IRQHandler
                0x08000804                DMA1_Stream2_IRQHandler
                0x08000804                CAN1_RX0_IRQHandler
                0x08000804                FPU_IRQHandler
                0x08000804                OTG_HS_WKUP_IRQHandler
                0x08000804                UsageFault_Handler
                0x08000804                CAN2_SCE_IRQHandler
                0x08000804                DMA2_Stream2_IRQHandler
                0x08000804                SPI1_IRQHandler
                0x08000804                TIM6_DAC_IRQHandler
                0x08000804                TIM1_BRK_TIM9_IRQHandler
                0x08000804                DCMI_IRQHandler
                0x08000804                CAN2_RX0_IRQHandler
                0x08000804                DMA2_Stream3_IRQHandler
                0x08000804                USART6_IRQHandler
                0x08000804                USART3_IRQHandler
                0x08000804                CRYP_IRQHandler
                0x08000804                CAN1_RX1_IRQHandler
                0x08000804                UART5_IRQHandler
                0x08000804                DMA2_Stream0_IRQHandler
                0x08000804                TIM4_IRQHandler
                0x08000804                I2C1_EV_IRQHandler
                0x08000804                DMA1_Stream6_IRQHandler
                0x08000804                DMA1_Stream1_IRQHandler
                0x08000804                UART4_IRQHandler
                0x08000804                TIM3_IRQHandler
                0x08000804                RCC_IRQHandler
                0x08000804                TIM8_BRK_TIM12_IRQHandler
                0x08000804                EXTI15_10_IRQHandler
                0x08000804                ADC_IRQHandler
                0x08000804                DMA1_Stream7_IRQHandler
                0x08000804                TIM7_IRQHandler
                0x08000804                CAN2_TX_IRQHandler
                0x08000804                TIM5_IRQHandler
                0x08000804                DMA2_Stream7_IRQHandler
                0x08000804                I2C3_EV_IRQHandler
                0x08000804                EXTI9_5_IRQHandler
                0x08000804                RTC_WKUP_IRQHandler
                0x08000804                ETH_WKUP_IRQHandler
                0x08000804                SPI2_IRQHandler
                0x08000804                OTG_HS_EP1_IN_IRQHandler
                0x08000804                MemManage_Handler
                0x08000804                DMA1_Stream0_IRQHandler
                0x08000804                CAN1_TX_IRQHandler
                0x08000804                SVC_Handler
                0x08000804                EXTI4_IRQHandler
                0x08000804                FSMC_IRQHandler
                0x08000804                ETH_IRQHandler
                0x08000804                OTG_HS_EP1_OUT_IRQHandler
                0x08000804                WWDG_IRQHandler
                0x08000804                OTG_FS_WKUP_IRQHandler
                0x08000804                TIM1_TRG_COM_TIM11_IRQHandler
                0x08000804                OTG_HS_IRQHandler
                0x08000804                EXTI1_IRQHandler
                0x08000804                I2C2_ER_IRQHandler
                0x08000804                DMA2_Stream1_IRQHandler
                0x08000804                CAN1_SCE_IRQHandler
                0x08000804                FLASH_IRQHandler
                0x08000804                DMA2_Stream4_IRQHandler
                0x08000804                BusFault_Handler
                0x08000804                USART1_IRQHandler
                0x08000804                OTG_FS_IRQHandler
                0x08000804                SPI3_IRQHandler
                0x08000804                DMA1_Stream4_IRQHandler
                0x08000804                I2C1_ER_IRQHandler
                0x08000804                DMA2_Stream6_IRQHandler
                0x08000804                DMA1_Stream3_IRQHandler
 .text.API_io_putc_0
                0x0800080c       0xe8 ..\obj\tekst_bitmap_functions.o
                0x0800080c                API_io_putc_0
 .text.API_io_puts_0
                0x080008f4       0xf8 ..\obj\tekst_bitmap_functions.o
                0x080008f4                API_io_puts_0
 .text.API_io_putc_1
                0x080009ec       0xe8 ..\obj\tekst_bitmap_functions.o
                0x080009ec                API_io_putc_1
 .text.API_io_puts_1
                0x08000ad4       0xf8 ..\obj\tekst_bitmap_functions.o
                0x08000ad4                API_io_puts_1
 .text.API_io_putc_2
                0x08000bcc       0xe8 ..\obj\tekst_bitmap_functions.o
                0x08000bcc                API_io_putc_2
 .text.API_io_puts_2
                0x08000cb4       0xf8 ..\obj\tekst_bitmap_functions.o
                0x08000cb4                API_io_puts_2
 .text.API_io_putc_3
                0x08000dac       0xe8 ..\obj\tekst_bitmap_functions.o
                0x08000dac                API_io_putc_3
 .text.API_io_puts_3
                0x08000e94       0xf8 ..\obj\tekst_bitmap_functions.o
                0x08000e94                API_io_puts_3
 .text.API_io_putc_4
                0x08000f8c       0xe8 ..\obj\tekst_bitmap_functions.o
                0x08000f8c                API_io_putc_4
 .text.API_io_puts_4
                0x08001074       0xf8 ..\obj\tekst_bitmap_functions.o
                0x08001074                API_io_puts_4
 .text.API_io_putc_5
                0x0800116c       0xe8 ..\obj\tekst_bitmap_functions.o
                0x0800116c                API_io_putc_5
 .text.API_io_puts_5
                0x08001254       0xf8 ..\obj\tekst_bitmap_functions.o
                0x08001254                API_io_puts_5
 .text.API_io_putc_6
                0x0800134c       0xe8 ..\obj\tekst_bitmap_functions.o
                0x0800134c                API_io_putc_6
 .text.API_io_puts_6
                0x08001434       0xf8 ..\obj\tekst_bitmap_functions.o
                0x08001434                API_io_puts_6
 .text.API_io_putc_7
                0x0800152c       0xe8 ..\obj\tekst_bitmap_functions.o
                0x0800152c                API_io_putc_7
 .text.API_io_puts_7
                0x08001614       0xf8 ..\obj\tekst_bitmap_functions.o
                0x08001614                API_io_puts_7
 .text.API_io_putc_8
                0x0800170c       0xe8 ..\obj\tekst_bitmap_functions.o
                0x0800170c                API_io_putc_8
 .text.API_io_puts_8
                0x080017f4       0xf8 ..\obj\tekst_bitmap_functions.o
                0x080017f4                API_io_puts_8
 .text.API_io_putc_9
                0x080018ec       0xe8 ..\obj\tekst_bitmap_functions.o
                0x080018ec                API_io_putc_9
 .text.API_io_puts_9
                0x080019d4       0xf8 ..\obj\tekst_bitmap_functions.o
                0x080019d4                API_io_puts_9
 .text.API_io_putc_10
                0x08001acc       0xe8 ..\obj\tekst_bitmap_functions.o
                0x08001acc                API_io_putc_10
 .text.API_io_puts_10
                0x08001bb4       0xf8 ..\obj\tekst_bitmap_functions.o
                0x08001bb4                API_io_puts_10
 .text.API_io_putc_11
                0x08001cac       0xe8 ..\obj\tekst_bitmap_functions.o
                0x08001cac                API_io_putc_11
 .text.API_io_puts_11
                0x08001d94       0xf8 ..\obj\tekst_bitmap_functions.o
                0x08001d94                API_io_puts_11
 .text.main     0x08001e8c       0xc0 ..\obj\main.o
                0x08001e8c                main
 .text.RCC_GetClocksFreq
                0x08001f4c      0x154 ..\obj\stm32f4xx_rcc.o
                0x08001f4c                RCC_GetClocksFreq
 .text.RCC_AHB1PeriphClockCmd
                0x080020a0       0x3c ..\obj\stm32f4xx_rcc.o
                0x080020a0                RCC_AHB1PeriphClockCmd
 .text.RCC_APB1PeriphClockCmd
                0x080020dc       0x3c ..\obj\stm32f4xx_rcc.o
                0x080020dc                RCC_APB1PeriphClockCmd
 .text.RCC_APB2PeriphClockCmd
                0x08002118       0x3c ..\obj\stm32f4xx_rcc.o
                0x08002118                RCC_APB2PeriphClockCmd
 .text.GPIO_Init
                0x08002154      0x11c ..\obj\stm32f4xx_gpio.o
                0x08002154                GPIO_Init
 .text.GPIO_PinAFConfig
                0x08002270       0x8c ..\obj\stm32f4xx_gpio.o
                0x08002270                GPIO_PinAFConfig
 .text.SystemInit
                0x080022fc       0x58 ..\obj\system_stm32f4xx.o
                0x080022fc                SystemInit
 .text.SetSysClock
                0x08002354       0xf4 ..\obj\system_stm32f4xx.o
 .text.DMA_DeInit
                0x08002448      0x1a4 ..\obj\stm32f4xx_dma.o
                0x08002448                DMA_DeInit
 .text.DMA_Init
                0x080025ec       0xac ..\obj\stm32f4xx_dma.o
                0x080025ec                DMA_Init
 .text.DMA_Cmd  0x08002698       0x38 ..\obj\stm32f4xx_dma.o
                0x08002698                DMA_Cmd
 .text.DMA_ITConfig
                0x080026d0       0x74 ..\obj\stm32f4xx_dma.o
                0x080026d0                DMA_ITConfig
 .text.DMA_GetITStatus
                0x08002744       0xb0 ..\obj\stm32f4xx_dma.o
                0x08002744                DMA_GetITStatus
 .text.DMA_ClearITPendingBit
                0x080027f4       0x5c ..\obj\stm32f4xx_dma.o
                0x080027f4                DMA_ClearITPendingBit
 .text.API_io_init
                0x08002850       0x1c ..\obj\API_IO.o
                0x08002850                API_io_init
 .text.API_io_UART_INT_init
                0x0800286c        0xc ..\obj\API_IO.o
                0x0800286c                API_io_UART_INT_init
 .text.API_io_ERROR_inrange
                0x08002878       0x64 ..\obj\API_IO.o
                0x08002878                API_io_ERROR_inrange
 .text.STRING_check
                0x080028dc       0x7c ..\obj\API_IO.o
                0x080028dc                STRING_check
 .text.API_io_tekst
                0x08002958      0x1fc ..\obj\API_IO.o
                0x08002958                API_io_tekst
 .text.API_io_clearscherm
                0x08002b54       0x18 ..\obj\API_IO.o
                0x08002b54                API_io_clearscherm
 .text.UB_VGA_Screen_Init
                0x08002b6c       0x80 ..\obj\stm32_ub_vga_screen.o
                0x08002b6c                UB_VGA_Screen_Init
 .text.UB_VGA_FillScreen
                0x08002bec       0x48 ..\obj\stm32_ub_vga_screen.o
                0x08002bec                UB_VGA_FillScreen
 .text.UB_VGA_SetPixel
                0x08002c34       0x4c ..\obj\stm32_ub_vga_screen.o
                0x08002c34                UB_VGA_SetPixel
 .text.P_VGA_InitIO
                0x08002c80       0xa8 ..\obj\stm32_ub_vga_screen.o
                0x08002c80                P_VGA_InitIO
 .text.P_VGA_InitTIM
                0x08002d28       0xc8 ..\obj\stm32_ub_vga_screen.o
                0x08002d28                P_VGA_InitTIM
 .text.P_VGA_InitINT
                0x08002df0       0x58 ..\obj\stm32_ub_vga_screen.o
                0x08002df0                P_VGA_InitINT
 .text.P_VGA_InitDMA
                0x08002e48       0x90 ..\obj\stm32_ub_vga_screen.o
                0x08002e48                P_VGA_InitDMA
 .text.TIM2_IRQHandler
                0x08002ed8       0xb8 ..\obj\stm32_ub_vga_screen.o
                0x08002ed8                TIM2_IRQHandler
 .text.DMA2_Stream5_IRQHandler
                0x08002f90       0x4c ..\obj\stm32_ub_vga_screen.o
                0x08002f90                DMA2_Stream5_IRQHandler
 .text.NVIC_Init
                0x08002fdc       0xbc ..\obj\misc.o
                0x08002fdc                NVIC_Init
 .text.TIM_TimeBaseInit
                0x08003098       0xd4 ..\obj\stm32f4xx_tim.o
                0x08003098                TIM_TimeBaseInit
 .text.TIM_ARRPreloadConfig
                0x0800316c       0x40 ..\obj\stm32f4xx_tim.o
                0x0800316c                TIM_ARRPreloadConfig
 .text.TIM_Cmd  0x080031ac       0x40 ..\obj\stm32f4xx_tim.o
                0x080031ac                TIM_Cmd
 .text.TIM_OC3Init
                0x080031ec      0x10c ..\obj\stm32f4xx_tim.o
                0x080031ec                TIM_OC3Init
 .text.TIM_OC4Init
                0x080032f8       0xcc ..\obj\stm32f4xx_tim.o
                0x080032f8                TIM_OC4Init
 .text.TIM_OC3PreloadConfig
                0x080033c4       0x38 ..\obj\stm32f4xx_tim.o
                0x080033c4                TIM_OC3PreloadConfig
 .text.TIM_OC4PreloadConfig
                0x080033fc       0x3c ..\obj\stm32f4xx_tim.o
                0x080033fc                TIM_OC4PreloadConfig
 .text.TIM_ITConfig
                0x08003438       0x48 ..\obj\stm32f4xx_tim.o
                0x08003438                TIM_ITConfig
 .text.TIM_ClearITPendingBit
                0x08003480       0x20 ..\obj\stm32f4xx_tim.o
                0x08003480                TIM_ClearITPendingBit
 .text.TIM_DMACmd
                0x080034a0       0x48 ..\obj\stm32f4xx_tim.o
                0x080034a0                TIM_DMACmd
 .text          0x080034e8      0x370 c:/program files (x86)/gnu tools arm embedded/4.8 2013q4/bin/../lib/gcc/arm-none-eabi/4.8.3/armv7e-m\libgcc.a(_arm_addsubdf3.o)
                0x080034e8                __aeabi_drsub
                0x080034f0                __aeabi_dsub
                0x080034f0                __subdf3
                0x080034f4                __aeabi_dadd
                0x080034f4                __adddf3
                0x0800376c                __floatunsidf
                0x0800376c                __aeabi_ui2d
                0x0800378c                __floatsidf
                0x0800378c                __aeabi_i2d
                0x080037b0                __aeabi_f2d
                0x080037b0                __extendsfdf2
                0x080037ec                __floatundidf
                0x080037ec                __aeabi_ul2d
                0x080037fc                __floatdidf
                0x080037fc                __aeabi_l2d
 .text          0x08003858      0x424 c:/program files (x86)/gnu tools arm embedded/4.8 2013q4/bin/../lib/gcc/arm-none-eabi/4.8.3/armv7e-m\libgcc.a(_arm_muldivdf3.o)
                0x08003858                __aeabi_dmul
                0x08003858                __muldf3
                0x08003aac                __divdf3
                0x08003aac                __aeabi_ddiv
 .text          0x08003c7c       0x40 c:/program files (x86)/gnu tools arm embedded/4.8 2013q4/bin/../lib/gcc/arm-none-eabi/4.8.3/armv7e-m\libgcc.a(_arm_fixunsdfsi.o)
                0x08003c7c                __aeabi_d2uiz
                0x08003c7c                __fixunsdfsi
 .text.strlen   0x08003cbc       0x60 c:/program files (x86)/gnu tools arm embedded/4.8 2013q4/bin/../lib/gcc/arm-none-eabi/4.8.3/../../../../arm-none-eabi/lib/armv7e-m\libg.a(lib_a-strlen.o)
                0x08003cbc                strlen
 .text.strncmp  0x08003d1c       0xb4 c:/program files (x86)/gnu tools arm embedded/4.8 2013q4/bin/../lib/gcc/arm-none-eabi/4.8.3/../../../../arm-none-eabi/lib/armv7e-m\libg.a(lib_a-strncmp.o)
                0x08003d1c                strncmp
 *(.init)
 *(.fini)
 *crtbegin.o(.ctors)
 *crtbegin?.o(.ctors)
 *(EXCLUDE_FILE(*crtend.o *crtend?.o) .ctors)
 *(SORT(.ctors.*))
 *(.ctors)
 *crtbegin.o(.dtors)
 *crtbegin?.o(.dtors)
 *(EXCLUDE_FILE(*crtend.o *crtend?.o) .dtors)
 *(SORT(.dtors.*))
 *(.dtors)
 *(.rodata*)
 .rodata        0x08003dd0     0x7740 ..\obj\tekst_bitmap_functions.o
                0x08003dd0                S_arial_8ptBitmaps
                0x080041a4                S_arial_8ptDescriptors
                0x08004494                B_arial_8ptBitmaps
                0x080048d8                B_arial_8ptDescriptors
                0x08004bc8                C_arial_8ptBitmaps
                0x08005060                C_arial_8ptDescriptors
                0x08005350                S_arial_16ptBitmaps
                0x08006088                S_arial_16ptDescriptors
                0x08006378                B_arial_16ptBitmaps
                0x080070d8                B_arial_16ptDescriptors
                0x080073c8                C_arial_16ptBitmaps
                0x0800813c                C_arial_16ptDescriptors
                0x0800842c                S_consolas_8ptBitmaps
                0x08008838                S_consolas_8ptDescriptors
                0x08008b28                B_consolas_8ptBitmaps
                0x08008f34                B_consolas_8ptDescriptors
                0x08009224                C_consolas_8ptBitmaps
                0x08009630                C_consolas_8ptDescriptors
                0x08009920                S_consolas_16ptBitmaps
                0x08009f50                S_consolas_16ptDescriptors
                0x0800a240                B_consolas_16ptBitmaps
                0x0800a840                B_consolas_16ptDescriptors
                0x0800ab30                C_consolas_16ptBitmaps
                0x0800b220                C_consolas_16ptDescriptors
 .rodata        0x0800b510       0x48 ..\obj\main.o
 .rodata        0x0800b558       0x14 ..\obj\API_IO.o
 .rodata._ctype_
                0x0800b56c      0x104 c:/program files (x86)/gnu tools arm embedded/4.8 2013q4/bin/../lib/gcc/arm-none-eabi/4.8.3/../../../../arm-none-eabi/lib/armv7e-m\libg.a(lib_a-ctype_.o)
                0x0800b56c                _ctype_
 *(.eh_fram e*)

.glue_7         0x0800b670        0x0
 .glue_7        0x00000000        0x0 linker stubs

.glue_7t        0x0800b670        0x0
 .glue_7t       0x00000000        0x0 linker stubs

.vfp11_veneer   0x0800b670        0x0
 .vfp11_veneer  0x00000000        0x0 linker stubs

.v4_bx          0x0800b670        0x0
 .v4_bx         0x00000000        0x0 linker stubs

.iplt           0x0800b670        0x0
 .iplt          0x00000000        0x0 ..\obj\API_DRAW.o

.rel.dyn        0x0800b670        0x0
 .rel.iplt      0x00000000        0x0 ..\obj\API_DRAW.o

.ARM.extab
 *(.ARM.extab* .gnu.linkonce.armextab.*)
                0x0800b670                __exidx_start = .

.ARM.exidx
 *(.ARM.exidx* .gnu.linkonce.armexidx.*)
                0x0800b670                __exidx_end = .
                0x0800b670                __etext = .
                0x0800b670                _sidata = __etext

.data           0x20000000       0x14 load address 0x0800b670
                0x20000000                __data_start__ = .
                0x20000000                _sdata = __data_start__
 *(vtable)
 *(.data*)
 .data          0x20000000       0x10 ..\obj\stm32f4xx_rcc.o
 .data.__ctype_ptr__
                0x20000010        0x4 c:/program files (x86)/gnu tools arm embedded/4.8 2013q4/bin/../lib/gcc/arm-none-eabi/4.8.3/../../../../arm-none-eabi/lib/armv7e-m\libg.a(lib_a-ctype_.o)
                0x20000010                __ctype_ptr__
                0x20000014                . = ALIGN (0x4)
                0x20000014                PROVIDE (__preinit_array_start, .)
 *(.preinit_array)
                0x20000014                PROVIDE (__preinit_array_end, .)
                0x20000014                . = ALIGN (0x4)
                0x20000014                PROVIDE (__init_array_start, .)
 *(SORT(.init_array.*))
 *(.init_array)
                0x20000014                PROVIDE (__init_array_end, .)
                0x20000014                . = ALIGN (0x4)
                0x20000014                PROVIDE (__fini_array_start, .)
 *(SORT(.fini_array.*))
 *(.fini_array)
                0x20000014                PROVIDE (__fini_array_end, .)
 *(.jcr*)
                0x20000014                . = ALIGN (0x4)
                0x20000014                __data_end__ = .
                0x20000014                _edata = __data_end__

.igot.plt       0x20000014        0x0 load address 0x0800b684
 .igot.plt      0x00000000        0x0 ..\obj\API_DRAW.o

.bss            0x20000014    0x12d74 load address 0x0800b684
                0x20000014                . = ALIGN (0x4)
                0x20000014                __bss_start__ = .
                0x20000014                _sbss = __bss_start__
 *(.bss*)
 .bss           0x20000014        0x4 ..\obj\uart.o
                0x20000014                charcounter
 *(COMMON)
 COMMON         0x20000018    0x12cfc ..\obj\API_DRAW.o
                0x20000018                VGA
                0x20000024                VGA_RAM1
 COMMON         0x20012d14       0x10 ..\obj\delay.o
                0x20012d14                G_CLK
                0x20012d18                D_S
                0x20012d1c                D_uS
                0x20012d20                D_mS
 COMMON         0x20012d24       0x64 ..\obj\uart.o
                0x20012d24                string
                0x20012d88                . = ALIGN (0x4)
                0x20012d88                __bss_end__ = .
                0x20012d88                _ebss = __bss_end__

.heap           0x20012d88        0x0
                0x20012d88                __end__ = .
                0x20012d88                _end = __end__
                0x20012d88                end = __end__
 *(.heap*)
                0x20012d88                __HeapLimit = .

.co_stack       0x20012d88      0x800 load address 0x0801e3f8
                0x20012d88                . = ALIGN (0x8)
 *(.co_stack .co_stack.*)
 .co_stack      0x20012d88      0x800 ..\obj\startup_stm32f4xx.o
                0x20012d88                pulStack
                0x20020000                __StackTop = (ORIGIN (ram) + 0x20000)
                0x2001f800                __StackLimit = (__StackTop - SIZEOF (.co_stack))
                0x20020000                PROVIDE (__stack, __StackTop)
                0x00000001                ASSERT ((__StackLimit >= __HeapLimit), region ram  overflowed with stack)
LOAD ..\obj\API_DRAW.o
LOAD ..\obj\stm32f4xx_syscfg.o
LOAD ..\obj\delay.o
LOAD ..\obj\stm32f4xx_usart.o
LOAD ..\obj\uart.o
LOAD ..\obj\startup_stm32f4xx.o
LOAD ..\obj\tekst_bitmap_functions.o
LOAD ..\obj\main.o
LOAD ..\obj\stm32f4xx_rcc.o
LOAD ..\obj\printf.o
LOAD ..\obj\stm32f4xx_gpio.o
LOAD ..\obj\system_stm32f4xx.o
LOAD ..\obj\syscalls.o
LOAD ..\obj\stm32f4xx_dma.o
LOAD ..\obj\API_IO.o
LOAD ..\obj\stm32_ub_vga_screen.o
LOAD ..\obj\stm32f4xx_exti.o
LOAD ..\obj\misc.o
LOAD ..\obj\stm32f4xx_tim.o
LOAD c:/program files (x86)/gnu tools arm embedded/4.8 2013q4/bin/../lib/gcc/arm-none-eabi/4.8.3/../../../../arm-none-eabi/lib/armv7e-m\libm.a
START GROUP
LOAD c:/program files (x86)/gnu tools arm embedded/4.8 2013q4/bin/../lib/gcc/arm-none-eabi/4.8.3/armv7e-m\libgcc.a
LOAD c:/program files (x86)/gnu tools arm embedded/4.8 2013q4/bin/../lib/gcc/arm-none-eabi/4.8.3/../../../../arm-none-eabi/lib/armv7e-m\libg.a
LOAD c:/program files (x86)/gnu tools arm embedded/4.8 2013q4/bin/../lib/gcc/arm-none-eabi/4.8.3/../../../../arm-none-eabi/lib/armv7e-m\libc.a
END GROUP
OUTPUT(VGA_API.elf elf32-littlearm)

.debug_info     0x00000000     0x833b
 .debug_info    0x00000000      0x459 ..\obj\API_DRAW.o
 .debug_info    0x00000459      0x27a ..\obj\delay.o
 .debug_info    0x000006d3      0x996 ..\obj\stm32f4xx_usart.o
 .debug_info    0x00001069      0x9b2 ..\obj\uart.o
 .debug_info    0x00001a1b       0xed ..\obj\startup_stm32f4xx.o
 .debug_info    0x00001b08     0x152a ..\obj\tekst_bitmap_functions.o
 .debug_info    0x00003032       0xaf ..\obj\main.o
 .debug_info    0x000030e1      0xc21 ..\obj\stm32f4xx_rcc.o
 .debug_info    0x00003d02      0x5d6 ..\obj\stm32f4xx_gpio.o
 .debug_info    0x000042d8      0x566 ..\obj\system_stm32f4xx.o
 .debug_info    0x0000483e      0x718 ..\obj\stm32f4xx_dma.o
 .debug_info    0x00004f56      0x7ed ..\obj\API_IO.o
 .debug_info    0x00005743      0xaa7 ..\obj\stm32_ub_vga_screen.o
 .debug_info    0x000061ea      0x51c ..\obj\misc.o
 .debug_info    0x00006706     0x1c35 ..\obj\stm32f4xx_tim.o

.debug_abbrev   0x00000000     0x1503
 .debug_abbrev  0x00000000      0x110 ..\obj\API_DRAW.o
 .debug_abbrev  0x00000110      0x100 ..\obj\delay.o
 .debug_abbrev  0x00000210      0x155 ..\obj\stm32f4xx_usart.o
 .debug_abbrev  0x00000365      0x1d7 ..\obj\uart.o
 .debug_abbrev  0x0000053c       0xb0 ..\obj\startup_stm32f4xx.o
 .debug_abbrev  0x000005ec      0x1b7 ..\obj\tekst_bitmap_functions.o
 .debug_abbrev  0x000007a3       0x65 ..\obj\main.o
 .debug_abbrev  0x00000808      0x1e3 ..\obj\stm32f4xx_rcc.o
 .debug_abbrev  0x000009eb      0x1a3 ..\obj\stm32f4xx_gpio.o
 .debug_abbrev  0x00000b8e      0x136 ..\obj\system_stm32f4xx.o
 .debug_abbrev  0x00000cc4      0x155 ..\obj\stm32f4xx_dma.o
 .debug_abbrev  0x00000e19      0x25d ..\obj\API_IO.o
 .debug_abbrev  0x00001076      0x1c1 ..\obj\stm32_ub_vga_screen.o
 .debug_abbrev  0x00001237      0x145 ..\obj\misc.o
 .debug_abbrev  0x0000137c      0x187 ..\obj\stm32f4xx_tim.o

.debug_aranges  0x00000000      0xa38
 .debug_aranges
                0x00000000       0x40 ..\obj\API_DRAW.o
 .debug_aranges
                0x00000040       0x38 ..\obj\delay.o
 .debug_aranges
                0x00000078      0x100 ..\obj\stm32f4xx_usart.o
 .debug_aranges
                0x00000178       0x68 ..\obj\uart.o
 .debug_aranges
                0x000001e0       0x28 ..\obj\startup_stm32f4xx.o
 .debug_aranges
                0x00000208       0xd8 ..\obj\tekst_bitmap_functions.o
 .debug_aranges
                0x000002e0       0x20 ..\obj\main.o
 .debug_aranges
                0x00000300      0x178 ..\obj\stm32f4xx_rcc.o
 .debug_aranges
                0x00000478       0x88 ..\obj\stm32f4xx_gpio.o
 .debug_aranges
                0x00000500       0x30 ..\obj\system_stm32f4xx.o
 .debug_aranges
                0x00000530       0xb0 ..\obj\stm32f4xx_dma.o
 .debug_aranges
                0x000005e0       0xc0 ..\obj\API_IO.o
 .debug_aranges
                0x000006a0       0x60 ..\obj\stm32_ub_vga_screen.o
 .debug_aranges
                0x00000700       0x40 ..\obj\misc.o
 .debug_aranges
                0x00000740      0x2f8 ..\obj\stm32f4xx_tim.o

.debug_ranges   0x00000000      0x948
 .debug_ranges  0x00000000       0x30 ..\obj\API_DRAW.o
 .debug_ranges  0x00000030       0x28 ..\obj\delay.o
 .debug_ranges  0x00000058       0xf0 ..\obj\stm32f4xx_usart.o
 .debug_ranges  0x00000148       0x58 ..\obj\uart.o
 .debug_ranges  0x000001a0       0x18 ..\obj\startup_stm32f4xx.o
 .debug_ranges  0x000001b8       0xc8 ..\obj\tekst_bitmap_functions.o
 .debug_ranges  0x00000280       0x10 ..\obj\main.o
 .debug_ranges  0x00000290      0x168 ..\obj\stm32f4xx_rcc.o
 .debug_ranges  0x000003f8       0x78 ..\obj\stm32f4xx_gpio.o
 .debug_ranges  0x00000470       0x20 ..\obj\system_stm32f4xx.o
 .debug_ranges  0x00000490       0xa0 ..\obj\stm32f4xx_dma.o
 .debug_ranges  0x00000530       0xb0 ..\obj\API_IO.o
 .debug_ranges  0x000005e0       0x50 ..\obj\stm32_ub_vga_screen.o
 .debug_ranges  0x00000630       0x30 ..\obj\misc.o
 .debug_ranges  0x00000660      0x2e8 ..\obj\stm32f4xx_tim.o

.debug_line     0x00000000     0x3733
 .debug_line    0x00000000      0x2cb ..\obj\API_DRAW.o
 .debug_line    0x000002cb      0x215 ..\obj\delay.o
 .debug_line    0x000004e0      0x452 ..\obj\stm32f4xx_usart.o
 .debug_line    0x00000932      0x3c4 ..\obj\uart.o
 .debug_line    0x00000cf6       0xa4 ..\obj\startup_stm32f4xx.o
 .debug_line    0x00000d9a      0x82f ..\obj\tekst_bitmap_functions.o
 .debug_line    0x000015c9       0x73 ..\obj\main.o
 .debug_line    0x0000163c      0x54a ..\obj\stm32f4xx_rcc.o
 .debug_line    0x00001b86      0x2ef ..\obj\stm32f4xx_gpio.o
 .debug_line    0x00001e75      0x191 ..\obj\system_stm32f4xx.o
 .debug_line    0x00002006      0x38c ..\obj\stm32f4xx_dma.o
 .debug_line    0x00002392      0x451 ..\obj\API_IO.o
 .debug_line    0x000027e3      0x346 ..\obj\stm32_ub_vga_screen.o
 .debug_line    0x00002b29      0x1f5 ..\obj\misc.o
 .debug_line    0x00002d1e      0xa15 ..\obj\stm32f4xx_tim.o

.debug_str      0x00000000     0x3161
 .debug_str     0x00000000      0x2ea ..\obj\API_DRAW.o
                                0x33e (size before relaxing)
 .debug_str     0x000002ea       0xab ..\obj\delay.o
                                0x28f (size before relaxing)
 .debug_str     0x00000395      0x4b9 ..\obj\stm32f4xx_usart.o
                                0x668 (size before relaxing)
 .debug_str     0x0000084e      0x7fb ..\obj\uart.o
                                0xb0c (size before relaxing)
 .debug_str     0x00001049       0xb3 ..\obj\startup_stm32f4xx.o
                                0x14a (size before relaxing)
 .debug_str     0x000010fc      0x3fd ..\obj\tekst_bitmap_functions.o
                                0x606 (size before relaxing)
 .debug_str     0x000014f9       0x3e ..\obj\main.o
                                0x18a (size before relaxing)
 .debug_str     0x00001537      0x5e0 ..\obj\stm32f4xx_rcc.o
                                0x829 (size before relaxing)
 .debug_str     0x00001b17      0x1a6 ..\obj\stm32f4xx_gpio.o
                                0x47c (size before relaxing)
 .debug_str     0x00001cbd      0x11b ..\obj\system_stm32f4xx.o
                                0x383 (size before relaxing)
 .debug_str     0x00001dd8      0x39a ..\obj\stm32f4xx_dma.o
                                0x525 (size before relaxing)
 .debug_str     0x00002172      0x1e7 ..\obj\API_IO.o
                                0x4fa (size before relaxing)
 .debug_str     0x00002359      0x2a3 ..\obj\stm32_ub_vga_screen.o
                                0xcb6 (size before relaxing)
 .debug_str     0x000025fc      0x164 ..\obj\misc.o
                                0x3b2 (size before relaxing)
 .debug_str     0x00002760      0xa01 ..\obj\stm32f4xx_tim.o
                                0xda9 (size before relaxing)

.comment        0x00000000       0x70
 .comment       0x00000000       0x70 ..\obj\API_DRAW.o
                                 0x71 (size before relaxing)
 .comment       0x00000000       0x71 ..\obj\delay.o
 .comment       0x00000000       0x71 ..\obj\stm32f4xx_usart.o
 .comment       0x00000000       0x71 ..\obj\uart.o
 .comment       0x00000000       0x71 ..\obj\startup_stm32f4xx.o
 .comment       0x00000000       0x71 ..\obj\tekst_bitmap_functions.o
 .comment       0x00000000       0x71 ..\obj\main.o
 .comment       0x00000000       0x71 ..\obj\stm32f4xx_rcc.o
 .comment       0x00000000       0x71 ..\obj\stm32f4xx_gpio.o
 .comment       0x00000000       0x71 ..\obj\system_stm32f4xx.o
 .comment       0x00000000       0x71 ..\obj\stm32f4xx_dma.o
 .comment       0x00000000       0x71 ..\obj\API_IO.o
 .comment       0x00000000       0x71 ..\obj\stm32_ub_vga_screen.o
 .comment       0x00000000       0x71 ..\obj\misc.o
 .comment       0x00000000       0x71 ..\obj\stm32f4xx_tim.o

.ARM.attributes
                0x00000000       0x33
 .ARM.attributes
                0x00000000       0x33 ..\obj\API_DRAW.o
 .ARM.attributes
                0x00000033       0x33 ..\obj\delay.o
 .ARM.attributes
                0x00000066       0x33 ..\obj\stm32f4xx_usart.o
 .ARM.attributes
                0x00000099       0x33 ..\obj\uart.o
 .ARM.attributes
                0x000000cc       0x33 ..\obj\startup_stm32f4xx.o
 .ARM.attributes
                0x000000ff       0x33 ..\obj\tekst_bitmap_functions.o
 .ARM.attributes
                0x00000132       0x33 ..\obj\main.o
 .ARM.attributes
                0x00000165       0x33 ..\obj\stm32f4xx_rcc.o
 .ARM.attributes
                0x00000198       0x33 ..\obj\stm32f4xx_gpio.o
 .ARM.attributes
                0x000001cb       0x33 ..\obj\system_stm32f4xx.o
 .ARM.attributes
                0x000001fe       0x33 ..\obj\stm32f4xx_dma.o
 .ARM.attributes
                0x00000231       0x33 ..\obj\API_IO.o
 .ARM.attributes
                0x00000264       0x33 ..\obj\stm32_ub_vga_screen.o
 .ARM.attributes
                0x00000297       0x33 ..\obj\misc.o
 .ARM.attributes
                0x000002ca       0x33 ..\obj\stm32f4xx_tim.o
 .ARM.attributes
                0x000002fd       0x1e c:/program files (x86)/gnu tools arm embedded/4.8 2013q4/bin/../lib/gcc/arm-none-eabi/4.8.3/armv7e-m\libgcc.a(_arm_addsubdf3.o)
 .ARM.attributes
                0x0000031b       0x1e c:/program files (x86)/gnu tools arm embedded/4.8 2013q4/bin/../lib/gcc/arm-none-eabi/4.8.3/armv7e-m\libgcc.a(_arm_muldivdf3.o)
 .ARM.attributes
                0x00000339       0x1e c:/program files (x86)/gnu tools arm embedded/4.8 2013q4/bin/../lib/gcc/arm-none-eabi/4.8.3/armv7e-m\libgcc.a(_arm_fixunsdfsi.o)
 .ARM.attributes
                0x00000357       0x2e c:/program files (x86)/gnu tools arm embedded/4.8 2013q4/bin/../lib/gcc/arm-none-eabi/4.8.3/../../../../arm-none-eabi/lib/armv7e-m\libg.a(lib_a-ctype_.o)
 .ARM.attributes
                0x00000385       0x2e c:/program files (x86)/gnu tools arm embedded/4.8 2013q4/bin/../lib/gcc/arm-none-eabi/4.8.3/../../../../arm-none-eabi/lib/armv7e-m\libg.a(lib_a-strlen.o)
 .ARM.attributes
                0x000003b3       0x2e c:/program files (x86)/gnu tools arm embedded/4.8 2013q4/bin/../lib/gcc/arm-none-eabi/4.8.3/../../../../arm-none-eabi/lib/armv7e-m\libg.a(lib_a-strncmp.o)

.debug_frame    0x00000000     0x2138
 .debug_frame   0x00000000       0xb0 ..\obj\API_DRAW.o
 .debug_frame   0x000000b0       0x84 ..\obj\delay.o
 .debug_frame   0x00000134      0x344 ..\obj\stm32f4xx_usart.o
 .debug_frame   0x00000478      0x160 ..\obj\uart.o
 .debug_frame   0x000005d8       0x48 ..\obj\startup_stm32f4xx.o
 .debug_frame   0x00000620      0x310 ..\obj\tekst_bitmap_functions.o
 .debug_frame   0x00000930       0x30 ..\obj\main.o
 .debug_frame   0x00000960      0x4d8 ..\obj\stm32f4xx_rcc.o
 .debug_frame   0x00000e38      0x19c ..\obj\stm32f4xx_gpio.o
 .debug_frame   0x00000fd4       0x64 ..\obj\system_stm32f4xx.o
 .debug_frame   0x00001038      0x224 ..\obj\stm32f4xx_dma.o
 .debug_frame   0x0000125c      0x298 ..\obj\API_IO.o
 .debug_frame   0x000014f4      0x124 ..\obj\stm32_ub_vga_screen.o
 .debug_frame   0x00001618       0x9c ..\obj\misc.o
 .debug_frame   0x000016b4      0xa3c ..\obj\stm32f4xx_tim.o
 .debug_frame   0x000020f0       0x20 c:/program files (x86)/gnu tools arm embedded/4.8 2013q4/bin/../lib/gcc/arm-none-eabi/4.8.3/../../../../arm-none-eabi/lib/armv7e-m\libg.a(lib_a-strlen.o)
 .debug_frame   0x00002110       0x28 c:/program files (x86)/gnu tools arm embedded/4.8 2013q4/bin/../lib/gcc/arm-none-eabi/4.8.3/../../../../arm-none-eabi/lib/armv7e-m\libg.a(lib_a-strncmp.o)
