Archive member included to satisfy reference by file (symbol)

..\..\..\libvga_api.a(API_DRAW.o)
                              ..\obj\LL.o (API_draw_line)
..\..\..\libvga_api.a(API_IO.o)
                              ..\obj\UI.o (API_io_init)
..\..\..\libvga_api.a(stm32_ub_vga_screen.o)
                              ..\..\..\libvga_api.a(API_IO.o) (UB_VGA_Screen_Init)
..\..\..\libvga_api.a(delay.o)
                              ..\..\..\libvga_api.a(API_IO.o) (DELAY_init)
..\..\..\libvga_api.a(uart.o)
                              ..\..\..\libvga_api.a(API_IO.o) (string)
..\..\..\libvga_api.a(tekst_bitmap_functions.o)
                              ..\..\..\libvga_api.a(API_IO.o) (API_io_puts_0)
..\..\..\libvga_api.a(printf.o)
                              ..\..\..\libvga_api.a(uart.o) (vsnprintf)
c:/program files (x86)/gnu tools arm embedded/5.4 2016q2/bin/../lib/gcc/arm-none-eabi/5.4.1/armv7e-m\libgcc.a(_arm_addsubdf3.o)
                              ..\..\..\libvga_api.a(delay.o) (__aeabi_ui2d)
c:/program files (x86)/gnu tools arm embedded/5.4 2016q2/bin/../lib/gcc/arm-none-eabi/5.4.1/armv7e-m\libgcc.a(_arm_muldivdf3.o)
                              ..\..\..\libvga_api.a(delay.o) (__aeabi_dmul)
c:/program files (x86)/gnu tools arm embedded/5.4 2016q2/bin/../lib/gcc/arm-none-eabi/5.4.1/armv7e-m\libgcc.a(_arm_fixunsdfsi.o)
                              ..\..\..\libvga_api.a(delay.o) (__aeabi_d2uiz)
c:/program files (x86)/gnu tools arm embedded/5.4 2016q2/bin/../lib/gcc/arm-none-eabi/5.4.1/armv7e-m\libgcc.a(_arm_addsubsf3.o)
                              ..\..\..\libvga_api.a(API_IO.o) (__aeabi_fadd)
c:/program files (x86)/gnu tools arm embedded/5.4 2016q2/bin/../lib/gcc/arm-none-eabi/5.4.1/armv7e-m\libgcc.a(_arm_muldivsf3.o)
                              ..\..\..\libvga_api.a(API_IO.o) (__aeabi_fmul)
c:/program files (x86)/gnu tools arm embedded/5.4 2016q2/bin/../lib/gcc/arm-none-eabi/5.4.1/armv7e-m\libgcc.a(_arm_cmpsf2.o)
                              ..\..\..\libvga_api.a(API_IO.o) (__aeabi_fcmple)
c:/program files (x86)/gnu tools arm embedded/5.4 2016q2/bin/../lib/gcc/arm-none-eabi/5.4.1/armv7e-m\libgcc.a(_arm_fixsfsi.o)
                              ..\..\..\libvga_api.a(API_IO.o) (__aeabi_f2iz)
c:/program files (x86)/gnu tools arm embedded/5.4 2016q2/bin/../lib/gcc/arm-none-eabi/5.4.1/../../../../arm-none-eabi/lib/armv7e-m\libg.a(lib_a-atoi.o)
                              ..\obj\LL.o (atoi)
c:/program files (x86)/gnu tools arm embedded/5.4 2016q2/bin/../lib/gcc/arm-none-eabi/5.4.1/../../../../arm-none-eabi/lib/armv7e-m\libg.a(lib_a-ctype_.o)
                              ..\obj\LL.o (__ctype_ptr__)
c:/program files (x86)/gnu tools arm embedded/5.4 2016q2/bin/../lib/gcc/arm-none-eabi/5.4.1/../../../../arm-none-eabi/lib/armv7e-m\libg.a(lib_a-memcpy.o)
                              ..\obj\LL.o (memcpy)
c:/program files (x86)/gnu tools arm embedded/5.4 2016q2/bin/../lib/gcc/arm-none-eabi/5.4.1/../../../../arm-none-eabi/lib/armv7e-m\libg.a(lib_a-memset.o)
                              ..\obj\UI.o (memset)
c:/program files (x86)/gnu tools arm embedded/5.4 2016q2/bin/../lib/gcc/arm-none-eabi/5.4.1/../../../../arm-none-eabi/lib/armv7e-m\libg.a(lib_a-strcpy.o)
                              ..\..\..\libvga_api.a(API_IO.o) (strcpy)
c:/program files (x86)/gnu tools arm embedded/5.4 2016q2/bin/../lib/gcc/arm-none-eabi/5.4.1/../../../../arm-none-eabi/lib/armv7e-m\libg.a(lib_a-strlen.o)
                              ..\obj\LL.o (strlen)
c:/program files (x86)/gnu tools arm embedded/5.4 2016q2/bin/../lib/gcc/arm-none-eabi/5.4.1/../../../../arm-none-eabi/lib/armv7e-m\libg.a(lib_a-strncmp.o)
                              ..\obj\LL.o (strncmp)
c:/program files (x86)/gnu tools arm embedded/5.4 2016q2/bin/../lib/gcc/arm-none-eabi/5.4.1/../../../../arm-none-eabi/lib/armv7e-m\libg.a(lib_a-strtol.o)
                              c:/program files (x86)/gnu tools arm embedded/5.4 2016q2/bin/../lib/gcc/arm-none-eabi/5.4.1/../../../../arm-none-eabi/lib/armv7e-m\libg.a(lib_a-atoi.o) (_strtol_r)

Allocating common symbols
Common symbol       size              file

G_CLK               0x4               ..\..\..\libvga_api.a(delay.o)
D_S                 0x4               ..\..\..\libvga_api.a(delay.o)
D_uS                0x4               ..\..\..\libvga_api.a(delay.o)
string              0x64              ..\..\..\libvga_api.a(uart.o)
VGA                 0xc               ..\..\..\libvga_api.a(API_DRAW.o)
VGA_RAM1            0x12cf0           ..\..\..\libvga_api.a(API_DRAW.o)
D_mS                0x4               ..\..\..\libvga_api.a(delay.o)

Discarded input sections

 .text          0x00000000        0x0 ..\obj\UI.o
 .data          0x00000000        0x0 ..\obj\UI.o
 .bss           0x00000000        0x0 ..\obj\UI.o
 .text          0x00000000        0x0 ..\obj\stm32f4xx_usart.o
 .data          0x00000000        0x0 ..\obj\stm32f4xx_usart.o
 .bss           0x00000000        0x0 ..\obj\stm32f4xx_usart.o
 .text.USART_DeInit
                0x00000000       0xd4 ..\obj\stm32f4xx_usart.o
 .text.USART_StructInit
                0x00000000       0x38 ..\obj\stm32f4xx_usart.o
 .text.USART_ClockInit
                0x00000000       0x54 ..\obj\stm32f4xx_usart.o
 .text.USART_ClockStructInit
                0x00000000       0x2c ..\obj\stm32f4xx_usart.o
 .text.USART_SetPrescaler
                0x00000000       0x38 ..\obj\stm32f4xx_usart.o
 .text.USART_OverSampling8Cmd
                0x00000000       0x44 ..\obj\stm32f4xx_usart.o
 .text.USART_OneBitMethodCmd
                0x00000000       0x40 ..\obj\stm32f4xx_usart.o
 .text.USART_ReceiveData
                0x00000000       0x20 ..\obj\stm32f4xx_usart.o
 .text.USART_SetAddress
                0x00000000       0x38 ..\obj\stm32f4xx_usart.o
 .text.USART_ReceiverWakeUpCmd
                0x00000000       0x40 ..\obj\stm32f4xx_usart.o
 .text.USART_WakeUpConfig
                0x00000000       0x38 ..\obj\stm32f4xx_usart.o
 .text.USART_LINBreakDetectLengthConfig
                0x00000000       0x38 ..\obj\stm32f4xx_usart.o
 .text.USART_LINCmd
                0x00000000       0x40 ..\obj\stm32f4xx_usart.o
 .text.USART_SendBreak
                0x00000000       0x24 ..\obj\stm32f4xx_usart.o
 .text.USART_HalfDuplexCmd
                0x00000000       0x40 ..\obj\stm32f4xx_usart.o
 .text.USART_SetGuardTime
                0x00000000       0x3c ..\obj\stm32f4xx_usart.o
 .text.USART_SmartCardCmd
                0x00000000       0x40 ..\obj\stm32f4xx_usart.o
 .text.USART_SmartCardNACKCmd
                0x00000000       0x40 ..\obj\stm32f4xx_usart.o
 .text.USART_IrDAConfig
                0x00000000       0x38 ..\obj\stm32f4xx_usart.o
 .text.USART_IrDACmd
                0x00000000       0x40 ..\obj\stm32f4xx_usart.o
 .text.USART_DMACmd
                0x00000000       0x48 ..\obj\stm32f4xx_usart.o
 .text.USART_ClearFlag
                0x00000000       0x20 ..\obj\stm32f4xx_usart.o
 .text          0x00000000        0x0 ..\obj\startup_stm32f4xx.o
 .data          0x00000000        0x0 ..\obj\startup_stm32f4xx.o
 .bss           0x00000000        0x0 ..\obj\startup_stm32f4xx.o
 .text          0x00000000        0x0 ..\obj\LL.o
 .data          0x00000000        0x0 ..\obj\LL.o
 .bss           0x00000000        0x0 ..\obj\LL.o
 .text.LL_STRING_isallnum
                0x00000000       0x2c ..\obj\LL.o
 .text          0x00000000        0x0 ..\obj\stm32f4xx_rcc.o
 .bss           0x00000000        0x0 ..\obj\stm32f4xx_rcc.o
 .text.RCC_DeInit
                0x00000000       0x50 ..\obj\stm32f4xx_rcc.o
 .text.RCC_HSEConfig
                0x00000000       0x24 ..\obj\stm32f4xx_rcc.o
 .text.RCC_WaitForHSEStartUp
                0x00000000       0x50 ..\obj\stm32f4xx_rcc.o
 .text.RCC_AdjustHSICalibrationValue
                0x00000000       0x3c ..\obj\stm32f4xx_rcc.o
 .text.RCC_HSICmd
                0x00000000       0x20 ..\obj\stm32f4xx_rcc.o
 .text.RCC_LSEConfig
                0x00000000       0x40 ..\obj\stm32f4xx_rcc.o
 .text.RCC_LSICmd
                0x00000000       0x20 ..\obj\stm32f4xx_rcc.o
 .text.RCC_PLLConfig
                0x00000000       0x3c ..\obj\stm32f4xx_rcc.o
 .text.RCC_PLLCmd
                0x00000000       0x20 ..\obj\stm32f4xx_rcc.o
 .text.RCC_PLLI2SConfig
                0x00000000       0x28 ..\obj\stm32f4xx_rcc.o
 .text.RCC_PLLI2SCmd
                0x00000000       0x20 ..\obj\stm32f4xx_rcc.o
 .text.RCC_ClockSecuritySystemCmd
                0x00000000       0x20 ..\obj\stm32f4xx_rcc.o
 .text.RCC_MCO1Config
                0x00000000       0x3c ..\obj\stm32f4xx_rcc.o
 .text.RCC_MCO2Config
                0x00000000       0x3c ..\obj\stm32f4xx_rcc.o
 .text.RCC_SYSCLKConfig
                0x00000000       0x38 ..\obj\stm32f4xx_rcc.o
 .text.RCC_GetSYSCLKSource
                0x00000000       0x1c ..\obj\stm32f4xx_rcc.o
 .text.RCC_HCLKConfig
                0x00000000       0x38 ..\obj\stm32f4xx_rcc.o
 .text.RCC_PCLK1Config
                0x00000000       0x38 ..\obj\stm32f4xx_rcc.o
 .text.RCC_PCLK2Config
                0x00000000       0x38 ..\obj\stm32f4xx_rcc.o
 .text.RCC_RTCCLKConfig
                0x00000000       0x5c ..\obj\stm32f4xx_rcc.o
 .text.RCC_RTCCLKCmd
                0x00000000       0x20 ..\obj\stm32f4xx_rcc.o
 .text.RCC_BackupResetCmd
                0x00000000       0x20 ..\obj\stm32f4xx_rcc.o
 .text.RCC_I2SCLKConfig
                0x00000000       0x1c ..\obj\stm32f4xx_rcc.o
 .text.RCC_AHB2PeriphClockCmd
                0x00000000       0x3c ..\obj\stm32f4xx_rcc.o
 .text.RCC_AHB3PeriphClockCmd
                0x00000000       0x3c ..\obj\stm32f4xx_rcc.o
 .text.RCC_AHB1PeriphResetCmd
                0x00000000       0x3c ..\obj\stm32f4xx_rcc.o
 .text.RCC_AHB2PeriphResetCmd
                0x00000000       0x3c ..\obj\stm32f4xx_rcc.o
 .text.RCC_AHB3PeriphResetCmd
                0x00000000       0x3c ..\obj\stm32f4xx_rcc.o
 .text.RCC_APB1PeriphResetCmd
                0x00000000       0x3c ..\obj\stm32f4xx_rcc.o
 .text.RCC_APB2PeriphResetCmd
                0x00000000       0x3c ..\obj\stm32f4xx_rcc.o
 .text.RCC_AHB1PeriphClockLPModeCmd
                0x00000000       0x3c ..\obj\stm32f4xx_rcc.o
 .text.RCC_AHB2PeriphClockLPModeCmd
                0x00000000       0x3c ..\obj\stm32f4xx_rcc.o
 .text.RCC_AHB3PeriphClockLPModeCmd
                0x00000000       0x3c ..\obj\stm32f4xx_rcc.o
 .text.RCC_APB1PeriphClockLPModeCmd
                0x00000000       0x3c ..\obj\stm32f4xx_rcc.o
 .text.RCC_APB2PeriphClockLPModeCmd
                0x00000000       0x3c ..\obj\stm32f4xx_rcc.o
 .text.RCC_ITConfig
                0x00000000       0x4c ..\obj\stm32f4xx_rcc.o
 .text.RCC_GetFlagStatus
                0x00000000       0x74 ..\obj\stm32f4xx_rcc.o
 .text.RCC_ClearFlag
                0x00000000       0x1c ..\obj\stm32f4xx_rcc.o
 .text.RCC_GetITStatus
                0x00000000       0x34 ..\obj\stm32f4xx_rcc.o
 .text.RCC_ClearITPendingBit
                0x00000000       0x20 ..\obj\stm32f4xx_rcc.o
 .text          0x00000000        0x0 ..\obj\stm32f4xx_gpio.o
 .data          0x00000000        0x0 ..\obj\stm32f4xx_gpio.o
 .bss           0x00000000        0x0 ..\obj\stm32f4xx_gpio.o
 .text.GPIO_DeInit
                0x00000000      0x120 ..\obj\stm32f4xx_gpio.o
 .text.GPIO_StructInit
                0x00000000       0x34 ..\obj\stm32f4xx_gpio.o
 .text.GPIO_PinLockConfig
                0x00000000       0x44 ..\obj\stm32f4xx_gpio.o
 .text.GPIO_ReadInputDataBit
                0x00000000       0x34 ..\obj\stm32f4xx_gpio.o
 .text.GPIO_ReadInputData
                0x00000000       0x18 ..\obj\stm32f4xx_gpio.o
 .text.GPIO_ReadOutputDataBit
                0x00000000       0x34 ..\obj\stm32f4xx_gpio.o
 .text.GPIO_ReadOutputData
                0x00000000       0x18 ..\obj\stm32f4xx_gpio.o
 .text.GPIO_SetBits
                0x00000000       0x1c ..\obj\stm32f4xx_gpio.o
 .text.GPIO_ResetBits
                0x00000000       0x1c ..\obj\stm32f4xx_gpio.o
 .text.GPIO_WriteBit
                0x00000000       0x30 ..\obj\stm32f4xx_gpio.o
 .text.GPIO_Write
                0x00000000       0x1c ..\obj\stm32f4xx_gpio.o
 .text.GPIO_ToggleBits
                0x00000000       0x24 ..\obj\stm32f4xx_gpio.o
 .text          0x00000000        0x0 ..\obj\system_stm32f4xx.o
 .data          0x00000000       0x14 ..\obj\system_stm32f4xx.o
 .bss           0x00000000        0x0 ..\obj\system_stm32f4xx.o
 .text.SystemCoreClockUpdate
                0x00000000       0xf8 ..\obj\system_stm32f4xx.o
 .text          0x00000000        0x0 ..\obj\syscalls.o
 .data          0x00000000        0x0 ..\obj\syscalls.o
 .bss           0x00000000        0x4 ..\obj\syscalls.o
 .text._sbrk    0x00000000       0x3c ..\obj\syscalls.o
 .text.link     0x00000000       0x18 ..\obj\syscalls.o
 .text._close   0x00000000       0x18 ..\obj\syscalls.o
 .text._fstat   0x00000000       0x20 ..\obj\syscalls.o
 .text._isatty  0x00000000       0x14 ..\obj\syscalls.o
 .text._lseek   0x00000000       0x18 ..\obj\syscalls.o
 .text._read    0x00000000       0x18 ..\obj\syscalls.o
 .text._write   0x00000000       0x18 ..\obj\syscalls.o
 .text.abort    0x00000000        0x8 ..\obj\syscalls.o
 .debug_info    0x00000000      0x458 ..\obj\syscalls.o
 .debug_abbrev  0x00000000       0xe5 ..\obj\syscalls.o
 .debug_aranges
                0x00000000       0x60 ..\obj\syscalls.o
 .debug_ranges  0x00000000       0x50 ..\obj\syscalls.o
 .debug_line    0x00000000      0x221 ..\obj\syscalls.o
 .debug_str     0x00000000      0x397 ..\obj\syscalls.o
 .comment       0x00000000       0x6f ..\obj\syscalls.o
 .debug_frame   0x00000000      0x168 ..\obj\syscalls.o
 .ARM.attributes
                0x00000000       0x33 ..\obj\syscalls.o
 .text          0x00000000        0x0 ..\obj\stm32f4xx_dma.o
 .data          0x00000000        0x0 ..\obj\stm32f4xx_dma.o
 .bss           0x00000000        0x0 ..\obj\stm32f4xx_dma.o
 .text.DMA_StructInit
                0x00000000       0x6c ..\obj\stm32f4xx_dma.o
 .text.DMA_PeriphIncOffsetSizeConfig
                0x00000000       0x34 ..\obj\stm32f4xx_dma.o
 .text.DMA_FlowControllerConfig
                0x00000000       0x34 ..\obj\stm32f4xx_dma.o
 .text.DMA_SetCurrDataCounter
                0x00000000       0x1c ..\obj\stm32f4xx_dma.o
 .text.DMA_GetCurrDataCounter
                0x00000000       0x18 ..\obj\stm32f4xx_dma.o
 .text.DMA_DoubleBufferModeConfig
                0x00000000       0x3c ..\obj\stm32f4xx_dma.o
 .text.DMA_DoubleBufferModeCmd
                0x00000000       0x38 ..\obj\stm32f4xx_dma.o
 .text.DMA_MemoryTargetConfig
                0x00000000       0x2c ..\obj\stm32f4xx_dma.o
 .text.DMA_GetCurrentMemoryTarget
                0x00000000       0x30 ..\obj\stm32f4xx_dma.o
 .text.DMA_GetCmdStatus
                0x00000000       0x30 ..\obj\stm32f4xx_dma.o
 .text.DMA_GetFIFOStatus
                0x00000000       0x24 ..\obj\stm32f4xx_dma.o
 .text.DMA_GetFlagStatus
                0x00000000       0x74 ..\obj\stm32f4xx_dma.o
 .text.DMA_ClearFlag
                0x00000000       0x5c ..\obj\stm32f4xx_dma.o
 .text          0x00000000        0x0 ..\obj\misc.o
 .data          0x00000000        0x0 ..\obj\misc.o
 .bss           0x00000000        0x0 ..\obj\misc.o
 .text.NVIC_PriorityGroupConfig
                0x00000000       0x24 ..\obj\misc.o
 .text.NVIC_SetVectorTable
                0x00000000       0x2c ..\obj\misc.o
 .text.NVIC_SystemLPConfig
                0x00000000       0x40 ..\obj\misc.o
 .text.SysTick_CLKSourceConfig
                0x00000000       0x38 ..\obj\misc.o
 .text          0x00000000        0x0 ..\obj\stm32f4xx_tim.o
 .data          0x00000000        0x0 ..\obj\stm32f4xx_tim.o
 .bss           0x00000000        0x0 ..\obj\stm32f4xx_tim.o
 .text.TIM_DeInit
                0x00000000      0x1c0 ..\obj\stm32f4xx_tim.o
 .text.TIM_TimeBaseStructInit
                0x00000000       0x34 ..\obj\stm32f4xx_tim.o
 .text.TIM_PrescalerConfig
                0x00000000       0x28 ..\obj\stm32f4xx_tim.o
 .text.TIM_CounterModeConfig
                0x00000000       0x38 ..\obj\stm32f4xx_tim.o
 .text.TIM_SetCounter
                0x00000000       0x1c ..\obj\stm32f4xx_tim.o
 .text.TIM_SetAutoreload
                0x00000000       0x1c ..\obj\stm32f4xx_tim.o
 .text.TIM_GetCounter
                0x00000000       0x18 ..\obj\stm32f4xx_tim.o
 .text.TIM_GetPrescaler
                0x00000000       0x18 ..\obj\stm32f4xx_tim.o
 .text.TIM_UpdateDisableConfig
                0x00000000       0x40 ..\obj\stm32f4xx_tim.o
 .text.TIM_UpdateRequestConfig
                0x00000000       0x40 ..\obj\stm32f4xx_tim.o
 .text.TIM_SelectOnePulseMode
                0x00000000       0x38 ..\obj\stm32f4xx_tim.o
 .text.TIM_SetClockDivision
                0x00000000       0x38 ..\obj\stm32f4xx_tim.o
 .text.TIM_OC1Init
                0x00000000       0xf4 ..\obj\stm32f4xx_tim.o
 .text.TIM_OC2Init
                0x00000000      0x110 ..\obj\stm32f4xx_tim.o
 .text.TIM_OCStructInit
                0x00000000       0x44 ..\obj\stm32f4xx_tim.o
 .text.TIM_SelectOCxM
                0x00000000       0xb0 ..\obj\stm32f4xx_tim.o
 .text.TIM_SetCompare1
                0x00000000       0x1c ..\obj\stm32f4xx_tim.o
 .text.TIM_SetCompare2
                0x00000000       0x1c ..\obj\stm32f4xx_tim.o
 .text.TIM_SetCompare3
                0x00000000       0x1c ..\obj\stm32f4xx_tim.o
 .text.TIM_SetCompare4
                0x00000000       0x1c ..\obj\stm32f4xx_tim.o
 .text.TIM_ForcedOC1Config
                0x00000000       0x38 ..\obj\stm32f4xx_tim.o
 .text.TIM_ForcedOC2Config
                0x00000000       0x3c ..\obj\stm32f4xx_tim.o
 .text.TIM_ForcedOC3Config
                0x00000000       0x38 ..\obj\stm32f4xx_tim.o
 .text.TIM_ForcedOC4Config
                0x00000000       0x3c ..\obj\stm32f4xx_tim.o
 .text.TIM_OC1PreloadConfig
                0x00000000       0x38 ..\obj\stm32f4xx_tim.o
 .text.TIM_OC2PreloadConfig
                0x00000000       0x3c ..\obj\stm32f4xx_tim.o
 .text.TIM_OC1FastConfig
                0x00000000       0x38 ..\obj\stm32f4xx_tim.o
 .text.TIM_OC2FastConfig
                0x00000000       0x3c ..\obj\stm32f4xx_tim.o
 .text.TIM_OC3FastConfig
                0x00000000       0x38 ..\obj\stm32f4xx_tim.o
 .text.TIM_OC4FastConfig
                0x00000000       0x3c ..\obj\stm32f4xx_tim.o
 .text.TIM_ClearOC1Ref
                0x00000000       0x38 ..\obj\stm32f4xx_tim.o
 .text.TIM_ClearOC2Ref
                0x00000000       0x3c ..\obj\stm32f4xx_tim.o
 .text.TIM_ClearOC3Ref
                0x00000000       0x38 ..\obj\stm32f4xx_tim.o
 .text.TIM_ClearOC4Ref
                0x00000000       0x3c ..\obj\stm32f4xx_tim.o
 .text.TIM_OC1PolarityConfig
                0x00000000       0x38 ..\obj\stm32f4xx_tim.o
 .text.TIM_OC1NPolarityConfig
                0x00000000       0x38 ..\obj\stm32f4xx_tim.o
 .text.TIM_OC2PolarityConfig
                0x00000000       0x3c ..\obj\stm32f4xx_tim.o
 .text.TIM_OC2NPolarityConfig
                0x00000000       0x3c ..\obj\stm32f4xx_tim.o
 .text.TIM_OC3PolarityConfig
                0x00000000       0x3c ..\obj\stm32f4xx_tim.o
 .text.TIM_OC3NPolarityConfig
                0x00000000       0x3c ..\obj\stm32f4xx_tim.o
 .text.TIM_OC4PolarityConfig
                0x00000000       0x3c ..\obj\stm32f4xx_tim.o
 .text.TIM_CCxCmd
                0x00000000       0x58 ..\obj\stm32f4xx_tim.o
 .text.TIM_CCxNCmd
                0x00000000       0x58 ..\obj\stm32f4xx_tim.o
 .text.TIM_ICInit
                0x00000000       0xa8 ..\obj\stm32f4xx_tim.o
 .text.TIM_ICStructInit
                0x00000000       0x30 ..\obj\stm32f4xx_tim.o
 .text.TIM_PWMIConfig
                0x00000000       0xb8 ..\obj\stm32f4xx_tim.o
 .text.TIM_GetCapture1
                0x00000000       0x18 ..\obj\stm32f4xx_tim.o
 .text.TIM_GetCapture2
                0x00000000       0x18 ..\obj\stm32f4xx_tim.o
 .text.TIM_GetCapture3
                0x00000000       0x18 ..\obj\stm32f4xx_tim.o
 .text.TIM_GetCapture4
                0x00000000       0x18 ..\obj\stm32f4xx_tim.o
 .text.TIM_SetIC1Prescaler
                0x00000000       0x38 ..\obj\stm32f4xx_tim.o
 .text.TIM_SetIC2Prescaler
                0x00000000       0x3c ..\obj\stm32f4xx_tim.o
 .text.TIM_SetIC3Prescaler
                0x00000000       0x38 ..\obj\stm32f4xx_tim.o
 .text.TIM_SetIC4Prescaler
                0x00000000       0x3c ..\obj\stm32f4xx_tim.o
 .text.TIM_BDTRConfig
                0x00000000       0x50 ..\obj\stm32f4xx_tim.o
 .text.TIM_BDTRStructInit
                0x00000000       0x3c ..\obj\stm32f4xx_tim.o
 .text.TIM_CtrlPWMOutputs
                0x00000000       0x4c ..\obj\stm32f4xx_tim.o
 .text.TIM_SelectCOM
                0x00000000       0x40 ..\obj\stm32f4xx_tim.o
 .text.TIM_CCPreloadControl
                0x00000000       0x40 ..\obj\stm32f4xx_tim.o
 .text.TIM_GenerateEvent
                0x00000000       0x1c ..\obj\stm32f4xx_tim.o
 .text.TIM_GetFlagStatus
                0x00000000       0x38 ..\obj\stm32f4xx_tim.o
 .text.TIM_ClearFlag
                0x00000000       0x20 ..\obj\stm32f4xx_tim.o
 .text.TIM_GetITStatus
                0x00000000       0x54 ..\obj\stm32f4xx_tim.o
 .text.TIM_DMAConfig
                0x00000000       0x28 ..\obj\stm32f4xx_tim.o
 .text.TIM_SelectCCDMA
                0x00000000       0x40 ..\obj\stm32f4xx_tim.o
 .text.TIM_InternalClockConfig
                0x00000000       0x24 ..\obj\stm32f4xx_tim.o
 .text.TIM_ITRxExternalClockConfig
                0x00000000       0x30 ..\obj\stm32f4xx_tim.o
 .text.TIM_TIxExternalClockConfig
                0x00000000       0x5c ..\obj\stm32f4xx_tim.o
 .text.TIM_ETRClockMode1Config
                0x00000000       0x60 ..\obj\stm32f4xx_tim.o
 .text.TIM_ETRClockMode2Config
                0x00000000       0x40 ..\obj\stm32f4xx_tim.o
 .text.TIM_SelectInputTrigger
                0x00000000       0x38 ..\obj\stm32f4xx_tim.o
 .text.TIM_SelectOutputTrigger
                0x00000000       0x38 ..\obj\stm32f4xx_tim.o
 .text.TIM_SelectSlaveMode
                0x00000000       0x38 ..\obj\stm32f4xx_tim.o
 .text.TIM_SelectMasterSlaveMode
                0x00000000       0x38 ..\obj\stm32f4xx_tim.o
 .text.TIM_ETRConfig
                0x00000000       0x54 ..\obj\stm32f4xx_tim.o
 .text.TIM_EncoderInterfaceConfig
                0x00000000       0x98 ..\obj\stm32f4xx_tim.o
 .text.TIM_SelectHallSensor
                0x00000000       0x40 ..\obj\stm32f4xx_tim.o
 .text.TIM_RemapConfig
                0x00000000       0x20 ..\obj\stm32f4xx_tim.o
 .text.TI1_Config
                0x00000000       0x84 ..\obj\stm32f4xx_tim.o
 .text.TI2_Config
                0x00000000       0x98 ..\obj\stm32f4xx_tim.o
 .text.TI3_Config
                0x00000000       0x90 ..\obj\stm32f4xx_tim.o
 .text.TI4_Config
                0x00000000       0x9c ..\obj\stm32f4xx_tim.o
 .text          0x00000000        0x0 ..\..\..\libvga_api.a(API_DRAW.o)
 .bss           0x00000000        0x0 ..\..\..\libvga_api.a(API_DRAW.o)
 .text          0x00000000        0x0 ..\..\..\libvga_api.a(API_IO.o)
 .data          0x00000000        0x0 ..\..\..\libvga_api.a(API_IO.o)
 .bss           0x00000000        0x0 ..\..\..\libvga_api.a(API_IO.o)
 .text.API_io_UART_INT_init
                0x00000000        0xc ..\..\..\libvga_api.a(API_IO.o)
 .text.API_io_DELAY_us
                0x00000000       0x14 ..\..\..\libvga_api.a(API_IO.o)
 .text.API_io_DELAY_s
                0x00000000       0x14 ..\..\..\libvga_api.a(API_IO.o)
 .text.API_io_UART_INT_gets
                0x00000000       0x4c ..\..\..\libvga_api.a(API_IO.o)
 .text.API_io_UART_get
                0x00000000       0x10 ..\..\..\libvga_api.a(API_IO.o)
 .text.API_io_UART_putchar
                0x00000000       0x18 ..\..\..\libvga_api.a(API_IO.o)
 .text.API_io_rp_c
                0x00000000       0x68 ..\..\..\libvga_api.a(API_IO.o)
 .text.API_io_rm_c_ut
                0x00000000       0xa4 ..\..\..\libvga_api.a(API_IO.o)
 .text          0x00000000        0x0 ..\..\..\libvga_api.a(stm32_ub_vga_screen.o)
 .data          0x00000000        0x0 ..\..\..\libvga_api.a(stm32_ub_vga_screen.o)
 .bss           0x00000000        0x0 ..\..\..\libvga_api.a(stm32_ub_vga_screen.o)
 .text          0x00000000        0x0 ..\..\..\libvga_api.a(delay.o)
 .data          0x00000000        0x0 ..\..\..\libvga_api.a(delay.o)
 .bss           0x00000000        0x0 ..\..\..\libvga_api.a(delay.o)
 .text.DELAY_us
                0x00000000       0x3c ..\..\..\libvga_api.a(delay.o)
 .text.DELAY_s  0x00000000       0x3c ..\..\..\libvga_api.a(delay.o)
 .text          0x00000000        0x0 ..\..\..\libvga_api.a(uart.o)
 .text.UART_INT_init
                0x00000000       0x24 ..\..\..\libvga_api.a(uart.o)
 .text.UART_printf
                0x00000000       0xb8 ..\..\..\libvga_api.a(uart.o)
 .text          0x00000000        0x0 ..\..\..\libvga_api.a(tekst_bitmap_functions.o)
 .data          0x00000000        0x0 ..\..\..\libvga_api.a(tekst_bitmap_functions.o)
 .bss           0x00000000        0x0 ..\..\..\libvga_api.a(tekst_bitmap_functions.o)
 .text          0x00000000        0x0 ..\..\..\libvga_api.a(printf.o)
 .bss           0x00000000        0x0 ..\..\..\libvga_api.a(printf.o)
 .text.PrintChar
                0x00000000       0x14 ..\..\..\libvga_api.a(printf.o)
 .text.PutChar  0x00000000       0x20 ..\..\..\libvga_api.a(printf.o)
 .text.PutString
                0x00000000       0x3c ..\..\..\libvga_api.a(printf.o)
 .text.PutUnsignedInt
                0x00000000       0xa0 ..\..\..\libvga_api.a(printf.o)
 .text.PutSignedInt
                0x00000000       0xfc ..\..\..\libvga_api.a(printf.o)
 .text.PutHexa  0x00000000       0xd4 ..\..\..\libvga_api.a(printf.o)
 .text.vsnprintf
                0x00000000      0x254 ..\..\..\libvga_api.a(printf.o)
 .text.snprintf
                0x00000000       0x30 ..\..\..\libvga_api.a(printf.o)
 .text.vsprintf
                0x00000000       0x24 ..\..\..\libvga_api.a(printf.o)
 .rodata        0x00000000       0x24 ..\..\..\libvga_api.a(printf.o)
 .text.vfprintf
                0x00000000       0x68 ..\..\..\libvga_api.a(printf.o)
 .text.vprintf  0x00000000       0x28 ..\..\..\libvga_api.a(printf.o)
 .text.fprintf  0x00000000       0x2c ..\..\..\libvga_api.a(printf.o)
 .text.printf   0x00000000       0x28 ..\..\..\libvga_api.a(printf.o)
 .text.sprintf  0x00000000       0x2c ..\..\..\libvga_api.a(printf.o)
 .text.puts     0x00000000       0x24 ..\..\..\libvga_api.a(printf.o)
 .text.fputc    0x00000000       0x40 ..\..\..\libvga_api.a(printf.o)
 .text.fputs    0x00000000       0x48 ..\..\..\libvga_api.a(printf.o)
 .data          0x00000000        0x0 c:/program files (x86)/gnu tools arm embedded/5.4 2016q2/bin/../lib/gcc/arm-none-eabi/5.4.1/armv7e-m\libgcc.a(_arm_addsubdf3.o)
 .bss           0x00000000        0x0 c:/program files (x86)/gnu tools arm embedded/5.4 2016q2/bin/../lib/gcc/arm-none-eabi/5.4.1/armv7e-m\libgcc.a(_arm_addsubdf3.o)
 .data          0x00000000        0x0 c:/program files (x86)/gnu tools arm embedded/5.4 2016q2/bin/../lib/gcc/arm-none-eabi/5.4.1/armv7e-m\libgcc.a(_arm_muldivdf3.o)
 .bss           0x00000000        0x0 c:/program files (x86)/gnu tools arm embedded/5.4 2016q2/bin/../lib/gcc/arm-none-eabi/5.4.1/armv7e-m\libgcc.a(_arm_muldivdf3.o)
 .data          0x00000000        0x0 c:/program files (x86)/gnu tools arm embedded/5.4 2016q2/bin/../lib/gcc/arm-none-eabi/5.4.1/armv7e-m\libgcc.a(_arm_fixunsdfsi.o)
 .bss           0x00000000        0x0 c:/program files (x86)/gnu tools arm embedded/5.4 2016q2/bin/../lib/gcc/arm-none-eabi/5.4.1/armv7e-m\libgcc.a(_arm_fixunsdfsi.o)
 .data          0x00000000        0x0 c:/program files (x86)/gnu tools arm embedded/5.4 2016q2/bin/../lib/gcc/arm-none-eabi/5.4.1/armv7e-m\libgcc.a(_arm_addsubsf3.o)
 .bss           0x00000000        0x0 c:/program files (x86)/gnu tools arm embedded/5.4 2016q2/bin/../lib/gcc/arm-none-eabi/5.4.1/armv7e-m\libgcc.a(_arm_addsubsf3.o)
 .data          0x00000000        0x0 c:/program files (x86)/gnu tools arm embedded/5.4 2016q2/bin/../lib/gcc/arm-none-eabi/5.4.1/armv7e-m\libgcc.a(_arm_muldivsf3.o)
 .bss           0x00000000        0x0 c:/program files (x86)/gnu tools arm embedded/5.4 2016q2/bin/../lib/gcc/arm-none-eabi/5.4.1/armv7e-m\libgcc.a(_arm_muldivsf3.o)
 .data          0x00000000        0x0 c:/program files (x86)/gnu tools arm embedded/5.4 2016q2/bin/../lib/gcc/arm-none-eabi/5.4.1/armv7e-m\libgcc.a(_arm_cmpsf2.o)
 .bss           0x00000000        0x0 c:/program files (x86)/gnu tools arm embedded/5.4 2016q2/bin/../lib/gcc/arm-none-eabi/5.4.1/armv7e-m\libgcc.a(_arm_cmpsf2.o)
 .data          0x00000000        0x0 c:/program files (x86)/gnu tools arm embedded/5.4 2016q2/bin/../lib/gcc/arm-none-eabi/5.4.1/armv7e-m\libgcc.a(_arm_fixsfsi.o)
 .bss           0x00000000        0x0 c:/program files (x86)/gnu tools arm embedded/5.4 2016q2/bin/../lib/gcc/arm-none-eabi/5.4.1/armv7e-m\libgcc.a(_arm_fixsfsi.o)
 .text          0x00000000        0x0 c:/program files (x86)/gnu tools arm embedded/5.4 2016q2/bin/../lib/gcc/arm-none-eabi/5.4.1/../../../../arm-none-eabi/lib/armv7e-m\libg.a(lib_a-atoi.o)
 .data          0x00000000        0x0 c:/program files (x86)/gnu tools arm embedded/5.4 2016q2/bin/../lib/gcc/arm-none-eabi/5.4.1/../../../../arm-none-eabi/lib/armv7e-m\libg.a(lib_a-atoi.o)
 .bss           0x00000000        0x0 c:/program files (x86)/gnu tools arm embedded/5.4 2016q2/bin/../lib/gcc/arm-none-eabi/5.4.1/../../../../arm-none-eabi/lib/armv7e-m\libg.a(lib_a-atoi.o)
 .text._atoi_r  0x00000000        0x8 c:/program files (x86)/gnu tools arm embedded/5.4 2016q2/bin/../lib/gcc/arm-none-eabi/5.4.1/../../../../arm-none-eabi/lib/armv7e-m\libg.a(lib_a-atoi.o)
 .text          0x00000000        0x0 c:/program files (x86)/gnu tools arm embedded/5.4 2016q2/bin/../lib/gcc/arm-none-eabi/5.4.1/../../../../arm-none-eabi/lib/armv7e-m\libg.a(lib_a-ctype_.o)
 .data          0x00000000        0x0 c:/program files (x86)/gnu tools arm embedded/5.4 2016q2/bin/../lib/gcc/arm-none-eabi/5.4.1/../../../../arm-none-eabi/lib/armv7e-m\libg.a(lib_a-ctype_.o)
 .bss           0x00000000        0x0 c:/program files (x86)/gnu tools arm embedded/5.4 2016q2/bin/../lib/gcc/arm-none-eabi/5.4.1/../../../../arm-none-eabi/lib/armv7e-m\libg.a(lib_a-ctype_.o)
 .data          0x00000000        0x0 c:/program files (x86)/gnu tools arm embedded/5.4 2016q2/bin/../lib/gcc/arm-none-eabi/5.4.1/../../../../arm-none-eabi/lib/armv7e-m\libg.a(lib_a-memcpy.o)
 .bss           0x00000000        0x0 c:/program files (x86)/gnu tools arm embedded/5.4 2016q2/bin/../lib/gcc/arm-none-eabi/5.4.1/../../../../arm-none-eabi/lib/armv7e-m\libg.a(lib_a-memcpy.o)
 .text          0x00000000        0x0 c:/program files (x86)/gnu tools arm embedded/5.4 2016q2/bin/../lib/gcc/arm-none-eabi/5.4.1/../../../../arm-none-eabi/lib/armv7e-m\libg.a(lib_a-memset.o)
 .data          0x00000000        0x0 c:/program files (x86)/gnu tools arm embedded/5.4 2016q2/bin/../lib/gcc/arm-none-eabi/5.4.1/../../../../arm-none-eabi/lib/armv7e-m\libg.a(lib_a-memset.o)
 .bss           0x00000000        0x0 c:/program files (x86)/gnu tools arm embedded/5.4 2016q2/bin/../lib/gcc/arm-none-eabi/5.4.1/../../../../arm-none-eabi/lib/armv7e-m\libg.a(lib_a-memset.o)
 .text          0x00000000        0x0 c:/program files (x86)/gnu tools arm embedded/5.4 2016q2/bin/../lib/gcc/arm-none-eabi/5.4.1/../../../../arm-none-eabi/lib/armv7e-m\libg.a(lib_a-strcpy.o)
 .data          0x00000000        0x0 c:/program files (x86)/gnu tools arm embedded/5.4 2016q2/bin/../lib/gcc/arm-none-eabi/5.4.1/../../../../arm-none-eabi/lib/armv7e-m\libg.a(lib_a-strcpy.o)
 .bss           0x00000000        0x0 c:/program files (x86)/gnu tools arm embedded/5.4 2016q2/bin/../lib/gcc/arm-none-eabi/5.4.1/../../../../arm-none-eabi/lib/armv7e-m\libg.a(lib_a-strcpy.o)
 .text.strcpy   0x00000000       0xbc c:/program files (x86)/gnu tools arm embedded/5.4 2016q2/bin/../lib/gcc/arm-none-eabi/5.4.1/../../../../arm-none-eabi/lib/armv7e-m\libg.a(lib_a-strcpy.o)
 .debug_frame   0x00000000       0x20 c:/program files (x86)/gnu tools arm embedded/5.4 2016q2/bin/../lib/gcc/arm-none-eabi/5.4.1/../../../../arm-none-eabi/lib/armv7e-m\libg.a(lib_a-strcpy.o)
 .ARM.attributes
                0x00000000       0x2e c:/program files (x86)/gnu tools arm embedded/5.4 2016q2/bin/../lib/gcc/arm-none-eabi/5.4.1/../../../../arm-none-eabi/lib/armv7e-m\libg.a(lib_a-strcpy.o)
 .data          0x00000000        0x0 c:/program files (x86)/gnu tools arm embedded/5.4 2016q2/bin/../lib/gcc/arm-none-eabi/5.4.1/../../../../arm-none-eabi/lib/armv7e-m\libg.a(lib_a-strlen.o)
 .bss           0x00000000        0x0 c:/program files (x86)/gnu tools arm embedded/5.4 2016q2/bin/../lib/gcc/arm-none-eabi/5.4.1/../../../../arm-none-eabi/lib/armv7e-m\libg.a(lib_a-strlen.o)
 .text          0x00000000        0x0 c:/program files (x86)/gnu tools arm embedded/5.4 2016q2/bin/../lib/gcc/arm-none-eabi/5.4.1/../../../../arm-none-eabi/lib/armv7e-m\libg.a(lib_a-strncmp.o)
 .data          0x00000000        0x0 c:/program files (x86)/gnu tools arm embedded/5.4 2016q2/bin/../lib/gcc/arm-none-eabi/5.4.1/../../../../arm-none-eabi/lib/armv7e-m\libg.a(lib_a-strncmp.o)
 .bss           0x00000000        0x0 c:/program files (x86)/gnu tools arm embedded/5.4 2016q2/bin/../lib/gcc/arm-none-eabi/5.4.1/../../../../arm-none-eabi/lib/armv7e-m\libg.a(lib_a-strncmp.o)
 .text          0x00000000        0x0 c:/program files (x86)/gnu tools arm embedded/5.4 2016q2/bin/../lib/gcc/arm-none-eabi/5.4.1/../../../../arm-none-eabi/lib/armv7e-m\libg.a(lib_a-strtol.o)
 .data          0x00000000        0x0 c:/program files (x86)/gnu tools arm embedded/5.4 2016q2/bin/../lib/gcc/arm-none-eabi/5.4.1/../../../../arm-none-eabi/lib/armv7e-m\libg.a(lib_a-strtol.o)
 .bss           0x00000000        0x0 c:/program files (x86)/gnu tools arm embedded/5.4 2016q2/bin/../lib/gcc/arm-none-eabi/5.4.1/../../../../arm-none-eabi/lib/armv7e-m\libg.a(lib_a-strtol.o)

Memory Configuration

Name             Origin             Length             Attributes
rom              0x08000000         0x00100000         xr
ram              0x20000000         0x00020000         xrw
ram1             0x10000000         0x00010000         xrw
*default*        0x00000000         0xffffffff

Linker script and memory map

                0x20020000                _eram = 0x20020000

.text           0x08000000     0xde25
 *(.isr_vector)
 .isr_vector    0x08000000      0x188 ..\obj\startup_stm32f4xx.o
                0x08000000                g_pfnVectors
 *(.text*)
 .text.UI_ERR_put
                0x08000188       0xec ..\obj\UI.o
                0x08000188                UI_ERR_put
 .text.UI_PARAMCNT
                0x08000274       0x70 ..\obj\UI.o
                0x08000274                UI_PARAMCNT
 .text.UI_CH_rp
                0x080002e4       0x6c ..\obj\UI.o
                0x080002e4                UI_CH_rp
 .text.UI_CH_rm
                0x08000350       0xa4 ..\obj\UI.o
                0x08000350                UI_CH_rm
 .text.main     0x080003f4      0x274 ..\obj\UI.o
                0x080003f4                main
 .text.USART_Init
                0x08000668      0x174 ..\obj\stm32f4xx_usart.o
                0x08000668                USART_Init
 .text.USART_Cmd
                0x080007dc       0x40 ..\obj\stm32f4xx_usart.o
                0x080007dc                USART_Cmd
 .text.USART_SendData
                0x0800081c       0x24 ..\obj\stm32f4xx_usart.o
                0x0800081c                USART_SendData
 .text.USART_ITConfig
                0x08000840       0x90 ..\obj\stm32f4xx_usart.o
                0x08000840                USART_ITConfig
 .text.USART_GetFlagStatus
                0x080008d0       0x38 ..\obj\stm32f4xx_usart.o
                0x080008d0                USART_GetFlagStatus
 .text.USART_GetITStatus
                0x08000908       0xb4 ..\obj\stm32f4xx_usart.o
                0x08000908                USART_GetITStatus
 .text.USART_ClearITPendingBit
                0x080009bc       0x38 ..\obj\stm32f4xx_usart.o
                0x080009bc                USART_ClearITPendingBit
 .text.Default_Reset_Handler
                0x080009f4       0x5c ..\obj\startup_stm32f4xx.o
                0x080009f4                Default_Reset_Handler
                0x080009f4                Reset_Handler
 .text.Default_Handler
                0x08000a50        0x8 ..\obj\startup_stm32f4xx.o
                0x08000a50                RTC_Alarm_IRQHandler
                0x08000a50                HASH_RNG_IRQHandler
                0x08000a50                EXTI2_IRQHandler
                0x08000a50                TIM8_CC_IRQHandler
                0x08000a50                DebugMon_Handler
                0x08000a50                TIM1_CC_IRQHandler
                0x08000a50                HardFault_Handler
                0x08000a50                DMA1_Stream5_IRQHandler
                0x08000a50                SysTick_Handler
                0x08000a50                PVD_IRQHandler
                0x08000a50                SDIO_IRQHandler
                0x08000a50                TAMP_STAMP_IRQHandler
                0x08000a50                PendSV_Handler
                0x08000a50                NMI_Handler
                0x08000a50                CAN2_RX1_IRQHandler
                0x08000a50                EXTI3_IRQHandler
                0x08000a50                TIM8_TRG_COM_TIM14_IRQHandler
                0x08000a50                TIM1_UP_TIM10_IRQHandler
                0x08000a50                TIM8_UP_TIM13_IRQHandler
                0x08000a50                I2C3_ER_IRQHandler
                0x08000a50                EXTI0_IRQHandler
                0x08000a50                I2C2_EV_IRQHandler
                0x08000a50                DMA1_Stream2_IRQHandler
                0x08000a50                CAN1_RX0_IRQHandler
                0x08000a50                FPU_IRQHandler
                0x08000a50                OTG_HS_WKUP_IRQHandler
                0x08000a50                UsageFault_Handler
                0x08000a50                CAN2_SCE_IRQHandler
                0x08000a50                DMA2_Stream2_IRQHandler
                0x08000a50                SPI1_IRQHandler
                0x08000a50                TIM6_DAC_IRQHandler
                0x08000a50                TIM1_BRK_TIM9_IRQHandler
                0x08000a50                DCMI_IRQHandler
                0x08000a50                CAN2_RX0_IRQHandler
                0x08000a50                DMA2_Stream3_IRQHandler
                0x08000a50                USART6_IRQHandler
                0x08000a50                USART3_IRQHandler
                0x08000a50                CRYP_IRQHandler
                0x08000a50                CAN1_RX1_IRQHandler
                0x08000a50                UART5_IRQHandler
                0x08000a50                DMA2_Stream0_IRQHandler
                0x08000a50                TIM4_IRQHandler
                0x08000a50                I2C1_EV_IRQHandler
                0x08000a50                DMA1_Stream6_IRQHandler
                0x08000a50                DMA1_Stream1_IRQHandler
                0x08000a50                UART4_IRQHandler
                0x08000a50                TIM3_IRQHandler
                0x08000a50                RCC_IRQHandler
                0x08000a50                TIM8_BRK_TIM12_IRQHandler
                0x08000a50                EXTI15_10_IRQHandler
                0x08000a50                ADC_IRQHandler
                0x08000a50                DMA1_Stream7_IRQHandler
                0x08000a50                TIM7_IRQHandler
                0x08000a50                CAN2_TX_IRQHandler
                0x08000a50                TIM5_IRQHandler
                0x08000a50                DMA2_Stream7_IRQHandler
                0x08000a50                I2C3_EV_IRQHandler
                0x08000a50                EXTI9_5_IRQHandler
                0x08000a50                RTC_WKUP_IRQHandler
                0x08000a50                ETH_WKUP_IRQHandler
                0x08000a50                SPI2_IRQHandler
                0x08000a50                OTG_HS_EP1_IN_IRQHandler
                0x08000a50                MemManage_Handler
                0x08000a50                DMA1_Stream0_IRQHandler
                0x08000a50                CAN1_TX_IRQHandler
                0x08000a50                SVC_Handler
                0x08000a50                EXTI4_IRQHandler
                0x08000a50                FSMC_IRQHandler
                0x08000a50                ETH_IRQHandler
                0x08000a50                OTG_HS_EP1_OUT_IRQHandler
                0x08000a50                WWDG_IRQHandler
                0x08000a50                OTG_FS_WKUP_IRQHandler
                0x08000a50                TIM1_TRG_COM_TIM11_IRQHandler
                0x08000a50                OTG_HS_IRQHandler
                0x08000a50                EXTI1_IRQHandler
                0x08000a50                I2C2_ER_IRQHandler
                0x08000a50                DMA2_Stream1_IRQHandler
                0x08000a50                CAN1_SCE_IRQHandler
                0x08000a50                FLASH_IRQHandler
                0x08000a50                DMA2_Stream4_IRQHandler
                0x08000a50                BusFault_Handler
                0x08000a50                USART1_IRQHandler
                0x08000a50                OTG_FS_IRQHandler
                0x08000a50                SPI3_IRQHandler
                0x08000a50                DMA1_Stream4_IRQHandler
                0x08000a50                I2C1_ER_IRQHandler
                0x08000a50                DMA2_Stream6_IRQHandler
                0x08000a50                DMA1_Stream3_IRQHandler
 .text.LL_STRING_check
                0x08000a58       0x7c ..\obj\LL.o
                0x08000a58                LL_STRING_check
 .text.LL_kstoki
                0x08000ad4       0x9c ..\obj\LL.o
                0x08000ad4                LL_kstoki
 .text.LL_STRING_param
                0x08000b70       0x50 ..\obj\LL.o
                0x08000b70                LL_STRING_param
 .text.LL_FIG_init
                0x08000bc0      0x3f4 ..\obj\LL.o
                0x08000bc0                LL_FIG_init
 .text.LL_exe   0x08000fb4      0x780 ..\obj\LL.o
                0x08000fb4                LL_exe
 .text.RCC_GetClocksFreq
                0x08001734      0x154 ..\obj\stm32f4xx_rcc.o
                0x08001734                RCC_GetClocksFreq
 .text.RCC_AHB1PeriphClockCmd
                0x08001888       0x3c ..\obj\stm32f4xx_rcc.o
                0x08001888                RCC_AHB1PeriphClockCmd
 .text.RCC_APB1PeriphClockCmd
                0x080018c4       0x3c ..\obj\stm32f4xx_rcc.o
                0x080018c4                RCC_APB1PeriphClockCmd
 .text.RCC_APB2PeriphClockCmd
                0x08001900       0x3c ..\obj\stm32f4xx_rcc.o
                0x08001900                RCC_APB2PeriphClockCmd
 .text.GPIO_Init
                0x0800193c      0x11c ..\obj\stm32f4xx_gpio.o
                0x0800193c                GPIO_Init
 .text.GPIO_PinAFConfig
                0x08001a58       0x90 ..\obj\stm32f4xx_gpio.o
                0x08001a58                GPIO_PinAFConfig
 .text.SystemInit
                0x08001ae8       0x5c ..\obj\system_stm32f4xx.o
                0x08001ae8                SystemInit
 .text.SetSysClock
                0x08001b44       0xf4 ..\obj\system_stm32f4xx.o
 .text.DMA_DeInit
                0x08001c38      0x1a4 ..\obj\stm32f4xx_dma.o
                0x08001c38                DMA_DeInit
 .text.DMA_Init
                0x08001ddc       0xac ..\obj\stm32f4xx_dma.o
                0x08001ddc                DMA_Init
 .text.DMA_Cmd  0x08001e88       0x38 ..\obj\stm32f4xx_dma.o
                0x08001e88                DMA_Cmd
 .text.DMA_ITConfig
                0x08001ec0       0x74 ..\obj\stm32f4xx_dma.o
                0x08001ec0                DMA_ITConfig
 .text.DMA_GetITStatus
                0x08001f34       0xac ..\obj\stm32f4xx_dma.o
                0x08001f34                DMA_GetITStatus
 .text.DMA_ClearITPendingBit
                0x08001fe0       0x5c ..\obj\stm32f4xx_dma.o
                0x08001fe0                DMA_ClearITPendingBit
 .text.NVIC_Init
                0x0800203c       0xc0 ..\obj\misc.o
                0x0800203c                NVIC_Init
 .text.TIM_TimeBaseInit
                0x080020fc       0xd4 ..\obj\stm32f4xx_tim.o
                0x080020fc                TIM_TimeBaseInit
 .text.TIM_ARRPreloadConfig
                0x080021d0       0x40 ..\obj\stm32f4xx_tim.o
                0x080021d0                TIM_ARRPreloadConfig
 .text.TIM_Cmd  0x08002210       0x40 ..\obj\stm32f4xx_tim.o
                0x08002210                TIM_Cmd
 .text.TIM_OC3Init
                0x08002250      0x10c ..\obj\stm32f4xx_tim.o
                0x08002250                TIM_OC3Init
 .text.TIM_OC4Init
                0x0800235c       0xcc ..\obj\stm32f4xx_tim.o
                0x0800235c                TIM_OC4Init
 .text.TIM_OC3PreloadConfig
                0x08002428       0x38 ..\obj\stm32f4xx_tim.o
                0x08002428                TIM_OC3PreloadConfig
 .text.TIM_OC4PreloadConfig
                0x08002460       0x3c ..\obj\stm32f4xx_tim.o
                0x08002460                TIM_OC4PreloadConfig
 .text.TIM_ITConfig
                0x0800249c       0x48 ..\obj\stm32f4xx_tim.o
                0x0800249c                TIM_ITConfig
 .text.TIM_ClearITPendingBit
                0x080024e4       0x20 ..\obj\stm32f4xx_tim.o
                0x080024e4                TIM_ClearITPendingBit
 .text.TIM_DMACmd
                0x08002504       0x48 ..\obj\stm32f4xx_tim.o
                0x08002504                TIM_DMACmd
 .text.API_draw_line
                0x0800254c       0x4c ..\..\..\libvga_api.a(API_DRAW.o)
                0x0800254c                API_draw_line
 .text.API_draw_rectangle
                0x08002598       0x54 ..\..\..\libvga_api.a(API_DRAW.o)
                0x08002598                API_draw_rectangle
 .text.API_draw_clearscreen
                0x080025ec       0x18 ..\..\..\libvga_api.a(API_DRAW.o)
                0x080025ec                API_draw_clearscreen
 .text.API_draw_text
                0x08002604       0x38 ..\..\..\libvga_api.a(API_DRAW.o)
                0x08002604                API_draw_text
 .text.API_draw_bitmap
                0x0800263c      0x2e8 ..\..\..\libvga_api.a(API_DRAW.o)
                0x0800263c                API_draw_bitmap
 .text.API_io_init
                0x08002924       0x18 ..\..\..\libvga_api.a(API_IO.o)
                0x08002924                API_io_init
 .text.API_io_ERROR_inrange
                0x0800293c       0x64 ..\..\..\libvga_api.a(API_IO.o)
                0x0800293c                API_io_ERROR_inrange
 .text.API_io_DELAY_ms
                0x080029a0       0x14 ..\..\..\libvga_api.a(API_IO.o)
                0x080029a0                API_io_DELAY_ms
 .text.API_io_UART_gets
                0x080029b4       0x18 ..\..\..\libvga_api.a(API_IO.o)
                0x080029b4                API_io_UART_gets
 .text.API_io_UART_puts
                0x080029cc       0x14 ..\..\..\libvga_api.a(API_IO.o)
                0x080029cc                API_io_UART_puts
 .text.API_io_UART_putint
                0x080029e0       0x18 ..\..\..\libvga_api.a(API_IO.o)
                0x080029e0                API_io_UART_putint
 .text.API_io_UART_putnum
                0x080029f8       0x1c ..\..\..\libvga_api.a(API_IO.o)
                0x080029f8                API_io_UART_putnum
 .text.STRING_check
                0x08002a14       0x50 ..\..\..\libvga_api.a(API_IO.o)
                0x08002a14                STRING_check
 .text.API_io_tekst
                0x08002a64      0x1fc ..\..\..\libvga_api.a(API_IO.o)
                0x08002a64                API_io_tekst
 .text.API_io_bitmap
                0x08002c60      0x110 ..\..\..\libvga_api.a(API_IO.o)
                0x08002c60                API_io_bitmap
 .text.API_io_clearscherm
                0x08002d70       0x18 ..\..\..\libvga_api.a(API_IO.o)
                0x08002d70                API_io_clearscherm
 .text.API_io_line
                0x08002d88      0x280 ..\..\..\libvga_api.a(API_IO.o)
                0x08002d88                API_io_line
 .text.API_io_rechthoek
                0x08003008       0xb8 ..\..\..\libvga_api.a(API_IO.o)
                0x08003008                API_io_rechthoek
 .text.UB_VGA_Screen_Init
                0x080030c0       0x80 ..\..\..\libvga_api.a(stm32_ub_vga_screen.o)
                0x080030c0                UB_VGA_Screen_Init
 .text.UB_VGA_FillScreen
                0x08003140       0x48 ..\..\..\libvga_api.a(stm32_ub_vga_screen.o)
                0x08003140                UB_VGA_FillScreen
 .text.UB_VGA_SetPixel
                0x08003188       0x4c ..\..\..\libvga_api.a(stm32_ub_vga_screen.o)
                0x08003188                UB_VGA_SetPixel
 .text.P_VGA_InitIO
                0x080031d4       0xa8 ..\..\..\libvga_api.a(stm32_ub_vga_screen.o)
                0x080031d4                P_VGA_InitIO
 .text.P_VGA_InitTIM
                0x0800327c       0xc8 ..\..\..\libvga_api.a(stm32_ub_vga_screen.o)
                0x0800327c                P_VGA_InitTIM
 .text.P_VGA_InitINT
                0x08003344       0x58 ..\..\..\libvga_api.a(stm32_ub_vga_screen.o)
                0x08003344                P_VGA_InitINT
 .text.P_VGA_InitDMA
                0x0800339c       0x90 ..\..\..\libvga_api.a(stm32_ub_vga_screen.o)
                0x0800339c                P_VGA_InitDMA
 .text.TIM2_IRQHandler
                0x0800342c       0xb8 ..\..\..\libvga_api.a(stm32_ub_vga_screen.o)
                0x0800342c                TIM2_IRQHandler
 .text.DMA2_Stream5_IRQHandler
                0x080034e4       0x4c ..\..\..\libvga_api.a(stm32_ub_vga_screen.o)
                0x080034e4                DMA2_Stream5_IRQHandler
 .text.DELAY_init
                0x08003530      0x140 ..\..\..\libvga_api.a(delay.o)
                0x08003530                DELAY_init
 .text.DELAY_ms
                0x08003670       0x3c ..\..\..\libvga_api.a(delay.o)
                0x08003670                DELAY_ms
 .text.UART_init
                0x080036ac       0x94 ..\..\..\libvga_api.a(uart.o)
                0x080036ac                UART_init
 .text.UART_putchar
                0x08003740       0x30 ..\..\..\libvga_api.a(uart.o)
                0x08003740                UART_putchar
 .text.UART_puts
                0x08003770       0x34 ..\..\..\libvga_api.a(uart.o)
                0x08003770                UART_puts
 .text.USART2_IRQHandler
                0x080037a4       0x8c ..\..\..\libvga_api.a(uart.o)
                0x080037a4                USART2_IRQHandler
 .text.UART_putint
                0x08003830       0x18 ..\..\..\libvga_api.a(uart.o)
                0x08003830                UART_putint
 .text.UART_putnum
                0x08003848       0xb4 ..\..\..\libvga_api.a(uart.o)
                0x08003848                UART_putnum
 .text.UART_get
                0x080038fc       0x30 ..\..\..\libvga_api.a(uart.o)
                0x080038fc                UART_get
 .text.UART_gets
                0x0800392c       0x74 ..\..\..\libvga_api.a(uart.o)
                0x0800392c                UART_gets
 .text.API_io_putc_0
                0x080039a0       0xe8 ..\..\..\libvga_api.a(tekst_bitmap_functions.o)
                0x080039a0                API_io_putc_0
 .text.API_io_puts_0
                0x08003a88       0xf8 ..\..\..\libvga_api.a(tekst_bitmap_functions.o)
                0x08003a88                API_io_puts_0
 .text.API_io_putc_1
                0x08003b80       0xe8 ..\..\..\libvga_api.a(tekst_bitmap_functions.o)
                0x08003b80                API_io_putc_1
 .text.API_io_puts_1
                0x08003c68       0xf8 ..\..\..\libvga_api.a(tekst_bitmap_functions.o)
                0x08003c68                API_io_puts_1
 .text.API_io_putc_2
                0x08003d60       0xe8 ..\..\..\libvga_api.a(tekst_bitmap_functions.o)
                0x08003d60                API_io_putc_2
 .text.API_io_puts_2
                0x08003e48       0xf8 ..\..\..\libvga_api.a(tekst_bitmap_functions.o)
                0x08003e48                API_io_puts_2
 .text.API_io_putc_3
                0x08003f40       0xe8 ..\..\..\libvga_api.a(tekst_bitmap_functions.o)
                0x08003f40                API_io_putc_3
 .text.API_io_puts_3
                0x08004028       0xf8 ..\..\..\libvga_api.a(tekst_bitmap_functions.o)
                0x08004028                API_io_puts_3
 .text.API_io_putc_4
                0x08004120       0xe8 ..\..\..\libvga_api.a(tekst_bitmap_functions.o)
                0x08004120                API_io_putc_4
 .text.API_io_puts_4
                0x08004208       0xf8 ..\..\..\libvga_api.a(tekst_bitmap_functions.o)
                0x08004208                API_io_puts_4
 .text.API_io_putc_5
                0x08004300       0xe8 ..\..\..\libvga_api.a(tekst_bitmap_functions.o)
                0x08004300                API_io_putc_5
 .text.API_io_puts_5
                0x080043e8       0xf8 ..\..\..\libvga_api.a(tekst_bitmap_functions.o)
                0x080043e8                API_io_puts_5
 .text.API_io_putc_6
                0x080044e0       0xe8 ..\..\..\libvga_api.a(tekst_bitmap_functions.o)
                0x080044e0                API_io_putc_6
 .text.API_io_puts_6
                0x080045c8       0xf8 ..\..\..\libvga_api.a(tekst_bitmap_functions.o)
                0x080045c8                API_io_puts_6
 .text.API_io_putc_7
                0x080046c0       0xe8 ..\..\..\libvga_api.a(tekst_bitmap_functions.o)
                0x080046c0                API_io_putc_7
 .text.API_io_puts_7
                0x080047a8       0xf8 ..\..\..\libvga_api.a(tekst_bitmap_functions.o)
                0x080047a8                API_io_puts_7
 .text.API_io_putc_8
                0x080048a0       0xe8 ..\..\..\libvga_api.a(tekst_bitmap_functions.o)
                0x080048a0                API_io_putc_8
 .text.API_io_puts_8
                0x08004988       0xf8 ..\..\..\libvga_api.a(tekst_bitmap_functions.o)
                0x08004988                API_io_puts_8
 .text.API_io_putc_9
                0x08004a80       0xe8 ..\..\..\libvga_api.a(tekst_bitmap_functions.o)
                0x08004a80                API_io_putc_9
 .text.API_io_puts_9
                0x08004b68       0xf8 ..\..\..\libvga_api.a(tekst_bitmap_functions.o)
                0x08004b68                API_io_puts_9
 .text.API_io_putc_10
                0x08004c60       0xe8 ..\..\..\libvga_api.a(tekst_bitmap_functions.o)
                0x08004c60                API_io_putc_10
 .text.API_io_puts_10
                0x08004d48       0xf8 ..\..\..\libvga_api.a(tekst_bitmap_functions.o)
                0x08004d48                API_io_puts_10
 .text.API_io_putc_11
                0x08004e40       0xe8 ..\..\..\libvga_api.a(tekst_bitmap_functions.o)
                0x08004e40                API_io_putc_11
 .text.API_io_puts_11
                0x08004f28       0xf8 ..\..\..\libvga_api.a(tekst_bitmap_functions.o)
                0x08004f28                API_io_puts_11
 .text          0x08005020      0x370 c:/program files (x86)/gnu tools arm embedded/5.4 2016q2/bin/../lib/gcc/arm-none-eabi/5.4.1/armv7e-m\libgcc.a(_arm_addsubdf3.o)
                0x08005020                __aeabi_drsub
                0x08005028                __aeabi_dsub
                0x08005028                __subdf3
                0x0800502c                __aeabi_dadd
                0x0800502c                __adddf3
                0x080052a4                __floatunsidf
                0x080052a4                __aeabi_ui2d
                0x080052c4                __floatsidf
                0x080052c4                __aeabi_i2d
                0x080052e8                __aeabi_f2d
                0x080052e8                __extendsfdf2
                0x08005324                __floatundidf
                0x08005324                __aeabi_ul2d
                0x08005334                __floatdidf
                0x08005334                __aeabi_l2d
 .text          0x08005390      0x424 c:/program files (x86)/gnu tools arm embedded/5.4 2016q2/bin/../lib/gcc/arm-none-eabi/5.4.1/armv7e-m\libgcc.a(_arm_muldivdf3.o)
                0x08005390                __aeabi_dmul
                0x08005390                __muldf3
                0x080055e4                __divdf3
                0x080055e4                __aeabi_ddiv
 .text          0x080057b4       0x40 c:/program files (x86)/gnu tools arm embedded/5.4 2016q2/bin/../lib/gcc/arm-none-eabi/5.4.1/armv7e-m\libgcc.a(_arm_fixunsdfsi.o)
                0x080057b4                __aeabi_d2uiz
                0x080057b4                __fixunsdfsi
 .text          0x080057f4      0x21c c:/program files (x86)/gnu tools arm embedded/5.4 2016q2/bin/../lib/gcc/arm-none-eabi/5.4.1/armv7e-m\libgcc.a(_arm_addsubsf3.o)
                0x080057f4                __aeabi_frsub
                0x080057fc                __subsf3
                0x080057fc                __aeabi_fsub
                0x08005800                __aeabi_fadd
                0x08005800                __addsf3
                0x08005960                __aeabi_ui2f
                0x08005960                __floatunsisf
                0x08005968                __aeabi_i2f
                0x08005968                __floatsisf
                0x08005984                __aeabi_ul2f
                0x08005984                __floatundisf
                0x08005994                __aeabi_l2f
                0x08005994                __floatdisf
 .text          0x08005a10      0x2a0 c:/program files (x86)/gnu tools arm embedded/5.4 2016q2/bin/../lib/gcc/arm-none-eabi/5.4.1/armv7e-m\libgcc.a(_arm_muldivsf3.o)
                0x08005a10                __mulsf3
                0x08005a10                __aeabi_fmul
                0x08005b78                __aeabi_fdiv
                0x08005b78                __divsf3
 .text          0x08005cb0       0xec c:/program files (x86)/gnu tools arm embedded/5.4 2016q2/bin/../lib/gcc/arm-none-eabi/5.4.1/armv7e-m\libgcc.a(_arm_cmpsf2.o)
                0x08005cb0                __gesf2
                0x08005cb0                __gtsf2
                0x08005cb8                __lesf2
                0x08005cb8                __ltsf2
                0x08005cc0                __nesf2
                0x08005cc0                __eqsf2
                0x08005cc0                __cmpsf2
                0x08005d20                __aeabi_cfrcmple
                0x08005d28                __aeabi_cfcmpeq
                0x08005d28                __aeabi_cfcmple
                0x08005d38                __aeabi_fcmpeq
                0x08005d4c                __aeabi_fcmplt
                0x08005d60                __aeabi_fcmple
                0x08005d74                __aeabi_fcmpge
                0x08005d88                __aeabi_fcmpgt
 .text          0x08005d9c       0x4c c:/program files (x86)/gnu tools arm embedded/5.4 2016q2/bin/../lib/gcc/arm-none-eabi/5.4.1/armv7e-m\libgcc.a(_arm_fixsfsi.o)
                0x08005d9c                __aeabi_f2iz
                0x08005d9c                __fixsfsi
 .text.atoi     0x08005de8        0x8 c:/program files (x86)/gnu tools arm embedded/5.4 2016q2/bin/../lib/gcc/arm-none-eabi/5.4.1/../../../../arm-none-eabi/lib/armv7e-m\libg.a(lib_a-atoi.o)
                0x08005de8                atoi
 .text          0x08005df0      0x134 c:/program files (x86)/gnu tools arm embedded/5.4 2016q2/bin/../lib/gcc/arm-none-eabi/5.4.1/../../../../arm-none-eabi/lib/armv7e-m\libg.a(lib_a-memcpy.o)
                0x08005df0                memcpy
 .text.memset   0x08005f24       0x9c c:/program files (x86)/gnu tools arm embedded/5.4 2016q2/bin/../lib/gcc/arm-none-eabi/5.4.1/../../../../arm-none-eabi/lib/armv7e-m\libg.a(lib_a-memset.o)
                0x08005f24                memset
 .text          0x08005fc0       0xdc c:/program files (x86)/gnu tools arm embedded/5.4 2016q2/bin/../lib/gcc/arm-none-eabi/5.4.1/../../../../arm-none-eabi/lib/armv7e-m\libg.a(lib_a-strlen.o)
                0x08005fc0                strlen
 .text.strncmp  0x0800609c       0xa0 c:/program files (x86)/gnu tools arm embedded/5.4 2016q2/bin/../lib/gcc/arm-none-eabi/5.4.1/../../../../arm-none-eabi/lib/armv7e-m\libg.a(lib_a-strncmp.o)
                0x0800609c                strncmp
 .text._strtol_r
                0x0800613c      0x128 c:/program files (x86)/gnu tools arm embedded/5.4 2016q2/bin/../lib/gcc/arm-none-eabi/5.4.1/../../../../arm-none-eabi/lib/armv7e-m\libg.a(lib_a-strtol.o)
                0x0800613c                _strtol_r
 .text.strtol   0x08006264       0x18 c:/program files (x86)/gnu tools arm embedded/5.4 2016q2/bin/../lib/gcc/arm-none-eabi/5.4.1/../../../../arm-none-eabi/lib/armv7e-m\libg.a(lib_a-strtol.o)
                0x08006264                strtol
 *(.init)
 *(.fini)
 *crtbegin.o(.ctors)
 *crtbegin?.o(.ctors)
 *(EXCLUDE_FILE(*crtend.o *crtend?.o) .ctors)
 *(SORT(.ctors.*))
 *(.ctors)
 *crtbegin.o(.dtors)
 *crtbegin?.o(.dtors)
 *(EXCLUDE_FILE(*crtend.o *crtend?.o) .dtors)
 *(SORT(.dtors.*))
 *(.dtors)
 *(.rodata*)
 .rodata        0x0800627c      0x1ae ..\obj\UI.o
 *fill*         0x0800642a        0x2 
 .rodata        0x0800642c      0x1a3 ..\obj\LL.o
 *fill*         0x080065cf        0x1 
 .rodata        0x080065d0       0x14 ..\..\..\libvga_api.a(API_IO.o)
 .rodata        0x080065e4     0x7740 ..\..\..\libvga_api.a(tekst_bitmap_functions.o)
                0x080065e4                S_arial_8ptBitmaps
                0x080069b8                S_arial_8ptDescriptors
                0x08006ca8                B_arial_8ptBitmaps
                0x080070ec                B_arial_8ptDescriptors
                0x080073dc                C_arial_8ptBitmaps
                0x08007874                C_arial_8ptDescriptors
                0x08007b64                S_arial_16ptBitmaps
                0x0800889c                S_arial_16ptDescriptors
                0x08008b8c                B_arial_16ptBitmaps
                0x080098ec                B_arial_16ptDescriptors
                0x08009bdc                C_arial_16ptBitmaps
                0x0800a950                C_arial_16ptDescriptors
                0x0800ac40                S_consolas_8ptBitmaps
                0x0800b04c                S_consolas_8ptDescriptors
                0x0800b33c                B_consolas_8ptBitmaps
                0x0800b748                B_consolas_8ptDescriptors
                0x0800ba38                C_consolas_8ptBitmaps
                0x0800be44                C_consolas_8ptDescriptors
                0x0800c134                S_consolas_16ptBitmaps
                0x0800c764                S_consolas_16ptDescriptors
                0x0800ca54                B_consolas_16ptBitmaps
                0x0800d054                B_consolas_16ptDescriptors
                0x0800d344                C_consolas_16ptBitmaps
                0x0800da34                C_consolas_16ptDescriptors
 .rodata._ctype_
                0x0800dd24      0x101 c:/program files (x86)/gnu tools arm embedded/5.4 2016q2/bin/../lib/gcc/arm-none-eabi/5.4.1/../../../../arm-none-eabi/lib/armv7e-m\libg.a(lib_a-ctype_.o)
                0x0800dd24                _ctype_
 *(.eh_fram e*)

.glue_7         0x0800de28        0x0
 .glue_7        0x0800de28        0x0 linker stubs

.glue_7t        0x0800de28        0x0
 .glue_7t       0x0800de28        0x0 linker stubs

.vfp11_veneer   0x0800de28        0x0
 .vfp11_veneer  0x0800de28        0x0 linker stubs

.v4_bx          0x0800de28        0x0
 .v4_bx         0x0800de28        0x0 linker stubs

.iplt           0x0800de28        0x0
 .iplt          0x0800de28        0x0 ..\obj\UI.o

.rel.dyn        0x0800de28        0x0
 .rel.iplt      0x0800de28        0x0 ..\obj\UI.o

.ARM.extab
 *(.ARM.extab* .gnu.linkonce.armextab.*)
                0x0800de28                __exidx_start = .

.ARM.exidx
 *(.ARM.exidx* .gnu.linkonce.armexidx.*)
                0x0800de28                __exidx_end = .
                0x0800de28                __etext = .
                0x0800de25                _sidata = __etext

.data           0x20000000     0x293c load address 0x0800de25
                0x20000000                __data_start__ = .
                0x20000000                _sdata = __data_start__
 *(vtable)
 *(.data*)
 .data          0x20000000       0x10 ..\obj\stm32f4xx_rcc.o
 .data          0x20000010     0x24e8 ..\..\..\libvga_api.a(API_DRAW.o)
                0x20000010                pijl_links
                0x20000478                pijl_rechts
                0x200008e0                pijl_omhoog
                0x20000d20                pijl_omlaag
                0x20001160                smiley_blij
                0x20001b2c                smiley_boos
 .data          0x200024f8       0x10 ..\..\..\libvga_api.a(uart.o)
 .data          0x20002508      0x430 ..\..\..\libvga_api.a(printf.o)
                0x20002508                r
                0x20002930                _impure_ptr
 .data.__ctype_ptr__
                0x20002938        0x4 c:/program files (x86)/gnu tools arm embedded/5.4 2016q2/bin/../lib/gcc/arm-none-eabi/5.4.1/../../../../arm-none-eabi/lib/armv7e-m\libg.a(lib_a-ctype_.o)
                0x20002938                __ctype_ptr__
                0x2000293c                . = ALIGN (0x4)
                [!provide]                PROVIDE (__preinit_array_start, .)
 *(.preinit_array)
                [!provide]                PROVIDE (__preinit_array_end, .)
                0x2000293c                . = ALIGN (0x4)
                [!provide]                PROVIDE (__init_array_start, .)
 *(SORT(.init_array.*))
 *(.init_array)
                [!provide]                PROVIDE (__init_array_end, .)
                0x2000293c                . = ALIGN (0x4)
                [!provide]                PROVIDE (__fini_array_start, .)
 *(SORT(.fini_array.*))
 *(.fini_array)
                [!provide]                PROVIDE (__fini_array_end, .)
 *(.jcr*)
                0x2000293c                . = ALIGN (0x4)
                0x2000293c                __data_end__ = .
                0x2000293c                _edata = __data_end__

.igot.plt       0x2000293c        0x0 load address 0x08010764
 .igot.plt      0x2000293c        0x0 ..\obj\UI.o

.bss            0x2000293c    0x12d74 load address 0x08010764
                0x2000293c                . = ALIGN (0x4)
                0x2000293c                __bss_start__ = .
                0x2000293c                _sbss = __bss_start__
 *(.bss*)
 .bss           0x2000293c        0x4 ..\..\..\libvga_api.a(uart.o)
                0x2000293c                charcounter
 *(COMMON)
 COMMON         0x20002940    0x12cfc ..\..\..\libvga_api.a(API_DRAW.o)
                0x20002940                VGA
                0x2000294c                VGA_RAM1
 COMMON         0x2001563c       0x10 ..\..\..\libvga_api.a(delay.o)
                0x2001563c                G_CLK
                0x20015640                D_S
                0x20015644                D_uS
                0x20015648                D_mS
 COMMON         0x2001564c       0x64 ..\..\..\libvga_api.a(uart.o)
                0x2001564c                string
                0x200156b0                . = ALIGN (0x4)
                0x200156b0                __bss_end__ = .
                0x200156b0                _ebss = __bss_end__

.heap           0x200156b0        0x0
                0x200156b0                __end__ = .
                0x200156b0                _end = __end__
                0x200156b0                end = __end__
 *(.heap*)
                0x200156b0                __HeapLimit = .

.co_stack       0x200156b0      0x800 load address 0x080234d8
                0x200156b0                . = ALIGN (0x8)
 *(.co_stack .co_stack.*)
 .co_stack      0x200156b0      0x800 ..\obj\startup_stm32f4xx.o
                0x200156b0                pulStack
                0x20020000                __StackTop = (ORIGIN (ram) + LENGTH (ram))
                0x2001f800                __StackLimit = (__StackTop - SIZEOF (.co_stack))
                [!provide]                PROVIDE (__stack, __StackTop)
                0x00000001                ASSERT ((__StackLimit >= __HeapLimit), region ram  overflowed with stack)
LOAD ..\obj\UI.o
LOAD ..\obj\stm32f4xx_usart.o
LOAD ..\obj\startup_stm32f4xx.o
LOAD ..\obj\LL.o
LOAD ..\obj\stm32f4xx_rcc.o
LOAD ..\obj\stm32f4xx_gpio.o
LOAD ..\obj\system_stm32f4xx.o
LOAD ..\obj\syscalls.o
LOAD ..\obj\stm32f4xx_dma.o
LOAD ..\obj\misc.o
LOAD ..\obj\stm32f4xx_tim.o
LOAD ..\..\..\libvga_api.a
LOAD c:/program files (x86)/gnu tools arm embedded/5.4 2016q2/bin/../lib/gcc/arm-none-eabi/5.4.1/../../../../arm-none-eabi/lib/armv7e-m\libm.a
START GROUP
LOAD c:/program files (x86)/gnu tools arm embedded/5.4 2016q2/bin/../lib/gcc/arm-none-eabi/5.4.1/armv7e-m\libgcc.a
LOAD c:/program files (x86)/gnu tools arm embedded/5.4 2016q2/bin/../lib/gcc/arm-none-eabi/5.4.1/../../../../arm-none-eabi/lib/armv7e-m\libg.a
LOAD c:/program files (x86)/gnu tools arm embedded/5.4 2016q2/bin/../lib/gcc/arm-none-eabi/5.4.1/../../../../arm-none-eabi/lib/armv7e-m\libc.a
END GROUP
OUTPUT(VGA_Core.elf elf32-littlearm)

.debug_info     0x00000000     0x9b7a
 .debug_info    0x00000000      0x432 ..\obj\UI.o
 .debug_info    0x00000432      0x9ca ..\obj\stm32f4xx_usart.o
 .debug_info    0x00000dfc       0xf2 ..\obj\startup_stm32f4xx.o
 .debug_info    0x00000eee      0x4ef ..\obj\LL.o
 .debug_info    0x000013dd      0xc63 ..\obj\stm32f4xx_rcc.o
 .debug_info    0x00002040      0x61a ..\obj\stm32f4xx_gpio.o
 .debug_info    0x0000265a      0x5c5 ..\obj\system_stm32f4xx.o
 .debug_info    0x00002c1f      0x741 ..\obj\stm32f4xx_dma.o
 .debug_info    0x00003360      0x556 ..\obj\misc.o
 .debug_info    0x000038b6     0x1c69 ..\obj\stm32f4xx_tim.o
 .debug_info    0x0000551f      0x459 ..\..\..\libvga_api.a(API_DRAW.o)
 .debug_info    0x00005978      0x7cd ..\..\..\libvga_api.a(API_IO.o)
 .debug_info    0x00006145      0xaa7 ..\..\..\libvga_api.a(stm32_ub_vga_screen.o)
 .debug_info    0x00006bec      0x27a ..\..\..\libvga_api.a(delay.o)
 .debug_info    0x00006e66      0x9b2 ..\..\..\libvga_api.a(uart.o)
 .debug_info    0x00007818     0x152a ..\..\..\libvga_api.a(tekst_bitmap_functions.o)
 .debug_info    0x00008d42      0xe38 ..\..\..\libvga_api.a(printf.o)

.debug_abbrev   0x00000000     0x19c2
 .debug_abbrev  0x00000000      0x14a ..\obj\UI.o
 .debug_abbrev  0x0000014a      0x157 ..\obj\stm32f4xx_usart.o
 .debug_abbrev  0x000002a1       0xb0 ..\obj\startup_stm32f4xx.o
 .debug_abbrev  0x00000351      0x153 ..\obj\LL.o
 .debug_abbrev  0x000004a4      0x1e5 ..\obj\stm32f4xx_rcc.o
 .debug_abbrev  0x00000689      0x1a7 ..\obj\stm32f4xx_gpio.o
 .debug_abbrev  0x00000830      0x138 ..\obj\system_stm32f4xx.o
 .debug_abbrev  0x00000968      0x157 ..\obj\stm32f4xx_dma.o
 .debug_abbrev  0x00000abf      0x147 ..\obj\misc.o
 .debug_abbrev  0x00000c06      0x189 ..\obj\stm32f4xx_tim.o
 .debug_abbrev  0x00000d8f      0x110 ..\..\..\libvga_api.a(API_DRAW.o)
 .debug_abbrev  0x00000e9f      0x256 ..\..\..\libvga_api.a(API_IO.o)
 .debug_abbrev  0x000010f5      0x1c1 ..\..\..\libvga_api.a(stm32_ub_vga_screen.o)
 .debug_abbrev  0x000012b6      0x100 ..\..\..\libvga_api.a(delay.o)
 .debug_abbrev  0x000013b6      0x1d7 ..\..\..\libvga_api.a(uart.o)
 .debug_abbrev  0x0000158d      0x1b7 ..\..\..\libvga_api.a(tekst_bitmap_functions.o)
 .debug_abbrev  0x00001744      0x27e ..\..\..\libvga_api.a(printf.o)

.debug_aranges  0x00000000      0xb40
 .debug_aranges
                0x00000000       0x40 ..\obj\UI.o
 .debug_aranges
                0x00000040      0x100 ..\obj\stm32f4xx_usart.o
 .debug_aranges
                0x00000140       0x28 ..\obj\startup_stm32f4xx.o
 .debug_aranges
                0x00000168       0x48 ..\obj\LL.o
 .debug_aranges
                0x000001b0      0x178 ..\obj\stm32f4xx_rcc.o
 .debug_aranges
                0x00000328       0x88 ..\obj\stm32f4xx_gpio.o
 .debug_aranges
                0x000003b0       0x30 ..\obj\system_stm32f4xx.o
 .debug_aranges
                0x000003e0       0xb0 ..\obj\stm32f4xx_dma.o
 .debug_aranges
                0x00000490       0x40 ..\obj\misc.o
 .debug_aranges
                0x000004d0      0x2f8 ..\obj\stm32f4xx_tim.o
 .debug_aranges
                0x000007c8       0x40 ..\..\..\libvga_api.a(API_DRAW.o)
 .debug_aranges
                0x00000808       0xc0 ..\..\..\libvga_api.a(API_IO.o)
 .debug_aranges
                0x000008c8       0x60 ..\..\..\libvga_api.a(stm32_ub_vga_screen.o)
 .debug_aranges
                0x00000928       0x38 ..\..\..\libvga_api.a(delay.o)
 .debug_aranges
                0x00000960       0x68 ..\..\..\libvga_api.a(uart.o)
 .debug_aranges
                0x000009c8       0xd8 ..\..\..\libvga_api.a(tekst_bitmap_functions.o)
 .debug_aranges
                0x00000aa0       0xa0 ..\..\..\libvga_api.a(printf.o)

.debug_ranges   0x00000000      0xa30
 .debug_ranges  0x00000000       0x30 ..\obj\UI.o
 .debug_ranges  0x00000030       0xf0 ..\obj\stm32f4xx_usart.o
 .debug_ranges  0x00000120       0x18 ..\obj\startup_stm32f4xx.o
 .debug_ranges  0x00000138       0x38 ..\obj\LL.o
 .debug_ranges  0x00000170      0x168 ..\obj\stm32f4xx_rcc.o
 .debug_ranges  0x000002d8       0x78 ..\obj\stm32f4xx_gpio.o
 .debug_ranges  0x00000350       0x20 ..\obj\system_stm32f4xx.o
 .debug_ranges  0x00000370       0xa0 ..\obj\stm32f4xx_dma.o
 .debug_ranges  0x00000410       0x30 ..\obj\misc.o
 .debug_ranges  0x00000440      0x2e8 ..\obj\stm32f4xx_tim.o
 .debug_ranges  0x00000728       0x30 ..\..\..\libvga_api.a(API_DRAW.o)
 .debug_ranges  0x00000758       0xb0 ..\..\..\libvga_api.a(API_IO.o)
 .debug_ranges  0x00000808       0x50 ..\..\..\libvga_api.a(stm32_ub_vga_screen.o)
 .debug_ranges  0x00000858       0x28 ..\..\..\libvga_api.a(delay.o)
 .debug_ranges  0x00000880       0x58 ..\..\..\libvga_api.a(uart.o)
 .debug_ranges  0x000008d8       0xc8 ..\..\..\libvga_api.a(tekst_bitmap_functions.o)
 .debug_ranges  0x000009a0       0x90 ..\..\..\libvga_api.a(printf.o)

.debug_line     0x00000000     0x4889
 .debug_line    0x00000000      0x1fc ..\obj\UI.o
 .debug_line    0x000001fc      0x599 ..\obj\stm32f4xx_usart.o
 .debug_line    0x00000795       0xd1 ..\obj\startup_stm32f4xx.o
 .debug_line    0x00000866      0x37c ..\obj\LL.o
 .debug_line    0x00000be2      0x685 ..\obj\stm32f4xx_rcc.o
 .debug_line    0x00001267      0x440 ..\obj\stm32f4xx_gpio.o
 .debug_line    0x000016a7      0x262 ..\obj\system_stm32f4xx.o
 .debug_line    0x00001909      0x50a ..\obj\stm32f4xx_dma.o
 .debug_line    0x00001e13      0x31e ..\obj\misc.o
 .debug_line    0x00002131      0xba1 ..\obj\stm32f4xx_tim.o
 .debug_line    0x00002cd2      0x2cb ..\..\..\libvga_api.a(API_DRAW.o)
 .debug_line    0x00002f9d      0x434 ..\..\..\libvga_api.a(API_IO.o)
 .debug_line    0x000033d1      0x346 ..\..\..\libvga_api.a(stm32_ub_vga_screen.o)
 .debug_line    0x00003717      0x215 ..\..\..\libvga_api.a(delay.o)
 .debug_line    0x0000392c      0x3c4 ..\..\..\libvga_api.a(uart.o)
 .debug_line    0x00003cf0      0x7fe ..\..\..\libvga_api.a(tekst_bitmap_functions.o)
 .debug_line    0x000044ee      0x39b ..\..\..\libvga_api.a(printf.o)

.debug_str      0x00000000     0x3a38
 .debug_str     0x00000000      0x350 ..\obj\UI.o
                                0x3a9 (size before relaxing)
 .debug_str     0x00000350      0x56f ..\obj\stm32f4xx_usart.o
                                0x6bf (size before relaxing)
 .debug_str     0x000008bf       0xe0 ..\obj\startup_stm32f4xx.o
                                0x177 (size before relaxing)
 .debug_str     0x0000099f       0xf8 ..\obj\LL.o
                                0x3f5 (size before relaxing)
 .debug_str     0x00000a97      0x60d ..\obj\stm32f4xx_rcc.o
                                0x880 (size before relaxing)
 .debug_str     0x000010a4      0x358 ..\obj\stm32f4xx_gpio.o
                                0x4d3 (size before relaxing)
 .debug_str     0x000013fc      0x148 ..\obj\system_stm32f4xx.o
                                0x3da (size before relaxing)
 .debug_str     0x00001544      0x3c1 ..\obj\stm32f4xx_dma.o
                                0x572 (size before relaxing)
 .debug_str     0x00001905      0x202 ..\obj\misc.o
                                0x3fe (size before relaxing)
 .debug_str     0x00001b07      0xbb9 ..\obj\stm32f4xx_tim.o
                                0xe00 (size before relaxing)
 .debug_str     0x000026c0      0x21e ..\..\..\libvga_api.a(API_DRAW.o)
                                0x33e (size before relaxing)
 .debug_str     0x000028de      0x24d ..\..\..\libvga_api.a(API_IO.o)
                                0x4ec (size before relaxing)
 .debug_str     0x00002b2b      0x63b ..\..\..\libvga_api.a(stm32_ub_vga_screen.o)
                                0xcb6 (size before relaxing)
 .debug_str     0x00003166       0x59 ..\..\..\libvga_api.a(delay.o)
                                0x28f (size before relaxing)
 .debug_str     0x000031bf       0xca ..\..\..\libvga_api.a(uart.o)
                                0xb0c (size before relaxing)
 .debug_str     0x00003289      0x326 ..\..\..\libvga_api.a(tekst_bitmap_functions.o)
                                0x600 (size before relaxing)
 .debug_str     0x000035af      0x489 ..\..\..\libvga_api.a(printf.o)
                                0x668 (size before relaxing)

.comment        0x00000000       0xde
 .comment       0x00000000       0x6e ..\obj\UI.o
                                 0x6f (size before relaxing)
 .comment       0x0000006e       0x6f ..\obj\stm32f4xx_usart.o
 .comment       0x0000006e       0x6f ..\obj\startup_stm32f4xx.o
 .comment       0x0000006e       0x6f ..\obj\LL.o
 .comment       0x0000006e       0x6f ..\obj\stm32f4xx_rcc.o
 .comment       0x0000006e       0x6f ..\obj\stm32f4xx_gpio.o
 .comment       0x0000006e       0x6f ..\obj\system_stm32f4xx.o
 .comment       0x0000006e       0x6f ..\obj\stm32f4xx_dma.o
 .comment       0x0000006e       0x6f ..\obj\misc.o
 .comment       0x0000006e       0x6f ..\obj\stm32f4xx_tim.o
 .comment       0x0000006e       0x70 ..\..\..\libvga_api.a(API_DRAW.o)
                                 0x71 (size before relaxing)
 .comment       0x000000de       0x71 ..\..\..\libvga_api.a(API_IO.o)
 .comment       0x000000de       0x71 ..\..\..\libvga_api.a(stm32_ub_vga_screen.o)
 .comment       0x000000de       0x71 ..\..\..\libvga_api.a(delay.o)
 .comment       0x000000de       0x71 ..\..\..\libvga_api.a(uart.o)
 .comment       0x000000de       0x71 ..\..\..\libvga_api.a(tekst_bitmap_functions.o)
 .comment       0x000000de       0x71 ..\..\..\libvga_api.a(printf.o)

.ARM.attributes
                0x00000000       0x31
 .ARM.attributes
                0x00000000       0x33 ..\obj\UI.o
 .ARM.attributes
                0x00000033       0x33 ..\obj\stm32f4xx_usart.o
 .ARM.attributes
                0x00000066       0x33 ..\obj\startup_stm32f4xx.o
 .ARM.attributes
                0x00000099       0x33 ..\obj\LL.o
 .ARM.attributes
                0x000000cc       0x33 ..\obj\stm32f4xx_rcc.o
 .ARM.attributes
                0x000000ff       0x33 ..\obj\stm32f4xx_gpio.o
 .ARM.attributes
                0x00000132       0x33 ..\obj\system_stm32f4xx.o
 .ARM.attributes
                0x00000165       0x33 ..\obj\stm32f4xx_dma.o
 .ARM.attributes
                0x00000198       0x33 ..\obj\misc.o
 .ARM.attributes
                0x000001cb       0x33 ..\obj\stm32f4xx_tim.o
 .ARM.attributes
                0x000001fe       0x33 ..\..\..\libvga_api.a(API_DRAW.o)
 .ARM.attributes
                0x00000231       0x33 ..\..\..\libvga_api.a(API_IO.o)
 .ARM.attributes
                0x00000264       0x33 ..\..\..\libvga_api.a(stm32_ub_vga_screen.o)
 .ARM.attributes
                0x00000297       0x33 ..\..\..\libvga_api.a(delay.o)
 .ARM.attributes
                0x000002ca       0x33 ..\..\..\libvga_api.a(uart.o)
 .ARM.attributes
                0x000002fd       0x33 ..\..\..\libvga_api.a(tekst_bitmap_functions.o)
 .ARM.attributes
                0x00000330       0x33 ..\..\..\libvga_api.a(printf.o)
 .ARM.attributes
                0x00000363       0x1e c:/program files (x86)/gnu tools arm embedded/5.4 2016q2/bin/../lib/gcc/arm-none-eabi/5.4.1/armv7e-m\libgcc.a(_arm_addsubdf3.o)
 .ARM.attributes
                0x00000381       0x1e c:/program files (x86)/gnu tools arm embedded/5.4 2016q2/bin/../lib/gcc/arm-none-eabi/5.4.1/armv7e-m\libgcc.a(_arm_muldivdf3.o)
 .ARM.attributes
                0x0000039f       0x1e c:/program files (x86)/gnu tools arm embedded/5.4 2016q2/bin/../lib/gcc/arm-none-eabi/5.4.1/armv7e-m\libgcc.a(_arm_fixunsdfsi.o)
 .ARM.attributes
                0x000003bd       0x1e c:/program files (x86)/gnu tools arm embedded/5.4 2016q2/bin/../lib/gcc/arm-none-eabi/5.4.1/armv7e-m\libgcc.a(_arm_addsubsf3.o)
 .ARM.attributes
                0x000003db       0x1e c:/program files (x86)/gnu tools arm embedded/5.4 2016q2/bin/../lib/gcc/arm-none-eabi/5.4.1/armv7e-m\libgcc.a(_arm_muldivsf3.o)
 .ARM.attributes
                0x000003f9       0x1e c:/program files (x86)/gnu tools arm embedded/5.4 2016q2/bin/../lib/gcc/arm-none-eabi/5.4.1/armv7e-m\libgcc.a(_arm_cmpsf2.o)
 .ARM.attributes
                0x00000417       0x1e c:/program files (x86)/gnu tools arm embedded/5.4 2016q2/bin/../lib/gcc/arm-none-eabi/5.4.1/armv7e-m\libgcc.a(_arm_fixsfsi.o)
 .ARM.attributes
                0x00000435       0x2e c:/program files (x86)/gnu tools arm embedded/5.4 2016q2/bin/../lib/gcc/arm-none-eabi/5.4.1/../../../../arm-none-eabi/lib/armv7e-m\libg.a(lib_a-atoi.o)
 .ARM.attributes
                0x00000463       0x2e c:/program files (x86)/gnu tools arm embedded/5.4 2016q2/bin/../lib/gcc/arm-none-eabi/5.4.1/../../../../arm-none-eabi/lib/armv7e-m\libg.a(lib_a-ctype_.o)
 .ARM.attributes
                0x00000491       0x1c c:/program files (x86)/gnu tools arm embedded/5.4 2016q2/bin/../lib/gcc/arm-none-eabi/5.4.1/../../../../arm-none-eabi/lib/armv7e-m\libg.a(lib_a-memcpy.o)
 .ARM.attributes
                0x000004ad       0x2e c:/program files (x86)/gnu tools arm embedded/5.4 2016q2/bin/../lib/gcc/arm-none-eabi/5.4.1/../../../../arm-none-eabi/lib/armv7e-m\libg.a(lib_a-memset.o)
 .ARM.attributes
                0x000004db       0x1c c:/program files (x86)/gnu tools arm embedded/5.4 2016q2/bin/../lib/gcc/arm-none-eabi/5.4.1/../../../../arm-none-eabi/lib/armv7e-m\libg.a(lib_a-strlen.o)
 .ARM.attributes
                0x000004f7       0x2e c:/program files (x86)/gnu tools arm embedded/5.4 2016q2/bin/../lib/gcc/arm-none-eabi/5.4.1/../../../../arm-none-eabi/lib/armv7e-m\libg.a(lib_a-strncmp.o)
 .ARM.attributes
                0x00000525       0x2e c:/program files (x86)/gnu tools arm embedded/5.4 2016q2/bin/../lib/gcc/arm-none-eabi/5.4.1/../../../../arm-none-eabi/lib/armv7e-m\libg.a(lib_a-strtol.o)

.debug_frame    0x00000000     0x2f14
 .debug_frame   0x00000000       0xcc ..\obj\UI.o
 .debug_frame   0x000000cc      0x490 ..\obj\stm32f4xx_usart.o
 .debug_frame   0x0000055c       0x4c ..\obj\startup_stm32f4xx.o
 .debug_frame   0x000005a8      0x100 ..\obj\LL.o
 .debug_frame   0x000006a8      0x6d4 ..\obj\stm32f4xx_rcc.o
 .debug_frame   0x00000d7c      0x23c ..\obj\stm32f4xx_gpio.o
 .debug_frame   0x00000fb8       0x7c ..\obj\system_stm32f4xx.o
 .debug_frame   0x00001034      0x308 ..\obj\stm32f4xx_dma.o
 .debug_frame   0x0000133c       0xd8 ..\obj\misc.o
 .debug_frame   0x00001414      0xe54 ..\obj\stm32f4xx_tim.o
 .debug_frame   0x00002268       0xb0 ..\..\..\libvga_api.a(API_DRAW.o)
 .debug_frame   0x00002318      0x294 ..\..\..\libvga_api.a(API_IO.o)
 .debug_frame   0x000025ac      0x124 ..\..\..\libvga_api.a(stm32_ub_vga_screen.o)
 .debug_frame   0x000026d0       0x84 ..\..\..\libvga_api.a(delay.o)
 .debug_frame   0x00002754      0x160 ..\..\..\libvga_api.a(uart.o)
 .debug_frame   0x000028b4      0x310 ..\..\..\libvga_api.a(tekst_bitmap_functions.o)
 .debug_frame   0x00002bc4      0x244 ..\..\..\libvga_api.a(printf.o)
 .debug_frame   0x00002e08       0x30 c:/program files (x86)/gnu tools arm embedded/5.4 2016q2/bin/../lib/gcc/arm-none-eabi/5.4.1/../../../../arm-none-eabi/lib/armv7e-m\libg.a(lib_a-atoi.o)
 .debug_frame   0x00002e38       0x34 c:/program files (x86)/gnu tools arm embedded/5.4 2016q2/bin/../lib/gcc/arm-none-eabi/5.4.1/../../../../arm-none-eabi/lib/armv7e-m\libg.a(lib_a-memset.o)
 .debug_frame   0x00002e6c       0x54 c:/program files (x86)/gnu tools arm embedded/5.4 2016q2/bin/../lib/gcc/arm-none-eabi/5.4.1/../../../../arm-none-eabi/lib/armv7e-m\libg.a(lib_a-strncmp.o)
 .debug_frame   0x00002ec0       0x54 c:/program files (x86)/gnu tools arm embedded/5.4 2016q2/bin/../lib/gcc/arm-none-eabi/5.4.1/../../../../arm-none-eabi/lib/armv7e-m\libg.a(lib_a-strtol.o)
