Archive member included to satisfy reference by file (symbol)

..\..\..\libvga_api.a(API_DRAW.o)
                              ..\obj\LL.o (API_DRAW_line)
..\..\..\libvga_api.a(API_IO.o)
                              ..\obj\UI.o (API_IO_init)
..\..\..\libvga_api.a(delay.o)
                              ..\..\..\libvga_api.a(API_IO.o) (DELAY_init)
..\..\..\libvga_api.a(uart.o)
                              ..\..\..\libvga_api.a(API_IO.o) (UART_init)
..\..\..\libvga_api.a(printf.o)
                              ..\..\..\libvga_api.a(uart.o) (vsnprintf)
c:/program files (x86)/gnu tools arm embedded/5.4 2016q2/bin/../lib/gcc/arm-none-eabi/5.4.1/armv7e-m\libgcc.a(_arm_addsubdf3.o)
                              ..\..\..\libvga_api.a(delay.o) (__aeabi_ui2d)
c:/program files (x86)/gnu tools arm embedded/5.4 2016q2/bin/../lib/gcc/arm-none-eabi/5.4.1/armv7e-m\libgcc.a(_arm_muldivdf3.o)
                              ..\..\..\libvga_api.a(delay.o) (__aeabi_dmul)
c:/program files (x86)/gnu tools arm embedded/5.4 2016q2/bin/../lib/gcc/arm-none-eabi/5.4.1/armv7e-m\libgcc.a(_arm_fixunsdfsi.o)
                              ..\..\..\libvga_api.a(delay.o) (__aeabi_d2uiz)
c:/program files (x86)/gnu tools arm embedded/5.4 2016q2/bin/../lib/gcc/arm-none-eabi/5.4.1/armv7e-m\libgcc.a(_arm_addsubsf3.o)
                              ..\..\..\libvga_api.a(API_IO.o) (__aeabi_fadd)
c:/program files (x86)/gnu tools arm embedded/5.4 2016q2/bin/../lib/gcc/arm-none-eabi/5.4.1/armv7e-m\libgcc.a(_arm_muldivsf3.o)
                              ..\..\..\libvga_api.a(API_IO.o) (__aeabi_fmul)
c:/program files (x86)/gnu tools arm embedded/5.4 2016q2/bin/../lib/gcc/arm-none-eabi/5.4.1/armv7e-m\libgcc.a(_arm_cmpsf2.o)
                              ..\..\..\libvga_api.a(API_IO.o) (__aeabi_fcmple)
c:/program files (x86)/gnu tools arm embedded/5.4 2016q2/bin/../lib/gcc/arm-none-eabi/5.4.1/armv7e-m\libgcc.a(_arm_fixsfsi.o)
                              ..\..\..\libvga_api.a(API_IO.o) (__aeabi_f2iz)
c:/program files (x86)/gnu tools arm embedded/5.4 2016q2/bin/../lib/gcc/arm-none-eabi/5.4.1/../../../../arm-none-eabi/lib/armv7e-m\libg.a(lib_a-atoi.o)
                              ..\obj\LL.o (atoi)
c:/program files (x86)/gnu tools arm embedded/5.4 2016q2/bin/../lib/gcc/arm-none-eabi/5.4.1/../../../../arm-none-eabi/lib/armv7e-m\libg.a(lib_a-ctype_.o)
                              ..\obj\UI.o (__ctype_ptr__)
c:/program files (x86)/gnu tools arm embedded/5.4 2016q2/bin/../lib/gcc/arm-none-eabi/5.4.1/../../../../arm-none-eabi/lib/armv7e-m\libg.a(lib_a-memset.o)
                              ..\obj\UI.o (memset)
c:/program files (x86)/gnu tools arm embedded/5.4 2016q2/bin/../lib/gcc/arm-none-eabi/5.4.1/../../../../arm-none-eabi/lib/armv7e-m\libg.a(lib_a-strlen.o)
                              ..\obj\LL.o (strlen)
c:/program files (x86)/gnu tools arm embedded/5.4 2016q2/bin/../lib/gcc/arm-none-eabi/5.4.1/../../../../arm-none-eabi/lib/armv7e-m\libg.a(lib_a-strncmp.o)
                              ..\obj\LL.o (strncmp)
c:/program files (x86)/gnu tools arm embedded/5.4 2016q2/bin/../lib/gcc/arm-none-eabi/5.4.1/../../../../arm-none-eabi/lib/armv7e-m\libg.a(lib_a-strtol.o)
                              c:/program files (x86)/gnu tools arm embedded/5.4 2016q2/bin/../lib/gcc/arm-none-eabi/5.4.1/../../../../arm-none-eabi/lib/armv7e-m\libg.a(lib_a-atoi.o) (_strtol_r)

Allocating common symbols
Common symbol       size              file

G_CLK               0x4               ..\..\..\libvga_api.a(delay.o)
D_S                 0x4               ..\..\..\libvga_api.a(delay.o)
D_uS                0x4               ..\..\..\libvga_api.a(delay.o)
string              0x64              ..\..\..\libvga_api.a(uart.o)
VGA                 0xc               ..\obj\stm32_ub_vga_screen.o
VGA_RAM1            0x12cf0           ..\obj\stm32_ub_vga_screen.o
D_mS                0x4               ..\..\..\libvga_api.a(delay.o)

Discarded input sections

 .text          0x00000000        0x0 ..\obj\UI.o
 .data          0x00000000        0x0 ..\obj\UI.o
 .bss           0x00000000        0x0 ..\obj\UI.o
 .text          0x00000000        0x0 ..\obj\stm32f4xx_usart.o
 .data          0x00000000        0x0 ..\obj\stm32f4xx_usart.o
 .bss           0x00000000        0x0 ..\obj\stm32f4xx_usart.o
 .text.USART_DeInit
                0x00000000       0xd4 ..\obj\stm32f4xx_usart.o
 .text.USART_StructInit
                0x00000000       0x38 ..\obj\stm32f4xx_usart.o
 .text.USART_ClockInit
                0x00000000       0x54 ..\obj\stm32f4xx_usart.o
 .text.USART_ClockStructInit
                0x00000000       0x2c ..\obj\stm32f4xx_usart.o
 .text.USART_SetPrescaler
                0x00000000       0x38 ..\obj\stm32f4xx_usart.o
 .text.USART_OverSampling8Cmd
                0x00000000       0x44 ..\obj\stm32f4xx_usart.o
 .text.USART_OneBitMethodCmd
                0x00000000       0x40 ..\obj\stm32f4xx_usart.o
 .text.USART_ReceiveData
                0x00000000       0x20 ..\obj\stm32f4xx_usart.o
 .text.USART_SetAddress
                0x00000000       0x38 ..\obj\stm32f4xx_usart.o
 .text.USART_ReceiverWakeUpCmd
                0x00000000       0x40 ..\obj\stm32f4xx_usart.o
 .text.USART_WakeUpConfig
                0x00000000       0x38 ..\obj\stm32f4xx_usart.o
 .text.USART_LINBreakDetectLengthConfig
                0x00000000       0x38 ..\obj\stm32f4xx_usart.o
 .text.USART_LINCmd
                0x00000000       0x40 ..\obj\stm32f4xx_usart.o
 .text.USART_SendBreak
                0x00000000       0x24 ..\obj\stm32f4xx_usart.o
 .text.USART_HalfDuplexCmd
                0x00000000       0x40 ..\obj\stm32f4xx_usart.o
 .text.USART_SetGuardTime
                0x00000000       0x3c ..\obj\stm32f4xx_usart.o
 .text.USART_SmartCardCmd
                0x00000000       0x40 ..\obj\stm32f4xx_usart.o
 .text.USART_SmartCardNACKCmd
                0x00000000       0x40 ..\obj\stm32f4xx_usart.o
 .text.USART_IrDAConfig
                0x00000000       0x38 ..\obj\stm32f4xx_usart.o
 .text.USART_IrDACmd
                0x00000000       0x40 ..\obj\stm32f4xx_usart.o
 .text.USART_DMACmd
                0x00000000       0x48 ..\obj\stm32f4xx_usart.o
 .text.USART_ClearFlag
                0x00000000       0x20 ..\obj\stm32f4xx_usart.o
 .text          0x00000000        0x0 ..\obj\startup_stm32f4xx.o
 .data          0x00000000        0x0 ..\obj\startup_stm32f4xx.o
 .bss           0x00000000        0x0 ..\obj\startup_stm32f4xx.o
 .text          0x00000000        0x0 ..\obj\LL.o
 .data          0x00000000        0x0 ..\obj\LL.o
 .bss           0x00000000        0x0 ..\obj\LL.o
 .text.LL_STRING_isallnum
                0x00000000       0x2c ..\obj\LL.o
 .text          0x00000000        0x0 ..\obj\stm32f4xx_rcc.o
 .bss           0x00000000        0x0 ..\obj\stm32f4xx_rcc.o
 .text.RCC_DeInit
                0x00000000       0x50 ..\obj\stm32f4xx_rcc.o
 .text.RCC_HSEConfig
                0x00000000       0x24 ..\obj\stm32f4xx_rcc.o
 .text.RCC_WaitForHSEStartUp
                0x00000000       0x50 ..\obj\stm32f4xx_rcc.o
 .text.RCC_AdjustHSICalibrationValue
                0x00000000       0x3c ..\obj\stm32f4xx_rcc.o
 .text.RCC_HSICmd
                0x00000000       0x20 ..\obj\stm32f4xx_rcc.o
 .text.RCC_LSEConfig
                0x00000000       0x40 ..\obj\stm32f4xx_rcc.o
 .text.RCC_LSICmd
                0x00000000       0x20 ..\obj\stm32f4xx_rcc.o
 .text.RCC_PLLConfig
                0x00000000       0x3c ..\obj\stm32f4xx_rcc.o
 .text.RCC_PLLCmd
                0x00000000       0x20 ..\obj\stm32f4xx_rcc.o
 .text.RCC_PLLI2SConfig
                0x00000000       0x28 ..\obj\stm32f4xx_rcc.o
 .text.RCC_PLLI2SCmd
                0x00000000       0x20 ..\obj\stm32f4xx_rcc.o
 .text.RCC_ClockSecuritySystemCmd
                0x00000000       0x20 ..\obj\stm32f4xx_rcc.o
 .text.RCC_MCO1Config
                0x00000000       0x3c ..\obj\stm32f4xx_rcc.o
 .text.RCC_MCO2Config
                0x00000000       0x3c ..\obj\stm32f4xx_rcc.o
 .text.RCC_SYSCLKConfig
                0x00000000       0x38 ..\obj\stm32f4xx_rcc.o
 .text.RCC_GetSYSCLKSource
                0x00000000       0x1c ..\obj\stm32f4xx_rcc.o
 .text.RCC_HCLKConfig
                0x00000000       0x38 ..\obj\stm32f4xx_rcc.o
 .text.RCC_PCLK1Config
                0x00000000       0x38 ..\obj\stm32f4xx_rcc.o
 .text.RCC_PCLK2Config
                0x00000000       0x38 ..\obj\stm32f4xx_rcc.o
 .text.RCC_RTCCLKConfig
                0x00000000       0x5c ..\obj\stm32f4xx_rcc.o
 .text.RCC_RTCCLKCmd
                0x00000000       0x20 ..\obj\stm32f4xx_rcc.o
 .text.RCC_BackupResetCmd
                0x00000000       0x20 ..\obj\stm32f4xx_rcc.o
 .text.RCC_I2SCLKConfig
                0x00000000       0x1c ..\obj\stm32f4xx_rcc.o
 .text.RCC_AHB2PeriphClockCmd
                0x00000000       0x3c ..\obj\stm32f4xx_rcc.o
 .text.RCC_AHB3PeriphClockCmd
                0x00000000       0x3c ..\obj\stm32f4xx_rcc.o
 .text.RCC_AHB1PeriphResetCmd
                0x00000000       0x3c ..\obj\stm32f4xx_rcc.o
 .text.RCC_AHB2PeriphResetCmd
                0x00000000       0x3c ..\obj\stm32f4xx_rcc.o
 .text.RCC_AHB3PeriphResetCmd
                0x00000000       0x3c ..\obj\stm32f4xx_rcc.o
 .text.RCC_APB1PeriphResetCmd
                0x00000000       0x3c ..\obj\stm32f4xx_rcc.o
 .text.RCC_APB2PeriphResetCmd
                0x00000000       0x3c ..\obj\stm32f4xx_rcc.o
 .text.RCC_AHB1PeriphClockLPModeCmd
                0x00000000       0x3c ..\obj\stm32f4xx_rcc.o
 .text.RCC_AHB2PeriphClockLPModeCmd
                0x00000000       0x3c ..\obj\stm32f4xx_rcc.o
 .text.RCC_AHB3PeriphClockLPModeCmd
                0x00000000       0x3c ..\obj\stm32f4xx_rcc.o
 .text.RCC_APB1PeriphClockLPModeCmd
                0x00000000       0x3c ..\obj\stm32f4xx_rcc.o
 .text.RCC_APB2PeriphClockLPModeCmd
                0x00000000       0x3c ..\obj\stm32f4xx_rcc.o
 .text.RCC_ITConfig
                0x00000000       0x4c ..\obj\stm32f4xx_rcc.o
 .text.RCC_GetFlagStatus
                0x00000000       0x74 ..\obj\stm32f4xx_rcc.o
 .text.RCC_ClearFlag
                0x00000000       0x1c ..\obj\stm32f4xx_rcc.o
 .text.RCC_GetITStatus
                0x00000000       0x34 ..\obj\stm32f4xx_rcc.o
 .text.RCC_ClearITPendingBit
                0x00000000       0x20 ..\obj\stm32f4xx_rcc.o
 .text          0x00000000        0x0 ..\obj\stm32f4xx_gpio.o
 .data          0x00000000        0x0 ..\obj\stm32f4xx_gpio.o
 .bss           0x00000000        0x0 ..\obj\stm32f4xx_gpio.o
 .text.GPIO_DeInit
                0x00000000      0x120 ..\obj\stm32f4xx_gpio.o
 .text.GPIO_StructInit
                0x00000000       0x34 ..\obj\stm32f4xx_gpio.o
 .text.GPIO_PinLockConfig
                0x00000000       0x44 ..\obj\stm32f4xx_gpio.o
 .text.GPIO_ReadInputDataBit
                0x00000000       0x34 ..\obj\stm32f4xx_gpio.o
 .text.GPIO_ReadInputData
                0x00000000       0x18 ..\obj\stm32f4xx_gpio.o
 .text.GPIO_ReadOutputDataBit
                0x00000000       0x34 ..\obj\stm32f4xx_gpio.o
 .text.GPIO_ReadOutputData
                0x00000000       0x18 ..\obj\stm32f4xx_gpio.o
 .text.GPIO_SetBits
                0x00000000       0x1c ..\obj\stm32f4xx_gpio.o
 .text.GPIO_ResetBits
                0x00000000       0x1c ..\obj\stm32f4xx_gpio.o
 .text.GPIO_WriteBit
                0x00000000       0x30 ..\obj\stm32f4xx_gpio.o
 .text.GPIO_Write
                0x00000000       0x1c ..\obj\stm32f4xx_gpio.o
 .text.GPIO_ToggleBits
                0x00000000       0x24 ..\obj\stm32f4xx_gpio.o
 .text          0x00000000        0x0 ..\obj\system_stm32f4xx.o
 .data          0x00000000       0x14 ..\obj\system_stm32f4xx.o
 .bss           0x00000000        0x0 ..\obj\system_stm32f4xx.o
 .text.SystemCoreClockUpdate
                0x00000000       0xf8 ..\obj\system_stm32f4xx.o
 .text          0x00000000        0x0 ..\obj\syscalls.o
 .data          0x00000000        0x0 ..\obj\syscalls.o
 .bss           0x00000000        0x4 ..\obj\syscalls.o
 .text._sbrk    0x00000000       0x3c ..\obj\syscalls.o
 .text.link     0x00000000       0x18 ..\obj\syscalls.o
 .text._close   0x00000000       0x18 ..\obj\syscalls.o
 .text._fstat   0x00000000       0x20 ..\obj\syscalls.o
 .text._isatty  0x00000000       0x14 ..\obj\syscalls.o
 .text._lseek   0x00000000       0x18 ..\obj\syscalls.o
 .text._read    0x00000000       0x18 ..\obj\syscalls.o
 .text._write   0x00000000       0x18 ..\obj\syscalls.o
 .text.abort    0x00000000        0x8 ..\obj\syscalls.o
 .debug_info    0x00000000      0x458 ..\obj\syscalls.o
 .debug_abbrev  0x00000000       0xe5 ..\obj\syscalls.o
 .debug_aranges
                0x00000000       0x60 ..\obj\syscalls.o
 .debug_ranges  0x00000000       0x50 ..\obj\syscalls.o
 .debug_line    0x00000000      0x22c ..\obj\syscalls.o
 .debug_str     0x00000000      0x3ad ..\obj\syscalls.o
 .comment       0x00000000       0x6f ..\obj\syscalls.o
 .debug_frame   0x00000000      0x168 ..\obj\syscalls.o
 .ARM.attributes
                0x00000000       0x33 ..\obj\syscalls.o
 .text          0x00000000        0x0 ..\obj\stm32f4xx_dma.o
 .data          0x00000000        0x0 ..\obj\stm32f4xx_dma.o
 .bss           0x00000000        0x0 ..\obj\stm32f4xx_dma.o
 .text.DMA_StructInit
                0x00000000       0x6c ..\obj\stm32f4xx_dma.o
 .text.DMA_PeriphIncOffsetSizeConfig
                0x00000000       0x34 ..\obj\stm32f4xx_dma.o
 .text.DMA_FlowControllerConfig
                0x00000000       0x34 ..\obj\stm32f4xx_dma.o
 .text.DMA_SetCurrDataCounter
                0x00000000       0x1c ..\obj\stm32f4xx_dma.o
 .text.DMA_GetCurrDataCounter
                0x00000000       0x18 ..\obj\stm32f4xx_dma.o
 .text.DMA_DoubleBufferModeConfig
                0x00000000       0x3c ..\obj\stm32f4xx_dma.o
 .text.DMA_DoubleBufferModeCmd
                0x00000000       0x38 ..\obj\stm32f4xx_dma.o
 .text.DMA_MemoryTargetConfig
                0x00000000       0x2c ..\obj\stm32f4xx_dma.o
 .text.DMA_GetCurrentMemoryTarget
                0x00000000       0x30 ..\obj\stm32f4xx_dma.o
 .text.DMA_GetCmdStatus
                0x00000000       0x30 ..\obj\stm32f4xx_dma.o
 .text.DMA_GetFIFOStatus
                0x00000000       0x24 ..\obj\stm32f4xx_dma.o
 .text.DMA_GetFlagStatus
                0x00000000       0x74 ..\obj\stm32f4xx_dma.o
 .text.DMA_ClearFlag
                0x00000000       0x5c ..\obj\stm32f4xx_dma.o
 .text          0x00000000        0x0 ..\obj\stm32_ub_vga_screen.o
 .data          0x00000000        0x0 ..\obj\stm32_ub_vga_screen.o
 .bss           0x00000000        0x0 ..\obj\stm32_ub_vga_screen.o
 .text          0x00000000        0x0 ..\obj\misc.o
 .data          0x00000000        0x0 ..\obj\misc.o
 .bss           0x00000000        0x0 ..\obj\misc.o
 .text.NVIC_PriorityGroupConfig
                0x00000000       0x24 ..\obj\misc.o
 .text.NVIC_SetVectorTable
                0x00000000       0x2c ..\obj\misc.o
 .text.NVIC_SystemLPConfig
                0x00000000       0x40 ..\obj\misc.o
 .text.SysTick_CLKSourceConfig
                0x00000000       0x38 ..\obj\misc.o
 .text          0x00000000        0x0 ..\obj\stm32f4xx_tim.o
 .data          0x00000000        0x0 ..\obj\stm32f4xx_tim.o
 .bss           0x00000000        0x0 ..\obj\stm32f4xx_tim.o
 .text.TIM_DeInit
                0x00000000      0x1c0 ..\obj\stm32f4xx_tim.o
 .text.TIM_TimeBaseStructInit
                0x00000000       0x34 ..\obj\stm32f4xx_tim.o
 .text.TIM_PrescalerConfig
                0x00000000       0x28 ..\obj\stm32f4xx_tim.o
 .text.TIM_CounterModeConfig
                0x00000000       0x38 ..\obj\stm32f4xx_tim.o
 .text.TIM_SetCounter
                0x00000000       0x1c ..\obj\stm32f4xx_tim.o
 .text.TIM_SetAutoreload
                0x00000000       0x1c ..\obj\stm32f4xx_tim.o
 .text.TIM_GetCounter
                0x00000000       0x18 ..\obj\stm32f4xx_tim.o
 .text.TIM_GetPrescaler
                0x00000000       0x18 ..\obj\stm32f4xx_tim.o
 .text.TIM_UpdateDisableConfig
                0x00000000       0x40 ..\obj\stm32f4xx_tim.o
 .text.TIM_UpdateRequestConfig
                0x00000000       0x40 ..\obj\stm32f4xx_tim.o
 .text.TIM_SelectOnePulseMode
                0x00000000       0x38 ..\obj\stm32f4xx_tim.o
 .text.TIM_SetClockDivision
                0x00000000       0x38 ..\obj\stm32f4xx_tim.o
 .text.TIM_OC1Init
                0x00000000       0xf4 ..\obj\stm32f4xx_tim.o
 .text.TIM_OC2Init
                0x00000000      0x110 ..\obj\stm32f4xx_tim.o
 .text.TIM_OCStructInit
                0x00000000       0x44 ..\obj\stm32f4xx_tim.o
 .text.TIM_SelectOCxM
                0x00000000       0xb0 ..\obj\stm32f4xx_tim.o
 .text.TIM_SetCompare1
                0x00000000       0x1c ..\obj\stm32f4xx_tim.o
 .text.TIM_SetCompare2
                0x00000000       0x1c ..\obj\stm32f4xx_tim.o
 .text.TIM_SetCompare3
                0x00000000       0x1c ..\obj\stm32f4xx_tim.o
 .text.TIM_SetCompare4
                0x00000000       0x1c ..\obj\stm32f4xx_tim.o
 .text.TIM_ForcedOC1Config
                0x00000000       0x38 ..\obj\stm32f4xx_tim.o
 .text.TIM_ForcedOC2Config
                0x00000000       0x3c ..\obj\stm32f4xx_tim.o
 .text.TIM_ForcedOC3Config
                0x00000000       0x38 ..\obj\stm32f4xx_tim.o
 .text.TIM_ForcedOC4Config
                0x00000000       0x3c ..\obj\stm32f4xx_tim.o
 .text.TIM_OC1PreloadConfig
                0x00000000       0x38 ..\obj\stm32f4xx_tim.o
 .text.TIM_OC2PreloadConfig
                0x00000000       0x3c ..\obj\stm32f4xx_tim.o
 .text.TIM_OC1FastConfig
                0x00000000       0x38 ..\obj\stm32f4xx_tim.o
 .text.TIM_OC2FastConfig
                0x00000000       0x3c ..\obj\stm32f4xx_tim.o
 .text.TIM_OC3FastConfig
                0x00000000       0x38 ..\obj\stm32f4xx_tim.o
 .text.TIM_OC4FastConfig
                0x00000000       0x3c ..\obj\stm32f4xx_tim.o
 .text.TIM_ClearOC1Ref
                0x00000000       0x38 ..\obj\stm32f4xx_tim.o
 .text.TIM_ClearOC2Ref
                0x00000000       0x3c ..\obj\stm32f4xx_tim.o
 .text.TIM_ClearOC3Ref
                0x00000000       0x38 ..\obj\stm32f4xx_tim.o
 .text.TIM_ClearOC4Ref
                0x00000000       0x3c ..\obj\stm32f4xx_tim.o
 .text.TIM_OC1PolarityConfig
                0x00000000       0x38 ..\obj\stm32f4xx_tim.o
 .text.TIM_OC1NPolarityConfig
                0x00000000       0x38 ..\obj\stm32f4xx_tim.o
 .text.TIM_OC2PolarityConfig
                0x00000000       0x3c ..\obj\stm32f4xx_tim.o
 .text.TIM_OC2NPolarityConfig
                0x00000000       0x3c ..\obj\stm32f4xx_tim.o
 .text.TIM_OC3PolarityConfig
                0x00000000       0x3c ..\obj\stm32f4xx_tim.o
 .text.TIM_OC3NPolarityConfig
                0x00000000       0x3c ..\obj\stm32f4xx_tim.o
 .text.TIM_OC4PolarityConfig
                0x00000000       0x3c ..\obj\stm32f4xx_tim.o
 .text.TIM_CCxCmd
                0x00000000       0x58 ..\obj\stm32f4xx_tim.o
 .text.TIM_CCxNCmd
                0x00000000       0x58 ..\obj\stm32f4xx_tim.o
 .text.TIM_ICInit
                0x00000000       0xa8 ..\obj\stm32f4xx_tim.o
 .text.TIM_ICStructInit
                0x00000000       0x30 ..\obj\stm32f4xx_tim.o
 .text.TIM_PWMIConfig
                0x00000000       0xb8 ..\obj\stm32f4xx_tim.o
 .text.TIM_GetCapture1
                0x00000000       0x18 ..\obj\stm32f4xx_tim.o
 .text.TIM_GetCapture2
                0x00000000       0x18 ..\obj\stm32f4xx_tim.o
 .text.TIM_GetCapture3
                0x00000000       0x18 ..\obj\stm32f4xx_tim.o
 .text.TIM_GetCapture4
                0x00000000       0x18 ..\obj\stm32f4xx_tim.o
 .text.TIM_SetIC1Prescaler
                0x00000000       0x38 ..\obj\stm32f4xx_tim.o
 .text.TIM_SetIC2Prescaler
                0x00000000       0x3c ..\obj\stm32f4xx_tim.o
 .text.TIM_SetIC3Prescaler
                0x00000000       0x38 ..\obj\stm32f4xx_tim.o
 .text.TIM_SetIC4Prescaler
                0x00000000       0x3c ..\obj\stm32f4xx_tim.o
 .text.TIM_BDTRConfig
                0x00000000       0x50 ..\obj\stm32f4xx_tim.o
 .text.TIM_BDTRStructInit
                0x00000000       0x3c ..\obj\stm32f4xx_tim.o
 .text.TIM_CtrlPWMOutputs
                0x00000000       0x4c ..\obj\stm32f4xx_tim.o
 .text.TIM_SelectCOM
                0x00000000       0x40 ..\obj\stm32f4xx_tim.o
 .text.TIM_CCPreloadControl
                0x00000000       0x40 ..\obj\stm32f4xx_tim.o
 .text.TIM_GenerateEvent
                0x00000000       0x1c ..\obj\stm32f4xx_tim.o
 .text.TIM_GetFlagStatus
                0x00000000       0x38 ..\obj\stm32f4xx_tim.o
 .text.TIM_ClearFlag
                0x00000000       0x20 ..\obj\stm32f4xx_tim.o
 .text.TIM_GetITStatus
                0x00000000       0x54 ..\obj\stm32f4xx_tim.o
 .text.TIM_DMAConfig
                0x00000000       0x28 ..\obj\stm32f4xx_tim.o
 .text.TIM_SelectCCDMA
                0x00000000       0x40 ..\obj\stm32f4xx_tim.o
 .text.TIM_InternalClockConfig
                0x00000000       0x24 ..\obj\stm32f4xx_tim.o
 .text.TIM_ITRxExternalClockConfig
                0x00000000       0x30 ..\obj\stm32f4xx_tim.o
 .text.TIM_TIxExternalClockConfig
                0x00000000       0x5c ..\obj\stm32f4xx_tim.o
 .text.TIM_ETRClockMode1Config
                0x00000000       0x60 ..\obj\stm32f4xx_tim.o
 .text.TIM_ETRClockMode2Config
                0x00000000       0x40 ..\obj\stm32f4xx_tim.o
 .text.TIM_SelectInputTrigger
                0x00000000       0x38 ..\obj\stm32f4xx_tim.o
 .text.TIM_SelectOutputTrigger
                0x00000000       0x38 ..\obj\stm32f4xx_tim.o
 .text.TIM_SelectSlaveMode
                0x00000000       0x38 ..\obj\stm32f4xx_tim.o
 .text.TIM_SelectMasterSlaveMode
                0x00000000       0x38 ..\obj\stm32f4xx_tim.o
 .text.TIM_ETRConfig
                0x00000000       0x54 ..\obj\stm32f4xx_tim.o
 .text.TIM_EncoderInterfaceConfig
                0x00000000       0x98 ..\obj\stm32f4xx_tim.o
 .text.TIM_SelectHallSensor
                0x00000000       0x40 ..\obj\stm32f4xx_tim.o
 .text.TIM_RemapConfig
                0x00000000       0x20 ..\obj\stm32f4xx_tim.o
 .text.TI1_Config
                0x00000000       0x84 ..\obj\stm32f4xx_tim.o
 .text.TI2_Config
                0x00000000       0x98 ..\obj\stm32f4xx_tim.o
 .text.TI3_Config
                0x00000000       0x90 ..\obj\stm32f4xx_tim.o
 .text.TI4_Config
                0x00000000       0x9c ..\obj\stm32f4xx_tim.o
 .text          0x00000000        0x0 ..\..\..\libvga_api.a(API_DRAW.o)
 .bss           0x00000000        0x0 ..\..\..\libvga_api.a(API_DRAW.o)
 .text.API_DRAW_rechthoek
                0x00000000       0x54 ..\..\..\libvga_api.a(API_DRAW.o)
 .text          0x00000000        0x0 ..\..\..\libvga_api.a(API_IO.o)
 .data          0x00000000        0x0 ..\..\..\libvga_api.a(API_IO.o)
 .bss           0x00000000        0x0 ..\..\..\libvga_api.a(API_IO.o)
 .text.API_IO_UART_get
                0x00000000       0x10 ..\..\..\libvga_api.a(API_IO.o)
 .text.API_IO_UART_putchar
                0x00000000       0x1c ..\..\..\libvga_api.a(API_IO.o)
 .text          0x00000000        0x0 ..\..\..\libvga_api.a(delay.o)
 .data          0x00000000        0x0 ..\..\..\libvga_api.a(delay.o)
 .bss           0x00000000        0x0 ..\..\..\libvga_api.a(delay.o)
 .text.DELAY_us
                0x00000000       0x3c ..\..\..\libvga_api.a(delay.o)
 .text.DELAY_ms
                0x00000000       0x3c ..\..\..\libvga_api.a(delay.o)
 .text.DELAY_s  0x00000000       0x3c ..\..\..\libvga_api.a(delay.o)
 .text          0x00000000        0x0 ..\..\..\libvga_api.a(uart.o)
 .text.UART_INT_init
                0x00000000       0x28 ..\..\..\libvga_api.a(uart.o)
 .text.UART_printf
                0x00000000       0xbc ..\..\..\libvga_api.a(uart.o)
 .text          0x00000000        0x0 ..\..\..\libvga_api.a(printf.o)
 .bss           0x00000000        0x0 ..\..\..\libvga_api.a(printf.o)
 .text.PrintChar
                0x00000000       0x14 ..\..\..\libvga_api.a(printf.o)
 .text.PutChar  0x00000000       0x20 ..\..\..\libvga_api.a(printf.o)
 .text.PutString
                0x00000000       0x3c ..\..\..\libvga_api.a(printf.o)
 .text.PutUnsignedInt
                0x00000000       0x9c ..\..\..\libvga_api.a(printf.o)
 .text.PutSignedInt
                0x00000000       0xf8 ..\..\..\libvga_api.a(printf.o)
 .text.PutHexa  0x00000000       0xd4 ..\..\..\libvga_api.a(printf.o)
 .text.vsnprintf
                0x00000000      0x254 ..\..\..\libvga_api.a(printf.o)
 .text.snprintf
                0x00000000       0x30 ..\..\..\libvga_api.a(printf.o)
 .text.vsprintf
                0x00000000       0x24 ..\..\..\libvga_api.a(printf.o)
 .rodata        0x00000000       0x24 ..\..\..\libvga_api.a(printf.o)
 .text.vfprintf
                0x00000000       0x68 ..\..\..\libvga_api.a(printf.o)
 .text.vprintf  0x00000000       0x28 ..\..\..\libvga_api.a(printf.o)
 .text.fprintf  0x00000000       0x2c ..\..\..\libvga_api.a(printf.o)
 .text.printf   0x00000000       0x28 ..\..\..\libvga_api.a(printf.o)
 .text.sprintf  0x00000000       0x2c ..\..\..\libvga_api.a(printf.o)
 .text.puts     0x00000000       0x24 ..\..\..\libvga_api.a(printf.o)
 .text.fputc    0x00000000       0x40 ..\..\..\libvga_api.a(printf.o)
 .text.fputs    0x00000000       0x48 ..\..\..\libvga_api.a(printf.o)
 .data          0x00000000        0x0 c:/program files (x86)/gnu tools arm embedded/5.4 2016q2/bin/../lib/gcc/arm-none-eabi/5.4.1/armv7e-m\libgcc.a(_arm_addsubdf3.o)
 .bss           0x00000000        0x0 c:/program files (x86)/gnu tools arm embedded/5.4 2016q2/bin/../lib/gcc/arm-none-eabi/5.4.1/armv7e-m\libgcc.a(_arm_addsubdf3.o)
 .data          0x00000000        0x0 c:/program files (x86)/gnu tools arm embedded/5.4 2016q2/bin/../lib/gcc/arm-none-eabi/5.4.1/armv7e-m\libgcc.a(_arm_muldivdf3.o)
 .bss           0x00000000        0x0 c:/program files (x86)/gnu tools arm embedded/5.4 2016q2/bin/../lib/gcc/arm-none-eabi/5.4.1/armv7e-m\libgcc.a(_arm_muldivdf3.o)
 .data          0x00000000        0x0 c:/program files (x86)/gnu tools arm embedded/5.4 2016q2/bin/../lib/gcc/arm-none-eabi/5.4.1/armv7e-m\libgcc.a(_arm_fixunsdfsi.o)
 .bss           0x00000000        0x0 c:/program files (x86)/gnu tools arm embedded/5.4 2016q2/bin/../lib/gcc/arm-none-eabi/5.4.1/armv7e-m\libgcc.a(_arm_fixunsdfsi.o)
 .data          0x00000000        0x0 c:/program files (x86)/gnu tools arm embedded/5.4 2016q2/bin/../lib/gcc/arm-none-eabi/5.4.1/armv7e-m\libgcc.a(_arm_addsubsf3.o)
 .bss           0x00000000        0x0 c:/program files (x86)/gnu tools arm embedded/5.4 2016q2/bin/../lib/gcc/arm-none-eabi/5.4.1/armv7e-m\libgcc.a(_arm_addsubsf3.o)
 .data          0x00000000        0x0 c:/program files (x86)/gnu tools arm embedded/5.4 2016q2/bin/../lib/gcc/arm-none-eabi/5.4.1/armv7e-m\libgcc.a(_arm_muldivsf3.o)
 .bss           0x00000000        0x0 c:/program files (x86)/gnu tools arm embedded/5.4 2016q2/bin/../lib/gcc/arm-none-eabi/5.4.1/armv7e-m\libgcc.a(_arm_muldivsf3.o)
 .data          0x00000000        0x0 c:/program files (x86)/gnu tools arm embedded/5.4 2016q2/bin/../lib/gcc/arm-none-eabi/5.4.1/armv7e-m\libgcc.a(_arm_cmpsf2.o)
 .bss           0x00000000        0x0 c:/program files (x86)/gnu tools arm embedded/5.4 2016q2/bin/../lib/gcc/arm-none-eabi/5.4.1/armv7e-m\libgcc.a(_arm_cmpsf2.o)
 .data          0x00000000        0x0 c:/program files (x86)/gnu tools arm embedded/5.4 2016q2/bin/../lib/gcc/arm-none-eabi/5.4.1/armv7e-m\libgcc.a(_arm_fixsfsi.o)
 .bss           0x00000000        0x0 c:/program files (x86)/gnu tools arm embedded/5.4 2016q2/bin/../lib/gcc/arm-none-eabi/5.4.1/armv7e-m\libgcc.a(_arm_fixsfsi.o)
 .text          0x00000000        0x0 c:/program files (x86)/gnu tools arm embedded/5.4 2016q2/bin/../lib/gcc/arm-none-eabi/5.4.1/../../../../arm-none-eabi/lib/armv7e-m\libg.a(lib_a-atoi.o)
 .data          0x00000000        0x0 c:/program files (x86)/gnu tools arm embedded/5.4 2016q2/bin/../lib/gcc/arm-none-eabi/5.4.1/../../../../arm-none-eabi/lib/armv7e-m\libg.a(lib_a-atoi.o)
 .bss           0x00000000        0x0 c:/program files (x86)/gnu tools arm embedded/5.4 2016q2/bin/../lib/gcc/arm-none-eabi/5.4.1/../../../../arm-none-eabi/lib/armv7e-m\libg.a(lib_a-atoi.o)
 .text._atoi_r  0x00000000        0x8 c:/program files (x86)/gnu tools arm embedded/5.4 2016q2/bin/../lib/gcc/arm-none-eabi/5.4.1/../../../../arm-none-eabi/lib/armv7e-m\libg.a(lib_a-atoi.o)
 .text          0x00000000        0x0 c:/program files (x86)/gnu tools arm embedded/5.4 2016q2/bin/../lib/gcc/arm-none-eabi/5.4.1/../../../../arm-none-eabi/lib/armv7e-m\libg.a(lib_a-ctype_.o)
 .data          0x00000000        0x0 c:/program files (x86)/gnu tools arm embedded/5.4 2016q2/bin/../lib/gcc/arm-none-eabi/5.4.1/../../../../arm-none-eabi/lib/armv7e-m\libg.a(lib_a-ctype_.o)
 .bss           0x00000000        0x0 c:/program files (x86)/gnu tools arm embedded/5.4 2016q2/bin/../lib/gcc/arm-none-eabi/5.4.1/../../../../arm-none-eabi/lib/armv7e-m\libg.a(lib_a-ctype_.o)
 .text          0x00000000        0x0 c:/program files (x86)/gnu tools arm embedded/5.4 2016q2/bin/../lib/gcc/arm-none-eabi/5.4.1/../../../../arm-none-eabi/lib/armv7e-m\libg.a(lib_a-memset.o)
 .data          0x00000000        0x0 c:/program files (x86)/gnu tools arm embedded/5.4 2016q2/bin/../lib/gcc/arm-none-eabi/5.4.1/../../../../arm-none-eabi/lib/armv7e-m\libg.a(lib_a-memset.o)
 .bss           0x00000000        0x0 c:/program files (x86)/gnu tools arm embedded/5.4 2016q2/bin/../lib/gcc/arm-none-eabi/5.4.1/../../../../arm-none-eabi/lib/armv7e-m\libg.a(lib_a-memset.o)
 .data          0x00000000        0x0 c:/program files (x86)/gnu tools arm embedded/5.4 2016q2/bin/../lib/gcc/arm-none-eabi/5.4.1/../../../../arm-none-eabi/lib/armv7e-m\libg.a(lib_a-strlen.o)
 .bss           0x00000000        0x0 c:/program files (x86)/gnu tools arm embedded/5.4 2016q2/bin/../lib/gcc/arm-none-eabi/5.4.1/../../../../arm-none-eabi/lib/armv7e-m\libg.a(lib_a-strlen.o)
 .text          0x00000000        0x0 c:/program files (x86)/gnu tools arm embedded/5.4 2016q2/bin/../lib/gcc/arm-none-eabi/5.4.1/../../../../arm-none-eabi/lib/armv7e-m\libg.a(lib_a-strncmp.o)
 .data          0x00000000        0x0 c:/program files (x86)/gnu tools arm embedded/5.4 2016q2/bin/../lib/gcc/arm-none-eabi/5.4.1/../../../../arm-none-eabi/lib/armv7e-m\libg.a(lib_a-strncmp.o)
 .bss           0x00000000        0x0 c:/program files (x86)/gnu tools arm embedded/5.4 2016q2/bin/../lib/gcc/arm-none-eabi/5.4.1/../../../../arm-none-eabi/lib/armv7e-m\libg.a(lib_a-strncmp.o)
 .text          0x00000000        0x0 c:/program files (x86)/gnu tools arm embedded/5.4 2016q2/bin/../lib/gcc/arm-none-eabi/5.4.1/../../../../arm-none-eabi/lib/armv7e-m\libg.a(lib_a-strtol.o)
 .data          0x00000000        0x0 c:/program files (x86)/gnu tools arm embedded/5.4 2016q2/bin/../lib/gcc/arm-none-eabi/5.4.1/../../../../arm-none-eabi/lib/armv7e-m\libg.a(lib_a-strtol.o)
 .bss           0x00000000        0x0 c:/program files (x86)/gnu tools arm embedded/5.4 2016q2/bin/../lib/gcc/arm-none-eabi/5.4.1/../../../../arm-none-eabi/lib/armv7e-m\libg.a(lib_a-strtol.o)

Memory Configuration

Name             Origin             Length             Attributes
rom              0x08000000         0x00100000         xr
ram              0x20000000         0x00020000         xrw
ram1             0x10000000         0x00010000         xrw
*default*        0x00000000         0xffffffff

Linker script and memory map

                0x20020000                _eram = 0x20020000

.text           0x08000000     0x4015
 *(.isr_vector)
 .isr_vector    0x08000000      0x188 ..\obj\startup_stm32f4xx.o
                0x08000000                g_pfnVectors
 *(.text*)
 .text.UI_ERR_put
                0x08000188       0xc0 ..\obj\UI.o
                0x08000188                UI_ERR_put
 .text.UI_CH_rp
                0x08000248       0x40 ..\obj\UI.o
                0x08000248                UI_CH_rp
 .text.UI_CH_rm
                0x08000288       0x48 ..\obj\UI.o
                0x08000288                UI_CH_rm
 .text.main     0x080002d0      0x184 ..\obj\UI.o
                0x080002d0                main
 .text.USART_Init
                0x08000454      0x174 ..\obj\stm32f4xx_usart.o
                0x08000454                USART_Init
 .text.USART_Cmd
                0x080005c8       0x40 ..\obj\stm32f4xx_usart.o
                0x080005c8                USART_Cmd
 .text.USART_SendData
                0x08000608       0x24 ..\obj\stm32f4xx_usart.o
                0x08000608                USART_SendData
 .text.USART_ITConfig
                0x0800062c       0x90 ..\obj\stm32f4xx_usart.o
                0x0800062c                USART_ITConfig
 .text.USART_GetFlagStatus
                0x080006bc       0x38 ..\obj\stm32f4xx_usart.o
                0x080006bc                USART_GetFlagStatus
 .text.USART_GetITStatus
                0x080006f4       0xb4 ..\obj\stm32f4xx_usart.o
                0x080006f4                USART_GetITStatus
 .text.USART_ClearITPendingBit
                0x080007a8       0x38 ..\obj\stm32f4xx_usart.o
                0x080007a8                USART_ClearITPendingBit
 .text.Default_Reset_Handler
                0x080007e0       0x5c ..\obj\startup_stm32f4xx.o
                0x080007e0                Default_Reset_Handler
                0x080007e0                Reset_Handler
 .text.Default_Handler
                0x0800083c        0x8 ..\obj\startup_stm32f4xx.o
                0x0800083c                RTC_Alarm_IRQHandler
                0x0800083c                HASH_RNG_IRQHandler
                0x0800083c                EXTI2_IRQHandler
                0x0800083c                TIM8_CC_IRQHandler
                0x0800083c                DebugMon_Handler
                0x0800083c                TIM1_CC_IRQHandler
                0x0800083c                HardFault_Handler
                0x0800083c                DMA1_Stream5_IRQHandler
                0x0800083c                SysTick_Handler
                0x0800083c                PVD_IRQHandler
                0x0800083c                SDIO_IRQHandler
                0x0800083c                TAMP_STAMP_IRQHandler
                0x0800083c                PendSV_Handler
                0x0800083c                NMI_Handler
                0x0800083c                CAN2_RX1_IRQHandler
                0x0800083c                EXTI3_IRQHandler
                0x0800083c                TIM8_TRG_COM_TIM14_IRQHandler
                0x0800083c                TIM1_UP_TIM10_IRQHandler
                0x0800083c                TIM8_UP_TIM13_IRQHandler
                0x0800083c                I2C3_ER_IRQHandler
                0x0800083c                EXTI0_IRQHandler
                0x0800083c                I2C2_EV_IRQHandler
                0x0800083c                DMA1_Stream2_IRQHandler
                0x0800083c                CAN1_RX0_IRQHandler
                0x0800083c                FPU_IRQHandler
                0x0800083c                OTG_HS_WKUP_IRQHandler
                0x0800083c                UsageFault_Handler
                0x0800083c                CAN2_SCE_IRQHandler
                0x0800083c                DMA2_Stream2_IRQHandler
                0x0800083c                SPI1_IRQHandler
                0x0800083c                TIM6_DAC_IRQHandler
                0x0800083c                TIM1_BRK_TIM9_IRQHandler
                0x0800083c                DCMI_IRQHandler
                0x0800083c                CAN2_RX0_IRQHandler
                0x0800083c                DMA2_Stream3_IRQHandler
                0x0800083c                USART6_IRQHandler
                0x0800083c                USART3_IRQHandler
                0x0800083c                CRYP_IRQHandler
                0x0800083c                CAN1_RX1_IRQHandler
                0x0800083c                UART5_IRQHandler
                0x0800083c                DMA2_Stream0_IRQHandler
                0x0800083c                TIM4_IRQHandler
                0x0800083c                I2C1_EV_IRQHandler
                0x0800083c                DMA1_Stream6_IRQHandler
                0x0800083c                DMA1_Stream1_IRQHandler
                0x0800083c                UART4_IRQHandler
                0x0800083c                TIM3_IRQHandler
                0x0800083c                RCC_IRQHandler
                0x0800083c                TIM8_BRK_TIM12_IRQHandler
                0x0800083c                EXTI15_10_IRQHandler
                0x0800083c                ADC_IRQHandler
                0x0800083c                DMA1_Stream7_IRQHandler
                0x0800083c                TIM7_IRQHandler
                0x0800083c                CAN2_TX_IRQHandler
                0x0800083c                TIM5_IRQHandler
                0x0800083c                DMA2_Stream7_IRQHandler
                0x0800083c                I2C3_EV_IRQHandler
                0x0800083c                EXTI9_5_IRQHandler
                0x0800083c                RTC_WKUP_IRQHandler
                0x0800083c                ETH_WKUP_IRQHandler
                0x0800083c                SPI2_IRQHandler
                0x0800083c                OTG_HS_EP1_IN_IRQHandler
                0x0800083c                MemManage_Handler
                0x0800083c                DMA1_Stream0_IRQHandler
                0x0800083c                CAN1_TX_IRQHandler
                0x0800083c                SVC_Handler
                0x0800083c                EXTI4_IRQHandler
                0x0800083c                FSMC_IRQHandler
                0x0800083c                ETH_IRQHandler
                0x0800083c                OTG_HS_EP1_OUT_IRQHandler
                0x0800083c                WWDG_IRQHandler
                0x0800083c                OTG_FS_WKUP_IRQHandler
                0x0800083c                TIM1_TRG_COM_TIM11_IRQHandler
                0x0800083c                OTG_HS_IRQHandler
                0x0800083c                EXTI1_IRQHandler
                0x0800083c                I2C2_ER_IRQHandler
                0x0800083c                DMA2_Stream1_IRQHandler
                0x0800083c                CAN1_SCE_IRQHandler
                0x0800083c                FLASH_IRQHandler
                0x0800083c                DMA2_Stream4_IRQHandler
                0x0800083c                BusFault_Handler
                0x0800083c                USART1_IRQHandler
                0x0800083c                OTG_FS_IRQHandler
                0x0800083c                SPI3_IRQHandler
                0x0800083c                DMA1_Stream4_IRQHandler
                0x0800083c                I2C1_ER_IRQHandler
                0x0800083c                DMA2_Stream6_IRQHandler
                0x0800083c                DMA1_Stream3_IRQHandler
 .text.LL_STRING_check
                0x08000844       0x30 ..\obj\LL.o
                0x08000844                LL_STRING_check
 .text.LL_STRING_param
                0x08000874       0x38 ..\obj\LL.o
                0x08000874                LL_STRING_param
 .text.LL_FIG_init
                0x080008ac      0x1e0 ..\obj\LL.o
                0x080008ac                LL_FIG_init
 .text.LL_exe   0x08000a8c      0x228 ..\obj\LL.o
                0x08000a8c                LL_exe
 .text.RCC_GetClocksFreq
                0x08000cb4      0x154 ..\obj\stm32f4xx_rcc.o
                0x08000cb4                RCC_GetClocksFreq
 .text.RCC_AHB1PeriphClockCmd
                0x08000e08       0x3c ..\obj\stm32f4xx_rcc.o
                0x08000e08                RCC_AHB1PeriphClockCmd
 .text.RCC_APB1PeriphClockCmd
                0x08000e44       0x3c ..\obj\stm32f4xx_rcc.o
                0x08000e44                RCC_APB1PeriphClockCmd
 .text.RCC_APB2PeriphClockCmd
                0x08000e80       0x3c ..\obj\stm32f4xx_rcc.o
                0x08000e80                RCC_APB2PeriphClockCmd
 .text.GPIO_Init
                0x08000ebc      0x11c ..\obj\stm32f4xx_gpio.o
                0x08000ebc                GPIO_Init
 .text.GPIO_PinAFConfig
                0x08000fd8       0x90 ..\obj\stm32f4xx_gpio.o
                0x08000fd8                GPIO_PinAFConfig
 .text.SystemInit
                0x08001068       0x5c ..\obj\system_stm32f4xx.o
                0x08001068                SystemInit
 .text.SetSysClock
                0x080010c4       0xf4 ..\obj\system_stm32f4xx.o
 .text.DMA_DeInit
                0x080011b8      0x1a4 ..\obj\stm32f4xx_dma.o
                0x080011b8                DMA_DeInit
 .text.DMA_Init
                0x0800135c       0xac ..\obj\stm32f4xx_dma.o
                0x0800135c                DMA_Init
 .text.DMA_Cmd  0x08001408       0x38 ..\obj\stm32f4xx_dma.o
                0x08001408                DMA_Cmd
 .text.DMA_ITConfig
                0x08001440       0x74 ..\obj\stm32f4xx_dma.o
                0x08001440                DMA_ITConfig
 .text.DMA_GetITStatus
                0x080014b4       0xac ..\obj\stm32f4xx_dma.o
                0x080014b4                DMA_GetITStatus
 .text.DMA_ClearITPendingBit
                0x08001560       0x5c ..\obj\stm32f4xx_dma.o
                0x08001560                DMA_ClearITPendingBit
 .text.UB_VGA_Screen_Init
                0x080015bc       0x80 ..\obj\stm32_ub_vga_screen.o
                0x080015bc                UB_VGA_Screen_Init
 .text.UB_VGA_FillScreen
                0x0800163c       0x44 ..\obj\stm32_ub_vga_screen.o
                0x0800163c                UB_VGA_FillScreen
 .text.UB_VGA_SetPixel
                0x08001680       0x4c ..\obj\stm32_ub_vga_screen.o
                0x08001680                UB_VGA_SetPixel
 .text.P_VGA_InitIO
                0x080016cc       0xa8 ..\obj\stm32_ub_vga_screen.o
                0x080016cc                P_VGA_InitIO
 .text.P_VGA_InitTIM
                0x08001774       0xcc ..\obj\stm32_ub_vga_screen.o
                0x08001774                P_VGA_InitTIM
 .text.P_VGA_InitINT
                0x08001840       0x58 ..\obj\stm32_ub_vga_screen.o
                0x08001840                P_VGA_InitINT
 .text.P_VGA_InitDMA
                0x08001898       0x90 ..\obj\stm32_ub_vga_screen.o
                0x08001898                P_VGA_InitDMA
 .text.TIM2_IRQHandler
                0x08001928       0xbc ..\obj\stm32_ub_vga_screen.o
                0x08001928                TIM2_IRQHandler
 .text.DMA2_Stream5_IRQHandler
                0x080019e4       0x4c ..\obj\stm32_ub_vga_screen.o
                0x080019e4                DMA2_Stream5_IRQHandler
 .text.NVIC_Init
                0x08001a30       0xc0 ..\obj\misc.o
                0x08001a30                NVIC_Init
 .text.TIM_TimeBaseInit
                0x08001af0       0xd4 ..\obj\stm32f4xx_tim.o
                0x08001af0                TIM_TimeBaseInit
 .text.TIM_ARRPreloadConfig
                0x08001bc4       0x40 ..\obj\stm32f4xx_tim.o
                0x08001bc4                TIM_ARRPreloadConfig
 .text.TIM_Cmd  0x08001c04       0x40 ..\obj\stm32f4xx_tim.o
                0x08001c04                TIM_Cmd
 .text.TIM_OC3Init
                0x08001c44      0x10c ..\obj\stm32f4xx_tim.o
                0x08001c44                TIM_OC3Init
 .text.TIM_OC4Init
                0x08001d50       0xcc ..\obj\stm32f4xx_tim.o
                0x08001d50                TIM_OC4Init
 .text.TIM_OC3PreloadConfig
                0x08001e1c       0x38 ..\obj\stm32f4xx_tim.o
                0x08001e1c                TIM_OC3PreloadConfig
 .text.TIM_OC4PreloadConfig
                0x08001e54       0x3c ..\obj\stm32f4xx_tim.o
                0x08001e54                TIM_OC4PreloadConfig
 .text.TIM_ITConfig
                0x08001e90       0x48 ..\obj\stm32f4xx_tim.o
                0x08001e90                TIM_ITConfig
 .text.TIM_ClearITPendingBit
                0x08001ed8       0x20 ..\obj\stm32f4xx_tim.o
                0x08001ed8                TIM_ClearITPendingBit
 .text.TIM_DMACmd
                0x08001ef8       0x48 ..\obj\stm32f4xx_tim.o
                0x08001ef8                TIM_DMACmd
 .text.API_ERROR_inrange
                0x08001f40       0x64 ..\..\..\libvga_api.a(API_DRAW.o)
                0x08001f40                API_ERROR_inrange
 .text.API_DRAW_line
                0x08001fa4       0x4c ..\..\..\libvga_api.a(API_DRAW.o)
                0x08001fa4                API_DRAW_line
 .text.API_DRAW_bitmap
                0x08001ff0      0x360 ..\..\..\libvga_api.a(API_DRAW.o)
                0x08001ff0                API_DRAW_bitmap
 .text.API_IO_init
                0x08002350       0x18 ..\..\..\libvga_api.a(API_IO.o)
                0x08002350                API_IO_init
 .text.API_IO_UART_gets
                0x08002368       0x18 ..\..\..\libvga_api.a(API_IO.o)
                0x08002368                API_IO_UART_gets
 .text.API_IO_UART_putint
                0x08002380       0x18 ..\..\..\libvga_api.a(API_IO.o)
                0x08002380                API_IO_UART_putint
 .text.API_IO_UART_putnum
                0x08002398       0x20 ..\..\..\libvga_api.a(API_IO.o)
                0x08002398                API_IO_UART_putnum
 .text.API_IO_UART_puts
                0x080023b8       0x18 ..\..\..\libvga_api.a(API_IO.o)
                0x080023b8                API_IO_UART_puts
 .text.API_IO_bitmap
                0x080023d0      0x124 ..\..\..\libvga_api.a(API_IO.o)
                0x080023d0                API_IO_bitmap
 .text.API_IO_clearscherm
                0x080024f4       0x1c ..\..\..\libvga_api.a(API_IO.o)
                0x080024f4                API_IO_clearscherm
 .text.API_IO_line
                0x08002510      0x270 ..\..\..\libvga_api.a(API_IO.o)
                0x08002510                API_IO_line
 .text.API_IO_rechthoek
                0x08002780       0xb8 ..\..\..\libvga_api.a(API_IO.o)
                0x08002780                API_IO_rechthoek
 .text.DELAY_init
                0x08002838      0x128 ..\..\..\libvga_api.a(delay.o)
                0x08002838                DELAY_init
 .text.UART_init
                0x08002960       0x94 ..\..\..\libvga_api.a(uart.o)
                0x08002960                UART_init
 .text.UART_putchar
                0x080029f4       0x34 ..\..\..\libvga_api.a(uart.o)
                0x080029f4                UART_putchar
 .text.UART_puts
                0x08002a28       0x38 ..\..\..\libvga_api.a(uart.o)
                0x08002a28                UART_puts
 .text.USART2_IRQHandler
                0x08002a60       0xb4 ..\..\..\libvga_api.a(uart.o)
                0x08002a60                USART2_IRQHandler
 .text.UART_putint
                0x08002b14       0x18 ..\..\..\libvga_api.a(uart.o)
                0x08002b14                UART_putint
 .text.UART_putnum
                0x08002b2c       0xb4 ..\..\..\libvga_api.a(uart.o)
                0x08002b2c                UART_putnum
 .text.UART_get
                0x08002be0       0x30 ..\..\..\libvga_api.a(uart.o)
                0x08002be0                UART_get
 .text.UART_gets
                0x08002c10       0x58 ..\..\..\libvga_api.a(uart.o)
                0x08002c10                UART_gets
 .text          0x08002c68      0x370 c:/program files (x86)/gnu tools arm embedded/5.4 2016q2/bin/../lib/gcc/arm-none-eabi/5.4.1/armv7e-m\libgcc.a(_arm_addsubdf3.o)
                0x08002c68                __aeabi_drsub
                0x08002c70                __aeabi_dsub
                0x08002c70                __subdf3
                0x08002c74                __aeabi_dadd
                0x08002c74                __adddf3
                0x08002eec                __floatunsidf
                0x08002eec                __aeabi_ui2d
                0x08002f0c                __floatsidf
                0x08002f0c                __aeabi_i2d
                0x08002f30                __aeabi_f2d
                0x08002f30                __extendsfdf2
                0x08002f6c                __floatundidf
                0x08002f6c                __aeabi_ul2d
                0x08002f7c                __floatdidf
                0x08002f7c                __aeabi_l2d
 .text          0x08002fd8      0x424 c:/program files (x86)/gnu tools arm embedded/5.4 2016q2/bin/../lib/gcc/arm-none-eabi/5.4.1/armv7e-m\libgcc.a(_arm_muldivdf3.o)
                0x08002fd8                __aeabi_dmul
                0x08002fd8                __muldf3
                0x0800322c                __divdf3
                0x0800322c                __aeabi_ddiv
 .text          0x080033fc       0x40 c:/program files (x86)/gnu tools arm embedded/5.4 2016q2/bin/../lib/gcc/arm-none-eabi/5.4.1/armv7e-m\libgcc.a(_arm_fixunsdfsi.o)
                0x080033fc                __aeabi_d2uiz
                0x080033fc                __fixunsdfsi
 .text          0x0800343c      0x21c c:/program files (x86)/gnu tools arm embedded/5.4 2016q2/bin/../lib/gcc/arm-none-eabi/5.4.1/armv7e-m\libgcc.a(_arm_addsubsf3.o)
                0x0800343c                __aeabi_frsub
                0x08003444                __subsf3
                0x08003444                __aeabi_fsub
                0x08003448                __aeabi_fadd
                0x08003448                __addsf3
                0x080035a8                __aeabi_ui2f
                0x080035a8                __floatunsisf
                0x080035b0                __aeabi_i2f
                0x080035b0                __floatsisf
                0x080035cc                __aeabi_ul2f
                0x080035cc                __floatundisf
                0x080035dc                __aeabi_l2f
                0x080035dc                __floatdisf
 .text          0x08003658      0x2a0 c:/program files (x86)/gnu tools arm embedded/5.4 2016q2/bin/../lib/gcc/arm-none-eabi/5.4.1/armv7e-m\libgcc.a(_arm_muldivsf3.o)
                0x08003658                __mulsf3
                0x08003658                __aeabi_fmul
                0x080037c0                __aeabi_fdiv
                0x080037c0                __divsf3
 .text          0x080038f8       0xec c:/program files (x86)/gnu tools arm embedded/5.4 2016q2/bin/../lib/gcc/arm-none-eabi/5.4.1/armv7e-m\libgcc.a(_arm_cmpsf2.o)
                0x080038f8                __gesf2
                0x080038f8                __gtsf2
                0x08003900                __lesf2
                0x08003900                __ltsf2
                0x08003908                __nesf2
                0x08003908                __eqsf2
                0x08003908                __cmpsf2
                0x08003968                __aeabi_cfrcmple
                0x08003970                __aeabi_cfcmpeq
                0x08003970                __aeabi_cfcmple
                0x08003980                __aeabi_fcmpeq
                0x08003994                __aeabi_fcmplt
                0x080039a8                __aeabi_fcmple
                0x080039bc                __aeabi_fcmpge
                0x080039d0                __aeabi_fcmpgt
 .text          0x080039e4       0x4c c:/program files (x86)/gnu tools arm embedded/5.4 2016q2/bin/../lib/gcc/arm-none-eabi/5.4.1/armv7e-m\libgcc.a(_arm_fixsfsi.o)
                0x080039e4                __aeabi_f2iz
                0x080039e4                __fixsfsi
 .text.atoi     0x08003a30        0x8 c:/program files (x86)/gnu tools arm embedded/5.4 2016q2/bin/../lib/gcc/arm-none-eabi/5.4.1/../../../../arm-none-eabi/lib/armv7e-m\libg.a(lib_a-atoi.o)
                0x08003a30                atoi
 .text.memset   0x08003a38       0x9c c:/program files (x86)/gnu tools arm embedded/5.4 2016q2/bin/../lib/gcc/arm-none-eabi/5.4.1/../../../../arm-none-eabi/lib/armv7e-m\libg.a(lib_a-memset.o)
                0x08003a38                memset
 *fill*         0x08003ad4       0x2c 
 .text          0x08003b00       0xdc c:/program files (x86)/gnu tools arm embedded/5.4 2016q2/bin/../lib/gcc/arm-none-eabi/5.4.1/../../../../arm-none-eabi/lib/armv7e-m\libg.a(lib_a-strlen.o)
                0x08003b00                strlen
 .text.strncmp  0x08003bdc       0xa0 c:/program files (x86)/gnu tools arm embedded/5.4 2016q2/bin/../lib/gcc/arm-none-eabi/5.4.1/../../../../arm-none-eabi/lib/armv7e-m\libg.a(lib_a-strncmp.o)
                0x08003bdc                strncmp
 .text._strtol_r
                0x08003c7c      0x128 c:/program files (x86)/gnu tools arm embedded/5.4 2016q2/bin/../lib/gcc/arm-none-eabi/5.4.1/../../../../arm-none-eabi/lib/armv7e-m\libg.a(lib_a-strtol.o)
                0x08003c7c                _strtol_r
 .text.strtol   0x08003da4       0x18 c:/program files (x86)/gnu tools arm embedded/5.4 2016q2/bin/../lib/gcc/arm-none-eabi/5.4.1/../../../../arm-none-eabi/lib/armv7e-m\libg.a(lib_a-strtol.o)
                0x08003da4                strtol
 *(.init)
 *(.fini)
 *crtbegin.o(.ctors)
 *crtbegin?.o(.ctors)
 *(EXCLUDE_FILE(*crtend.o *crtend?.o) .ctors)
 *(SORT(.ctors.*))
 *(.ctors)
 *crtbegin.o(.dtors)
 *crtbegin?.o(.dtors)
 *(EXCLUDE_FILE(*crtend.o *crtend?.o) .dtors)
 *(SORT(.dtors.*))
 *(.dtors)
 *(.rodata*)
 .rodata        0x08003dbc      0x110 ..\obj\UI.o
 .rodata        0x08003ecc       0x45 ..\obj\LL.o
 *fill*         0x08003f11        0x3 
 .rodata._ctype_
                0x08003f14      0x101 c:/program files (x86)/gnu tools arm embedded/5.4 2016q2/bin/../lib/gcc/arm-none-eabi/5.4.1/../../../../arm-none-eabi/lib/armv7e-m\libg.a(lib_a-ctype_.o)
                0x08003f14                _ctype_
 *(.eh_fram e*)

.glue_7         0x08004018        0x0
 .glue_7        0x08004018        0x0 linker stubs

.glue_7t        0x08004018        0x0
 .glue_7t       0x08004018        0x0 linker stubs

.vfp11_veneer   0x08004018        0x0
 .vfp11_veneer  0x08004018        0x0 linker stubs

.v4_bx          0x08004018        0x0
 .v4_bx         0x08004018        0x0 linker stubs

.iplt           0x08004018        0x0
 .iplt          0x08004018        0x0 ..\obj\UI.o

.rel.dyn        0x08004018        0x0
 .rel.iplt      0x08004018        0x0 ..\obj\UI.o

.ARM.extab
 *(.ARM.extab* .gnu.linkonce.armextab.*)
                0x08004018                __exidx_start = .

.ARM.exidx
 *(.ARM.exidx* .gnu.linkonce.armexidx.*)
                0x08004018                __exidx_end = .
                0x08004018                __etext = .
                0x08004015                _sidata = __etext

.data           0x20000000     0x2938 load address 0x08004015
                0x20000000                __data_start__ = .
                0x20000000                _sdata = __data_start__
 *(vtable)
 *(.data*)
 .data          0x20000000       0x10 ..\obj\stm32f4xx_rcc.o
 .data          0x20000010     0x24e8 ..\..\..\libvga_api.a(API_DRAW.o)
                0x20000010                pijl_links
                0x20000478                pijl_rechts
                0x200008e0                pijl_omhoog
                0x20000d20                pijl_omlaag
                0x20001160                smiley_blij
                0x20001b2c                smiley_boos
 .data          0x200024f8       0x10 ..\..\..\libvga_api.a(uart.o)
 .data          0x20002508      0x42c ..\..\..\libvga_api.a(printf.o)
                0x20002508                r
                0x20002930                _impure_ptr
 .data.__ctype_ptr__
                0x20002934        0x4 c:/program files (x86)/gnu tools arm embedded/5.4 2016q2/bin/../lib/gcc/arm-none-eabi/5.4.1/../../../../arm-none-eabi/lib/armv7e-m\libg.a(lib_a-ctype_.o)
                0x20002934                __ctype_ptr__
                0x20002938                . = ALIGN (0x4)
                [!provide]                PROVIDE (__preinit_array_start, .)
 *(.preinit_array)
                [!provide]                PROVIDE (__preinit_array_end, .)
                0x20002938                . = ALIGN (0x4)
                [!provide]                PROVIDE (__init_array_start, .)
 *(SORT(.init_array.*))
 *(.init_array)
                [!provide]                PROVIDE (__init_array_end, .)
                0x20002938                . = ALIGN (0x4)
                [!provide]                PROVIDE (__fini_array_start, .)
 *(SORT(.fini_array.*))
 *(.fini_array)
                [!provide]                PROVIDE (__fini_array_end, .)
 *(.jcr*)
                0x20002938                . = ALIGN (0x4)
                0x20002938                __data_end__ = .
                0x20002938                _edata = __data_end__

.igot.plt       0x20002938        0x0 load address 0x08006950
 .igot.plt      0x20002938        0x0 ..\obj\UI.o

.bss            0x20002938    0x12d74 load address 0x08006950
                0x20002938                . = ALIGN (0x4)
                0x20002938                __bss_start__ = .
                0x20002938                _sbss = __bss_start__
 *(.bss*)
 .bss           0x20002938        0x4 ..\..\..\libvga_api.a(uart.o)
                0x20002938                charcounter
 *(COMMON)
 COMMON         0x2000293c    0x12cfc ..\obj\stm32_ub_vga_screen.o
                0x2000293c                VGA
                0x20002948                VGA_RAM1
 COMMON         0x20015638       0x10 ..\..\..\libvga_api.a(delay.o)
                0x20015638                G_CLK
                0x2001563c                D_S
                0x20015640                D_uS
                0x20015644                D_mS
 COMMON         0x20015648       0x64 ..\..\..\libvga_api.a(uart.o)
                0x20015648                string
                0x200156ac                . = ALIGN (0x4)
                0x200156ac                __bss_end__ = .
                0x200156ac                _ebss = __bss_end__

.heap           0x200156ac        0x0
                0x200156ac                __end__ = .
                0x200156ac                _end = __end__
                0x200156ac                end = __end__
 *(.heap*)
                0x200156ac                __HeapLimit = .

.co_stack       0x200156ac      0x804 load address 0x080196c4
                0x200156b0                . = ALIGN (0x8)
 *fill*         0x200156ac        0x4 
 *(.co_stack .co_stack.*)
 .co_stack      0x200156b0      0x800 ..\obj\startup_stm32f4xx.o
                0x200156b0                pulStack
                0x20020000                __StackTop = (ORIGIN (ram) + LENGTH (ram))
                0x2001f7fc                __StackLimit = (__StackTop - SIZEOF (.co_stack))
                [!provide]                PROVIDE (__stack, __StackTop)
                0x00000001                ASSERT ((__StackLimit >= __HeapLimit), region ram  overflowed with stack)
LOAD ..\obj\UI.o
LOAD ..\obj\stm32f4xx_usart.o
LOAD ..\obj\startup_stm32f4xx.o
LOAD ..\obj\LL.o
LOAD ..\obj\stm32f4xx_rcc.o
LOAD ..\obj\stm32f4xx_gpio.o
LOAD ..\obj\system_stm32f4xx.o
LOAD ..\obj\syscalls.o
LOAD ..\obj\stm32f4xx_dma.o
LOAD ..\obj\stm32_ub_vga_screen.o
LOAD ..\obj\misc.o
LOAD ..\obj\stm32f4xx_tim.o
LOAD ..\..\..\libvga_api.a
LOAD c:/program files (x86)/gnu tools arm embedded/5.4 2016q2/bin/../lib/gcc/arm-none-eabi/5.4.1/../../../../arm-none-eabi/lib/armv7e-m\libm.a
START GROUP
LOAD c:/program files (x86)/gnu tools arm embedded/5.4 2016q2/bin/../lib/gcc/arm-none-eabi/5.4.1/armv7e-m\libgcc.a
LOAD c:/program files (x86)/gnu tools arm embedded/5.4 2016q2/bin/../lib/gcc/arm-none-eabi/5.4.1/../../../../arm-none-eabi/lib/armv7e-m\libg.a
LOAD c:/program files (x86)/gnu tools arm embedded/5.4 2016q2/bin/../lib/gcc/arm-none-eabi/5.4.1/../../../../arm-none-eabi/lib/armv7e-m\libc.a
END GROUP
OUTPUT(VGA_Core.elf elf32-littlearm)

.debug_info     0x00000000     0x7f1b
 .debug_info    0x00000000      0x2b1 ..\obj\UI.o
 .debug_info    0x000002b1      0x9ca ..\obj\stm32f4xx_usart.o
 .debug_info    0x00000c7b       0xf2 ..\obj\startup_stm32f4xx.o
 .debug_info    0x00000d6d      0x2b5 ..\obj\LL.o
 .debug_info    0x00001022      0xc63 ..\obj\stm32f4xx_rcc.o
 .debug_info    0x00001c85      0x61a ..\obj\stm32f4xx_gpio.o
 .debug_info    0x0000229f      0x5c5 ..\obj\system_stm32f4xx.o
 .debug_info    0x00002864      0x741 ..\obj\stm32f4xx_dma.o
 .debug_info    0x00002fa5      0xad9 ..\obj\stm32_ub_vga_screen.o
 .debug_info    0x00003a7e      0x556 ..\obj\misc.o
 .debug_info    0x00003fd4     0x1c69 ..\obj\stm32f4xx_tim.o
 .debug_info    0x00005c3d      0x3f8 ..\..\..\libvga_api.a(API_DRAW.o)
 .debug_info    0x00006035      0x41c ..\..\..\libvga_api.a(API_IO.o)
 .debug_info    0x00006451      0x2a6 ..\..\..\libvga_api.a(delay.o)
 .debug_info    0x000066f7      0x9e7 ..\..\..\libvga_api.a(uart.o)
 .debug_info    0x000070de      0xe3d ..\..\..\libvga_api.a(printf.o)

.debug_abbrev   0x00000000     0x16cf
 .debug_abbrev  0x00000000      0x140 ..\obj\UI.o
 .debug_abbrev  0x00000140      0x157 ..\obj\stm32f4xx_usart.o
 .debug_abbrev  0x00000297       0xb0 ..\obj\startup_stm32f4xx.o
 .debug_abbrev  0x00000347      0x118 ..\obj\LL.o
 .debug_abbrev  0x0000045f      0x1e5 ..\obj\stm32f4xx_rcc.o
 .debug_abbrev  0x00000644      0x1a7 ..\obj\stm32f4xx_gpio.o
 .debug_abbrev  0x000007eb      0x138 ..\obj\system_stm32f4xx.o
 .debug_abbrev  0x00000923      0x157 ..\obj\stm32f4xx_dma.o
 .debug_abbrev  0x00000a7a      0x1d0 ..\obj\stm32_ub_vga_screen.o
 .debug_abbrev  0x00000c4a      0x147 ..\obj\misc.o
 .debug_abbrev  0x00000d91      0x189 ..\obj\stm32f4xx_tim.o
 .debug_abbrev  0x00000f1a      0x125 ..\..\..\libvga_api.a(API_DRAW.o)
 .debug_abbrev  0x0000103f      0x148 ..\..\..\libvga_api.a(API_IO.o)
 .debug_abbrev  0x00001187      0x100 ..\..\..\libvga_api.a(delay.o)
 .debug_abbrev  0x00001287      0x1e6 ..\..\..\libvga_api.a(uart.o)
 .debug_abbrev  0x0000146d      0x262 ..\..\..\libvga_api.a(printf.o)

.debug_aranges  0x00000000      0xa00
 .debug_aranges
                0x00000000       0x38 ..\obj\UI.o
 .debug_aranges
                0x00000038      0x100 ..\obj\stm32f4xx_usart.o
 .debug_aranges
                0x00000138       0x28 ..\obj\startup_stm32f4xx.o
 .debug_aranges
                0x00000160       0x40 ..\obj\LL.o
 .debug_aranges
                0x000001a0      0x178 ..\obj\stm32f4xx_rcc.o
 .debug_aranges
                0x00000318       0x88 ..\obj\stm32f4xx_gpio.o
 .debug_aranges
                0x000003a0       0x30 ..\obj\system_stm32f4xx.o
 .debug_aranges
                0x000003d0       0xb0 ..\obj\stm32f4xx_dma.o
 .debug_aranges
                0x00000480       0x60 ..\obj\stm32_ub_vga_screen.o
 .debug_aranges
                0x000004e0       0x40 ..\obj\misc.o
 .debug_aranges
                0x00000520      0x2f8 ..\obj\stm32f4xx_tim.o
 .debug_aranges
                0x00000818       0x38 ..\..\..\libvga_api.a(API_DRAW.o)
 .debug_aranges
                0x00000850       0x70 ..\..\..\libvga_api.a(API_IO.o)
 .debug_aranges
                0x000008c0       0x38 ..\..\..\libvga_api.a(delay.o)
 .debug_aranges
                0x000008f8       0x68 ..\..\..\libvga_api.a(uart.o)
 .debug_aranges
                0x00000960       0xa0 ..\..\..\libvga_api.a(printf.o)

.debug_ranges   0x00000000      0x900
 .debug_ranges  0x00000000       0x28 ..\obj\UI.o
 .debug_ranges  0x00000028       0xf0 ..\obj\stm32f4xx_usart.o
 .debug_ranges  0x00000118       0x18 ..\obj\startup_stm32f4xx.o
 .debug_ranges  0x00000130       0x30 ..\obj\LL.o
 .debug_ranges  0x00000160      0x168 ..\obj\stm32f4xx_rcc.o
 .debug_ranges  0x000002c8       0x78 ..\obj\stm32f4xx_gpio.o
 .debug_ranges  0x00000340       0x20 ..\obj\system_stm32f4xx.o
 .debug_ranges  0x00000360       0xa0 ..\obj\stm32f4xx_dma.o
 .debug_ranges  0x00000400       0x50 ..\obj\stm32_ub_vga_screen.o
 .debug_ranges  0x00000450       0x30 ..\obj\misc.o
 .debug_ranges  0x00000480      0x2e8 ..\obj\stm32f4xx_tim.o
 .debug_ranges  0x00000768       0x28 ..\..\..\libvga_api.a(API_DRAW.o)
 .debug_ranges  0x00000790       0x60 ..\..\..\libvga_api.a(API_IO.o)
 .debug_ranges  0x000007f0       0x28 ..\..\..\libvga_api.a(delay.o)
 .debug_ranges  0x00000818       0x58 ..\..\..\libvga_api.a(uart.o)
 .debug_ranges  0x00000870       0x90 ..\..\..\libvga_api.a(printf.o)

.debug_line     0x00000000     0x462b
 .debug_line    0x00000000      0x214 ..\obj\UI.o
 .debug_line    0x00000214      0x5c5 ..\obj\stm32f4xx_usart.o
 .debug_line    0x000007d9       0xdc ..\obj\startup_stm32f4xx.o
 .debug_line    0x000008b5      0x23b ..\obj\LL.o
 .debug_line    0x00000af0      0x6b1 ..\obj\stm32f4xx_rcc.o
 .debug_line    0x000011a1      0x46c ..\obj\stm32f4xx_gpio.o
 .debug_line    0x0000160d      0x278 ..\obj\system_stm32f4xx.o
 .debug_line    0x00001885      0x536 ..\obj\stm32f4xx_dma.o
 .debug_line    0x00001dbb      0x49e ..\obj\stm32_ub_vga_screen.o
 .debug_line    0x00002259      0x34a ..\obj\misc.o
 .debug_line    0x000025a3      0xbcd ..\obj\stm32f4xx_tim.o
 .debug_line    0x00003170      0x49f ..\..\..\libvga_api.a(API_DRAW.o)
 .debug_line    0x0000360f      0x3c8 ..\..\..\libvga_api.a(API_IO.o)
 .debug_line    0x000039d7      0x351 ..\..\..\libvga_api.a(delay.o)
 .debug_line    0x00003d28      0x554 ..\..\..\libvga_api.a(uart.o)
 .debug_line    0x0000427c      0x3af ..\..\..\libvga_api.a(printf.o)

.debug_str      0x00000000     0x35ac
 .debug_str     0x00000000      0x242 ..\obj\UI.o
                                0x27b (size before relaxing)
 .debug_str     0x00000242      0x57a ..\obj\stm32f4xx_usart.o
                                0x6ca (size before relaxing)
 .debug_str     0x000007bc       0xeb ..\obj\startup_stm32f4xx.o
                                0x182 (size before relaxing)
 .debug_str     0x000008a7       0xc3 ..\obj\LL.o
                                0x2a2 (size before relaxing)
 .debug_str     0x0000096a      0x618 ..\obj\stm32f4xx_rcc.o
                                0x88b (size before relaxing)
 .debug_str     0x00000f82      0x363 ..\obj\stm32f4xx_gpio.o
                                0x4de (size before relaxing)
 .debug_str     0x000012e5      0x153 ..\obj\system_stm32f4xx.o
                                0x3e5 (size before relaxing)
 .debug_str     0x00001438      0x3cc ..\obj\stm32f4xx_dma.o
                                0x57d (size before relaxing)
 .debug_str     0x00001804      0x8a4 ..\obj\stm32_ub_vga_screen.o
                                0xd18 (size before relaxing)
 .debug_str     0x000020a8      0x19c ..\obj\misc.o
                                0x409 (size before relaxing)
 .debug_str     0x00002244      0xa39 ..\obj\stm32f4xx_tim.o
                                0xe0b (size before relaxing)
 .debug_str     0x00002c7d      0x17b ..\..\..\libvga_api.a(API_DRAW.o)
                                0x391 (size before relaxing)
 .debug_str     0x00002df8      0x125 ..\..\..\libvga_api.a(API_IO.o)
                                0x39d (size before relaxing)
 .debug_str     0x00002f1d       0xa9 ..\..\..\libvga_api.a(delay.o)
                                0x325 (size before relaxing)
 .debug_str     0x00002fc6      0x121 ..\..\..\libvga_api.a(uart.o)
                                0xba2 (size before relaxing)
 .debug_str     0x000030e7      0x4c5 ..\..\..\libvga_api.a(printf.o)
                                0x6e0 (size before relaxing)

.comment        0x00000000       0x6e
 .comment       0x00000000       0x6e ..\obj\UI.o
                                 0x6f (size before relaxing)
 .comment       0x0000006e       0x6f ..\obj\stm32f4xx_usart.o
 .comment       0x0000006e       0x6f ..\obj\startup_stm32f4xx.o
 .comment       0x0000006e       0x6f ..\obj\LL.o
 .comment       0x0000006e       0x6f ..\obj\stm32f4xx_rcc.o
 .comment       0x0000006e       0x6f ..\obj\stm32f4xx_gpio.o
 .comment       0x0000006e       0x6f ..\obj\system_stm32f4xx.o
 .comment       0x0000006e       0x6f ..\obj\stm32f4xx_dma.o
 .comment       0x0000006e       0x6f ..\obj\stm32_ub_vga_screen.o
 .comment       0x0000006e       0x6f ..\obj\misc.o
 .comment       0x0000006e       0x6f ..\obj\stm32f4xx_tim.o
 .comment       0x0000006e       0x6f ..\..\..\libvga_api.a(API_DRAW.o)
 .comment       0x0000006e       0x6f ..\..\..\libvga_api.a(API_IO.o)
 .comment       0x0000006e       0x6f ..\..\..\libvga_api.a(delay.o)
 .comment       0x0000006e       0x6f ..\..\..\libvga_api.a(uart.o)
 .comment       0x0000006e       0x6f ..\..\..\libvga_api.a(printf.o)

.ARM.attributes
                0x00000000       0x31
 .ARM.attributes
                0x00000000       0x33 ..\obj\UI.o
 .ARM.attributes
                0x00000033       0x33 ..\obj\stm32f4xx_usart.o
 .ARM.attributes
                0x00000066       0x33 ..\obj\startup_stm32f4xx.o
 .ARM.attributes
                0x00000099       0x33 ..\obj\LL.o
 .ARM.attributes
                0x000000cc       0x33 ..\obj\stm32f4xx_rcc.o
 .ARM.attributes
                0x000000ff       0x33 ..\obj\stm32f4xx_gpio.o
 .ARM.attributes
                0x00000132       0x33 ..\obj\system_stm32f4xx.o
 .ARM.attributes
                0x00000165       0x33 ..\obj\stm32f4xx_dma.o
 .ARM.attributes
                0x00000198       0x33 ..\obj\stm32_ub_vga_screen.o
 .ARM.attributes
                0x000001cb       0x33 ..\obj\misc.o
 .ARM.attributes
                0x000001fe       0x33 ..\obj\stm32f4xx_tim.o
 .ARM.attributes
                0x00000231       0x33 ..\..\..\libvga_api.a(API_DRAW.o)
 .ARM.attributes
                0x00000264       0x33 ..\..\..\libvga_api.a(API_IO.o)
 .ARM.attributes
                0x00000297       0x33 ..\..\..\libvga_api.a(delay.o)
 .ARM.attributes
                0x000002ca       0x33 ..\..\..\libvga_api.a(uart.o)
 .ARM.attributes
                0x000002fd       0x33 ..\..\..\libvga_api.a(printf.o)
 .ARM.attributes
                0x00000330       0x1e c:/program files (x86)/gnu tools arm embedded/5.4 2016q2/bin/../lib/gcc/arm-none-eabi/5.4.1/armv7e-m\libgcc.a(_arm_addsubdf3.o)
 .ARM.attributes
                0x0000034e       0x1e c:/program files (x86)/gnu tools arm embedded/5.4 2016q2/bin/../lib/gcc/arm-none-eabi/5.4.1/armv7e-m\libgcc.a(_arm_muldivdf3.o)
 .ARM.attributes
                0x0000036c       0x1e c:/program files (x86)/gnu tools arm embedded/5.4 2016q2/bin/../lib/gcc/arm-none-eabi/5.4.1/armv7e-m\libgcc.a(_arm_fixunsdfsi.o)
 .ARM.attributes
                0x0000038a       0x1e c:/program files (x86)/gnu tools arm embedded/5.4 2016q2/bin/../lib/gcc/arm-none-eabi/5.4.1/armv7e-m\libgcc.a(_arm_addsubsf3.o)
 .ARM.attributes
                0x000003a8       0x1e c:/program files (x86)/gnu tools arm embedded/5.4 2016q2/bin/../lib/gcc/arm-none-eabi/5.4.1/armv7e-m\libgcc.a(_arm_muldivsf3.o)
 .ARM.attributes
                0x000003c6       0x1e c:/program files (x86)/gnu tools arm embedded/5.4 2016q2/bin/../lib/gcc/arm-none-eabi/5.4.1/armv7e-m\libgcc.a(_arm_cmpsf2.o)
 .ARM.attributes
                0x000003e4       0x1e c:/program files (x86)/gnu tools arm embedded/5.4 2016q2/bin/../lib/gcc/arm-none-eabi/5.4.1/armv7e-m\libgcc.a(_arm_fixsfsi.o)
 .ARM.attributes
                0x00000402       0x2e c:/program files (x86)/gnu tools arm embedded/5.4 2016q2/bin/../lib/gcc/arm-none-eabi/5.4.1/../../../../arm-none-eabi/lib/armv7e-m\libg.a(lib_a-atoi.o)
 .ARM.attributes
                0x00000430       0x2e c:/program files (x86)/gnu tools arm embedded/5.4 2016q2/bin/../lib/gcc/arm-none-eabi/5.4.1/../../../../arm-none-eabi/lib/armv7e-m\libg.a(lib_a-ctype_.o)
 .ARM.attributes
                0x0000045e       0x2e c:/program files (x86)/gnu tools arm embedded/5.4 2016q2/bin/../lib/gcc/arm-none-eabi/5.4.1/../../../../arm-none-eabi/lib/armv7e-m\libg.a(lib_a-memset.o)
 .ARM.attributes
                0x0000048c       0x1c c:/program files (x86)/gnu tools arm embedded/5.4 2016q2/bin/../lib/gcc/arm-none-eabi/5.4.1/../../../../arm-none-eabi/lib/armv7e-m\libg.a(lib_a-strlen.o)
 .ARM.attributes
                0x000004a8       0x2e c:/program files (x86)/gnu tools arm embedded/5.4 2016q2/bin/../lib/gcc/arm-none-eabi/5.4.1/../../../../arm-none-eabi/lib/armv7e-m\libg.a(lib_a-strncmp.o)
 .ARM.attributes
                0x000004d6       0x2e c:/program files (x86)/gnu tools arm embedded/5.4 2016q2/bin/../lib/gcc/arm-none-eabi/5.4.1/../../../../arm-none-eabi/lib/armv7e-m\libg.a(lib_a-strtol.o)

.debug_frame    0x00000000     0x2bc8
 .debug_frame   0x00000000       0xa4 ..\obj\UI.o
 .debug_frame   0x000000a4      0x490 ..\obj\stm32f4xx_usart.o
 .debug_frame   0x00000534       0x4c ..\obj\startup_stm32f4xx.o
 .debug_frame   0x00000580       0xd4 ..\obj\LL.o
 .debug_frame   0x00000654      0x6d4 ..\obj\stm32f4xx_rcc.o
 .debug_frame   0x00000d28      0x23c ..\obj\stm32f4xx_gpio.o
 .debug_frame   0x00000f64       0x7c ..\obj\system_stm32f4xx.o
 .debug_frame   0x00000fe0      0x308 ..\obj\stm32f4xx_dma.o
 .debug_frame   0x000012e8      0x148 ..\obj\stm32_ub_vga_screen.o
 .debug_frame   0x00001430       0xd8 ..\obj\misc.o
 .debug_frame   0x00001508      0xe54 ..\obj\stm32f4xx_tim.o
 .debug_frame   0x0000235c       0xa8 ..\..\..\libvga_api.a(API_DRAW.o)
 .debug_frame   0x00002404      0x194 ..\..\..\libvga_api.a(API_IO.o)
 .debug_frame   0x00002598       0xb0 ..\..\..\libvga_api.a(delay.o)
 .debug_frame   0x00002648      0x198 ..\..\..\libvga_api.a(uart.o)
 .debug_frame   0x000027e0      0x2dc ..\..\..\libvga_api.a(printf.o)
 .debug_frame   0x00002abc       0x30 c:/program files (x86)/gnu tools arm embedded/5.4 2016q2/bin/../lib/gcc/arm-none-eabi/5.4.1/../../../../arm-none-eabi/lib/armv7e-m\libg.a(lib_a-atoi.o)
 .debug_frame   0x00002aec       0x34 c:/program files (x86)/gnu tools arm embedded/5.4 2016q2/bin/../lib/gcc/arm-none-eabi/5.4.1/../../../../arm-none-eabi/lib/armv7e-m\libg.a(lib_a-memset.o)
 .debug_frame   0x00002b20       0x54 c:/program files (x86)/gnu tools arm embedded/5.4 2016q2/bin/../lib/gcc/arm-none-eabi/5.4.1/../../../../arm-none-eabi/lib/armv7e-m\libg.a(lib_a-strncmp.o)
 .debug_frame   0x00002b74       0x54 c:/program files (x86)/gnu tools arm embedded/5.4 2016q2/bin/../lib/gcc/arm-none-eabi/5.4.1/../../../../arm-none-eabi/lib/armv7e-m\libg.a(lib_a-strtol.o)
