Archive member included to satisfy reference by file (symbol)

..\..\..\libvga_api.a(API_DRAW.o)
                              ..\obj\LL.o (API_DRAW_line)
..\..\..\libvga_api.a(API_IO.o)
                              ..\obj\UI.o (API_IO_INIT)
..\..\..\libvga_api.a(delay.o)
                              ..\..\..\libvga_api.a(API_IO.o) (DELAY_init)
..\..\..\libvga_api.a(uart.o)
                              ..\..\..\libvga_api.a(API_IO.o) (UART_init)
..\..\..\libvga_api.a(printf.o)
                              ..\..\..\libvga_api.a(uart.o) (vsnprintf)
c:/program files (x86)/gnu tools arm embedded/5.4 2016q2/bin/../lib/gcc/arm-none-eabi/5.4.1/armv7e-m\libgcc.a(_arm_addsubdf3.o)
                              ..\..\..\libvga_api.a(delay.o) (__aeabi_ui2d)
c:/program files (x86)/gnu tools arm embedded/5.4 2016q2/bin/../lib/gcc/arm-none-eabi/5.4.1/armv7e-m\libgcc.a(_arm_muldivdf3.o)
                              ..\..\..\libvga_api.a(delay.o) (__aeabi_dmul)
c:/program files (x86)/gnu tools arm embedded/5.4 2016q2/bin/../lib/gcc/arm-none-eabi/5.4.1/armv7e-m\libgcc.a(_arm_fixunsdfsi.o)
                              ..\..\..\libvga_api.a(delay.o) (__aeabi_d2uiz)
c:/program files (x86)/gnu tools arm embedded/5.4 2016q2/bin/../lib/gcc/arm-none-eabi/5.4.1/armv7e-m\libgcc.a(_arm_addsubsf3.o)
                              ..\..\..\libvga_api.a(API_IO.o) (__aeabi_fadd)
c:/program files (x86)/gnu tools arm embedded/5.4 2016q2/bin/../lib/gcc/arm-none-eabi/5.4.1/armv7e-m\libgcc.a(_arm_muldivsf3.o)
                              ..\..\..\libvga_api.a(API_IO.o) (__aeabi_fmul)
c:/program files (x86)/gnu tools arm embedded/5.4 2016q2/bin/../lib/gcc/arm-none-eabi/5.4.1/armv7e-m\libgcc.a(_arm_cmpsf2.o)
                              ..\..\..\libvga_api.a(API_IO.o) (__aeabi_fcmple)
c:/program files (x86)/gnu tools arm embedded/5.4 2016q2/bin/../lib/gcc/arm-none-eabi/5.4.1/armv7e-m\libgcc.a(_arm_fixsfsi.o)
                              ..\..\..\libvga_api.a(API_IO.o) (__aeabi_f2iz)
c:/program files (x86)/gnu tools arm embedded/5.4 2016q2/bin/../lib/gcc/arm-none-eabi/5.4.1/../../../../arm-none-eabi/lib/armv7e-m\libg.a(lib_a-atoi.o)
                              ..\obj\UI.o (atoi)
c:/program files (x86)/gnu tools arm embedded/5.4 2016q2/bin/../lib/gcc/arm-none-eabi/5.4.1/../../../../arm-none-eabi/lib/armv7e-m\libg.a(lib_a-ctype_.o)
                              ..\obj\UI.o (__ctype_ptr__)
c:/program files (x86)/gnu tools arm embedded/5.4 2016q2/bin/../lib/gcc/arm-none-eabi/5.4.1/../../../../arm-none-eabi/lib/armv7e-m\libg.a(lib_a-memset.o)
                              ..\obj\UI.o (memset)
c:/program files (x86)/gnu tools arm embedded/5.4 2016q2/bin/../lib/gcc/arm-none-eabi/5.4.1/../../../../arm-none-eabi/lib/armv7e-m\libg.a(lib_a-strncmp.o)
                              ..\obj\UI.o (strncmp)
c:/program files (x86)/gnu tools arm embedded/5.4 2016q2/bin/../lib/gcc/arm-none-eabi/5.4.1/../../../../arm-none-eabi/lib/armv7e-m\libg.a(lib_a-strtol.o)
                              c:/program files (x86)/gnu tools arm embedded/5.4 2016q2/bin/../lib/gcc/arm-none-eabi/5.4.1/../../../../arm-none-eabi/lib/armv7e-m\libg.a(lib_a-atoi.o) (_strtol_r)

Allocating common symbols
Common symbol       size              file

G_CLK               0x4               ..\..\..\libvga_api.a(delay.o)
D_S                 0x4               ..\..\..\libvga_api.a(delay.o)
D_uS                0x4               ..\..\..\libvga_api.a(delay.o)
string              0x64              ..\..\..\libvga_api.a(uart.o)
VGA                 0xc               ..\obj\stm32_ub_vga_screen.o
VGA_RAM1            0x12cf0           ..\obj\stm32_ub_vga_screen.o
D_mS                0x4               ..\..\..\libvga_api.a(delay.o)

Discarded input sections

 .text          0x00000000        0x0 ..\obj\UI.o
 .data          0x00000000        0x0 ..\obj\UI.o
 .bss           0x00000000        0x0 ..\obj\UI.o
 .text          0x00000000        0x0 ..\obj\stm32f4xx_usart.o
 .data          0x00000000        0x0 ..\obj\stm32f4xx_usart.o
 .bss           0x00000000        0x0 ..\obj\stm32f4xx_usart.o
 .text.USART_DeInit
                0x00000000       0xd4 ..\obj\stm32f4xx_usart.o
 .text.USART_StructInit
                0x00000000       0x38 ..\obj\stm32f4xx_usart.o
 .text.USART_ClockInit
                0x00000000       0x54 ..\obj\stm32f4xx_usart.o
 .text.USART_ClockStructInit
                0x00000000       0x2c ..\obj\stm32f4xx_usart.o
 .text.USART_SetPrescaler
                0x00000000       0x38 ..\obj\stm32f4xx_usart.o
 .text.USART_OverSampling8Cmd
                0x00000000       0x44 ..\obj\stm32f4xx_usart.o
 .text.USART_OneBitMethodCmd
                0x00000000       0x40 ..\obj\stm32f4xx_usart.o
 .text.USART_ReceiveData
                0x00000000       0x20 ..\obj\stm32f4xx_usart.o
 .text.USART_SetAddress
                0x00000000       0x38 ..\obj\stm32f4xx_usart.o
 .text.USART_ReceiverWakeUpCmd
                0x00000000       0x40 ..\obj\stm32f4xx_usart.o
 .text.USART_WakeUpConfig
                0x00000000       0x38 ..\obj\stm32f4xx_usart.o
 .text.USART_LINBreakDetectLengthConfig
                0x00000000       0x38 ..\obj\stm32f4xx_usart.o
 .text.USART_LINCmd
                0x00000000       0x40 ..\obj\stm32f4xx_usart.o
 .text.USART_SendBreak
                0x00000000       0x24 ..\obj\stm32f4xx_usart.o
 .text.USART_HalfDuplexCmd
                0x00000000       0x40 ..\obj\stm32f4xx_usart.o
 .text.USART_SetGuardTime
                0x00000000       0x3c ..\obj\stm32f4xx_usart.o
 .text.USART_SmartCardCmd
                0x00000000       0x40 ..\obj\stm32f4xx_usart.o
 .text.USART_SmartCardNACKCmd
                0x00000000       0x40 ..\obj\stm32f4xx_usart.o
 .text.USART_IrDAConfig
                0x00000000       0x38 ..\obj\stm32f4xx_usart.o
 .text.USART_IrDACmd
                0x00000000       0x40 ..\obj\stm32f4xx_usart.o
 .text.USART_DMACmd
                0x00000000       0x48 ..\obj\stm32f4xx_usart.o
 .text.USART_ClearFlag
                0x00000000       0x20 ..\obj\stm32f4xx_usart.o
 .text          0x00000000        0x0 ..\obj\startup_stm32f4xx.o
 .data          0x00000000        0x0 ..\obj\startup_stm32f4xx.o
 .bss           0x00000000        0x0 ..\obj\startup_stm32f4xx.o
 .text          0x00000000        0x0 ..\obj\LL.o
 .data          0x00000000        0x0 ..\obj\LL.o
 .bss           0x00000000        0x0 ..\obj\LL.o
 .text          0x00000000        0x0 ..\obj\stm32f4xx_rcc.o
 .bss           0x00000000        0x0 ..\obj\stm32f4xx_rcc.o
 .text.RCC_DeInit
                0x00000000       0x50 ..\obj\stm32f4xx_rcc.o
 .text.RCC_HSEConfig
                0x00000000       0x24 ..\obj\stm32f4xx_rcc.o
 .text.RCC_WaitForHSEStartUp
                0x00000000       0x50 ..\obj\stm32f4xx_rcc.o
 .text.RCC_AdjustHSICalibrationValue
                0x00000000       0x3c ..\obj\stm32f4xx_rcc.o
 .text.RCC_HSICmd
                0x00000000       0x20 ..\obj\stm32f4xx_rcc.o
 .text.RCC_LSEConfig
                0x00000000       0x40 ..\obj\stm32f4xx_rcc.o
 .text.RCC_LSICmd
                0x00000000       0x20 ..\obj\stm32f4xx_rcc.o
 .text.RCC_PLLConfig
                0x00000000       0x3c ..\obj\stm32f4xx_rcc.o
 .text.RCC_PLLCmd
                0x00000000       0x20 ..\obj\stm32f4xx_rcc.o
 .text.RCC_PLLI2SConfig
                0x00000000       0x28 ..\obj\stm32f4xx_rcc.o
 .text.RCC_PLLI2SCmd
                0x00000000       0x20 ..\obj\stm32f4xx_rcc.o
 .text.RCC_ClockSecuritySystemCmd
                0x00000000       0x20 ..\obj\stm32f4xx_rcc.o
 .text.RCC_MCO1Config
                0x00000000       0x3c ..\obj\stm32f4xx_rcc.o
 .text.RCC_MCO2Config
                0x00000000       0x3c ..\obj\stm32f4xx_rcc.o
 .text.RCC_SYSCLKConfig
                0x00000000       0x38 ..\obj\stm32f4xx_rcc.o
 .text.RCC_GetSYSCLKSource
                0x00000000       0x1c ..\obj\stm32f4xx_rcc.o
 .text.RCC_HCLKConfig
                0x00000000       0x38 ..\obj\stm32f4xx_rcc.o
 .text.RCC_PCLK1Config
                0x00000000       0x38 ..\obj\stm32f4xx_rcc.o
 .text.RCC_PCLK2Config
                0x00000000       0x38 ..\obj\stm32f4xx_rcc.o
 .text.RCC_RTCCLKConfig
                0x00000000       0x5c ..\obj\stm32f4xx_rcc.o
 .text.RCC_RTCCLKCmd
                0x00000000       0x20 ..\obj\stm32f4xx_rcc.o
 .text.RCC_BackupResetCmd
                0x00000000       0x20 ..\obj\stm32f4xx_rcc.o
 .text.RCC_I2SCLKConfig
                0x00000000       0x1c ..\obj\stm32f4xx_rcc.o
 .text.RCC_AHB2PeriphClockCmd
                0x00000000       0x3c ..\obj\stm32f4xx_rcc.o
 .text.RCC_AHB3PeriphClockCmd
                0x00000000       0x3c ..\obj\stm32f4xx_rcc.o
 .text.RCC_AHB1PeriphResetCmd
                0x00000000       0x3c ..\obj\stm32f4xx_rcc.o
 .text.RCC_AHB2PeriphResetCmd
                0x00000000       0x3c ..\obj\stm32f4xx_rcc.o
 .text.RCC_AHB3PeriphResetCmd
                0x00000000       0x3c ..\obj\stm32f4xx_rcc.o
 .text.RCC_APB1PeriphResetCmd
                0x00000000       0x3c ..\obj\stm32f4xx_rcc.o
 .text.RCC_APB2PeriphResetCmd
                0x00000000       0x3c ..\obj\stm32f4xx_rcc.o
 .text.RCC_AHB1PeriphClockLPModeCmd
                0x00000000       0x3c ..\obj\stm32f4xx_rcc.o
 .text.RCC_AHB2PeriphClockLPModeCmd
                0x00000000       0x3c ..\obj\stm32f4xx_rcc.o
 .text.RCC_AHB3PeriphClockLPModeCmd
                0x00000000       0x3c ..\obj\stm32f4xx_rcc.o
 .text.RCC_APB1PeriphClockLPModeCmd
                0x00000000       0x3c ..\obj\stm32f4xx_rcc.o
 .text.RCC_APB2PeriphClockLPModeCmd
                0x00000000       0x3c ..\obj\stm32f4xx_rcc.o
 .text.RCC_ITConfig
                0x00000000       0x4c ..\obj\stm32f4xx_rcc.o
 .text.RCC_GetFlagStatus
                0x00000000       0x74 ..\obj\stm32f4xx_rcc.o
 .text.RCC_ClearFlag
                0x00000000       0x1c ..\obj\stm32f4xx_rcc.o
 .text.RCC_GetITStatus
                0x00000000       0x34 ..\obj\stm32f4xx_rcc.o
 .text.RCC_ClearITPendingBit
                0x00000000       0x20 ..\obj\stm32f4xx_rcc.o
 .text          0x00000000        0x0 ..\obj\stm32f4xx_gpio.o
 .data          0x00000000        0x0 ..\obj\stm32f4xx_gpio.o
 .bss           0x00000000        0x0 ..\obj\stm32f4xx_gpio.o
 .text.GPIO_DeInit
                0x00000000      0x120 ..\obj\stm32f4xx_gpio.o
 .text.GPIO_StructInit
                0x00000000       0x34 ..\obj\stm32f4xx_gpio.o
 .text.GPIO_PinLockConfig
                0x00000000       0x44 ..\obj\stm32f4xx_gpio.o
 .text.GPIO_ReadInputDataBit
                0x00000000       0x34 ..\obj\stm32f4xx_gpio.o
 .text.GPIO_ReadInputData
                0x00000000       0x18 ..\obj\stm32f4xx_gpio.o
 .text.GPIO_ReadOutputDataBit
                0x00000000       0x34 ..\obj\stm32f4xx_gpio.o
 .text.GPIO_ReadOutputData
                0x00000000       0x18 ..\obj\stm32f4xx_gpio.o
 .text.GPIO_SetBits
                0x00000000       0x1c ..\obj\stm32f4xx_gpio.o
 .text.GPIO_ResetBits
                0x00000000       0x1c ..\obj\stm32f4xx_gpio.o
 .text.GPIO_WriteBit
                0x00000000       0x30 ..\obj\stm32f4xx_gpio.o
 .text.GPIO_Write
                0x00000000       0x1c ..\obj\stm32f4xx_gpio.o
 .text.GPIO_ToggleBits
                0x00000000       0x24 ..\obj\stm32f4xx_gpio.o
 .text          0x00000000        0x0 ..\obj\system_stm32f4xx.o
 .data          0x00000000       0x14 ..\obj\system_stm32f4xx.o
 .bss           0x00000000        0x0 ..\obj\system_stm32f4xx.o
 .text.SystemCoreClockUpdate
                0x00000000       0xf8 ..\obj\system_stm32f4xx.o
 .text          0x00000000        0x0 ..\obj\syscalls.o
 .data          0x00000000        0x0 ..\obj\syscalls.o
 .bss           0x00000000        0x4 ..\obj\syscalls.o
 .text._sbrk    0x00000000       0x3c ..\obj\syscalls.o
 .text.link     0x00000000       0x18 ..\obj\syscalls.o
 .text._close   0x00000000       0x18 ..\obj\syscalls.o
 .text._fstat   0x00000000       0x20 ..\obj\syscalls.o
 .text._isatty  0x00000000       0x14 ..\obj\syscalls.o
 .text._lseek   0x00000000       0x18 ..\obj\syscalls.o
 .text._read    0x00000000       0x18 ..\obj\syscalls.o
 .text._write   0x00000000       0x18 ..\obj\syscalls.o
 .text.abort    0x00000000        0x8 ..\obj\syscalls.o
 .debug_info    0x00000000      0x458 ..\obj\syscalls.o
 .debug_abbrev  0x00000000       0xe5 ..\obj\syscalls.o
 .debug_aranges
                0x00000000       0x60 ..\obj\syscalls.o
 .debug_ranges  0x00000000       0x50 ..\obj\syscalls.o
 .debug_line    0x00000000      0x221 ..\obj\syscalls.o
 .debug_str     0x00000000      0x397 ..\obj\syscalls.o
 .comment       0x00000000       0x6f ..\obj\syscalls.o
 .debug_frame   0x00000000      0x168 ..\obj\syscalls.o
 .ARM.attributes
                0x00000000       0x33 ..\obj\syscalls.o
 .text          0x00000000        0x0 ..\obj\stm32f4xx_dma.o
 .data          0x00000000        0x0 ..\obj\stm32f4xx_dma.o
 .bss           0x00000000        0x0 ..\obj\stm32f4xx_dma.o
 .text.DMA_StructInit
                0x00000000       0x6c ..\obj\stm32f4xx_dma.o
 .text.DMA_PeriphIncOffsetSizeConfig
                0x00000000       0x34 ..\obj\stm32f4xx_dma.o
 .text.DMA_FlowControllerConfig
                0x00000000       0x34 ..\obj\stm32f4xx_dma.o
 .text.DMA_SetCurrDataCounter
                0x00000000       0x1c ..\obj\stm32f4xx_dma.o
 .text.DMA_GetCurrDataCounter
                0x00000000       0x18 ..\obj\stm32f4xx_dma.o
 .text.DMA_DoubleBufferModeConfig
                0x00000000       0x3c ..\obj\stm32f4xx_dma.o
 .text.DMA_DoubleBufferModeCmd
                0x00000000       0x38 ..\obj\stm32f4xx_dma.o
 .text.DMA_MemoryTargetConfig
                0x00000000       0x2c ..\obj\stm32f4xx_dma.o
 .text.DMA_GetCurrentMemoryTarget
                0x00000000       0x30 ..\obj\stm32f4xx_dma.o
 .text.DMA_GetCmdStatus
                0x00000000       0x30 ..\obj\stm32f4xx_dma.o
 .text.DMA_GetFIFOStatus
                0x00000000       0x24 ..\obj\stm32f4xx_dma.o
 .text.DMA_GetFlagStatus
                0x00000000       0x74 ..\obj\stm32f4xx_dma.o
 .text.DMA_ClearFlag
                0x00000000       0x5c ..\obj\stm32f4xx_dma.o
 .text          0x00000000        0x0 ..\obj\stm32_ub_vga_screen.o
 .data          0x00000000        0x0 ..\obj\stm32_ub_vga_screen.o
 .bss           0x00000000        0x0 ..\obj\stm32_ub_vga_screen.o
 .text          0x00000000        0x0 ..\obj\misc.o
 .data          0x00000000        0x0 ..\obj\misc.o
 .bss           0x00000000        0x0 ..\obj\misc.o
 .text.NVIC_PriorityGroupConfig
                0x00000000       0x24 ..\obj\misc.o
 .text.NVIC_SetVectorTable
                0x00000000       0x2c ..\obj\misc.o
 .text.NVIC_SystemLPConfig
                0x00000000       0x40 ..\obj\misc.o
 .text.SysTick_CLKSourceConfig
                0x00000000       0x38 ..\obj\misc.o
 .text          0x00000000        0x0 ..\obj\stm32f4xx_tim.o
 .data          0x00000000        0x0 ..\obj\stm32f4xx_tim.o
 .bss           0x00000000        0x0 ..\obj\stm32f4xx_tim.o
 .text.TIM_DeInit
                0x00000000      0x1c0 ..\obj\stm32f4xx_tim.o
 .text.TIM_TimeBaseStructInit
                0x00000000       0x34 ..\obj\stm32f4xx_tim.o
 .text.TIM_PrescalerConfig
                0x00000000       0x28 ..\obj\stm32f4xx_tim.o
 .text.TIM_CounterModeConfig
                0x00000000       0x38 ..\obj\stm32f4xx_tim.o
 .text.TIM_SetCounter
                0x00000000       0x1c ..\obj\stm32f4xx_tim.o
 .text.TIM_SetAutoreload
                0x00000000       0x1c ..\obj\stm32f4xx_tim.o
 .text.TIM_GetCounter
                0x00000000       0x18 ..\obj\stm32f4xx_tim.o
 .text.TIM_GetPrescaler
                0x00000000       0x18 ..\obj\stm32f4xx_tim.o
 .text.TIM_UpdateDisableConfig
                0x00000000       0x40 ..\obj\stm32f4xx_tim.o
 .text.TIM_UpdateRequestConfig
                0x00000000       0x40 ..\obj\stm32f4xx_tim.o
 .text.TIM_SelectOnePulseMode
                0x00000000       0x38 ..\obj\stm32f4xx_tim.o
 .text.TIM_SetClockDivision
                0x00000000       0x38 ..\obj\stm32f4xx_tim.o
 .text.TIM_OC1Init
                0x00000000       0xf4 ..\obj\stm32f4xx_tim.o
 .text.TIM_OC2Init
                0x00000000      0x110 ..\obj\stm32f4xx_tim.o
 .text.TIM_OCStructInit
                0x00000000       0x44 ..\obj\stm32f4xx_tim.o
 .text.TIM_SelectOCxM
                0x00000000       0xb0 ..\obj\stm32f4xx_tim.o
 .text.TIM_SetCompare1
                0x00000000       0x1c ..\obj\stm32f4xx_tim.o
 .text.TIM_SetCompare2
                0x00000000       0x1c ..\obj\stm32f4xx_tim.o
 .text.TIM_SetCompare3
                0x00000000       0x1c ..\obj\stm32f4xx_tim.o
 .text.TIM_SetCompare4
                0x00000000       0x1c ..\obj\stm32f4xx_tim.o
 .text.TIM_ForcedOC1Config
                0x00000000       0x38 ..\obj\stm32f4xx_tim.o
 .text.TIM_ForcedOC2Config
                0x00000000       0x3c ..\obj\stm32f4xx_tim.o
 .text.TIM_ForcedOC3Config
                0x00000000       0x38 ..\obj\stm32f4xx_tim.o
 .text.TIM_ForcedOC4Config
                0x00000000       0x3c ..\obj\stm32f4xx_tim.o
 .text.TIM_OC1PreloadConfig
                0x00000000       0x38 ..\obj\stm32f4xx_tim.o
 .text.TIM_OC2PreloadConfig
                0x00000000       0x3c ..\obj\stm32f4xx_tim.o
 .text.TIM_OC1FastConfig
                0x00000000       0x38 ..\obj\stm32f4xx_tim.o
 .text.TIM_OC2FastConfig
                0x00000000       0x3c ..\obj\stm32f4xx_tim.o
 .text.TIM_OC3FastConfig
                0x00000000       0x38 ..\obj\stm32f4xx_tim.o
 .text.TIM_OC4FastConfig
                0x00000000       0x3c ..\obj\stm32f4xx_tim.o
 .text.TIM_ClearOC1Ref
                0x00000000       0x38 ..\obj\stm32f4xx_tim.o
 .text.TIM_ClearOC2Ref
                0x00000000       0x3c ..\obj\stm32f4xx_tim.o
 .text.TIM_ClearOC3Ref
                0x00000000       0x38 ..\obj\stm32f4xx_tim.o
 .text.TIM_ClearOC4Ref
                0x00000000       0x3c ..\obj\stm32f4xx_tim.o
 .text.TIM_OC1PolarityConfig
                0x00000000       0x38 ..\obj\stm32f4xx_tim.o
 .text.TIM_OC1NPolarityConfig
                0x00000000       0x38 ..\obj\stm32f4xx_tim.o
 .text.TIM_OC2PolarityConfig
                0x00000000       0x3c ..\obj\stm32f4xx_tim.o
 .text.TIM_OC2NPolarityConfig
                0x00000000       0x3c ..\obj\stm32f4xx_tim.o
 .text.TIM_OC3PolarityConfig
                0x00000000       0x3c ..\obj\stm32f4xx_tim.o
 .text.TIM_OC3NPolarityConfig
                0x00000000       0x3c ..\obj\stm32f4xx_tim.o
 .text.TIM_OC4PolarityConfig
                0x00000000       0x3c ..\obj\stm32f4xx_tim.o
 .text.TIM_CCxCmd
                0x00000000       0x58 ..\obj\stm32f4xx_tim.o
 .text.TIM_CCxNCmd
                0x00000000       0x58 ..\obj\stm32f4xx_tim.o
 .text.TIM_ICInit
                0x00000000       0xa8 ..\obj\stm32f4xx_tim.o
 .text.TIM_ICStructInit
                0x00000000       0x30 ..\obj\stm32f4xx_tim.o
 .text.TIM_PWMIConfig
                0x00000000       0xb8 ..\obj\stm32f4xx_tim.o
 .text.TIM_GetCapture1
                0x00000000       0x18 ..\obj\stm32f4xx_tim.o
 .text.TIM_GetCapture2
                0x00000000       0x18 ..\obj\stm32f4xx_tim.o
 .text.TIM_GetCapture3
                0x00000000       0x18 ..\obj\stm32f4xx_tim.o
 .text.TIM_GetCapture4
                0x00000000       0x18 ..\obj\stm32f4xx_tim.o
 .text.TIM_SetIC1Prescaler
                0x00000000       0x38 ..\obj\stm32f4xx_tim.o
 .text.TIM_SetIC2Prescaler
                0x00000000       0x3c ..\obj\stm32f4xx_tim.o
 .text.TIM_SetIC3Prescaler
                0x00000000       0x38 ..\obj\stm32f4xx_tim.o
 .text.TIM_SetIC4Prescaler
                0x00000000       0x3c ..\obj\stm32f4xx_tim.o
 .text.TIM_BDTRConfig
                0x00000000       0x50 ..\obj\stm32f4xx_tim.o
 .text.TIM_BDTRStructInit
                0x00000000       0x3c ..\obj\stm32f4xx_tim.o
 .text.TIM_CtrlPWMOutputs
                0x00000000       0x4c ..\obj\stm32f4xx_tim.o
 .text.TIM_SelectCOM
                0x00000000       0x40 ..\obj\stm32f4xx_tim.o
 .text.TIM_CCPreloadControl
                0x00000000       0x40 ..\obj\stm32f4xx_tim.o
 .text.TIM_GenerateEvent
                0x00000000       0x1c ..\obj\stm32f4xx_tim.o
 .text.TIM_GetFlagStatus
                0x00000000       0x38 ..\obj\stm32f4xx_tim.o
 .text.TIM_ClearFlag
                0x00000000       0x20 ..\obj\stm32f4xx_tim.o
 .text.TIM_GetITStatus
                0x00000000       0x54 ..\obj\stm32f4xx_tim.o
 .text.TIM_DMAConfig
                0x00000000       0x28 ..\obj\stm32f4xx_tim.o
 .text.TIM_SelectCCDMA
                0x00000000       0x40 ..\obj\stm32f4xx_tim.o
 .text.TIM_InternalClockConfig
                0x00000000       0x24 ..\obj\stm32f4xx_tim.o
 .text.TIM_ITRxExternalClockConfig
                0x00000000       0x30 ..\obj\stm32f4xx_tim.o
 .text.TIM_TIxExternalClockConfig
                0x00000000       0x5c ..\obj\stm32f4xx_tim.o
 .text.TIM_ETRClockMode1Config
                0x00000000       0x60 ..\obj\stm32f4xx_tim.o
 .text.TIM_ETRClockMode2Config
                0x00000000       0x40 ..\obj\stm32f4xx_tim.o
 .text.TIM_SelectInputTrigger
                0x00000000       0x38 ..\obj\stm32f4xx_tim.o
 .text.TIM_SelectOutputTrigger
                0x00000000       0x38 ..\obj\stm32f4xx_tim.o
 .text.TIM_SelectSlaveMode
                0x00000000       0x38 ..\obj\stm32f4xx_tim.o
 .text.TIM_SelectMasterSlaveMode
                0x00000000       0x38 ..\obj\stm32f4xx_tim.o
 .text.TIM_ETRConfig
                0x00000000       0x54 ..\obj\stm32f4xx_tim.o
 .text.TIM_EncoderInterfaceConfig
                0x00000000       0x98 ..\obj\stm32f4xx_tim.o
 .text.TIM_SelectHallSensor
                0x00000000       0x40 ..\obj\stm32f4xx_tim.o
 .text.TIM_RemapConfig
                0x00000000       0x20 ..\obj\stm32f4xx_tim.o
 .text.TI1_Config
                0x00000000       0x84 ..\obj\stm32f4xx_tim.o
 .text.TI2_Config
                0x00000000       0x98 ..\obj\stm32f4xx_tim.o
 .text.TI3_Config
                0x00000000       0x90 ..\obj\stm32f4xx_tim.o
 .text.TI4_Config
                0x00000000       0x9c ..\obj\stm32f4xx_tim.o
 .text          0x00000000        0x0 ..\..\..\libvga_api.a(API_DRAW.o)
 .bss           0x00000000        0x0 ..\..\..\libvga_api.a(API_DRAW.o)
 .text.API_DRAW_rechthoek
                0x00000000       0x54 ..\..\..\libvga_api.a(API_DRAW.o)
 .text          0x00000000        0x0 ..\..\..\libvga_api.a(API_IO.o)
 .data          0x00000000        0x0 ..\..\..\libvga_api.a(API_IO.o)
 .bss           0x00000000        0x0 ..\..\..\libvga_api.a(API_IO.o)
 .text.API_IO_UART_get
                0x00000000       0x18 ..\..\..\libvga_api.a(API_IO.o)
 .text.API_IO_UART_putnum
                0x00000000       0x20 ..\..\..\libvga_api.a(API_IO.o)
 .text.API_IO_UART_putchar
                0x00000000       0x1c ..\..\..\libvga_api.a(API_IO.o)
 .text          0x00000000        0x0 ..\..\..\libvga_api.a(delay.o)
 .data          0x00000000        0x0 ..\..\..\libvga_api.a(delay.o)
 .bss           0x00000000        0x0 ..\..\..\libvga_api.a(delay.o)
 .text.DELAY_us
                0x00000000       0x3c ..\..\..\libvga_api.a(delay.o)
 .text.DELAY_ms
                0x00000000       0x3c ..\..\..\libvga_api.a(delay.o)
 .text.DELAY_s  0x00000000       0x3c ..\..\..\libvga_api.a(delay.o)
 .text          0x00000000        0x0 ..\..\..\libvga_api.a(uart.o)
 .text.UART_INT_init
                0x00000000       0x28 ..\..\..\libvga_api.a(uart.o)
 .text.UART_printf
                0x00000000       0xbc ..\..\..\libvga_api.a(uart.o)
 .text          0x00000000        0x0 ..\..\..\libvga_api.a(printf.o)
 .bss           0x00000000        0x0 ..\..\..\libvga_api.a(printf.o)
 .text.PrintChar
                0x00000000       0x14 ..\..\..\libvga_api.a(printf.o)
 .text.PutChar  0x00000000       0x20 ..\..\..\libvga_api.a(printf.o)
 .text.PutString
                0x00000000       0x3c ..\..\..\libvga_api.a(printf.o)
 .text.PutUnsignedInt
                0x00000000       0x9c ..\..\..\libvga_api.a(printf.o)
 .text.PutSignedInt
                0x00000000       0xf8 ..\..\..\libvga_api.a(printf.o)
 .text.PutHexa  0x00000000       0xd4 ..\..\..\libvga_api.a(printf.o)
 .text.vsnprintf
                0x00000000      0x254 ..\..\..\libvga_api.a(printf.o)
 .text.snprintf
                0x00000000       0x30 ..\..\..\libvga_api.a(printf.o)
 .text.vsprintf
                0x00000000       0x24 ..\..\..\libvga_api.a(printf.o)
 .rodata        0x00000000       0x24 ..\..\..\libvga_api.a(printf.o)
 .text.vfprintf
                0x00000000       0x68 ..\..\..\libvga_api.a(printf.o)
 .text.vprintf  0x00000000       0x28 ..\..\..\libvga_api.a(printf.o)
 .text.fprintf  0x00000000       0x2c ..\..\..\libvga_api.a(printf.o)
 .text.printf   0x00000000       0x28 ..\..\..\libvga_api.a(printf.o)
 .text.sprintf  0x00000000       0x2c ..\..\..\libvga_api.a(printf.o)
 .text.puts     0x00000000       0x24 ..\..\..\libvga_api.a(printf.o)
 .text.fputc    0x00000000       0x40 ..\..\..\libvga_api.a(printf.o)
 .text.fputs    0x00000000       0x48 ..\..\..\libvga_api.a(printf.o)
 .data          0x00000000        0x0 c:/program files (x86)/gnu tools arm embedded/5.4 2016q2/bin/../lib/gcc/arm-none-eabi/5.4.1/armv7e-m\libgcc.a(_arm_addsubdf3.o)
 .bss           0x00000000        0x0 c:/program files (x86)/gnu tools arm embedded/5.4 2016q2/bin/../lib/gcc/arm-none-eabi/5.4.1/armv7e-m\libgcc.a(_arm_addsubdf3.o)
 .data          0x00000000        0x0 c:/program files (x86)/gnu tools arm embedded/5.4 2016q2/bin/../lib/gcc/arm-none-eabi/5.4.1/armv7e-m\libgcc.a(_arm_muldivdf3.o)
 .bss           0x00000000        0x0 c:/program files (x86)/gnu tools arm embedded/5.4 2016q2/bin/../lib/gcc/arm-none-eabi/5.4.1/armv7e-m\libgcc.a(_arm_muldivdf3.o)
 .data          0x00000000        0x0 c:/program files (x86)/gnu tools arm embedded/5.4 2016q2/bin/../lib/gcc/arm-none-eabi/5.4.1/armv7e-m\libgcc.a(_arm_fixunsdfsi.o)
 .bss           0x00000000        0x0 c:/program files (x86)/gnu tools arm embedded/5.4 2016q2/bin/../lib/gcc/arm-none-eabi/5.4.1/armv7e-m\libgcc.a(_arm_fixunsdfsi.o)
 .data          0x00000000        0x0 c:/program files (x86)/gnu tools arm embedded/5.4 2016q2/bin/../lib/gcc/arm-none-eabi/5.4.1/armv7e-m\libgcc.a(_arm_addsubsf3.o)
 .bss           0x00000000        0x0 c:/program files (x86)/gnu tools arm embedded/5.4 2016q2/bin/../lib/gcc/arm-none-eabi/5.4.1/armv7e-m\libgcc.a(_arm_addsubsf3.o)
 .data          0x00000000        0x0 c:/program files (x86)/gnu tools arm embedded/5.4 2016q2/bin/../lib/gcc/arm-none-eabi/5.4.1/armv7e-m\libgcc.a(_arm_muldivsf3.o)
 .bss           0x00000000        0x0 c:/program files (x86)/gnu tools arm embedded/5.4 2016q2/bin/../lib/gcc/arm-none-eabi/5.4.1/armv7e-m\libgcc.a(_arm_muldivsf3.o)
 .data          0x00000000        0x0 c:/program files (x86)/gnu tools arm embedded/5.4 2016q2/bin/../lib/gcc/arm-none-eabi/5.4.1/armv7e-m\libgcc.a(_arm_cmpsf2.o)
 .bss           0x00000000        0x0 c:/program files (x86)/gnu tools arm embedded/5.4 2016q2/bin/../lib/gcc/arm-none-eabi/5.4.1/armv7e-m\libgcc.a(_arm_cmpsf2.o)
 .data          0x00000000        0x0 c:/program files (x86)/gnu tools arm embedded/5.4 2016q2/bin/../lib/gcc/arm-none-eabi/5.4.1/armv7e-m\libgcc.a(_arm_fixsfsi.o)
 .bss           0x00000000        0x0 c:/program files (x86)/gnu tools arm embedded/5.4 2016q2/bin/../lib/gcc/arm-none-eabi/5.4.1/armv7e-m\libgcc.a(_arm_fixsfsi.o)
 .text          0x00000000        0x0 c:/program files (x86)/gnu tools arm embedded/5.4 2016q2/bin/../lib/gcc/arm-none-eabi/5.4.1/../../../../arm-none-eabi/lib/armv7e-m\libg.a(lib_a-atoi.o)
 .data          0x00000000        0x0 c:/program files (x86)/gnu tools arm embedded/5.4 2016q2/bin/../lib/gcc/arm-none-eabi/5.4.1/../../../../arm-none-eabi/lib/armv7e-m\libg.a(lib_a-atoi.o)
 .bss           0x00000000        0x0 c:/program files (x86)/gnu tools arm embedded/5.4 2016q2/bin/../lib/gcc/arm-none-eabi/5.4.1/../../../../arm-none-eabi/lib/armv7e-m\libg.a(lib_a-atoi.o)
 .text._atoi_r  0x00000000        0x8 c:/program files (x86)/gnu tools arm embedded/5.4 2016q2/bin/../lib/gcc/arm-none-eabi/5.4.1/../../../../arm-none-eabi/lib/armv7e-m\libg.a(lib_a-atoi.o)
 .text          0x00000000        0x0 c:/program files (x86)/gnu tools arm embedded/5.4 2016q2/bin/../lib/gcc/arm-none-eabi/5.4.1/../../../../arm-none-eabi/lib/armv7e-m\libg.a(lib_a-ctype_.o)
 .data          0x00000000        0x0 c:/program files (x86)/gnu tools arm embedded/5.4 2016q2/bin/../lib/gcc/arm-none-eabi/5.4.1/../../../../arm-none-eabi/lib/armv7e-m\libg.a(lib_a-ctype_.o)
 .bss           0x00000000        0x0 c:/program files (x86)/gnu tools arm embedded/5.4 2016q2/bin/../lib/gcc/arm-none-eabi/5.4.1/../../../../arm-none-eabi/lib/armv7e-m\libg.a(lib_a-ctype_.o)
 .text          0x00000000        0x0 c:/program files (x86)/gnu tools arm embedded/5.4 2016q2/bin/../lib/gcc/arm-none-eabi/5.4.1/../../../../arm-none-eabi/lib/armv7e-m\libg.a(lib_a-memset.o)
 .data          0x00000000        0x0 c:/program files (x86)/gnu tools arm embedded/5.4 2016q2/bin/../lib/gcc/arm-none-eabi/5.4.1/../../../../arm-none-eabi/lib/armv7e-m\libg.a(lib_a-memset.o)
 .bss           0x00000000        0x0 c:/program files (x86)/gnu tools arm embedded/5.4 2016q2/bin/../lib/gcc/arm-none-eabi/5.4.1/../../../../arm-none-eabi/lib/armv7e-m\libg.a(lib_a-memset.o)
 .text          0x00000000        0x0 c:/program files (x86)/gnu tools arm embedded/5.4 2016q2/bin/../lib/gcc/arm-none-eabi/5.4.1/../../../../arm-none-eabi/lib/armv7e-m\libg.a(lib_a-strncmp.o)
 .data          0x00000000        0x0 c:/program files (x86)/gnu tools arm embedded/5.4 2016q2/bin/../lib/gcc/arm-none-eabi/5.4.1/../../../../arm-none-eabi/lib/armv7e-m\libg.a(lib_a-strncmp.o)
 .bss           0x00000000        0x0 c:/program files (x86)/gnu tools arm embedded/5.4 2016q2/bin/../lib/gcc/arm-none-eabi/5.4.1/../../../../arm-none-eabi/lib/armv7e-m\libg.a(lib_a-strncmp.o)
 .text          0x00000000        0x0 c:/program files (x86)/gnu tools arm embedded/5.4 2016q2/bin/../lib/gcc/arm-none-eabi/5.4.1/../../../../arm-none-eabi/lib/armv7e-m\libg.a(lib_a-strtol.o)
 .data          0x00000000        0x0 c:/program files (x86)/gnu tools arm embedded/5.4 2016q2/bin/../lib/gcc/arm-none-eabi/5.4.1/../../../../arm-none-eabi/lib/armv7e-m\libg.a(lib_a-strtol.o)
 .bss           0x00000000        0x0 c:/program files (x86)/gnu tools arm embedded/5.4 2016q2/bin/../lib/gcc/arm-none-eabi/5.4.1/../../../../arm-none-eabi/lib/armv7e-m\libg.a(lib_a-strtol.o)

Memory Configuration

Name             Origin             Length             Attributes
rom              0x08000000         0x00100000         xr
ram              0x20000000         0x00020000         xrw
ram1             0x10000000         0x00010000         xrw
*default*        0x00000000         0xffffffff

Linker script and memory map

                0x20020000                _eram = 0x20020000

.text           0x08000000     0x3ac9
 *(.isr_vector)
 .isr_vector    0x08000000      0x188 ..\obj\startup_stm32f4xx.o
                0x08000000                g_pfnVectors
 *(.text*)
 .text.UI_put_error
                0x08000188       0xa0 ..\obj\UI.o
                0x08000188                UI_put_error
 .text.UI_rp_char
                0x08000228       0x40 ..\obj\UI.o
                0x08000228                UI_rp_char
 .text.UI_get_param
                0x08000268       0x38 ..\obj\UI.o
                0x08000268                UI_get_param
 .text.UI_rm_char
                0x080002a0       0x48 ..\obj\UI.o
                0x080002a0                UI_rm_char
 .text.main     0x080002e8      0x2bc ..\obj\UI.o
                0x080002e8                main
 .text.USART_Init
                0x080005a4      0x174 ..\obj\stm32f4xx_usart.o
                0x080005a4                USART_Init
 .text.USART_Cmd
                0x08000718       0x40 ..\obj\stm32f4xx_usart.o
                0x08000718                USART_Cmd
 .text.USART_SendData
                0x08000758       0x24 ..\obj\stm32f4xx_usart.o
                0x08000758                USART_SendData
 .text.USART_ITConfig
                0x0800077c       0x90 ..\obj\stm32f4xx_usart.o
                0x0800077c                USART_ITConfig
 .text.USART_GetFlagStatus
                0x0800080c       0x38 ..\obj\stm32f4xx_usart.o
                0x0800080c                USART_GetFlagStatus
 .text.USART_GetITStatus
                0x08000844       0xb4 ..\obj\stm32f4xx_usart.o
                0x08000844                USART_GetITStatus
 .text.USART_ClearITPendingBit
                0x080008f8       0x38 ..\obj\stm32f4xx_usart.o
                0x080008f8                USART_ClearITPendingBit
 .text.Default_Reset_Handler
                0x08000930       0x5c ..\obj\startup_stm32f4xx.o
                0x08000930                Default_Reset_Handler
                0x08000930                Reset_Handler
 .text.Default_Handler
                0x0800098c        0x8 ..\obj\startup_stm32f4xx.o
                0x0800098c                RTC_Alarm_IRQHandler
                0x0800098c                HASH_RNG_IRQHandler
                0x0800098c                EXTI2_IRQHandler
                0x0800098c                TIM8_CC_IRQHandler
                0x0800098c                DebugMon_Handler
                0x0800098c                TIM1_CC_IRQHandler
                0x0800098c                HardFault_Handler
                0x0800098c                DMA1_Stream5_IRQHandler
                0x0800098c                SysTick_Handler
                0x0800098c                PVD_IRQHandler
                0x0800098c                SDIO_IRQHandler
                0x0800098c                TAMP_STAMP_IRQHandler
                0x0800098c                PendSV_Handler
                0x0800098c                NMI_Handler
                0x0800098c                CAN2_RX1_IRQHandler
                0x0800098c                EXTI3_IRQHandler
                0x0800098c                TIM8_TRG_COM_TIM14_IRQHandler
                0x0800098c                TIM1_UP_TIM10_IRQHandler
                0x0800098c                TIM8_UP_TIM13_IRQHandler
                0x0800098c                I2C3_ER_IRQHandler
                0x0800098c                EXTI0_IRQHandler
                0x0800098c                I2C2_EV_IRQHandler
                0x0800098c                DMA1_Stream2_IRQHandler
                0x0800098c                CAN1_RX0_IRQHandler
                0x0800098c                FPU_IRQHandler
                0x0800098c                OTG_HS_WKUP_IRQHandler
                0x0800098c                UsageFault_Handler
                0x0800098c                CAN2_SCE_IRQHandler
                0x0800098c                DMA2_Stream2_IRQHandler
                0x0800098c                SPI1_IRQHandler
                0x0800098c                TIM6_DAC_IRQHandler
                0x0800098c                TIM1_BRK_TIM9_IRQHandler
                0x0800098c                DCMI_IRQHandler
                0x0800098c                CAN2_RX0_IRQHandler
                0x0800098c                DMA2_Stream3_IRQHandler
                0x0800098c                USART6_IRQHandler
                0x0800098c                USART3_IRQHandler
                0x0800098c                CRYP_IRQHandler
                0x0800098c                CAN1_RX1_IRQHandler
                0x0800098c                UART5_IRQHandler
                0x0800098c                DMA2_Stream0_IRQHandler
                0x0800098c                TIM4_IRQHandler
                0x0800098c                I2C1_EV_IRQHandler
                0x0800098c                DMA1_Stream6_IRQHandler
                0x0800098c                DMA1_Stream1_IRQHandler
                0x0800098c                UART4_IRQHandler
                0x0800098c                TIM3_IRQHandler
                0x0800098c                RCC_IRQHandler
                0x0800098c                TIM8_BRK_TIM12_IRQHandler
                0x0800098c                EXTI15_10_IRQHandler
                0x0800098c                ADC_IRQHandler
                0x0800098c                DMA1_Stream7_IRQHandler
                0x0800098c                TIM7_IRQHandler
                0x0800098c                CAN2_TX_IRQHandler
                0x0800098c                TIM5_IRQHandler
                0x0800098c                DMA2_Stream7_IRQHandler
                0x0800098c                I2C3_EV_IRQHandler
                0x0800098c                EXTI9_5_IRQHandler
                0x0800098c                RTC_WKUP_IRQHandler
                0x0800098c                ETH_WKUP_IRQHandler
                0x0800098c                SPI2_IRQHandler
                0x0800098c                OTG_HS_EP1_IN_IRQHandler
                0x0800098c                MemManage_Handler
                0x0800098c                DMA1_Stream0_IRQHandler
                0x0800098c                CAN1_TX_IRQHandler
                0x0800098c                SVC_Handler
                0x0800098c                EXTI4_IRQHandler
                0x0800098c                FSMC_IRQHandler
                0x0800098c                ETH_IRQHandler
                0x0800098c                OTG_HS_EP1_OUT_IRQHandler
                0x0800098c                WWDG_IRQHandler
                0x0800098c                OTG_FS_WKUP_IRQHandler
                0x0800098c                TIM1_TRG_COM_TIM11_IRQHandler
                0x0800098c                OTG_HS_IRQHandler
                0x0800098c                EXTI1_IRQHandler
                0x0800098c                I2C2_ER_IRQHandler
                0x0800098c                DMA2_Stream1_IRQHandler
                0x0800098c                CAN1_SCE_IRQHandler
                0x0800098c                FLASH_IRQHandler
                0x0800098c                DMA2_Stream4_IRQHandler
                0x0800098c                BusFault_Handler
                0x0800098c                USART1_IRQHandler
                0x0800098c                OTG_FS_IRQHandler
                0x0800098c                SPI3_IRQHandler
                0x0800098c                DMA1_Stream4_IRQHandler
                0x0800098c                I2C1_ER_IRQHandler
                0x0800098c                DMA2_Stream6_IRQHandler
                0x0800098c                DMA1_Stream3_IRQHandler
 .text.LL_exe   0x08000994      0x200 ..\obj\LL.o
                0x08000994                LL_exe
 .text.RCC_GetClocksFreq
                0x08000b94      0x154 ..\obj\stm32f4xx_rcc.o
                0x08000b94                RCC_GetClocksFreq
 .text.RCC_AHB1PeriphClockCmd
                0x08000ce8       0x3c ..\obj\stm32f4xx_rcc.o
                0x08000ce8                RCC_AHB1PeriphClockCmd
 .text.RCC_APB1PeriphClockCmd
                0x08000d24       0x3c ..\obj\stm32f4xx_rcc.o
                0x08000d24                RCC_APB1PeriphClockCmd
 .text.RCC_APB2PeriphClockCmd
                0x08000d60       0x3c ..\obj\stm32f4xx_rcc.o
                0x08000d60                RCC_APB2PeriphClockCmd
 .text.GPIO_Init
                0x08000d9c      0x11c ..\obj\stm32f4xx_gpio.o
                0x08000d9c                GPIO_Init
 .text.GPIO_PinAFConfig
                0x08000eb8       0x90 ..\obj\stm32f4xx_gpio.o
                0x08000eb8                GPIO_PinAFConfig
 .text.SystemInit
                0x08000f48       0x5c ..\obj\system_stm32f4xx.o
                0x08000f48                SystemInit
 .text.SetSysClock
                0x08000fa4       0xf4 ..\obj\system_stm32f4xx.o
 .text.DMA_DeInit
                0x08001098      0x1a4 ..\obj\stm32f4xx_dma.o
                0x08001098                DMA_DeInit
 .text.DMA_Init
                0x0800123c       0xac ..\obj\stm32f4xx_dma.o
                0x0800123c                DMA_Init
 .text.DMA_Cmd  0x080012e8       0x38 ..\obj\stm32f4xx_dma.o
                0x080012e8                DMA_Cmd
 .text.DMA_ITConfig
                0x08001320       0x74 ..\obj\stm32f4xx_dma.o
                0x08001320                DMA_ITConfig
 .text.DMA_GetITStatus
                0x08001394       0xac ..\obj\stm32f4xx_dma.o
                0x08001394                DMA_GetITStatus
 .text.DMA_ClearITPendingBit
                0x08001440       0x5c ..\obj\stm32f4xx_dma.o
                0x08001440                DMA_ClearITPendingBit
 .text.UB_VGA_Screen_Init
                0x0800149c       0x80 ..\obj\stm32_ub_vga_screen.o
                0x0800149c                UB_VGA_Screen_Init
 .text.UB_VGA_FillScreen
                0x0800151c       0x44 ..\obj\stm32_ub_vga_screen.o
                0x0800151c                UB_VGA_FillScreen
 .text.UB_VGA_SetPixel
                0x08001560       0x4c ..\obj\stm32_ub_vga_screen.o
                0x08001560                UB_VGA_SetPixel
 .text.P_VGA_InitIO
                0x080015ac       0xa8 ..\obj\stm32_ub_vga_screen.o
                0x080015ac                P_VGA_InitIO
 .text.P_VGA_InitTIM
                0x08001654       0xcc ..\obj\stm32_ub_vga_screen.o
                0x08001654                P_VGA_InitTIM
 .text.P_VGA_InitINT
                0x08001720       0x58 ..\obj\stm32_ub_vga_screen.o
                0x08001720                P_VGA_InitINT
 .text.P_VGA_InitDMA
                0x08001778       0x90 ..\obj\stm32_ub_vga_screen.o
                0x08001778                P_VGA_InitDMA
 .text.TIM2_IRQHandler
                0x08001808       0xbc ..\obj\stm32_ub_vga_screen.o
                0x08001808                TIM2_IRQHandler
 .text.DMA2_Stream5_IRQHandler
                0x080018c4       0x4c ..\obj\stm32_ub_vga_screen.o
                0x080018c4                DMA2_Stream5_IRQHandler
 .text.NVIC_Init
                0x08001910       0xc0 ..\obj\misc.o
                0x08001910                NVIC_Init
 .text.TIM_TimeBaseInit
                0x080019d0       0xd4 ..\obj\stm32f4xx_tim.o
                0x080019d0                TIM_TimeBaseInit
 .text.TIM_ARRPreloadConfig
                0x08001aa4       0x40 ..\obj\stm32f4xx_tim.o
                0x08001aa4                TIM_ARRPreloadConfig
 .text.TIM_Cmd  0x08001ae4       0x40 ..\obj\stm32f4xx_tim.o
                0x08001ae4                TIM_Cmd
 .text.TIM_OC3Init
                0x08001b24      0x10c ..\obj\stm32f4xx_tim.o
                0x08001b24                TIM_OC3Init
 .text.TIM_OC4Init
                0x08001c30       0xcc ..\obj\stm32f4xx_tim.o
                0x08001c30                TIM_OC4Init
 .text.TIM_OC3PreloadConfig
                0x08001cfc       0x38 ..\obj\stm32f4xx_tim.o
                0x08001cfc                TIM_OC3PreloadConfig
 .text.TIM_OC4PreloadConfig
                0x08001d34       0x3c ..\obj\stm32f4xx_tim.o
                0x08001d34                TIM_OC4PreloadConfig
 .text.TIM_ITConfig
                0x08001d70       0x48 ..\obj\stm32f4xx_tim.o
                0x08001d70                TIM_ITConfig
 .text.TIM_ClearITPendingBit
                0x08001db8       0x20 ..\obj\stm32f4xx_tim.o
                0x08001db8                TIM_ClearITPendingBit
 .text.TIM_DMACmd
                0x08001dd8       0x48 ..\obj\stm32f4xx_tim.o
                0x08001dd8                TIM_DMACmd
 .text.API_ERROR_inrange
                0x08001e20       0x64 ..\..\..\libvga_api.a(API_DRAW.o)
                0x08001e20                API_ERROR_inrange
 .text.API_DRAW_line
                0x08001e84       0x4c ..\..\..\libvga_api.a(API_DRAW.o)
                0x08001e84                API_DRAW_line
 .text.API_DRAW_bitmap
                0x08001ed0       0xb4 ..\..\..\libvga_api.a(API_DRAW.o)
                0x08001ed0                API_DRAW_bitmap
 .text.API_IO_INIT
                0x08001f84       0x18 ..\..\..\libvga_api.a(API_IO.o)
                0x08001f84                API_IO_INIT
 .text.API_IO_UART_gets
                0x08001f9c       0x18 ..\..\..\libvga_api.a(API_IO.o)
                0x08001f9c                API_IO_UART_gets
 .text.API_IO_UART_putint
                0x08001fb4       0x18 ..\..\..\libvga_api.a(API_IO.o)
                0x08001fb4                API_IO_UART_putint
 .text.API_IO_UART_puts
                0x08001fcc       0x18 ..\..\..\libvga_api.a(API_IO.o)
                0x08001fcc                API_IO_UART_puts
 .text.API_IO_bitmap
                0x08001fe4      0x144 ..\..\..\libvga_api.a(API_IO.o)
                0x08001fe4                API_IO_bitmap
 .text.API_IO_clearscherm
                0x08002128       0x1c ..\..\..\libvga_api.a(API_IO.o)
                0x08002128                API_IO_clearscherm
 .text.API_IO_line
                0x08002144      0x270 ..\..\..\libvga_api.a(API_IO.o)
                0x08002144                API_IO_line
 .text.API_IO_rechthoek
                0x080023b4       0xb8 ..\..\..\libvga_api.a(API_IO.o)
                0x080023b4                API_IO_rechthoek
 *fill*         0x0800246c        0x4 
 .text.DELAY_init
                0x08002470      0x128 ..\..\..\libvga_api.a(delay.o)
                0x08002470                DELAY_init
 .text.UART_init
                0x08002598       0x94 ..\..\..\libvga_api.a(uart.o)
                0x08002598                UART_init
 .text.UART_putchar
                0x0800262c       0x34 ..\..\..\libvga_api.a(uart.o)
                0x0800262c                UART_putchar
 .text.UART_puts
                0x08002660       0x38 ..\..\..\libvga_api.a(uart.o)
                0x08002660                UART_puts
 .text.USART2_IRQHandler
                0x08002698       0xb4 ..\..\..\libvga_api.a(uart.o)
                0x08002698                USART2_IRQHandler
 .text.UART_putint
                0x0800274c       0x18 ..\..\..\libvga_api.a(uart.o)
                0x0800274c                UART_putint
 .text.UART_putnum
                0x08002764       0xb4 ..\..\..\libvga_api.a(uart.o)
                0x08002764                UART_putnum
 .text.UART_get
                0x08002818       0x30 ..\..\..\libvga_api.a(uart.o)
                0x08002818                UART_get
 .text.UART_gets
                0x08002848       0x58 ..\..\..\libvga_api.a(uart.o)
                0x08002848                UART_gets
 .text          0x080028a0      0x370 c:/program files (x86)/gnu tools arm embedded/5.4 2016q2/bin/../lib/gcc/arm-none-eabi/5.4.1/armv7e-m\libgcc.a(_arm_addsubdf3.o)
                0x080028a0                __aeabi_drsub
                0x080028a8                __aeabi_dsub
                0x080028a8                __subdf3
                0x080028ac                __aeabi_dadd
                0x080028ac                __adddf3
                0x08002b24                __floatunsidf
                0x08002b24                __aeabi_ui2d
                0x08002b44                __floatsidf
                0x08002b44                __aeabi_i2d
                0x08002b68                __aeabi_f2d
                0x08002b68                __extendsfdf2
                0x08002ba4                __floatundidf
                0x08002ba4                __aeabi_ul2d
                0x08002bb4                __floatdidf
                0x08002bb4                __aeabi_l2d
 .text          0x08002c10      0x424 c:/program files (x86)/gnu tools arm embedded/5.4 2016q2/bin/../lib/gcc/arm-none-eabi/5.4.1/armv7e-m\libgcc.a(_arm_muldivdf3.o)
                0x08002c10                __aeabi_dmul
                0x08002c10                __muldf3
                0x08002e64                __divdf3
                0x08002e64                __aeabi_ddiv
 .text          0x08003034       0x40 c:/program files (x86)/gnu tools arm embedded/5.4 2016q2/bin/../lib/gcc/arm-none-eabi/5.4.1/armv7e-m\libgcc.a(_arm_fixunsdfsi.o)
                0x08003034                __aeabi_d2uiz
                0x08003034                __fixunsdfsi
 .text          0x08003074      0x21c c:/program files (x86)/gnu tools arm embedded/5.4 2016q2/bin/../lib/gcc/arm-none-eabi/5.4.1/armv7e-m\libgcc.a(_arm_addsubsf3.o)
                0x08003074                __aeabi_frsub
                0x0800307c                __subsf3
                0x0800307c                __aeabi_fsub
                0x08003080                __aeabi_fadd
                0x08003080                __addsf3
                0x080031e0                __aeabi_ui2f
                0x080031e0                __floatunsisf
                0x080031e8                __aeabi_i2f
                0x080031e8                __floatsisf
                0x08003204                __aeabi_ul2f
                0x08003204                __floatundisf
                0x08003214                __aeabi_l2f
                0x08003214                __floatdisf
 .text          0x08003290      0x2a0 c:/program files (x86)/gnu tools arm embedded/5.4 2016q2/bin/../lib/gcc/arm-none-eabi/5.4.1/armv7e-m\libgcc.a(_arm_muldivsf3.o)
                0x08003290                __mulsf3
                0x08003290                __aeabi_fmul
                0x080033f8                __aeabi_fdiv
                0x080033f8                __divsf3
 .text          0x08003530       0xec c:/program files (x86)/gnu tools arm embedded/5.4 2016q2/bin/../lib/gcc/arm-none-eabi/5.4.1/armv7e-m\libgcc.a(_arm_cmpsf2.o)
                0x08003530                __gesf2
                0x08003530                __gtsf2
                0x08003538                __lesf2
                0x08003538                __ltsf2
                0x08003540                __nesf2
                0x08003540                __eqsf2
                0x08003540                __cmpsf2
                0x080035a0                __aeabi_cfrcmple
                0x080035a8                __aeabi_cfcmpeq
                0x080035a8                __aeabi_cfcmple
                0x080035b8                __aeabi_fcmpeq
                0x080035cc                __aeabi_fcmplt
                0x080035e0                __aeabi_fcmple
                0x080035f4                __aeabi_fcmpge
                0x08003608                __aeabi_fcmpgt
 .text          0x0800361c       0x4c c:/program files (x86)/gnu tools arm embedded/5.4 2016q2/bin/../lib/gcc/arm-none-eabi/5.4.1/armv7e-m\libgcc.a(_arm_fixsfsi.o)
                0x0800361c                __aeabi_f2iz
                0x0800361c                __fixsfsi
 .text.atoi     0x08003668        0x8 c:/program files (x86)/gnu tools arm embedded/5.4 2016q2/bin/../lib/gcc/arm-none-eabi/5.4.1/../../../../arm-none-eabi/lib/armv7e-m\libg.a(lib_a-atoi.o)
                0x08003668                atoi
 .text.memset   0x08003670       0x9c c:/program files (x86)/gnu tools arm embedded/5.4 2016q2/bin/../lib/gcc/arm-none-eabi/5.4.1/../../../../arm-none-eabi/lib/armv7e-m\libg.a(lib_a-memset.o)
                0x08003670                memset
 .text.strncmp  0x0800370c       0xa0 c:/program files (x86)/gnu tools arm embedded/5.4 2016q2/bin/../lib/gcc/arm-none-eabi/5.4.1/../../../../arm-none-eabi/lib/armv7e-m\libg.a(lib_a-strncmp.o)
                0x0800370c                strncmp
 .text._strtol_r
                0x080037ac      0x128 c:/program files (x86)/gnu tools arm embedded/5.4 2016q2/bin/../lib/gcc/arm-none-eabi/5.4.1/../../../../arm-none-eabi/lib/armv7e-m\libg.a(lib_a-strtol.o)
                0x080037ac                _strtol_r
 .text.strtol   0x080038d4       0x18 c:/program files (x86)/gnu tools arm embedded/5.4 2016q2/bin/../lib/gcc/arm-none-eabi/5.4.1/../../../../arm-none-eabi/lib/armv7e-m\libg.a(lib_a-strtol.o)
                0x080038d4                strtol
 *(.init)
 *(.fini)
 *crtbegin.o(.ctors)
 *crtbegin?.o(.ctors)
 *(EXCLUDE_FILE(*crtend.o *crtend?.o) .ctors)
 *(SORT(.ctors.*))
 *(.ctors)
 *crtbegin.o(.dtors)
 *crtbegin?.o(.dtors)
 *(EXCLUDE_FILE(*crtend.o *crtend?.o) .dtors)
 *(SORT(.dtors.*))
 *(.dtors)
 *(.rodata*)
 .rodata        0x080038ec       0xd0 ..\obj\UI.o
 .rodata        0x080039bc        0xc ..\obj\LL.o
 .rodata._ctype_
                0x080039c8      0x101 c:/program files (x86)/gnu tools arm embedded/5.4 2016q2/bin/../lib/gcc/arm-none-eabi/5.4.1/../../../../arm-none-eabi/lib/armv7e-m\libg.a(lib_a-ctype_.o)
                0x080039c8                _ctype_
 *(.eh_fram e*)

.glue_7         0x08003acc        0x0
 .glue_7        0x08003acc        0x0 linker stubs

.glue_7t        0x08003acc        0x0
 .glue_7t       0x08003acc        0x0 linker stubs

.vfp11_veneer   0x08003acc        0x0
 .vfp11_veneer  0x08003acc        0x0 linker stubs

.v4_bx          0x08003acc        0x0
 .v4_bx         0x08003acc        0x0 linker stubs

.iplt           0x08003acc        0x0
 .iplt          0x08003acc        0x0 ..\obj\UI.o

.rel.dyn        0x08003acc        0x0
 .rel.iplt      0x08003acc        0x0 ..\obj\UI.o

.ARM.extab
 *(.ARM.extab* .gnu.linkonce.armextab.*)
                0x08003acc                __exidx_start = .

.ARM.exidx
 *(.ARM.exidx* .gnu.linkonce.armexidx.*)
                0x08003acc                __exidx_end = .
                0x08003acc                __etext = .
                0x08003ac9                _sidata = __etext

.data           0x20000000     0x2938 load address 0x08003ac9
                0x20000000                __data_start__ = .
                0x20000000                _sdata = __data_start__
 *(vtable)
 *(.data*)
 .data          0x20000000       0x10 ..\obj\stm32f4xx_rcc.o
 .data          0x20000010     0x24e8 ..\..\..\libvga_api.a(API_DRAW.o)
                0x20000010                pijl_links
                0x20000478                pijl_rechts
                0x200008e0                pijl_omhoog
                0x20000d20                pijl_omlaag
                0x20001160                smiley_blij
                0x20001b2c                smiley_boos
 .data          0x200024f8       0x10 ..\..\..\libvga_api.a(uart.o)
 .data          0x20002508      0x42c ..\..\..\libvga_api.a(printf.o)
                0x20002508                r
                0x20002930                _impure_ptr
 .data.__ctype_ptr__
                0x20002934        0x4 c:/program files (x86)/gnu tools arm embedded/5.4 2016q2/bin/../lib/gcc/arm-none-eabi/5.4.1/../../../../arm-none-eabi/lib/armv7e-m\libg.a(lib_a-ctype_.o)
                0x20002934                __ctype_ptr__
                0x20002938                . = ALIGN (0x4)
                [!provide]                PROVIDE (__preinit_array_start, .)
 *(.preinit_array)
                [!provide]                PROVIDE (__preinit_array_end, .)
                0x20002938                . = ALIGN (0x4)
                [!provide]                PROVIDE (__init_array_start, .)
 *(SORT(.init_array.*))
 *(.init_array)
                [!provide]                PROVIDE (__init_array_end, .)
                0x20002938                . = ALIGN (0x4)
                [!provide]                PROVIDE (__fini_array_start, .)
 *(SORT(.fini_array.*))
 *(.fini_array)
                [!provide]                PROVIDE (__fini_array_end, .)
 *(.jcr*)
                0x20002938                . = ALIGN (0x4)
                0x20002938                __data_end__ = .
                0x20002938                _edata = __data_end__

.igot.plt       0x20002938        0x0 load address 0x08006404
 .igot.plt      0x20002938        0x0 ..\obj\UI.o

.bss            0x20002938    0x12d74 load address 0x08006404
                0x20002938                . = ALIGN (0x4)
                0x20002938                __bss_start__ = .
                0x20002938                _sbss = __bss_start__
 *(.bss*)
 .bss           0x20002938        0x4 ..\..\..\libvga_api.a(uart.o)
                0x20002938                charcounter
 *(COMMON)
 COMMON         0x2000293c    0x12cfc ..\obj\stm32_ub_vga_screen.o
                0x2000293c                VGA
                0x20002948                VGA_RAM1
 COMMON         0x20015638       0x10 ..\..\..\libvga_api.a(delay.o)
                0x20015638                G_CLK
                0x2001563c                D_S
                0x20015640                D_uS
                0x20015644                D_mS
 COMMON         0x20015648       0x64 ..\..\..\libvga_api.a(uart.o)
                0x20015648                string
                0x200156ac                . = ALIGN (0x4)
                0x200156ac                __bss_end__ = .
                0x200156ac                _ebss = __bss_end__

.heap           0x200156ac        0x0
                0x200156ac                __end__ = .
                0x200156ac                _end = __end__
                0x200156ac                end = __end__
 *(.heap*)
                0x200156ac                __HeapLimit = .

.co_stack       0x200156ac      0x804 load address 0x08019178
                0x200156b0                . = ALIGN (0x8)
 *fill*         0x200156ac        0x4 
 *(.co_stack .co_stack.*)
 .co_stack      0x200156b0      0x800 ..\obj\startup_stm32f4xx.o
                0x200156b0                pulStack
                0x20020000                __StackTop = (ORIGIN (ram) + LENGTH (ram))
                0x2001f7fc                __StackLimit = (__StackTop - SIZEOF (.co_stack))
                [!provide]                PROVIDE (__stack, __StackTop)
                0x00000001                ASSERT ((__StackLimit >= __HeapLimit), region ram  overflowed with stack)
LOAD ..\obj\UI.o
LOAD ..\obj\stm32f4xx_usart.o
LOAD ..\obj\startup_stm32f4xx.o
LOAD ..\obj\LL.o
LOAD ..\obj\stm32f4xx_rcc.o
LOAD ..\obj\stm32f4xx_gpio.o
LOAD ..\obj\system_stm32f4xx.o
LOAD ..\obj\syscalls.o
LOAD ..\obj\stm32f4xx_dma.o
LOAD ..\obj\stm32_ub_vga_screen.o
LOAD ..\obj\misc.o
LOAD ..\obj\stm32f4xx_tim.o
LOAD ..\..\..\libvga_api.a
LOAD c:/program files (x86)/gnu tools arm embedded/5.4 2016q2/bin/../lib/gcc/arm-none-eabi/5.4.1/../../../../arm-none-eabi/lib/armv7e-m\libm.a
START GROUP
LOAD c:/program files (x86)/gnu tools arm embedded/5.4 2016q2/bin/../lib/gcc/arm-none-eabi/5.4.1/armv7e-m\libgcc.a
LOAD c:/program files (x86)/gnu tools arm embedded/5.4 2016q2/bin/../lib/gcc/arm-none-eabi/5.4.1/../../../../arm-none-eabi/lib/armv7e-m\libg.a
LOAD c:/program files (x86)/gnu tools arm embedded/5.4 2016q2/bin/../lib/gcc/arm-none-eabi/5.4.1/../../../../arm-none-eabi/lib/armv7e-m\libc.a
END GROUP
OUTPUT(VGA_Core.elf elf32-littlearm)

.debug_info     0x00000000     0x7dcd
 .debug_info    0x00000000      0x2bc ..\obj\UI.o
 .debug_info    0x000002bc      0x9ca ..\obj\stm32f4xx_usart.o
 .debug_info    0x00000c86       0xf2 ..\obj\startup_stm32f4xx.o
 .debug_info    0x00000d78      0x192 ..\obj\LL.o
 .debug_info    0x00000f0a      0xc63 ..\obj\stm32f4xx_rcc.o
 .debug_info    0x00001b6d      0x61a ..\obj\stm32f4xx_gpio.o
 .debug_info    0x00002187      0x5c5 ..\obj\system_stm32f4xx.o
 .debug_info    0x0000274c      0x741 ..\obj\stm32f4xx_dma.o
 .debug_info    0x00002e8d      0xad9 ..\obj\stm32_ub_vga_screen.o
 .debug_info    0x00003966      0x556 ..\obj\misc.o
 .debug_info    0x00003ebc     0x1c69 ..\obj\stm32f4xx_tim.o
 .debug_info    0x00005b25      0x3b1 ..\..\..\libvga_api.a(API_DRAW.o)
 .debug_info    0x00005ed6      0x42d ..\..\..\libvga_api.a(API_IO.o)
 .debug_info    0x00006303      0x2a6 ..\..\..\libvga_api.a(delay.o)
 .debug_info    0x000065a9      0x9e7 ..\..\..\libvga_api.a(uart.o)
 .debug_info    0x00006f90      0xe3d ..\..\..\libvga_api.a(printf.o)

.debug_abbrev   0x00000000     0x162e
 .debug_abbrev  0x00000000      0x144 ..\obj\UI.o
 .debug_abbrev  0x00000144      0x157 ..\obj\stm32f4xx_usart.o
 .debug_abbrev  0x0000029b       0xb0 ..\obj\startup_stm32f4xx.o
 .debug_abbrev  0x0000034b       0xa3 ..\obj\LL.o
 .debug_abbrev  0x000003ee      0x1e5 ..\obj\stm32f4xx_rcc.o
 .debug_abbrev  0x000005d3      0x1a7 ..\obj\stm32f4xx_gpio.o
 .debug_abbrev  0x0000077a      0x138 ..\obj\system_stm32f4xx.o
 .debug_abbrev  0x000008b2      0x157 ..\obj\stm32f4xx_dma.o
 .debug_abbrev  0x00000a09      0x1d0 ..\obj\stm32_ub_vga_screen.o
 .debug_abbrev  0x00000bd9      0x147 ..\obj\misc.o
 .debug_abbrev  0x00000d20      0x189 ..\obj\stm32f4xx_tim.o
 .debug_abbrev  0x00000ea9      0x10d ..\..\..\libvga_api.a(API_DRAW.o)
 .debug_abbrev  0x00000fb6      0x130 ..\..\..\libvga_api.a(API_IO.o)
 .debug_abbrev  0x000010e6      0x100 ..\..\..\libvga_api.a(delay.o)
 .debug_abbrev  0x000011e6      0x1e6 ..\..\..\libvga_api.a(uart.o)
 .debug_abbrev  0x000013cc      0x262 ..\..\..\libvga_api.a(printf.o)

.debug_aranges  0x00000000      0x9e8
 .debug_aranges
                0x00000000       0x40 ..\obj\UI.o
 .debug_aranges
                0x00000040      0x100 ..\obj\stm32f4xx_usart.o
 .debug_aranges
                0x00000140       0x28 ..\obj\startup_stm32f4xx.o
 .debug_aranges
                0x00000168       0x20 ..\obj\LL.o
 .debug_aranges
                0x00000188      0x178 ..\obj\stm32f4xx_rcc.o
 .debug_aranges
                0x00000300       0x88 ..\obj\stm32f4xx_gpio.o
 .debug_aranges
                0x00000388       0x30 ..\obj\system_stm32f4xx.o
 .debug_aranges
                0x000003b8       0xb0 ..\obj\stm32f4xx_dma.o
 .debug_aranges
                0x00000468       0x60 ..\obj\stm32_ub_vga_screen.o
 .debug_aranges
                0x000004c8       0x40 ..\obj\misc.o
 .debug_aranges
                0x00000508      0x2f8 ..\obj\stm32f4xx_tim.o
 .debug_aranges
                0x00000800       0x38 ..\..\..\libvga_api.a(API_DRAW.o)
 .debug_aranges
                0x00000838       0x70 ..\..\..\libvga_api.a(API_IO.o)
 .debug_aranges
                0x000008a8       0x38 ..\..\..\libvga_api.a(delay.o)
 .debug_aranges
                0x000008e0       0x68 ..\..\..\libvga_api.a(uart.o)
 .debug_aranges
                0x00000948       0xa0 ..\..\..\libvga_api.a(printf.o)

.debug_ranges   0x00000000      0x8e8
 .debug_ranges  0x00000000       0x30 ..\obj\UI.o
 .debug_ranges  0x00000030       0xf0 ..\obj\stm32f4xx_usart.o
 .debug_ranges  0x00000120       0x18 ..\obj\startup_stm32f4xx.o
 .debug_ranges  0x00000138       0x10 ..\obj\LL.o
 .debug_ranges  0x00000148      0x168 ..\obj\stm32f4xx_rcc.o
 .debug_ranges  0x000002b0       0x78 ..\obj\stm32f4xx_gpio.o
 .debug_ranges  0x00000328       0x20 ..\obj\system_stm32f4xx.o
 .debug_ranges  0x00000348       0xa0 ..\obj\stm32f4xx_dma.o
 .debug_ranges  0x000003e8       0x50 ..\obj\stm32_ub_vga_screen.o
 .debug_ranges  0x00000438       0x30 ..\obj\misc.o
 .debug_ranges  0x00000468      0x2e8 ..\obj\stm32f4xx_tim.o
 .debug_ranges  0x00000750       0x28 ..\..\..\libvga_api.a(API_DRAW.o)
 .debug_ranges  0x00000778       0x60 ..\..\..\libvga_api.a(API_IO.o)
 .debug_ranges  0x000007d8       0x28 ..\..\..\libvga_api.a(delay.o)
 .debug_ranges  0x00000800       0x58 ..\..\..\libvga_api.a(uart.o)
 .debug_ranges  0x00000858       0x90 ..\..\..\libvga_api.a(printf.o)

.debug_line     0x00000000     0x421c
 .debug_line    0x00000000      0x1b7 ..\obj\UI.o
 .debug_line    0x000001b7      0x599 ..\obj\stm32f4xx_usart.o
 .debug_line    0x00000750       0xd1 ..\obj\startup_stm32f4xx.o
 .debug_line    0x00000821       0xc9 ..\obj\LL.o
 .debug_line    0x000008ea      0x685 ..\obj\stm32f4xx_rcc.o
 .debug_line    0x00000f6f      0x440 ..\obj\stm32f4xx_gpio.o
 .debug_line    0x000013af      0x262 ..\obj\system_stm32f4xx.o
 .debug_line    0x00001611      0x50a ..\obj\stm32f4xx_dma.o
 .debug_line    0x00001b1b      0x472 ..\obj\stm32_ub_vga_screen.o
 .debug_line    0x00001f8d      0x31e ..\obj\misc.o
 .debug_line    0x000022ab      0xba1 ..\obj\stm32f4xx_tim.o
 .debug_line    0x00002e4c      0x3b3 ..\..\..\libvga_api.a(API_DRAW.o)
 .debug_line    0x000031ff      0x3c9 ..\..\..\libvga_api.a(API_IO.o)
 .debug_line    0x000035c8      0x351 ..\..\..\libvga_api.a(delay.o)
 .debug_line    0x00003919      0x554 ..\..\..\libvga_api.a(uart.o)
 .debug_line    0x00003e6d      0x3af ..\..\..\libvga_api.a(printf.o)

.debug_str      0x00000000     0x34d0
 .debug_str     0x00000000      0x222 ..\obj\UI.o
                                0x261 (size before relaxing)
 .debug_str     0x00000222      0x56f ..\obj\stm32f4xx_usart.o
                                0x6bf (size before relaxing)
 .debug_str     0x00000791       0xe0 ..\obj\startup_stm32f4xx.o
                                0x177 (size before relaxing)
 .debug_str     0x00000871       0x64 ..\obj\LL.o
                                0x203 (size before relaxing)
 .debug_str     0x000008d5      0x613 ..\obj\stm32f4xx_rcc.o
                                0x880 (size before relaxing)
 .debug_str     0x00000ee8      0x358 ..\obj\stm32f4xx_gpio.o
                                0x4d3 (size before relaxing)
 .debug_str     0x00001240      0x148 ..\obj\system_stm32f4xx.o
                                0x3da (size before relaxing)
 .debug_str     0x00001388      0x3c1 ..\obj\stm32f4xx_dma.o
                                0x572 (size before relaxing)
 .debug_str     0x00001749      0x899 ..\obj\stm32_ub_vga_screen.o
                                0xd0d (size before relaxing)
 .debug_str     0x00001fe2      0x191 ..\obj\misc.o
                                0x3fe (size before relaxing)
 .debug_str     0x00002173      0xa2e ..\obj\stm32f4xx_tim.o
                                0xe00 (size before relaxing)
 .debug_str     0x00002ba1      0x17b ..\..\..\libvga_api.a(API_DRAW.o)
                                0x366 (size before relaxing)
 .debug_str     0x00002d1c      0x125 ..\..\..\libvga_api.a(API_IO.o)
                                0x39d (size before relaxing)
 .debug_str     0x00002e41       0xa9 ..\..\..\libvga_api.a(delay.o)
                                0x325 (size before relaxing)
 .debug_str     0x00002eea      0x121 ..\..\..\libvga_api.a(uart.o)
                                0xba2 (size before relaxing)
 .debug_str     0x0000300b      0x4c5 ..\..\..\libvga_api.a(printf.o)
                                0x6e0 (size before relaxing)

.comment        0x00000000       0x6e
 .comment       0x00000000       0x6e ..\obj\UI.o
                                 0x6f (size before relaxing)
 .comment       0x0000006e       0x6f ..\obj\stm32f4xx_usart.o
 .comment       0x0000006e       0x6f ..\obj\startup_stm32f4xx.o
 .comment       0x0000006e       0x6f ..\obj\LL.o
 .comment       0x0000006e       0x6f ..\obj\stm32f4xx_rcc.o
 .comment       0x0000006e       0x6f ..\obj\stm32f4xx_gpio.o
 .comment       0x0000006e       0x6f ..\obj\system_stm32f4xx.o
 .comment       0x0000006e       0x6f ..\obj\stm32f4xx_dma.o
 .comment       0x0000006e       0x6f ..\obj\stm32_ub_vga_screen.o
 .comment       0x0000006e       0x6f ..\obj\misc.o
 .comment       0x0000006e       0x6f ..\obj\stm32f4xx_tim.o
 .comment       0x0000006e       0x6f ..\..\..\libvga_api.a(API_DRAW.o)
 .comment       0x0000006e       0x6f ..\..\..\libvga_api.a(API_IO.o)
 .comment       0x0000006e       0x6f ..\..\..\libvga_api.a(delay.o)
 .comment       0x0000006e       0x6f ..\..\..\libvga_api.a(uart.o)
 .comment       0x0000006e       0x6f ..\..\..\libvga_api.a(printf.o)

.ARM.attributes
                0x00000000       0x33
 .ARM.attributes
                0x00000000       0x33 ..\obj\UI.o
 .ARM.attributes
                0x00000033       0x33 ..\obj\stm32f4xx_usart.o
 .ARM.attributes
                0x00000066       0x33 ..\obj\startup_stm32f4xx.o
 .ARM.attributes
                0x00000099       0x33 ..\obj\LL.o
 .ARM.attributes
                0x000000cc       0x33 ..\obj\stm32f4xx_rcc.o
 .ARM.attributes
                0x000000ff       0x33 ..\obj\stm32f4xx_gpio.o
 .ARM.attributes
                0x00000132       0x33 ..\obj\system_stm32f4xx.o
 .ARM.attributes
                0x00000165       0x33 ..\obj\stm32f4xx_dma.o
 .ARM.attributes
                0x00000198       0x33 ..\obj\stm32_ub_vga_screen.o
 .ARM.attributes
                0x000001cb       0x33 ..\obj\misc.o
 .ARM.attributes
                0x000001fe       0x33 ..\obj\stm32f4xx_tim.o
 .ARM.attributes
                0x00000231       0x33 ..\..\..\libvga_api.a(API_DRAW.o)
 .ARM.attributes
                0x00000264       0x33 ..\..\..\libvga_api.a(API_IO.o)
 .ARM.attributes
                0x00000297       0x33 ..\..\..\libvga_api.a(delay.o)
 .ARM.attributes
                0x000002ca       0x33 ..\..\..\libvga_api.a(uart.o)
 .ARM.attributes
                0x000002fd       0x33 ..\..\..\libvga_api.a(printf.o)
 .ARM.attributes
                0x00000330       0x1e c:/program files (x86)/gnu tools arm embedded/5.4 2016q2/bin/../lib/gcc/arm-none-eabi/5.4.1/armv7e-m\libgcc.a(_arm_addsubdf3.o)
 .ARM.attributes
                0x0000034e       0x1e c:/program files (x86)/gnu tools arm embedded/5.4 2016q2/bin/../lib/gcc/arm-none-eabi/5.4.1/armv7e-m\libgcc.a(_arm_muldivdf3.o)
 .ARM.attributes
                0x0000036c       0x1e c:/program files (x86)/gnu tools arm embedded/5.4 2016q2/bin/../lib/gcc/arm-none-eabi/5.4.1/armv7e-m\libgcc.a(_arm_fixunsdfsi.o)
 .ARM.attributes
                0x0000038a       0x1e c:/program files (x86)/gnu tools arm embedded/5.4 2016q2/bin/../lib/gcc/arm-none-eabi/5.4.1/armv7e-m\libgcc.a(_arm_addsubsf3.o)
 .ARM.attributes
                0x000003a8       0x1e c:/program files (x86)/gnu tools arm embedded/5.4 2016q2/bin/../lib/gcc/arm-none-eabi/5.4.1/armv7e-m\libgcc.a(_arm_muldivsf3.o)
 .ARM.attributes
                0x000003c6       0x1e c:/program files (x86)/gnu tools arm embedded/5.4 2016q2/bin/../lib/gcc/arm-none-eabi/5.4.1/armv7e-m\libgcc.a(_arm_cmpsf2.o)
 .ARM.attributes
                0x000003e4       0x1e c:/program files (x86)/gnu tools arm embedded/5.4 2016q2/bin/../lib/gcc/arm-none-eabi/5.4.1/armv7e-m\libgcc.a(_arm_fixsfsi.o)
 .ARM.attributes
                0x00000402       0x2e c:/program files (x86)/gnu tools arm embedded/5.4 2016q2/bin/../lib/gcc/arm-none-eabi/5.4.1/../../../../arm-none-eabi/lib/armv7e-m\libg.a(lib_a-atoi.o)
 .ARM.attributes
                0x00000430       0x2e c:/program files (x86)/gnu tools arm embedded/5.4 2016q2/bin/../lib/gcc/arm-none-eabi/5.4.1/../../../../arm-none-eabi/lib/armv7e-m\libg.a(lib_a-ctype_.o)
 .ARM.attributes
                0x0000045e       0x2e c:/program files (x86)/gnu tools arm embedded/5.4 2016q2/bin/../lib/gcc/arm-none-eabi/5.4.1/../../../../arm-none-eabi/lib/armv7e-m\libg.a(lib_a-memset.o)
 .ARM.attributes
                0x0000048c       0x2e c:/program files (x86)/gnu tools arm embedded/5.4 2016q2/bin/../lib/gcc/arm-none-eabi/5.4.1/../../../../arm-none-eabi/lib/armv7e-m\libg.a(lib_a-strncmp.o)
 .ARM.attributes
                0x000004ba       0x2e c:/program files (x86)/gnu tools arm embedded/5.4 2016q2/bin/../lib/gcc/arm-none-eabi/5.4.1/../../../../arm-none-eabi/lib/armv7e-m\libg.a(lib_a-strtol.o)

.debug_frame    0x00000000     0x2b5c
 .debug_frame   0x00000000       0xcc ..\obj\UI.o
 .debug_frame   0x000000cc      0x490 ..\obj\stm32f4xx_usart.o
 .debug_frame   0x0000055c       0x4c ..\obj\startup_stm32f4xx.o
 .debug_frame   0x000005a8       0x3c ..\obj\LL.o
 .debug_frame   0x000005e4      0x6d4 ..\obj\stm32f4xx_rcc.o
 .debug_frame   0x00000cb8      0x23c ..\obj\stm32f4xx_gpio.o
 .debug_frame   0x00000ef4       0x7c ..\obj\system_stm32f4xx.o
 .debug_frame   0x00000f70      0x308 ..\obj\stm32f4xx_dma.o
 .debug_frame   0x00001278      0x148 ..\obj\stm32_ub_vga_screen.o
 .debug_frame   0x000013c0       0xd8 ..\obj\misc.o
 .debug_frame   0x00001498      0xe54 ..\obj\stm32f4xx_tim.o
 .debug_frame   0x000022ec       0xa4 ..\..\..\libvga_api.a(API_DRAW.o)
 .debug_frame   0x00002390      0x19c ..\..\..\libvga_api.a(API_IO.o)
 .debug_frame   0x0000252c       0xb0 ..\..\..\libvga_api.a(delay.o)
 .debug_frame   0x000025dc      0x198 ..\..\..\libvga_api.a(uart.o)
 .debug_frame   0x00002774      0x2dc ..\..\..\libvga_api.a(printf.o)
 .debug_frame   0x00002a50       0x30 c:/program files (x86)/gnu tools arm embedded/5.4 2016q2/bin/../lib/gcc/arm-none-eabi/5.4.1/../../../../arm-none-eabi/lib/armv7e-m\libg.a(lib_a-atoi.o)
 .debug_frame   0x00002a80       0x34 c:/program files (x86)/gnu tools arm embedded/5.4 2016q2/bin/../lib/gcc/arm-none-eabi/5.4.1/../../../../arm-none-eabi/lib/armv7e-m\libg.a(lib_a-memset.o)
 .debug_frame   0x00002ab4       0x54 c:/program files (x86)/gnu tools arm embedded/5.4 2016q2/bin/../lib/gcc/arm-none-eabi/5.4.1/../../../../arm-none-eabi/lib/armv7e-m\libg.a(lib_a-strncmp.o)
 .debug_frame   0x00002b08       0x54 c:/program files (x86)/gnu tools arm embedded/5.4 2016q2/bin/../lib/gcc/arm-none-eabi/5.4.1/../../../../arm-none-eabi/lib/armv7e-m\libg.a(lib_a-strtol.o)
