Archive member included to satisfy reference by file (symbol)

..\..\..\libvga_api.a(API_DRAW.o)
                              ..\obj\LL.o (API_DRAW_line)
..\..\..\libvga_api.a(API_IO.o)
                              ..\obj\UI.o (API_IO_INIT)
..\..\..\libvga_api.a(lcd.o)  ..\..\..\libvga_api.a(API_IO.o) (LCD_init)
..\..\..\libvga_api.a(delay.o)
                              ..\..\..\libvga_api.a(API_IO.o) (DELAY_init)
..\..\..\libvga_api.a(uart.o)
                              ..\..\..\libvga_api.a(API_IO.o) (UART_init)
c:/program files (x86)/gnu tools arm embedded/5.4 2016q2/bin/../lib/gcc/arm-none-eabi/5.4.1/armv7e-m\libgcc.a(_arm_addsubdf3.o)
                              ..\..\..\libvga_api.a(delay.o) (__aeabi_ui2d)
c:/program files (x86)/gnu tools arm embedded/5.4 2016q2/bin/../lib/gcc/arm-none-eabi/5.4.1/armv7e-m\libgcc.a(_arm_muldivdf3.o)
                              ..\..\..\libvga_api.a(delay.o) (__aeabi_dmul)
c:/program files (x86)/gnu tools arm embedded/5.4 2016q2/bin/../lib/gcc/arm-none-eabi/5.4.1/armv7e-m\libgcc.a(_arm_fixunsdfsi.o)
                              ..\..\..\libvga_api.a(delay.o) (__aeabi_d2uiz)
c:/program files (x86)/gnu tools arm embedded/5.4 2016q2/bin/../lib/gcc/arm-none-eabi/5.4.1/armv7e-m\libgcc.a(_arm_addsubsf3.o)
                              ..\..\..\libvga_api.a(API_IO.o) (__aeabi_fadd)
c:/program files (x86)/gnu tools arm embedded/5.4 2016q2/bin/../lib/gcc/arm-none-eabi/5.4.1/armv7e-m\libgcc.a(_arm_muldivsf3.o)
                              ..\..\..\libvga_api.a(API_IO.o) (__aeabi_fmul)
c:/program files (x86)/gnu tools arm embedded/5.4 2016q2/bin/../lib/gcc/arm-none-eabi/5.4.1/armv7e-m\libgcc.a(_arm_cmpsf2.o)
                              ..\..\..\libvga_api.a(API_IO.o) (__aeabi_fcmple)
c:/program files (x86)/gnu tools arm embedded/5.4 2016q2/bin/../lib/gcc/arm-none-eabi/5.4.1/armv7e-m\libgcc.a(_arm_fixsfsi.o)
                              ..\..\..\libvga_api.a(API_IO.o) (__aeabi_f2iz)
c:/program files (x86)/gnu tools arm embedded/5.4 2016q2/bin/../lib/gcc/arm-none-eabi/5.4.1/../../../../arm-none-eabi/lib/armv7e-m\libg.a(lib_a-atoi.o)
                              ..\obj\UI.o (atoi)
c:/program files (x86)/gnu tools arm embedded/5.4 2016q2/bin/../lib/gcc/arm-none-eabi/5.4.1/../../../../arm-none-eabi/lib/armv7e-m\libg.a(lib_a-ctype_.o)
                              ..\obj\UI.o (__ctype_ptr__)
c:/program files (x86)/gnu tools arm embedded/5.4 2016q2/bin/../lib/gcc/arm-none-eabi/5.4.1/../../../../arm-none-eabi/lib/armv7e-m\libg.a(lib_a-memset.o)
                              ..\obj\UI.o (memset)
c:/program files (x86)/gnu tools arm embedded/5.4 2016q2/bin/../lib/gcc/arm-none-eabi/5.4.1/../../../../arm-none-eabi/lib/armv7e-m\libg.a(lib_a-strncmp.o)
                              ..\obj\UI.o (strncmp)
c:/program files (x86)/gnu tools arm embedded/5.4 2016q2/bin/../lib/gcc/arm-none-eabi/5.4.1/../../../../arm-none-eabi/lib/armv7e-m\libg.a(lib_a-strtol.o)
                              c:/program files (x86)/gnu tools arm embedded/5.4 2016q2/bin/../lib/gcc/arm-none-eabi/5.4.1/../../../../arm-none-eabi/lib/armv7e-m\libg.a(lib_a-atoi.o) (_strtol_r)
c:/program files (x86)/gnu tools arm embedded/5.4 2016q2/bin/../lib/gcc/arm-none-eabi/5.4.1/../../../../arm-none-eabi/lib/armv7e-m\libg.a(lib_a-vsnprintf.o)
                              ..\..\..\libvga_api.a(uart.o) (vsnprintf)
c:/program files (x86)/gnu tools arm embedded/5.4 2016q2/bin/../lib/gcc/arm-none-eabi/5.4.1/../../../../arm-none-eabi/lib/armv7e-m\libg.a(lib_a-impure.o)
                              c:/program files (x86)/gnu tools arm embedded/5.4 2016q2/bin/../lib/gcc/arm-none-eabi/5.4.1/../../../../arm-none-eabi/lib/armv7e-m\libg.a(lib_a-strtol.o) (_impure_ptr)
c:/program files (x86)/gnu tools arm embedded/5.4 2016q2/bin/../lib/gcc/arm-none-eabi/5.4.1/../../../../arm-none-eabi/lib/armv7e-m\libg.a(lib_a-svfprintf.o)
                              c:/program files (x86)/gnu tools arm embedded/5.4 2016q2/bin/../lib/gcc/arm-none-eabi/5.4.1/../../../../arm-none-eabi/lib/armv7e-m\libg.a(lib_a-vsnprintf.o) (_svfprintf_r)
c:/program files (x86)/gnu tools arm embedded/5.4 2016q2/bin/../lib/gcc/arm-none-eabi/5.4.1/../../../../arm-none-eabi/lib/armv7e-m\libg.a(lib_a-dtoa.o)
                              c:/program files (x86)/gnu tools arm embedded/5.4 2016q2/bin/../lib/gcc/arm-none-eabi/5.4.1/../../../../arm-none-eabi/lib/armv7e-m\libg.a(lib_a-svfprintf.o) (_dtoa_r)
c:/program files (x86)/gnu tools arm embedded/5.4 2016q2/bin/../lib/gcc/arm-none-eabi/5.4.1/../../../../arm-none-eabi/lib/armv7e-m\libg.a(lib_a-locale.o)
                              c:/program files (x86)/gnu tools arm embedded/5.4 2016q2/bin/../lib/gcc/arm-none-eabi/5.4.1/../../../../arm-none-eabi/lib/armv7e-m\libg.a(lib_a-svfprintf.o) (_localeconv_r)
c:/program files (x86)/gnu tools arm embedded/5.4 2016q2/bin/../lib/gcc/arm-none-eabi/5.4.1/../../../../arm-none-eabi/lib/armv7e-m\libg.a(lib_a-mallocr.o)
[...]
Memory Configuration

Name             Origin             Length             Attributes
rom              0x08000000         0x00100000         xr
ram              0x20000000         0x00020000         xrw
ram1             0x10000000         0x00010000         xrw
*default*        0x00000000         0xffffffff

Linker script and memory map

                0x20020000                _eram = 0x20020000

.text           0x08000000     0x3740
 *(.isr_vector)
 .isr_vector    0x08000000      0x188 ..\obj\startup_stm32f4xx.o
                0x08000000                g_pfnVectors
 *(.text*)
 .text.UI_rp_char
                0x08000188       0x40 ..\obj\UI.o
                0x08000188                UI_rp_char
 .text.UI_get_param
                0x080001c8       0x38 ..\obj\UI.o
                0x080001c8                UI_get_param
 .text.UI_rm_char
                0x08000200       0x48 ..\obj\UI.o
                0x08000200                UI_rm_char
 .text.main     0x08000248      0x158 ..\obj\UI.o
                0x08000248                main
 .text.USART_Init
                0x080003a0      0x174 ..\obj\stm32f4xx_usart.o
                0x080003a0                USART_Init
 .text.USART_Cmd
                0x08000514       0x40 ..\obj\stm32f4xx_usart.o
                0x08000514                USART_Cmd
 .text.USART_SendData
                0x08000554       0x24 ..\obj\stm32f4xx_usart.o
                0x08000554                USART_SendData
 .text.USART_ITConfig
                0x08000578       0x90 ..\obj\stm32f4xx_usart.o
                0x08000578                USART_ITConfig
 .text.USART_GetFlagStatus
                0x08000608       0x38 ..\obj\stm32f4xx_usart.o
                0x08000608                USART_GetFlagStatus
 .text.USART_GetITStatus
                0x08000640       0xb4 ..\obj\stm32f4xx_usart.o
                0x08000640                USART_GetITStatus
 .text.USART_ClearITPendingBit
                0x080006f4       0x38 ..\obj\stm32f4xx_usart.o
                0x080006f4                USART_ClearITPendingBit
 .text.Default_Reset_Handler
                0x0800072c       0x5c ..\obj\startup_stm32f4xx.o
                0x0800072c                Default_Reset_Handler
                0x0800072c                Reset_Handler
 .text.Default_Handler
                0x08000788        0x8 ..\obj\startup_stm32f4xx.o
                0x08000788                RTC_Alarm_IRQHandler
                0x08000788                HASH_RNG_IRQHandler
                0x08000788                EXTI2_IRQHandler
                0x08000788                TIM8_CC_IRQHandler
                0x08000788                DebugMon_Handler
                0x08000788                TIM1_CC_IRQHandler
                0x08000788                HardFault_Handler
                0x08000788                DMA1_Stream5_IRQHandler
                0x08000788                SysTick_Handler
                0x08000788                PVD_IRQHandler
                0x08000788                SDIO_IRQHandler
                0x08000788                TAMP_STAMP_IRQHandler
                0x08000788                PendSV_Handler
                0x08000788                NMI_Handler
                0x08000788                CAN2_RX1_IRQHandler
                0x08000788                EXTI3_IRQHandler
                0x08000788                TIM8_TRG_COM_TIM14_IRQHandler
                0x08000788                TIM1_UP_TIM10_IRQHandler
                0x08000788                TIM8_UP_TIM13_IRQHandler
                0x08000788                I2C3_ER_IRQHandler
                0x08000788                EXTI0_IRQHandler
                0x08000788                I2C2_EV_IRQHandler
                0x08000788                DMA1_Stream2_IRQHandler
                0x08000788                CAN1_RX0_IRQHandler
                0x08000788                FPU_IRQHandler
                0x08000788                OTG_HS_WKUP_IRQHandler
                0x08000788                UsageFault_Handler
                0x08000788                CAN2_SCE_IRQHandler
                0x08000788                DMA2_Stream2_IRQHandler
                0x08000788                SPI1_IRQHandler
                0x08000788                TIM6_DAC_IRQHandler
                0x08000788                TIM1_BRK_TIM9_IRQHandler
                0x08000788                DCMI_IRQHandler
                0x08000788                CAN2_RX0_IRQHandler
                0x08000788                DMA2_Stream3_IRQHandler
                0x08000788                USART6_IRQHandler
                0x08000788                USART3_IRQHandler
                0x08000788                CRYP_IRQHandler
                0x08000788                CAN1_RX1_IRQHandler
                0x08000788                UART5_IRQHandler
                0x08000788                DMA2_Stream0_IRQHandler
                0x08000788                TIM4_IRQHandler
                0x08000788                I2C1_EV_IRQHandler
                0x08000788                DMA1_Stream6_IRQHandler
                0x08000788                DMA1_Stream1_IRQHandler
                0x08000788                UART4_IRQHandler
                0x08000788                TIM3_IRQHandler
                0x08000788                RCC_IRQHandler
                0x08000788                TIM8_BRK_TIM12_IRQHandler
                0x08000788                EXTI15_10_IRQHandler
                0x08000788                ADC_IRQHandler
                0x08000788                DMA1_Stream7_IRQHandler
                0x08000788                TIM7_IRQHandler
                0x08000788                CAN2_TX_IRQHandler
                0x08000788                TIM5_IRQHandler
                0x08000788                DMA2_Stream7_IRQHandler
                0x08000788                I2C3_EV_IRQHandler
                0x08000788                EXTI9_5_IRQHandler
                0x08000788                RTC_WKUP_IRQHandler
                0x08000788                ETH_WKUP_IRQHandler
                0x08000788                SPI2_IRQHandler
                0x08000788                OTG_HS_EP1_IN_IRQHandler
                0x08000788                MemManage_Handler
                0x08000788                DMA1_Stream0_IRQHandler
                0x08000788                CAN1_TX_IRQHandler
                0x08000788                SVC_Handler
                0x08000788                EXTI4_IRQHandler
                0x08000788                FSMC_IRQHandler
                0x08000788                ETH_IRQHandler
                0x08000788                OTG_HS_EP1_OUT_IRQHandler
                0x08000788                WWDG_IRQHandler
                0x08000788                OTG_FS_WKUP_IRQHandler
                0x08000788                TIM1_TRG_COM_TIM11_IRQHandler
                0x08000788                OTG_HS_IRQHandler
                0x08000788                EXTI1_IRQHandler
                0x08000788                I2C2_ER_IRQHandler
                0x08000788                DMA2_Stream1_IRQHandler
                0x08000788                CAN1_SCE_IRQHandler
                0x08000788                FLASH_IRQHandler
                0x08000788                DMA2_Stream4_IRQHandler
                0x08000788                BusFault_Handler
                0x08000788                USART1_IRQHandler
                0x08000788                OTG_FS_IRQHandler
                0x08000788                SPI3_IRQHandler
                0x08000788                DMA1_Stream4_IRQHandler
                0x08000788                I2C1_ER_IRQHandler
                0x08000788                DMA2_Stream6_IRQHandler
                0x08000788                DMA1_Stream3_IRQHandler
 .text.LL_exe   0x08000790       0xb0 ..\obj\LL.o
                0x08000790                LL_exe
 .text.RCC_GetClocksFreq
                0x08000840      0x154 ..\obj\stm32f4xx_rcc.o
                0x08000840                RCC_GetClocksFreq
 .text.RCC_AHB1PeriphClockCmd
                0x08000994       0x3c ..\obj\stm32f4xx_rcc.o
                0x08000994                RCC_AHB1PeriphClockCmd
 .text.RCC_APB1PeriphClockCmd
                0x080009d0       0x3c ..\obj\stm32f4xx_rcc.o
                0x080009d0                RCC_APB1PeriphClockCmd
 .text.RCC_APB2PeriphClockCmd
                0x08000a0c       0x3c ..\obj\stm32f4xx_rcc.o
                0x08000a0c                RCC_APB2PeriphClockCmd
 .text.GPIO_Init
                0x08000a48      0x11c ..\obj\stm32f4xx_gpio.o
                0x08000a48                GPIO_Init
 .text.GPIO_ReadInputDataBit
                0x08000b64       0x34 ..\obj\stm32f4xx_gpio.o
                0x08000b64                GPIO_ReadInputDataBit
 .text.GPIO_SetBits
                0x08000b98       0x1c ..\obj\stm32f4xx_gpio.o
                0x08000b98                GPIO_SetBits
 .text.GPIO_ResetBits
                0x08000bb4       0x1c ..\obj\stm32f4xx_gpio.o
                0x08000bb4                GPIO_ResetBits
 .text.GPIO_PinAFConfig
                0x08000bd0       0x90 ..\obj\stm32f4xx_gpio.o
                0x08000bd0                GPIO_PinAFConfig
 .text.SystemInit
                0x08000c60       0x5c ..\obj\system_stm32f4xx.o
                0x08000c60                SystemInit
 .text.SetSysClock
                0x08000cbc       0xf4 ..\obj\system_stm32f4xx.o
 .text.DMA_DeInit
                0x08000db0      0x1a4 ..\obj\stm32f4xx_dma.o
                0x08000db0                DMA_DeInit
 .text.DMA_Init
                0x08000f54       0xac ..\obj\stm32f4xx_dma.o
                0x08000f54                DMA_Init
 .text.DMA_Cmd  0x08001000       0x38 ..\obj\stm32f4xx_dma.o
                0x08001000                DMA_Cmd
 .text.DMA_ITConfig
                0x08001038       0x74 ..\obj\stm32f4xx_dma.o
                0x08001038                DMA_ITConfig
 .text.DMA_GetITStatus
                0x080010ac       0xac ..\obj\stm32f4xx_dma.o
                0x080010ac                DMA_GetITStatus
 .text.DMA_ClearITPendingBit
                0x08001158       0x5c ..\obj\stm32f4xx_dma.o
                0x08001158                DMA_ClearITPendingBit
 .text.UB_VGA_Screen_Init
                0x080011b4       0x80 ..\obj\stm32_ub_vga_screen.o
                0x080011b4                UB_VGA_Screen_Init
 .text.UB_VGA_FillScreen
                0x08001234       0x44 ..\obj\stm32_ub_vga_screen.o
                0x08001234                UB_VGA_FillScreen
 .text.UB_VGA_SetPixel
                0x08001278       0x4c ..\obj\stm32_ub_vga_screen.o
                0x08001278                UB_VGA_SetPixel
 .text.P_VGA_InitIO
                0x080012c4       0xa8 ..\obj\stm32_ub_vga_screen.o
                0x080012c4                P_VGA_InitIO
 .text.P_VGA_InitTIM
                0x0800136c       0xcc ..\obj\stm32_ub_vga_screen.o
                0x0800136c                P_VGA_InitTIM
 .text.P_VGA_InitINT
                0x08001438       0x58 ..\obj\stm32_ub_vga_screen.o
                0x08001438                P_VGA_InitINT
 .text.P_VGA_InitDMA
                0x08001490       0x90 ..\obj\stm32_ub_vga_screen.o
                0x08001490                P_VGA_InitDMA
 .text.TIM2_IRQHandler
                0x08001520       0xbc ..\obj\stm32_ub_vga_screen.o
                0x08001520                TIM2_IRQHandler
 .text.DMA2_Stream5_IRQHandler
                0x080015dc       0x4c ..\obj\stm32_ub_vga_screen.o
                0x080015dc                DMA2_Stream5_IRQHandler
 .text.NVIC_Init
                0x08001628       0xc0 ..\obj\misc.o
                0x08001628                NVIC_Init
 .text.TIM_TimeBaseInit
                0x080016e8       0xd4 ..\obj\stm32f4xx_tim.o
                0x080016e8                TIM_TimeBaseInit
 .text.TIM_ARRPreloadConfig
                0x080017bc       0x40 ..\obj\stm32f4xx_tim.o
                0x080017bc                TIM_ARRPreloadConfig
 .text.TIM_Cmd  0x080017fc       0x40 ..\obj\stm32f4xx_tim.o
                0x080017fc                TIM_Cmd
 .text.TIM_OC3Init
                0x0800183c      0x10c ..\obj\stm32f4xx_tim.o
                0x0800183c                TIM_OC3Init
 .text.TIM_OC4Init
                0x08001948       0xcc ..\obj\stm32f4xx_tim.o
                0x08001948                TIM_OC4Init
 .text.TIM_OC3PreloadConfig
                0x08001a14       0x38 ..\obj\stm32f4xx_tim.o
                0x08001a14                TIM_OC3PreloadConfig
 .text.TIM_OC4PreloadConfig
                0x08001a4c       0x3c ..\obj\stm32f4xx_tim.o
                0x08001a4c                TIM_OC4PreloadConfig
 .text.TIM_ITConfig
                0x08001a88       0x48 ..\obj\stm32f4xx_tim.o
                0x08001a88                TIM_ITConfig
 .text.TIM_ClearITPendingBit
                0x08001ad0       0x20 ..\obj\stm32f4xx_tim.o
                0x08001ad0                TIM_ClearITPendingBit
 .text.TIM_DMACmd
                0x08001af0       0x48 ..\obj\stm32f4xx_tim.o
                0x08001af0                TIM_DMACmd
 .text.API_ERROR_inrange
                0x08001b38       0x68 ..\..\..\libvga_api.a(API_DRAW.o)
                0x08001b38                API_ERROR_inrange
 .text.API_DRAW_line
                0x08001ba0       0x4c ..\..\..\libvga_api.a(API_DRAW.o)
                0x08001ba0                API_DRAW_line
 .text.API_IO_INIT
                0x08001bec       0x1c ..\..\..\libvga_api.a(API_IO.o)
                0x08001bec                API_IO_INIT
 .text.API_IO_UART_gets
                0x08001c08       0x18 ..\..\..\libvga_api.a(API_IO.o)
                0x08001c08                API_IO_UART_gets
 .text.API_IO_UART_putint
                0x08001c20       0x18 ..\..\..\libvga_api.a(API_IO.o)
                0x08001c20                API_IO_UART_putint
 .text.API_IO_UART_puts
                0x08001c38       0x18 ..\..\..\libvga_api.a(API_IO.o)
                0x08001c38                API_IO_UART_puts
 .text.API_IO_clearscherm
                0x08001c50       0x1c ..\..\..\libvga_api.a(API_IO.o)
                0x08001c50                API_IO_clearscherm
 .text.API_IO_line
                0x08001c6c      0x270 ..\..\..\libvga_api.a(API_IO.o)
                0x08001c6c                API_IO_line
 .text.ClearBits
                0x08001edc       0x2c ..\..\..\libvga_api.a(lcd.o)
                0x08001edc                ClearBits
 .text.LCD_init
                0x08001f08       0xe4 ..\..\..\libvga_api.a(lcd.o)
                0x08001f08                LCD_init
 .text.LCD_writenibble
                0x08001fec       0x64 ..\..\..\libvga_api.a(lcd.o)
 .text.LCD_writebyte
                0x08002050       0x58 ..\..\..\libvga_api.a(lcd.o)
 .text.busyflag
                0x080020a8       0xb0 ..\..\..\libvga_api.a(lcd.o)
                0x080020a8                busyflag
 .text.DELAY_init
                0x08002158      0x128 ..\..\..\libvga_api.a(delay.o)
                0x08002158                DELAY_init
 .text.DELAY_ms
                0x08002280       0x3c ..\..\..\libvga_api.a(delay.o)
                0x08002280                DELAY_ms
 .text.UART_init
                0x080022bc       0x94 ..\..\..\libvga_api.a(uart.o)
                0x080022bc                UART_init
 .text.UART_putchar
                0x08002350       0x34 ..\..\..\libvga_api.a(uart.o)
                0x08002350                UART_putchar
 .text.UART_puts
                0x08002384       0x38 ..\..\..\libvga_api.a(uart.o)
                0x08002384                UART_puts
 .text.USART2_IRQHandler
                0x080023bc       0xb4 ..\..\..\libvga_api.a(uart.o)
                0x080023bc                USART2_IRQHandler
 .text.UART_putint
                0x08002470       0x18 ..\..\..\libvga_api.a(uart.o)
                0x08002470                UART_putint
 .text.UART_putnum
                0x08002488       0xb4 ..\..\..\libvga_api.a(uart.o)
                0x08002488                UART_putnum
 .text.UART_get
                0x0800253c       0x30 ..\..\..\libvga_api.a(uart.o)
                0x0800253c                UART_get
 .text.UART_gets
                0x0800256c       0x58 ..\..\..\libvga_api.a(uart.o)
                0x0800256c                UART_gets
 .text          0x080025c4      0x370 c:/program files (x86)/gnu tools arm embedded/5.4 2016q2/bin/../lib/gcc/arm-none-eabi/5.4.1/armv7e-m\libgcc.a(_arm_addsubdf3.o)
                0x080025c4                __aeabi_drsub
                0x080025cc                __aeabi_dsub
                0x080025cc                __subdf3
                0x080025d0                __aeabi_dadd
                0x080025d0                __adddf3
                0x08002848                __floatunsidf
                0x08002848                __aeabi_ui2d
                0x08002868                __floatsidf
                0x08002868                __aeabi_i2d
                0x0800288c                __aeabi_f2d
                0x0800288c                __extendsfdf2
                0x080028c8                __floatundidf
                0x080028c8                __aeabi_ul2d
                0x080028d8                __floatdidf
                0x080028d8                __aeabi_l2d
 .text          0x08002934      0x424 c:/program files (x86)/gnu tools arm embedded/5.4 2016q2/bin/../lib/gcc/arm-none-eabi/5.4.1/armv7e-m\libgcc.a(_arm_muldivdf3.o)
                0x08002934                __aeabi_dmul
                0x08002934                __muldf3
                0x08002b88                __divdf3
                0x08002b88                __aeabi_ddiv
 .text          0x08002d58       0x40 c:/program files (x86)/gnu tools arm embedded/5.4 2016q2/bin/../lib/gcc/arm-none-eabi/5.4.1/armv7e-m\libgcc.a(_arm_fixunsdfsi.o)
                0x08002d58                __aeabi_d2uiz
                0x08002d58                __fixunsdfsi
 .text          0x08002d98      0x21c c:/program files (x86)/gnu tools arm embedded/5.4 2016q2/bin/../lib/gcc/arm-none-eabi/5.4.1/armv7e-m\libgcc.a(_arm_addsubsf3.o)
                0x08002d98                __aeabi_frsub
                0x08002da0                __subsf3
                0x08002da0                __aeabi_fsub
                0x08002da4                __aeabi_fadd
                0x08002da4                __addsf3
                0x08002f04                __aeabi_ui2f
                0x08002f04                __floatunsisf
                0x08002f0c                __aeabi_i2f
                0x08002f0c                __floatsisf
                0x08002f28                __aeabi_ul2f
                0x08002f28                __floatundisf
                0x08002f38                __aeabi_l2f
                0x08002f38                __floatdisf
 .text          0x08002fb4      0x2a0 c:/program files (x86)/gnu tools arm embedded/5.4 2016q2/bin/../lib/gcc/arm-none-eabi/5.4.1/armv7e-m\libgcc.a(_arm_muldivsf3.o)
                0x08002fb4                __mulsf3
                0x08002fb4                __aeabi_fmul
                0x0800311c                __aeabi_fdiv
                0x0800311c                __divsf3
 .text          0x08003254       0xec c:/program files (x86)/gnu tools arm embedded/5.4 2016q2/bin/../lib/gcc/arm-none-eabi/5.4.1/armv7e-m\libgcc.a(_arm_cmpsf2.o)
                0x08003254                __gesf2
                0x08003254                __gtsf2
                0x0800325c                __lesf2
                0x0800325c                __ltsf2
                0x08003264                __nesf2
                0x08003264                __eqsf2
                0x08003264                __cmpsf2
                0x080032c4                __aeabi_cfrcmple
                0x080032cc                __aeabi_cfcmpeq
                0x080032cc                __aeabi_cfcmple
                0x080032dc                __aeabi_fcmpeq
                0x080032f0                __aeabi_fcmplt
                0x08003304                __aeabi_fcmple
                0x08003318                __aeabi_fcmpge
                0x0800332c                __aeabi_fcmpgt
 .text          0x08003340       0x4c c:/program files (x86)/gnu tools arm embedded/5.4 2016q2/bin/../lib/gcc/arm-none-eabi/5.4.1/armv7e-m\libgcc.a(_arm_fixsfsi.o)
                0x08003340                __aeabi_f2iz
                0x08003340                __fixsfsi
 .text.atoi     0x0800338c        0x8 c:/program files (x86)/gnu tools arm embedded/5.4 2016q2/bin/../lib/gcc/arm-none-eabi/5.4.1/../../../../arm-none-eabi/lib/armv7e-m\libg.a(lib_a-atoi.o)
                0x0800338c                atoi
 .text.memset   0x08003394       0x9c c:/program files (x86)/gnu tools arm embedded/5.4 2016q2/bin/../lib/gcc/arm-none-eabi/5.4.1/../../../../arm-none-eabi/lib/armv7e-m\libg.a(lib_a-memset.o)
                0x08003394                memset
 .text.strncmp  0x08003430       0xa0 c:/program files (x86)/gnu tools arm embedded/5.4 2016q2/bin/../lib/gcc/arm-none-eabi/5.4.1/../../../../arm-none-eabi/lib/armv7e-m\libg.a(lib_a-strncmp.o)
                0x08003430                strncmp
 .text._strtol_r
                0x080034d0      0x128 c:/program files (x86)/gnu tools arm embedded/5.4 2016q2/bin/../lib/gcc/arm-none-eabi/5.4.1/../../../../arm-none-eabi/lib/armv7e-m\libg.a(lib_a-strtol.o)
                0x080034d0                _strtol_r
 .text.strtol   0x080035f8       0x18 c:/program files (x86)/gnu tools arm embedded/5.4 2016q2/bin/../lib/gcc/arm-none-eabi/5.4.1/../../../../arm-none-eabi/lib/armv7e-m\libg.a(lib_a-strtol.o)
                0x080035f8                strtol
 *(.init)
 *(.fini)
 *crtbegin.o(.ctors)
 *crtbegin?.o(.ctors)
 *(EXCLUDE_FILE(*crtend.o *crtend?.o) .ctors)
 *(SORT(.ctors.*))
 *(.ctors)
 *crtbegin.o(.dtors)
 *crtbegin?.o(.dtors)
 *(EXCLUDE_FILE(*crtend.o *crtend?.o) .dtors)
 *(SORT(.dtors.*))
 *(.dtors)
 *(.rodata*)
 .rodata        0x08003610       0x24 ..\obj\UI.o
 .rodata        0x08003634        0x2 ..\obj\LL.o
 *fill*         0x08003636        0x2 
 .rodata._ctype_
                0x08003638      0x101 c:/program files (x86)/gnu tools arm embedded/5.4 2016q2/bin/../lib/gcc/arm-none-eabi/5.4.1/../../../../arm-none-eabi/lib/armv7e-m\libg.a(lib_a-ctype_.o)
                0x08003638                _ctype_
 *fill*         0x08003739        0x3 
 .rodata.str1.4
                0x0800373c        0x4 c:/program files (x86)/gnu tools arm embedded/5.4 2016q2/bin/../lib/gcc/arm-none-eabi/5.4.1/../../../../arm-none-eabi/lib/armv7e-m\libg.a(lib_a-impure.o)
                                  0x2 (size before relaxing)
 *(.eh_fram e*)

.glue_7         0x08003740        0x0
 .glue_7        0x08003740        0x0 linker stubs

.glue_7t        0x08003740        0x0
 .glue_7t       0x08003740        0x0 linker stubs

.vfp11_veneer   0x08003740        0x0
 .vfp11_veneer  0x08003740        0x0 linker stubs

.v4_bx          0x08003740        0x0
 .v4_bx         0x08003740        0x0 linker stubs

.iplt           0x08003740        0x0
 .iplt          0x08003740        0x0 ..\obj\UI.o

.rel.dyn        0x08003740        0x0
 .rel.iplt      0x08003740        0x0 ..\obj\UI.o

.ARM.extab
 *(.ARM.extab* .gnu.linkonce.armextab.*)
                0x08003740                __exidx_start = .

.ARM.exidx
 *(.ARM.exidx* .gnu.linkonce.armexidx.*)
                0x08003740                __exidx_end = .
                0x08003740                __etext = .
                0x08003740                _sidata = __etext

.data           0x20000000      0x454 load address 0x08003740
                0x20000000                __data_start__ = .
                0x20000000                _sdata = __data_start__
 *(vtable)
 *(.data*)
 .data          0x20000000       0x10 ..\obj\stm32f4xx_rcc.o
 .data          0x20000010       0x10 ..\..\..\libvga_api.a(uart.o)
 .data.__ctype_ptr__
                0x20000020        0x4 c:/program files (x86)/gnu tools arm embedded/5.4 2016q2/bin/../lib/gcc/arm-none-eabi/5.4.1/../../../../arm-none-eabi/lib/armv7e-m\libg.a(lib_a-ctype_.o)
                0x20000020                __ctype_ptr__
 *fill*         0x20000024        0x4 
 .data.impure_data
                0x20000028      0x428 c:/program files (x86)/gnu tools arm embedded/5.4 2016q2/bin/../lib/gcc/arm-none-eabi/5.4.1/../../../../arm-none-eabi/lib/armv7e-m\libg.a(lib_a-impure.o)
 .data._impure_ptr
                0x20000450        0x4 c:/program files (x86)/gnu tools arm embedded/5.4 2016q2/bin/../lib/gcc/arm-none-eabi/5.4.1/../../../../arm-none-eabi/lib/armv7e-m\libg.a(lib_a-impure.o)
                0x20000450                _impure_ptr
                0x20000454                . = ALIGN (0x4)
                [!provide]                PROVIDE (__preinit_array_start, .)
 *(.preinit_array)
                [!provide]                PROVIDE (__preinit_array_end, .)
                0x20000454                . = ALIGN (0x4)
                [!provide]                PROVIDE (__init_array_start, .)
 *(SORT(.init_array.*))
 *(.init_array)
                [!provide]                PROVIDE (__init_array_end, .)
                0x20000454                . = ALIGN (0x4)
                [!provide]                PROVIDE (__fini_array_start, .)
 *(SORT(.fini_array.*))
 *(.fini_array)
                [!provide]                PROVIDE (__fini_array_end, .)
 *(.jcr*)
                0x20000454                . = ALIGN (0x4)
                0x20000454                __data_end__ = .
                0x20000454                _edata = __data_end__

.igot.plt       0x20000454        0x0 load address 0x08003b94
 .igot.plt      0x20000454        0x0 ..\obj\UI.o

.bss            0x20000454    0x12d74 load address 0x08003b94
                0x20000454                . = ALIGN (0x4)
                0x20000454                __bss_start__ = .
                0x20000454                _sbss = __bss_start__
 *(.bss*)
 .bss           0x20000454        0x4 ..\..\..\libvga_api.a(uart.o)
                0x20000454                charcounter
 *(COMMON)
 COMMON         0x20000458    0x12cfc ..\obj\stm32_ub_vga_screen.o
                0x20000458                VGA
                0x20000464                VGA_RAM1
 COMMON         0x20013154       0x10 ..\..\..\libvga_api.a(delay.o)
                0x20013154                G_CLK
                0x20013158                D_S
                0x2001315c                D_uS
                0x20013160                D_mS
 COMMON         0x20013164       0x64 ..\..\..\libvga_api.a(uart.o)
                0x20013164                string
                0x200131c8                . = ALIGN (0x4)
                0x200131c8                __bss_end__ = .
                0x200131c8                _ebss = __bss_end__

.heap           0x200131c8        0x0
                0x200131c8                __end__ = .
                0x200131c8                _end = __end__
                0x200131c8                end = __end__
 *(.heap*)
                0x200131c8                __HeapLimit = .

.co_stack       0x200131c8      0x800 load address 0x08016908
                0x200131c8                . = ALIGN (0x8)
 *(.co_stack .co_stack.*)
 .co_stack      0x200131c8      0x800 ..\obj\startup_stm32f4xx.o
                0x200131c8                pulStack
                0x20020000                __StackTop = (ORIGIN (ram) + LENGTH (ram))
                0x2001f800                __StackLimit = (__StackTop - SIZEOF (.co_stack))
                [!provide]                PROVIDE (__stack, __StackTop)
                0x00000001                ASSERT ((__StackLimit >= __HeapLimit), region ram  overflowed with stack)
LOAD ..\obj\UI.o
LOAD ..\obj\stm32f4xx_usart.o
LOAD ..\obj\startup_stm32f4xx.o
LOAD ..\obj\LL.o
LOAD ..\obj\stm32f4xx_rcc.o
LOAD ..\obj\stm32f4xx_gpio.o
LOAD ..\obj\system_stm32f4xx.o
LOAD ..\obj\syscalls.o
LOAD ..\obj\stm32f4xx_dma.o
LOAD ..\obj\stm32_ub_vga_screen.o
LOAD ..\obj\misc.o
LOAD ..\obj\stm32f4xx_tim.o
LOAD ..\..\..\libvga_api.a
LOAD c:/program files (x86)/gnu tools arm embedded/5.4 2016q2/bin/../lib/gcc/arm-none-eabi/5.4.1/../../../../arm-none-eabi/lib/armv7e-m\libm.a
START GROUP
LOAD c:/program files (x86)/gnu tools arm embedded/5.4 2016q2/bin/../lib/gcc/arm-none-eabi/5.4.1/armv7e-m\libgcc.a
LOAD c:/program files (x86)/gnu tools arm embedded/5.4 2016q2/bin/../lib/gcc/arm-none-eabi/5.4.1/../../../../arm-none-eabi/lib/armv7e-m\libg.a
LOAD c:/program files (x86)/gnu tools arm embedded/5.4 2016q2/bin/../lib/gcc/arm-none-eabi/5.4.1/../../../../arm-none-eabi/lib/armv7e-m\libc.a
END GROUP
OUTPUT(VGA_Core.elf elf32-littlearm)

.debug_info     0x00000000     0x74c7
 .debug_info    0x00000000      0x25a ..\obj\UI.o
 .debug_info    0x0000025a      0x9ca ..\obj\stm32f4xx_usart.o
 .debug_info    0x00000c24       0xf2 ..\obj\startup_stm32f4xx.o
 .debug_info    0x00000d16      0x151 ..\obj\LL.o
 .debug_info    0x00000e67      0xc63 ..\obj\stm32f4xx_rcc.o
 .debug_info    0x00001aca      0x61a ..\obj\stm32f4xx_gpio.o
 .debug_info    0x000020e4      0x5c5 ..\obj\system_stm32f4xx.o
 .debug_info    0x000026a9      0x741 ..\obj\stm32f4xx_dma.o
 .debug_info    0x00002dea      0xad9 ..\obj\stm32_ub_vga_screen.o
 .debug_info    0x000038c3      0x556 ..\obj\misc.o
 .debug_info    0x00003e19     0x1c69 ..\obj\stm32f4xx_tim.o
 .debug_info    0x00005a82      0x3b1 ..\..\..\libvga_api.a(API_DRAW.o)
 .debug_info    0x00005e33      0x42d ..\..\..\libvga_api.a(API_IO.o)
 .debug_info    0x00006260      0x5da ..\..\..\libvga_api.a(lcd.o)
 .debug_info    0x0000683a      0x2a6 ..\..\..\libvga_api.a(delay.o)
 .debug_info    0x00006ae0      0x9e7 ..\..\..\libvga_api.a(uart.o)

.debug_abbrev   0x00000000     0x1551
 .debug_abbrev  0x00000000      0x11b ..\obj\UI.o
 .debug_abbrev  0x0000011b      0x157 ..\obj\stm32f4xx_usart.o
 .debug_abbrev  0x00000272       0xb0 ..\obj\startup_stm32f4xx.o
 .debug_abbrev  0x00000322       0x83 ..\obj\LL.o
 .debug_abbrev  0x000003a5      0x1e5 ..\obj\stm32f4xx_rcc.o
 .debug_abbrev  0x0000058a      0x1a7 ..\obj\stm32f4xx_gpio.o
 .debug_abbrev  0x00000731      0x138 ..\obj\system_stm32f4xx.o
 .debug_abbrev  0x00000869      0x157 ..\obj\stm32f4xx_dma.o
 .debug_abbrev  0x000009c0      0x1d0 ..\obj\stm32_ub_vga_screen.o
 .debug_abbrev  0x00000b90      0x147 ..\obj\misc.o
 .debug_abbrev  0x00000cd7      0x189 ..\obj\stm32f4xx_tim.o
 .debug_abbrev  0x00000e60      0x10d ..\..\..\libvga_api.a(API_DRAW.o)
 .debug_abbrev  0x00000f6d      0x130 ..\..\..\libvga_api.a(API_IO.o)
 .debug_abbrev  0x0000109d      0x1ce ..\..\..\libvga_api.a(lcd.o)
 .debug_abbrev  0x0000126b      0x100 ..\..\..\libvga_api.a(delay.o)
 .debug_abbrev  0x0000136b      0x1e6 ..\..\..\libvga_api.a(uart.o)

.debug_aranges  0x00000000      0x9c8
 .debug_aranges
                0x00000000       0x38 ..\obj\UI.o
 .debug_aranges
                0x00000038      0x100 ..\obj\stm32f4xx_usart.o
 .debug_aranges
                0x00000138       0x28 ..\obj\startup_stm32f4xx.o
 .debug_aranges
                0x00000160       0x20 ..\obj\LL.o
 .debug_aranges
                0x00000180      0x178 ..\obj\stm32f4xx_rcc.o
 .debug_aranges
                0x000002f8       0x88 ..\obj\stm32f4xx_gpio.o
 .debug_aranges
                0x00000380       0x30 ..\obj\system_stm32f4xx.o
 .debug_aranges
                0x000003b0       0xb0 ..\obj\stm32f4xx_dma.o
 .debug_aranges
                0x00000460       0x60 ..\obj\stm32_ub_vga_screen.o
 .debug_aranges
                0x000004c0       0x40 ..\obj\misc.o
 .debug_aranges
                0x00000500      0x2f8 ..\obj\stm32f4xx_tim.o
 .debug_aranges
                0x000007f8       0x38 ..\..\..\libvga_api.a(API_DRAW.o)
 .debug_aranges
                0x00000830       0x70 ..\..\..\libvga_api.a(API_IO.o)
 .debug_aranges
                0x000008a0       0x88 ..\..\..\libvga_api.a(lcd.o)
 .debug_aranges
                0x00000928       0x38 ..\..\..\libvga_api.a(delay.o)
 .debug_aranges
                0x00000960       0x68 ..\..\..\libvga_api.a(uart.o)

.debug_ranges   0x00000000      0x8c8
 .debug_ranges  0x00000000       0x28 ..\obj\UI.o
 .debug_ranges  0x00000028       0xf0 ..\obj\stm32f4xx_usart.o
 .debug_ranges  0x00000118       0x18 ..\obj\startup_stm32f4xx.o
 .debug_ranges  0x00000130       0x10 ..\obj\LL.o
 .debug_ranges  0x00000140      0x168 ..\obj\stm32f4xx_rcc.o
 .debug_ranges  0x000002a8       0x78 ..\obj\stm32f4xx_gpio.o
 .debug_ranges  0x00000320       0x20 ..\obj\system_stm32f4xx.o
 .debug_ranges  0x00000340       0xa0 ..\obj\stm32f4xx_dma.o
 .debug_ranges  0x000003e0       0x50 ..\obj\stm32_ub_vga_screen.o
 .debug_ranges  0x00000430       0x30 ..\obj\misc.o
 .debug_ranges  0x00000460      0x2e8 ..\obj\stm32f4xx_tim.o
 .debug_ranges  0x00000748       0x28 ..\..\..\libvga_api.a(API_DRAW.o)
 .debug_ranges  0x00000770       0x60 ..\..\..\libvga_api.a(API_IO.o)
 .debug_ranges  0x000007d0       0x78 ..\..\..\libvga_api.a(lcd.o)
 .debug_ranges  0x00000848       0x28 ..\..\..\libvga_api.a(delay.o)
 .debug_ranges  0x00000870       0x58 ..\..\..\libvga_api.a(uart.o)

.debug_line     0x00000000     0x4309
 .debug_line    0x00000000      0x17f ..\obj\UI.o
 .debug_line    0x0000017f      0x599 ..\obj\stm32f4xx_usart.o
 .debug_line    0x00000718       0xd1 ..\obj\startup_stm32f4xx.o
 .debug_line    0x000007e9       0xa9 ..\obj\LL.o
 .debug_line    0x00000892      0x685 ..\obj\stm32f4xx_rcc.o
 .debug_line    0x00000f17      0x440 ..\obj\stm32f4xx_gpio.o
 .debug_line    0x00001357      0x262 ..\obj\system_stm32f4xx.o
 .debug_line    0x000015b9      0x50a ..\obj\stm32f4xx_dma.o
 .debug_line    0x00001ac3      0x472 ..\obj\stm32_ub_vga_screen.o
 .debug_line    0x00001f35      0x31e ..\obj\misc.o
 .debug_line    0x00002253      0xba1 ..\obj\stm32f4xx_tim.o
 .debug_line    0x00002df4      0x3b3 ..\..\..\libvga_api.a(API_DRAW.o)
 .debug_line    0x000031a7      0x3ca ..\..\..\libvga_api.a(API_IO.o)
 .debug_line    0x00003571      0x4f3 ..\..\..\libvga_api.a(lcd.o)
 .debug_line    0x00003a64      0x351 ..\..\..\libvga_api.a(delay.o)
 .debug_line    0x00003db5      0x554 ..\..\..\libvga_api.a(uart.o)

.debug_str      0x00000000     0x3126
 .debug_str     0x00000000      0x1fa ..\obj\UI.o
                                0x233 (size before relaxing)
 .debug_str     0x000001fa      0x56f ..\obj\stm32f4xx_usart.o
                                0x6bf (size before relaxing)
 .debug_str     0x00000769       0xe0 ..\obj\startup_stm32f4xx.o
                                0x177 (size before relaxing)
 .debug_str     0x00000849       0x64 ..\obj\LL.o
                                0x1e2 (size before relaxing)
 .debug_str     0x000008ad      0x613 ..\obj\stm32f4xx_rcc.o
                                0x880 (size before relaxing)
 .debug_str     0x00000ec0      0x358 ..\obj\stm32f4xx_gpio.o
                                0x4d3 (size before relaxing)
 .debug_str     0x00001218      0x148 ..\obj\system_stm32f4xx.o
                                0x3da (size before relaxing)
 .debug_str     0x00001360      0x3c7 ..\obj\stm32f4xx_dma.o
                                0x572 (size before relaxing)
 .debug_str     0x00001727      0x899 ..\obj\stm32_ub_vga_screen.o
                                0xd0d (size before relaxing)
 .debug_str     0x00001fc0      0x191 ..\obj\misc.o
                                0x3fe (size before relaxing)
 .debug_str     0x00002151      0xa2e ..\obj\stm32f4xx_tim.o
                                0xe00 (size before relaxing)
 .debug_str     0x00002b7f      0x190 ..\..\..\libvga_api.a(API_DRAW.o)
                                0x366 (size before relaxing)
 .debug_str     0x00002d0f      0x125 ..\..\..\libvga_api.a(API_IO.o)
                                0x39d (size before relaxing)
 .debug_str     0x00002e34      0x13f ..\..\..\libvga_api.a(lcd.o)
                                0x517 (size before relaxing)
 .debug_str     0x00002f73       0xa4 ..\..\..\libvga_api.a(delay.o)
                                0x325 (size before relaxing)
 .debug_str     0x00003017      0x10f ..\..\..\libvga_api.a(uart.o)
                                0xba2 (size before relaxing)

.comment        0x00000000       0x6e
 .comment       0x00000000       0x6e ..\obj\UI.o
                                 0x6f (size before relaxing)
 .comment       0x0000006e       0x6f ..\obj\stm32f4xx_usart.o
 .comment       0x0000006e       0x6f ..\obj\startup_stm32f4xx.o
 .comment       0x0000006e       0x6f ..\obj\LL.o
 .comment       0x0000006e       0x6f ..\obj\stm32f4xx_rcc.o
 .comment       0x0000006e       0x6f ..\obj\stm32f4xx_gpio.o
 .comment       0x0000006e       0x6f ..\obj\system_stm32f4xx.o
 .comment       0x0000006e       0x6f ..\obj\stm32f4xx_dma.o
 .comment       0x0000006e       0x6f ..\obj\stm32_ub_vga_screen.o
 .comment       0x0000006e       0x6f ..\obj\misc.o
 .comment       0x0000006e       0x6f ..\obj\stm32f4xx_tim.o
 .comment       0x0000006e       0x6f ..\..\..\libvga_api.a(API_DRAW.o)
 .comment       0x0000006e       0x6f ..\..\..\libvga_api.a(API_IO.o)
 .comment       0x0000006e       0x6f ..\..\..\libvga_api.a(lcd.o)
 .comment       0x0000006e       0x6f ..\..\..\libvga_api.a(delay.o)
 .comment       0x0000006e       0x6f ..\..\..\libvga_api.a(uart.o)

.ARM.attributes
                0x00000000       0x31
 .ARM.attributes
                0x00000000       0x33 ..\obj\UI.o
 .ARM.attributes
                0x00000033       0x33 ..\obj\stm32f4xx_usart.o
 .ARM.attributes
                0x00000066       0x33 ..\obj\startup_stm32f4xx.o
 .ARM.attributes
                0x00000099       0x33 ..\obj\LL.o
 .ARM.attributes
                0x000000cc       0x33 ..\obj\stm32f4xx_rcc.o
 .ARM.attributes
                0x000000ff       0x33 ..\obj\stm32f4xx_gpio.o
 .ARM.attributes
                0x00000132       0x33 ..\obj\system_stm32f4xx.o
 .ARM.attributes
                0x00000165       0x33 ..\obj\stm32f4xx_dma.o
 .ARM.attributes
                0x00000198       0x33 ..\obj\stm32_ub_vga_screen.o
 .ARM.attributes
                0x000001cb       0x33 ..\obj\misc.o
 .ARM.attributes
                0x000001fe       0x33 ..\obj\stm32f4xx_tim.o
 .ARM.attributes
                0x00000231       0x33 ..\..\..\libvga_api.a(API_DRAW.o)
 .ARM.attributes
                0x00000264       0x33 ..\..\..\libvga_api.a(API_IO.o)
 .ARM.attributes
                0x00000297       0x33 ..\..\..\libvga_api.a(lcd.o)
 .ARM.attributes
                0x000002ca       0x33 ..\..\..\libvga_api.a(delay.o)
 .ARM.attributes
                0x000002fd       0x33 ..\..\..\libvga_api.a(uart.o)
 .ARM.attributes
                0x00000330       0x1e c:/program files (x86)/gnu tools arm embedded/5.4 2016q2/bin/../lib/gcc/arm-none-eabi/5.4.1/armv7e-m\libgcc.a(_arm_addsubdf3.o)
 .ARM.attributes
                0x0000034e       0x1e c:/program files (x86)/gnu tools arm embedded/5.4 2016q2/bin/../lib/gcc/arm-none-eabi/5.4.1/armv7e-m\libgcc.a(_arm_muldivdf3.o)
 .ARM.attributes
                0x0000036c       0x1e c:/program files (x86)/gnu tools arm embedded/5.4 2016q2/bin/../lib/gcc/arm-none-eabi/5.4.1/armv7e-m\libgcc.a(_arm_fixunsdfsi.o)
 .ARM.attributes
                0x0000038a       0x1e c:/program files (x86)/gnu tools arm embedded/5.4 2016q2/bin/../lib/gcc/arm-none-eabi/5.4.1/armv7e-m\libgcc.a(_arm_addsubsf3.o)
 .ARM.attributes
                0x000003a8       0x1e c:/program files (x86)/gnu tools arm embedded/5.4 2016q2/bin/../lib/gcc/arm-none-eabi/5.4.1/armv7e-m\libgcc.a(_arm_muldivsf3.o)
 .ARM.attributes
                0x000003c6       0x1e c:/program files (x86)/gnu tools arm embedded/5.4 2016q2/bin/../lib/gcc/arm-none-eabi/5.4.1/armv7e-m\libgcc.a(_arm_cmpsf2.o)
 .ARM.attributes
                0x000003e4       0x1e c:/program files (x86)/gnu tools arm embedded/5.4 2016q2/bin/../lib/gcc/arm-none-eabi/5.4.1/armv7e-m\libgcc.a(_arm_fixsfsi.o)
 .ARM.attributes
                0x00000402       0x2e c:/program files (x86)/gnu tools arm embedded/5.4 2016q2/bin/../lib/gcc/arm-none-eabi/5.4.1/../../../../arm-none-eabi/lib/armv7e-m\libg.a(lib_a-atoi.o)
 .ARM.attributes
                0x00000430       0x2e c:/program files (x86)/gnu tools arm embedded/5.4 2016q2/bin/../lib/gcc/arm-none-eabi/5.4.1/../../../../arm-none-eabi/lib/armv7e-m\libg.a(lib_a-ctype_.o)
 .ARM.attributes
                0x0000045e       0x2e c:/program files (x86)/gnu tools arm embedded/5.4 2016q2/bin/../lib/gcc/arm-none-eabi/5.4.1/../../../../arm-none-eabi/lib/armv7e-m\libg.a(lib_a-memset.o)
 .ARM.attributes
                0x0000048c       0x2e c:/program files (x86)/gnu tools arm embedded/5.4 2016q2/bin/../lib/gcc/arm-none-eabi/5.4.1/../../../../arm-none-eabi/lib/armv7e-m\libg.a(lib_a-strncmp.o)
 .ARM.attributes
                0x000004ba       0x2e c:/program files (x86)/gnu tools arm embedded/5.4 2016q2/bin/../lib/gcc/arm-none-eabi/5.4.1/../../../../arm-none-eabi/lib/armv7e-m\libg.a(lib_a-strtol.o)
 .ARM.attributes
                0x000004e8       0x2e c:/program files (x86)/gnu tools arm embedded/5.4 2016q2/bin/../lib/gcc/arm-none-eabi/5.4.1/../../../../arm-none-eabi/lib/armv7e-m\libg.a(lib_a-impure.o)

.debug_frame    0x00000000     0x2a50
 .debug_frame   0x00000000       0xa8 ..\obj\UI.o
 .debug_frame   0x000000a8      0x490 ..\obj\stm32f4xx_usart.o
 .debug_frame   0x00000538       0x4c ..\obj\startup_stm32f4xx.o
 .debug_frame   0x00000584       0x3c ..\obj\LL.o
 .debug_frame   0x000005c0      0x6d4 ..\obj\stm32f4xx_rcc.o
 .debug_frame   0x00000c94      0x23c ..\obj\stm32f4xx_gpio.o
 .debug_frame   0x00000ed0       0x7c ..\obj\system_stm32f4xx.o
 .debug_frame   0x00000f4c      0x308 ..\obj\stm32f4xx_dma.o
 .debug_frame   0x00001254      0x148 ..\obj\stm32_ub_vga_screen.o
 .debug_frame   0x0000139c       0xd8 ..\obj\misc.o
 .debug_frame   0x00001474      0xe54 ..\obj\stm32f4xx_tim.o
 .debug_frame   0x000022c8       0xa4 ..\..\..\libvga_api.a(API_DRAW.o)
 .debug_frame   0x0000236c      0x19c ..\..\..\libvga_api.a(API_IO.o)
 .debug_frame   0x00002508      0x1f4 ..\..\..\libvga_api.a(lcd.o)
 .debug_frame   0x000026fc       0xb0 ..\..\..\libvga_api.a(delay.o)
 .debug_frame   0x000027ac      0x198 ..\..\..\libvga_api.a(uart.o)
 .debug_frame   0x00002944       0x30 c:/program files (x86)/gnu tools arm embedded/5.4 2016q2/bin/../lib/gcc/arm-none-eabi/5.4.1/../../../../arm-none-eabi/lib/armv7e-m\libg.a(lib_a-atoi.o)
 .debug_frame   0x00002974       0x34 c:/program files (x86)/gnu tools arm embedded/5.4 2016q2/bin/../lib/gcc/arm-none-eabi/5.4.1/../../../../arm-none-eabi/lib/armv7e-m\libg.a(lib_a-memset.o)
 .debug_frame   0x000029a8       0x54 c:/program files (x86)/gnu tools arm embedded/5.4 2016q2/bin/../lib/gcc/arm-none-eabi/5.4.1/../../../../arm-none-eabi/lib/armv7e-m\libg.a(lib_a-strncmp.o)
 .debug_frame   0x000029fc       0x54 c:/program files (x86)/gnu tools arm embedded/5.4 2016q2/bin/../lib/gcc/arm-none-eabi/5.4.1/../../../../arm-none-eabi/lib/armv7e-m\libg.a(lib_a-strtol.o)
