Archive member included because of file (symbol)

c:/program files (x86)/gnu tools arm embedded/4.8 2013q4/bin/../lib/gcc/arm-none-eabi/4.8.3/armv7e-m\libgcc.a(_arm_addsubsf3.o)
                              ..\obj\APIdraw.o (__aeabi_fadd)
c:/program files (x86)/gnu tools arm embedded/4.8 2013q4/bin/../lib/gcc/arm-none-eabi/4.8.3/armv7e-m\libgcc.a(_arm_muldivsf3.o)
                              ..\obj\APIdraw.o (__aeabi_fmul)
c:/program files (x86)/gnu tools arm embedded/4.8 2013q4/bin/../lib/gcc/arm-none-eabi/4.8.3/armv7e-m\libgcc.a(_arm_cmpsf2.o)
                              ..\obj\APIdraw.o (__aeabi_fcmple)
c:/program files (x86)/gnu tools arm embedded/4.8 2013q4/bin/../lib/gcc/arm-none-eabi/4.8.3/armv7e-m\libgcc.a(_arm_fixsfsi.o)
                              ..\obj\APIdraw.o (__aeabi_f2iz)

Allocating common symbols
Common symbol       size              file

VGA                 0xc               ..\obj\APIdraw.o
VGA_RAM1            0x12cf0           ..\obj\APIdraw.o

Discarded input sections

 .text          0x00000000        0x0 ..\obj\APIdraw.o
 .data          0x00000000     0x3a08 ..\obj\APIdraw.o
 .bss           0x00000000        0x0 ..\obj\APIdraw.o
 .text.API_draw_rectangle
                0x00000000       0xd0 ..\obj\APIdraw.o
 .text.IO_draw_bitmap
                0x00000000       0x74 ..\obj\APIdraw.o
 .text.API_draw_bitmap
                0x00000000       0x80 ..\obj\APIdraw.o
 .text          0x00000000        0x0 ..\obj\UI.o
 .data          0x00000000        0x0 ..\obj\UI.o
 .bss           0x00000000        0x0 ..\obj\UI.o
 .text          0x00000000        0x0 ..\obj\startup_stm32f4xx.o
 .data          0x00000000        0x0 ..\obj\startup_stm32f4xx.o
 .bss           0x00000000        0x0 ..\obj\startup_stm32f4xx.o
 .text          0x00000000        0x0 ..\obj\LL.o
 .data          0x00000000        0x0 ..\obj\LL.o
 .bss           0x00000000        0x0 ..\obj\LL.o
 .debug_line    0x00000000        0x0 ..\obj\LL.o
 .debug_str     0x00000000        0x0 ..\obj\LL.o
 .comment       0x00000000       0x71 ..\obj\LL.o
 .ARM.attributes
                0x00000000       0x33 ..\obj\LL.o
 .text          0x00000000        0x0 ..\obj\main.o
 .data          0x00000000        0x0 ..\obj\main.o
 .bss           0x00000000        0x0 ..\obj\main.o
 .debug_info    0x00000000      0x131 ..\obj\main.o
 .debug_abbrev  0x00000000       0x9b ..\obj\main.o
 .debug_aranges
                0x00000000       0x18 ..\obj\main.o
 .debug_line    0x00000000      0x10e ..\obj\main.o
 .debug_str     0x00000000      0x201 ..\obj\main.o
 .comment       0x00000000       0x71 ..\obj\main.o
 .ARM.attributes
                0x00000000       0x33 ..\obj\main.o
 .text          0x00000000        0x0 ..\obj\stm32f4xx_rcc.o
 .data          0x00000000       0x10 ..\obj\stm32f4xx_rcc.o
 .bss           0x00000000        0x0 ..\obj\stm32f4xx_rcc.o
 .text.RCC_DeInit
                0x00000000       0x50 ..\obj\stm32f4xx_rcc.o
 .text.RCC_HSEConfig
                0x00000000       0x24 ..\obj\stm32f4xx_rcc.o
 .text.RCC_WaitForHSEStartUp
                0x00000000       0x50 ..\obj\stm32f4xx_rcc.o
 .text.RCC_AdjustHSICalibrationValue
                0x00000000       0x3c ..\obj\stm32f4xx_rcc.o
 .text.RCC_HSICmd
                0x00000000       0x20 ..\obj\stm32f4xx_rcc.o
 .text.RCC_LSEConfig
                0x00000000       0x40 ..\obj\stm32f4xx_rcc.o
 .text.RCC_LSICmd
                0x00000000       0x20 ..\obj\stm32f4xx_rcc.o
 .text.RCC_PLLConfig
                0x00000000       0x3c ..\obj\stm32f4xx_rcc.o
 .text.RCC_PLLCmd
                0x00000000       0x20 ..\obj\stm32f4xx_rcc.o
 .text.RCC_PLLI2SConfig
                0x00000000       0x28 ..\obj\stm32f4xx_rcc.o
 .text.RCC_PLLI2SCmd
                0x00000000       0x20 ..\obj\stm32f4xx_rcc.o
 .text.RCC_ClockSecuritySystemCmd
                0x00000000       0x20 ..\obj\stm32f4xx_rcc.o
 .text.RCC_MCO1Config
                0x00000000       0x3c ..\obj\stm32f4xx_rcc.o
 .text.RCC_MCO2Config
                0x00000000       0x3c ..\obj\stm32f4xx_rcc.o
 .text.RCC_SYSCLKConfig
                0x00000000       0x38 ..\obj\stm32f4xx_rcc.o
 .text.RCC_GetSYSCLKSource
                0x00000000       0x20 ..\obj\stm32f4xx_rcc.o
 .text.RCC_HCLKConfig
                0x00000000       0x38 ..\obj\stm32f4xx_rcc.o
 .text.RCC_PCLK1Config
                0x00000000       0x38 ..\obj\stm32f4xx_rcc.o
 .text.RCC_PCLK2Config
                0x00000000       0x38 ..\obj\stm32f4xx_rcc.o
 .text.RCC_GetClocksFreq
                0x00000000      0x154 ..\obj\stm32f4xx_rcc.o
 .text.RCC_RTCCLKConfig
                0x00000000       0x5c ..\obj\stm32f4xx_rcc.o
 .text.RCC_RTCCLKCmd
                0x00000000       0x20 ..\obj\stm32f4xx_rcc.o
 .text.RCC_BackupResetCmd
                0x00000000       0x20 ..\obj\stm32f4xx_rcc.o
 .text.RCC_I2SCLKConfig
                0x00000000       0x1c ..\obj\stm32f4xx_rcc.o
 .text.RCC_AHB2PeriphClockCmd
                0x00000000       0x3c ..\obj\stm32f4xx_rcc.o
 .text.RCC_AHB3PeriphClockCmd
                0x00000000       0x3c ..\obj\stm32f4xx_rcc.o
 .text.RCC_AHB1PeriphResetCmd
                0x00000000       0x3c ..\obj\stm32f4xx_rcc.o
 .text.RCC_AHB2PeriphResetCmd
                0x00000000       0x3c ..\obj\stm32f4xx_rcc.o
 .text.RCC_AHB3PeriphResetCmd
                0x00000000       0x3c ..\obj\stm32f4xx_rcc.o
 .text.RCC_APB1PeriphResetCmd
                0x00000000       0x3c ..\obj\stm32f4xx_rcc.o
 .text.RCC_APB2PeriphResetCmd
                0x00000000       0x3c ..\obj\stm32f4xx_rcc.o
 .text.RCC_AHB1PeriphClockLPModeCmd
                0x00000000       0x3c ..\obj\stm32f4xx_rcc.o
 .text.RCC_AHB2PeriphClockLPModeCmd
                0x00000000       0x3c ..\obj\stm32f4xx_rcc.o
 .text.RCC_AHB3PeriphClockLPModeCmd
                0x00000000       0x3c ..\obj\stm32f4xx_rcc.o
 .text.RCC_APB1PeriphClockLPModeCmd
                0x00000000       0x3c ..\obj\stm32f4xx_rcc.o
 .text.RCC_APB2PeriphClockLPModeCmd
                0x00000000       0x3c ..\obj\stm32f4xx_rcc.o
 .text.RCC_ITConfig
                0x00000000       0x48 ..\obj\stm32f4xx_rcc.o
 .text.RCC_GetFlagStatus
                0x00000000       0x74 ..\obj\stm32f4xx_rcc.o
 .text.RCC_ClearFlag
                0x00000000       0x1c ..\obj\stm32f4xx_rcc.o
 .text.RCC_GetITStatus
                0x00000000       0x38 ..\obj\stm32f4xx_rcc.o
 .text.RCC_ClearITPendingBit
                0x00000000       0x20 ..\obj\stm32f4xx_rcc.o
 .text          0x00000000        0x0 ..\obj\stm32f4xx_gpio.o
 .data          0x00000000        0x0 ..\obj\stm32f4xx_gpio.o
 .bss           0x00000000        0x0 ..\obj\stm32f4xx_gpio.o
 .text.GPIO_DeInit
                0x00000000      0x120 ..\obj\stm32f4xx_gpio.o
 .text.GPIO_StructInit
                0x00000000       0x34 ..\obj\stm32f4xx_gpio.o
 .text.GPIO_PinLockConfig
                0x00000000       0x44 ..\obj\stm32f4xx_gpio.o
 .text.GPIO_ReadInputDataBit
                0x00000000       0x34 ..\obj\stm32f4xx_gpio.o
 .text.GPIO_ReadInputData
                0x00000000       0x1c ..\obj\stm32f4xx_gpio.o
 .text.GPIO_ReadOutputDataBit
                0x00000000       0x34 ..\obj\stm32f4xx_gpio.o
 .text.GPIO_ReadOutputData
                0x00000000       0x1c ..\obj\stm32f4xx_gpio.o
 .text.GPIO_SetBits
                0x00000000       0x1c ..\obj\stm32f4xx_gpio.o
 .text.GPIO_ResetBits
                0x00000000       0x1c ..\obj\stm32f4xx_gpio.o
 .text.GPIO_WriteBit
                0x00000000       0x30 ..\obj\stm32f4xx_gpio.o
 .text.GPIO_Write
                0x00000000       0x1c ..\obj\stm32f4xx_gpio.o
 .text.GPIO_ToggleBits
                0x00000000       0x24 ..\obj\stm32f4xx_gpio.o
 .text          0x00000000        0x0 ..\obj\system_stm32f4xx.o
 .data          0x00000000       0x14 ..\obj\system_stm32f4xx.o
 .bss           0x00000000        0x0 ..\obj\system_stm32f4xx.o
 .text.SystemCoreClockUpdate
                0x00000000       0xf8 ..\obj\system_stm32f4xx.o
 .text          0x00000000        0x0 ..\obj\stm32f4xx_dma.o
 .data          0x00000000        0x0 ..\obj\stm32f4xx_dma.o
 .bss           0x00000000        0x0 ..\obj\stm32f4xx_dma.o
 .text.DMA_StructInit
                0x00000000       0x6c ..\obj\stm32f4xx_dma.o
 .text.DMA_PeriphIncOffsetSizeConfig
                0x00000000       0x34 ..\obj\stm32f4xx_dma.o
 .text.DMA_FlowControllerConfig
                0x00000000       0x34 ..\obj\stm32f4xx_dma.o
 .text.DMA_SetCurrDataCounter
                0x00000000       0x1c ..\obj\stm32f4xx_dma.o
 .text.DMA_GetCurrDataCounter
                0x00000000       0x1c ..\obj\stm32f4xx_dma.o
 .text.DMA_DoubleBufferModeConfig
                0x00000000       0x3c ..\obj\stm32f4xx_dma.o
 .text.DMA_DoubleBufferModeCmd
                0x00000000       0x38 ..\obj\stm32f4xx_dma.o
 .text.DMA_MemoryTargetConfig
                0x00000000       0x2c ..\obj\stm32f4xx_dma.o
 .text.DMA_GetCurrentMemoryTarget
                0x00000000       0x30 ..\obj\stm32f4xx_dma.o
 .text.DMA_GetCmdStatus
                0x00000000       0x30 ..\obj\stm32f4xx_dma.o
 .text.DMA_GetFIFOStatus
                0x00000000       0x24 ..\obj\stm32f4xx_dma.o
 .text.DMA_GetFlagStatus
                0x00000000       0x78 ..\obj\stm32f4xx_dma.o
 .text.DMA_ClearFlag
                0x00000000       0x5c ..\obj\stm32f4xx_dma.o
 .text          0x00000000        0x0 ..\obj\stm32_ub_vga_screen.o
 .data          0x00000000        0x0 ..\obj\stm32_ub_vga_screen.o
 .bss           0x00000000        0x0 ..\obj\stm32_ub_vga_screen.o
 .text          0x00000000        0x0 ..\obj\misc.o
 .data          0x00000000        0x0 ..\obj\misc.o
 .bss           0x00000000        0x0 ..\obj\misc.o
 .text.NVIC_PriorityGroupConfig
                0x00000000       0x24 ..\obj\misc.o
 .text.NVIC_SetVectorTable
                0x00000000       0x2c ..\obj\misc.o
 .text.NVIC_SystemLPConfig
                0x00000000       0x40 ..\obj\misc.o
 .text.SysTick_CLKSourceConfig
                0x00000000       0x38 ..\obj\misc.o
 .text          0x00000000        0x0 ..\obj\stm32f4xx_tim.o
 .data          0x00000000        0x0 ..\obj\stm32f4xx_tim.o
 .bss           0x00000000        0x0 ..\obj\stm32f4xx_tim.o
 .text.TIM_DeInit
                0x00000000      0x1bc ..\obj\stm32f4xx_tim.o
 .text.TIM_TimeBaseStructInit
                0x00000000       0x34 ..\obj\stm32f4xx_tim.o
 .text.TIM_PrescalerConfig
                0x00000000       0x28 ..\obj\stm32f4xx_tim.o
 .text.TIM_CounterModeConfig
                0x00000000       0x38 ..\obj\stm32f4xx_tim.o
 .text.TIM_SetCounter
                0x00000000       0x1c ..\obj\stm32f4xx_tim.o
 .text.TIM_SetAutoreload
                0x00000000       0x1c ..\obj\stm32f4xx_tim.o
 .text.TIM_GetCounter
                0x00000000       0x18 ..\obj\stm32f4xx_tim.o
 .text.TIM_GetPrescaler
                0x00000000       0x1c ..\obj\stm32f4xx_tim.o
 .text.TIM_UpdateDisableConfig
                0x00000000       0x40 ..\obj\stm32f4xx_tim.o
 .text.TIM_UpdateRequestConfig
                0x00000000       0x40 ..\obj\stm32f4xx_tim.o
 .text.TIM_SelectOnePulseMode
                0x00000000       0x38 ..\obj\stm32f4xx_tim.o
 .text.TIM_SetClockDivision
                0x00000000       0x38 ..\obj\stm32f4xx_tim.o
 .text.TIM_OC1Init
                0x00000000       0xf4 ..\obj\stm32f4xx_tim.o
 .text.TIM_OC2Init
                0x00000000      0x110 ..\obj\stm32f4xx_tim.o
 .text.TIM_OCStructInit
                0x00000000       0x44 ..\obj\stm32f4xx_tim.o
 .text.TIM_SelectOCxM
                0x00000000       0xac ..\obj\stm32f4xx_tim.o
 .text.TIM_SetCompare1
                0x00000000       0x1c ..\obj\stm32f4xx_tim.o
 .text.TIM_SetCompare2
                0x00000000       0x1c ..\obj\stm32f4xx_tim.o
 .text.TIM_SetCompare3
                0x00000000       0x1c ..\obj\stm32f4xx_tim.o
 .text.TIM_SetCompare4
                0x00000000       0x1c ..\obj\stm32f4xx_tim.o
 .text.TIM_ForcedOC1Config
                0x00000000       0x38 ..\obj\stm32f4xx_tim.o
 .text.TIM_ForcedOC2Config
                0x00000000       0x3c ..\obj\stm32f4xx_tim.o
 .text.TIM_ForcedOC3Config
                0x00000000       0x38 ..\obj\stm32f4xx_tim.o
 .text.TIM_ForcedOC4Config
                0x00000000       0x3c ..\obj\stm32f4xx_tim.o
 .text.TIM_OC1PreloadConfig
                0x00000000       0x38 ..\obj\stm32f4xx_tim.o
 .text.TIM_OC2PreloadConfig
                0x00000000       0x3c ..\obj\stm32f4xx_tim.o
 .text.TIM_OC1FastConfig
                0x00000000       0x38 ..\obj\stm32f4xx_tim.o
 .text.TIM_OC2FastConfig
                0x00000000       0x3c ..\obj\stm32f4xx_tim.o
 .text.TIM_OC3FastConfig
                0x00000000       0x38 ..\obj\stm32f4xx_tim.o
 .text.TIM_OC4FastConfig
                0x00000000       0x3c ..\obj\stm32f4xx_tim.o
 .text.TIM_ClearOC1Ref
                0x00000000       0x38 ..\obj\stm32f4xx_tim.o
 .text.TIM_ClearOC2Ref
                0x00000000       0x3c ..\obj\stm32f4xx_tim.o
 .text.TIM_ClearOC3Ref
                0x00000000       0x38 ..\obj\stm32f4xx_tim.o
 .text.TIM_ClearOC4Ref
                0x00000000       0x3c ..\obj\stm32f4xx_tim.o
 .text.TIM_OC1PolarityConfig
                0x00000000       0x38 ..\obj\stm32f4xx_tim.o
 .text.TIM_OC1NPolarityConfig
                0x00000000       0x38 ..\obj\stm32f4xx_tim.o
 .text.TIM_OC2PolarityConfig
                0x00000000       0x3c ..\obj\stm32f4xx_tim.o
 .text.TIM_OC2NPolarityConfig
                0x00000000       0x3c ..\obj\stm32f4xx_tim.o
 .text.TIM_OC3PolarityConfig
                0x00000000       0x3c ..\obj\stm32f4xx_tim.o
 .text.TIM_OC3NPolarityConfig
                0x00000000       0x3c ..\obj\stm32f4xx_tim.o
 .text.TIM_OC4PolarityConfig
                0x00000000       0x3c ..\obj\stm32f4xx_tim.o
 .text.TIM_CCxCmd
                0x00000000       0x54 ..\obj\stm32f4xx_tim.o
 .text.TIM_CCxNCmd
                0x00000000       0x54 ..\obj\stm32f4xx_tim.o
 .text.TIM_ICInit
                0x00000000       0xa8 ..\obj\stm32f4xx_tim.o
 .text.TIM_ICStructInit
                0x00000000       0x30 ..\obj\stm32f4xx_tim.o
 .text.TIM_PWMIConfig
                0x00000000       0xb8 ..\obj\stm32f4xx_tim.o
 .text.TIM_GetCapture1
                0x00000000       0x18 ..\obj\stm32f4xx_tim.o
 .text.TIM_GetCapture2
                0x00000000       0x18 ..\obj\stm32f4xx_tim.o
 .text.TIM_GetCapture3
                0x00000000       0x18 ..\obj\stm32f4xx_tim.o
 .text.TIM_GetCapture4
                0x00000000       0x18 ..\obj\stm32f4xx_tim.o
 .text.TIM_SetIC1Prescaler
                0x00000000       0x38 ..\obj\stm32f4xx_tim.o
 .text.TIM_SetIC2Prescaler
                0x00000000       0x3c ..\obj\stm32f4xx_tim.o
 .text.TIM_SetIC3Prescaler
                0x00000000       0x38 ..\obj\stm32f4xx_tim.o
 .text.TIM_SetIC4Prescaler
                0x00000000       0x3c ..\obj\stm32f4xx_tim.o
 .text.TIM_BDTRConfig
                0x00000000       0x50 ..\obj\stm32f4xx_tim.o
 .text.TIM_BDTRStructInit
                0x00000000       0x3c ..\obj\stm32f4xx_tim.o
 .text.TIM_CtrlPWMOutputs
                0x00000000       0x4c ..\obj\stm32f4xx_tim.o
 .text.TIM_SelectCOM
                0x00000000       0x40 ..\obj\stm32f4xx_tim.o
 .text.TIM_CCPreloadControl
                0x00000000       0x40 ..\obj\stm32f4xx_tim.o
 .text.TIM_GenerateEvent
                0x00000000       0x1c ..\obj\stm32f4xx_tim.o
 .text.TIM_GetFlagStatus
                0x00000000       0x38 ..\obj\stm32f4xx_tim.o
 .text.TIM_ClearFlag
                0x00000000       0x20 ..\obj\stm32f4xx_tim.o
 .text.TIM_GetITStatus
                0x00000000       0x54 ..\obj\stm32f4xx_tim.o
 .text.TIM_DMAConfig
                0x00000000       0x28 ..\obj\stm32f4xx_tim.o
 .text.TIM_SelectCCDMA
                0x00000000       0x40 ..\obj\stm32f4xx_tim.o
 .text.TIM_InternalClockConfig
                0x00000000       0x24 ..\obj\stm32f4xx_tim.o
 .text.TIM_ITRxExternalClockConfig
                0x00000000       0x2c ..\obj\stm32f4xx_tim.o
 .text.TIM_TIxExternalClockConfig
                0x00000000       0x54 ..\obj\stm32f4xx_tim.o
 .text.TIM_ETRClockMode1Config
                0x00000000       0x50 ..\obj\stm32f4xx_tim.o
 .text.TIM_ETRClockMode2Config
                0x00000000       0x30 ..\obj\stm32f4xx_tim.o
 .text.TIM_SelectInputTrigger
                0x00000000       0x38 ..\obj\stm32f4xx_tim.o
 .text.TIM_SelectOutputTrigger
                0x00000000       0x38 ..\obj\stm32f4xx_tim.o
 .text.TIM_SelectSlaveMode
                0x00000000       0x38 ..\obj\stm32f4xx_tim.o
 .text.TIM_SelectMasterSlaveMode
                0x00000000       0x38 ..\obj\stm32f4xx_tim.o
 .text.TIM_ETRConfig
                0x00000000       0x48 ..\obj\stm32f4xx_tim.o
 .text.TIM_EncoderInterfaceConfig
                0x00000000       0x8c ..\obj\stm32f4xx_tim.o
 .text.TIM_SelectHallSensor
                0x00000000       0x40 ..\obj\stm32f4xx_tim.o
 .text.TIM_RemapConfig
                0x00000000       0x20 ..\obj\stm32f4xx_tim.o
 .text.TI1_Config
                0x00000000       0x78 ..\obj\stm32f4xx_tim.o
 .text.TI2_Config
                0x00000000       0x8c ..\obj\stm32f4xx_tim.o
 .text.TI3_Config
                0x00000000       0x84 ..\obj\stm32f4xx_tim.o
 .text.TI4_Config
                0x00000000       0x90 ..\obj\stm32f4xx_tim.o
 .data          0x00000000        0x0 c:/program files (x86)/gnu tools arm embedded/4.8 2013q4/bin/../lib/gcc/arm-none-eabi/4.8.3/armv7e-m\libgcc.a(_arm_addsubsf3.o)
 .bss           0x00000000        0x0 c:/program files (x86)/gnu tools arm embedded/4.8 2013q4/bin/../lib/gcc/arm-none-eabi/4.8.3/armv7e-m\libgcc.a(_arm_addsubsf3.o)
 .data          0x00000000        0x0 c:/program files (x86)/gnu tools arm embedded/4.8 2013q4/bin/../lib/gcc/arm-none-eabi/4.8.3/armv7e-m\libgcc.a(_arm_muldivsf3.o)
 .bss           0x00000000        0x0 c:/program files (x86)/gnu tools arm embedded/4.8 2013q4/bin/../lib/gcc/arm-none-eabi/4.8.3/armv7e-m\libgcc.a(_arm_muldivsf3.o)
 .data          0x00000000        0x0 c:/program files (x86)/gnu tools arm embedded/4.8 2013q4/bin/../lib/gcc/arm-none-eabi/4.8.3/armv7e-m\libgcc.a(_arm_cmpsf2.o)
 .bss           0x00000000        0x0 c:/program files (x86)/gnu tools arm embedded/4.8 2013q4/bin/../lib/gcc/arm-none-eabi/4.8.3/armv7e-m\libgcc.a(_arm_cmpsf2.o)
 .data          0x00000000        0x0 c:/program files (x86)/gnu tools arm embedded/4.8 2013q4/bin/../lib/gcc/arm-none-eabi/4.8.3/armv7e-m\libgcc.a(_arm_fixsfsi.o)
 .bss           0x00000000        0x0 c:/program files (x86)/gnu tools arm embedded/4.8 2013q4/bin/../lib/gcc/arm-none-eabi/4.8.3/armv7e-m\libgcc.a(_arm_fixsfsi.o)

Memory Configuration

Name             Origin             Length             Attributes
rom              0x08000000         0x00100000         xr
ram              0x20000000         0x00020000         xrw
ram1             0x10000000         0x00010000         xrw
*default*        0x00000000         0xffffffff

Linker script and memory map

                0x20020000                _eram = 0x20020000

.text           0x08000000     0x1be0
 *(.isr_vector)
 .isr_vector    0x08000000      0x188 ..\obj\startup_stm32f4xx.o
                0x08000000                g_pfnVectors
 *(.text*)
 .text.API_draw_line
                0x08000188      0x27c ..\obj\APIdraw.o
                0x08000188                API_draw_line
 .text.API_clearscreen
                0x08000404       0x1c ..\obj\APIdraw.o
                0x08000404                API_clearscreen
 .text.main     0x08000420       0x3c ..\obj\UI.o
                0x08000420                main
 .text.Default_Reset_Handler
                0x0800045c       0x5c ..\obj\startup_stm32f4xx.o
                0x0800045c                Default_Reset_Handler
                0x0800045c                Reset_Handler
 .text.Default_Handler
                0x080004b8        0x8 ..\obj\startup_stm32f4xx.o
                0x080004b8                RTC_Alarm_IRQHandler
                0x080004b8                HASH_RNG_IRQHandler
                0x080004b8                EXTI2_IRQHandler
                0x080004b8                TIM8_CC_IRQHandler
                0x080004b8                DebugMon_Handler
                0x080004b8                TIM1_CC_IRQHandler
                0x080004b8                HardFault_Handler
                0x080004b8                DMA1_Stream5_IRQHandler
                0x080004b8                SysTick_Handler
                0x080004b8                PVD_IRQHandler
                0x080004b8                SDIO_IRQHandler
                0x080004b8                TAMP_STAMP_IRQHandler
                0x080004b8                PendSV_Handler
                0x080004b8                NMI_Handler
                0x080004b8                CAN2_RX1_IRQHandler
                0x080004b8                EXTI3_IRQHandler
                0x080004b8                TIM8_TRG_COM_TIM14_IRQHandler
                0x080004b8                TIM1_UP_TIM10_IRQHandler
                0x080004b8                TIM8_UP_TIM13_IRQHandler
                0x080004b8                I2C3_ER_IRQHandler
                0x080004b8                EXTI0_IRQHandler
                0x080004b8                I2C2_EV_IRQHandler
                0x080004b8                DMA1_Stream2_IRQHandler
                0x080004b8                CAN1_RX0_IRQHandler
                0x080004b8                FPU_IRQHandler
                0x080004b8                OTG_HS_WKUP_IRQHandler
                0x080004b8                UsageFault_Handler
                0x080004b8                CAN2_SCE_IRQHandler
                0x080004b8                DMA2_Stream2_IRQHandler
                0x080004b8                SPI1_IRQHandler
                0x080004b8                TIM6_DAC_IRQHandler
                0x080004b8                TIM1_BRK_TIM9_IRQHandler
                0x080004b8                DCMI_IRQHandler
                0x080004b8                CAN2_RX0_IRQHandler
                0x080004b8                DMA2_Stream3_IRQHandler
                0x080004b8                USART6_IRQHandler
                0x080004b8                USART3_IRQHandler
                0x080004b8                CRYP_IRQHandler
                0x080004b8                CAN1_RX1_IRQHandler
                0x080004b8                UART5_IRQHandler
                0x080004b8                DMA2_Stream0_IRQHandler
                0x080004b8                TIM4_IRQHandler
                0x080004b8                I2C1_EV_IRQHandler
                0x080004b8                DMA1_Stream6_IRQHandler
                0x080004b8                DMA1_Stream1_IRQHandler
                0x080004b8                UART4_IRQHandler
                0x080004b8                TIM3_IRQHandler
                0x080004b8                RCC_IRQHandler
                0x080004b8                TIM8_BRK_TIM12_IRQHandler
                0x080004b8                EXTI15_10_IRQHandler
                0x080004b8                ADC_IRQHandler
                0x080004b8                DMA1_Stream7_IRQHandler
                0x080004b8                TIM7_IRQHandler
                0x080004b8                CAN2_TX_IRQHandler
                0x080004b8                TIM5_IRQHandler
                0x080004b8                DMA2_Stream7_IRQHandler
                0x080004b8                I2C3_EV_IRQHandler
                0x080004b8                EXTI9_5_IRQHandler
                0x080004b8                RTC_WKUP_IRQHandler
                0x080004b8                ETH_WKUP_IRQHandler
                0x080004b8                SPI2_IRQHandler
                0x080004b8                OTG_HS_EP1_IN_IRQHandler
                0x080004b8                MemManage_Handler
                0x080004b8                DMA1_Stream0_IRQHandler
                0x080004b8                CAN1_TX_IRQHandler
                0x080004b8                SVC_Handler
                0x080004b8                EXTI4_IRQHandler
                0x080004b8                FSMC_IRQHandler
                0x080004b8                ETH_IRQHandler
                0x080004b8                OTG_HS_EP1_OUT_IRQHandler
                0x080004b8                WWDG_IRQHandler
                0x080004b8                OTG_FS_WKUP_IRQHandler
                0x080004b8                TIM1_TRG_COM_TIM11_IRQHandler
                0x080004b8                OTG_HS_IRQHandler
                0x080004b8                EXTI1_IRQHandler
                0x080004b8                USART2_IRQHandler
                0x080004b8                I2C2_ER_IRQHandler
                0x080004b8                DMA2_Stream1_IRQHandler
                0x080004b8                CAN1_SCE_IRQHandler
                0x080004b8                FLASH_IRQHandler
                0x080004b8                DMA2_Stream4_IRQHandler
                0x080004b8                BusFault_Handler
                0x080004b8                USART1_IRQHandler
                0x080004b8                OTG_FS_IRQHandler
                0x080004b8                SPI3_IRQHandler
                0x080004b8                DMA1_Stream4_IRQHandler
                0x080004b8                I2C1_ER_IRQHandler
                0x080004b8                DMA2_Stream6_IRQHandler
                0x080004b8                DMA1_Stream3_IRQHandler
 .text.RCC_AHB1PeriphClockCmd
                0x080004c0       0x3c ..\obj\stm32f4xx_rcc.o
                0x080004c0                RCC_AHB1PeriphClockCmd
 .text.RCC_APB1PeriphClockCmd
                0x080004fc       0x3c ..\obj\stm32f4xx_rcc.o
                0x080004fc                RCC_APB1PeriphClockCmd
 .text.RCC_APB2PeriphClockCmd
                0x08000538       0x3c ..\obj\stm32f4xx_rcc.o
                0x08000538                RCC_APB2PeriphClockCmd
 .text.GPIO_Init
                0x08000574      0x11c ..\obj\stm32f4xx_gpio.o
                0x08000574                GPIO_Init
 .text.GPIO_PinAFConfig
                0x08000690       0x8c ..\obj\stm32f4xx_gpio.o
                0x08000690                GPIO_PinAFConfig
 .text.SystemInit
                0x0800071c       0x58 ..\obj\system_stm32f4xx.o
                0x0800071c                SystemInit
 .text.SetSysClock
                0x08000774       0xf4 ..\obj\system_stm32f4xx.o
 .text.DMA_DeInit
                0x08000868      0x1a4 ..\obj\stm32f4xx_dma.o
                0x08000868                DMA_DeInit
 .text.DMA_Init
                0x08000a0c       0xac ..\obj\stm32f4xx_dma.o
                0x08000a0c                DMA_Init
 .text.DMA_Cmd  0x08000ab8       0x38 ..\obj\stm32f4xx_dma.o
                0x08000ab8                DMA_Cmd
 .text.DMA_ITConfig
                0x08000af0       0x74 ..\obj\stm32f4xx_dma.o
                0x08000af0                DMA_ITConfig
 .text.DMA_GetITStatus
                0x08000b64       0xb0 ..\obj\stm32f4xx_dma.o
                0x08000b64                DMA_GetITStatus
 .text.DMA_ClearITPendingBit
                0x08000c14       0x5c ..\obj\stm32f4xx_dma.o
                0x08000c14                DMA_ClearITPendingBit
 .text.UB_VGA_Screen_Init
                0x08000c70       0x80 ..\obj\stm32_ub_vga_screen.o
                0x08000c70                UB_VGA_Screen_Init
 .text.UB_VGA_FillScreen
                0x08000cf0       0x48 ..\obj\stm32_ub_vga_screen.o
                0x08000cf0                UB_VGA_FillScreen
 .text.UB_VGA_SetPixel
                0x08000d38       0x4c ..\obj\stm32_ub_vga_screen.o
                0x08000d38                UB_VGA_SetPixel
 .text.P_VGA_InitIO
                0x08000d84       0xa8 ..\obj\stm32_ub_vga_screen.o
                0x08000d84                P_VGA_InitIO
 .text.P_VGA_InitTIM
                0x08000e2c       0xc8 ..\obj\stm32_ub_vga_screen.o
                0x08000e2c                P_VGA_InitTIM
 .text.P_VGA_InitINT
                0x08000ef4       0x58 ..\obj\stm32_ub_vga_screen.o
                0x08000ef4                P_VGA_InitINT
 .text.P_VGA_InitDMA
                0x08000f4c       0x90 ..\obj\stm32_ub_vga_screen.o
                0x08000f4c                P_VGA_InitDMA
 .text.TIM2_IRQHandler
                0x08000fdc       0xb8 ..\obj\stm32_ub_vga_screen.o
                0x08000fdc                TIM2_IRQHandler
 .text.DMA2_Stream5_IRQHandler
                0x08001094       0x4c ..\obj\stm32_ub_vga_screen.o
                0x08001094                DMA2_Stream5_IRQHandler
 .text.NVIC_Init
                0x080010e0       0xbc ..\obj\misc.o
                0x080010e0                NVIC_Init
 .text.TIM_TimeBaseInit
                0x0800119c       0xd4 ..\obj\stm32f4xx_tim.o
                0x0800119c                TIM_TimeBaseInit
 .text.TIM_ARRPreloadConfig
                0x08001270       0x40 ..\obj\stm32f4xx_tim.o
                0x08001270                TIM_ARRPreloadConfig
 .text.TIM_Cmd  0x080012b0       0x40 ..\obj\stm32f4xx_tim.o
                0x080012b0                TIM_Cmd
 .text.TIM_OC3Init
                0x080012f0      0x10c ..\obj\stm32f4xx_tim.o
                0x080012f0                TIM_OC3Init
 .text.TIM_OC4Init
                0x080013fc       0xcc ..\obj\stm32f4xx_tim.o
                0x080013fc                TIM_OC4Init
 .text.TIM_OC3PreloadConfig
                0x080014c8       0x38 ..\obj\stm32f4xx_tim.o
                0x080014c8                TIM_OC3PreloadConfig
 .text.TIM_OC4PreloadConfig
                0x08001500       0x3c ..\obj\stm32f4xx_tim.o
                0x08001500                TIM_OC4PreloadConfig
 .text.TIM_ITConfig
                0x0800153c       0x48 ..\obj\stm32f4xx_tim.o
                0x0800153c                TIM_ITConfig
 .text.TIM_ClearITPendingBit
                0x08001584       0x20 ..\obj\stm32f4xx_tim.o
                0x08001584                TIM_ClearITPendingBit
 .text.TIM_DMACmd
                0x080015a4       0x48 ..\obj\stm32f4xx_tim.o
                0x080015a4                TIM_DMACmd
 .text          0x080015ec      0x21c c:/program files (x86)/gnu tools arm embedded/4.8 2013q4/bin/../lib/gcc/arm-none-eabi/4.8.3/armv7e-m\libgcc.a(_arm_addsubsf3.o)
                0x080015ec                __aeabi_frsub
                0x080015f4                __subsf3
                0x080015f4                __aeabi_fsub
                0x080015f8                __aeabi_fadd
                0x080015f8                __addsf3
                0x08001758                __aeabi_ui2f
                0x08001758                __floatunsisf
                0x08001760                __aeabi_i2f
                0x08001760                __floatsisf
                0x0800177c                __aeabi_ul2f
                0x0800177c                __floatundisf
                0x0800178c                __aeabi_l2f
                0x0800178c                __floatdisf
 .text          0x08001808      0x2a0 c:/program files (x86)/gnu tools arm embedded/4.8 2013q4/bin/../lib/gcc/arm-none-eabi/4.8.3/armv7e-m\libgcc.a(_arm_muldivsf3.o)
                0x08001808                __mulsf3
                0x08001808                __aeabi_fmul
                0x08001970                __aeabi_fdiv
                0x08001970                __divsf3
 .text          0x08001aa8       0xec c:/program files (x86)/gnu tools arm embedded/4.8 2013q4/bin/../lib/gcc/arm-none-eabi/4.8.3/armv7e-m\libgcc.a(_arm_cmpsf2.o)
                0x08001aa8                __gesf2
                0x08001aa8                __gtsf2
                0x08001ab0                __lesf2
                0x08001ab0                __ltsf2
                0x08001ab8                __nesf2
                0x08001ab8                __eqsf2
                0x08001ab8                __cmpsf2
                0x08001b18                __aeabi_cfrcmple
                0x08001b20                __aeabi_cfcmpeq
                0x08001b20                __aeabi_cfcmple
                0x08001b30                __aeabi_fcmpeq
                0x08001b44                __aeabi_fcmplt
                0x08001b58                __aeabi_fcmple
                0x08001b6c                __aeabi_fcmpge
                0x08001b80                __aeabi_fcmpgt
 .text          0x08001b94       0x4c c:/program files (x86)/gnu tools arm embedded/4.8 2013q4/bin/../lib/gcc/arm-none-eabi/4.8.3/armv7e-m\libgcc.a(_arm_fixsfsi.o)
                0x08001b94                __aeabi_f2iz
                0x08001b94                __fixsfsi
 *(.init)
 *(.fini)
 *crtbegin.o(.ctors)
 *crtbegin?.o(.ctors)
 *(EXCLUDE_FILE(*crtend.o *crtend?.o) .ctors)
 *(SORT(.ctors.*))
 *(.ctors)
 *crtbegin.o(.dtors)
 *crtbegin?.o(.dtors)
 *(EXCLUDE_FILE(*crtend.o *crtend?.o) .dtors)
 *(SORT(.dtors.*))
 *(.dtors)
 *(.rodata*)
 *(.eh_fram e*)

.glue_7         0x08001be0        0x0
 .glue_7        0x00000000        0x0 linker stubs

.glue_7t        0x08001be0        0x0
 .glue_7t       0x00000000        0x0 linker stubs

.vfp11_veneer   0x08001be0        0x0
 .vfp11_veneer  0x00000000        0x0 linker stubs

.v4_bx          0x08001be0        0x0
 .v4_bx         0x00000000        0x0 linker stubs

.iplt           0x08001be0        0x0
 .iplt          0x00000000        0x0 ..\obj\APIdraw.o

.rel.dyn        0x08001be0        0x0
 .rel.iplt      0x00000000        0x0 ..\obj\APIdraw.o

.ARM.extab
 *(.ARM.extab* .gnu.linkonce.armextab.*)
                0x08001be0                __exidx_start = .

.ARM.exidx
 *(.ARM.exidx* .gnu.linkonce.armexidx.*)
                0x08001be0                __exidx_end = .
                0x08001be0                __etext = .
                0x08001be0                _sidata = __etext

.data           0x20000000        0x0 load address 0x08001be0
                0x20000000                __data_start__ = .
                0x20000000                _sdata = __data_start__
 *(vtable)
 *(.data*)
                0x20000000                . = ALIGN (0x4)
                0x20000000                PROVIDE (__preinit_array_start, .)
 *(.preinit_array)
                0x20000000                PROVIDE (__preinit_array_end, .)
                0x20000000                . = ALIGN (0x4)
                0x20000000                PROVIDE (__init_array_start, .)
 *(SORT(.init_array.*))
 *(.init_array)
                0x20000000                PROVIDE (__init_array_end, .)
                0x20000000                . = ALIGN (0x4)
                0x20000000                PROVIDE (__fini_array_start, .)
 *(SORT(.fini_array.*))
 *(.fini_array)
                0x20000000                PROVIDE (__fini_array_end, .)
 *(.jcr*)
                0x20000000                . = ALIGN (0x4)
                0x20000000                __data_end__ = .
                0x20000000                _edata = __data_end__

.igot.plt       0x20000000        0x0
 .igot.plt      0x00000000        0x0 ..\obj\APIdraw.o

.bss            0x20000000    0x12cfc
                0x20000000                . = ALIGN (0x4)
                0x20000000                __bss_start__ = .
                0x20000000                _sbss = __bss_start__
 *(.bss*)
 *(COMMON)
 COMMON         0x20000000    0x12cfc ..\obj\APIdraw.o
                0x20000000                VGA
                0x2000000c                VGA_RAM1
                0x20012cfc                . = ALIGN (0x4)
                0x20012cfc                __bss_end__ = .
                0x20012cfc                _ebss = __bss_end__

.heap           0x20012cfc        0x0
                0x20012cfc                __end__ = .
                0x20012cfc                _end = __end__
                0x20012cfc                end = __end__
 *(.heap*)
                0x20012cfc                __HeapLimit = .

.co_stack       0x20012cfc      0x804
                0x20012d00                . = ALIGN (0x8)
 *fill*         0x20012cfc        0x4 
 *(.co_stack .co_stack.*)
 .co_stack      0x20012d00      0x800 ..\obj\startup_stm32f4xx.o
                0x20012d00                pulStack
                0x20020000                __StackTop = (ORIGIN (ram) + 0x20000)
                0x2001f7fc                __StackLimit = (__StackTop - SIZEOF (.co_stack))
                0x20020000                PROVIDE (__stack, __StackTop)
                0x00000001                ASSERT ((__StackLimit >= __HeapLimit), region ram  overflowed with stack)
LOAD ..\obj\APIdraw.o
LOAD ..\obj\UI.o
LOAD ..\obj\startup_stm32f4xx.o
LOAD ..\obj\LL.o
LOAD ..\obj\main.o
LOAD ..\obj\stm32f4xx_rcc.o
LOAD ..\obj\stm32f4xx_gpio.o
LOAD ..\obj\system_stm32f4xx.o
LOAD ..\obj\stm32f4xx_dma.o
LOAD ..\obj\stm32_ub_vga_screen.o
LOAD ..\obj\misc.o
LOAD ..\obj\stm32f4xx_tim.o
LOAD c:/program files (x86)/gnu tools arm embedded/4.8 2013q4/bin/../lib/gcc/arm-none-eabi/4.8.3/../../../../arm-none-eabi/lib/armv7e-m\libm.a
START GROUP
LOAD c:/program files (x86)/gnu tools arm embedded/4.8 2013q4/bin/../lib/gcc/arm-none-eabi/4.8.3/armv7e-m\libgcc.a
LOAD c:/program files (x86)/gnu tools arm embedded/4.8 2013q4/bin/../lib/gcc/arm-none-eabi/4.8.3/../../../../arm-none-eabi/lib/armv7e-m\libg.a
LOAD c:/program files (x86)/gnu tools arm embedded/4.8 2013q4/bin/../lib/gcc/arm-none-eabi/4.8.3/../../../../arm-none-eabi/lib/armv7e-m\libc.a
END GROUP
OUTPUT(VGA_Core.elf elf32-littlearm)

.debug_info     0x00000000     0x50d3
 .debug_info    0x00000000      0x42b ..\obj\APIdraw.o
 .debug_info    0x0000042b      0x14e ..\obj\UI.o
 .debug_info    0x00000579       0xed ..\obj\startup_stm32f4xx.o
 .debug_info    0x00000666      0xc21 ..\obj\stm32f4xx_rcc.o
 .debug_info    0x00001287      0x5d6 ..\obj\stm32f4xx_gpio.o
 .debug_info    0x0000185d      0x566 ..\obj\system_stm32f4xx.o
 .debug_info    0x00001dc3      0x718 ..\obj\stm32f4xx_dma.o
 .debug_info    0x000024db      0xaa7 ..\obj\stm32_ub_vga_screen.o
 .debug_info    0x00002f82      0x51c ..\obj\misc.o
 .debug_info    0x0000349e     0x1c35 ..\obj\stm32f4xx_tim.o

.debug_abbrev   0x00000000      0xd3b
 .debug_abbrev  0x00000000      0x134 ..\obj\APIdraw.o
 .debug_abbrev  0x00000134       0xb9 ..\obj\UI.o
 .debug_abbrev  0x000001ed       0xb0 ..\obj\startup_stm32f4xx.o
 .debug_abbrev  0x0000029d      0x1e3 ..\obj\stm32f4xx_rcc.o
 .debug_abbrev  0x00000480      0x1a3 ..\obj\stm32f4xx_gpio.o
 .debug_abbrev  0x00000623      0x136 ..\obj\system_stm32f4xx.o
 .debug_abbrev  0x00000759      0x155 ..\obj\stm32f4xx_dma.o
 .debug_abbrev  0x000008ae      0x1c1 ..\obj\stm32_ub_vga_screen.o
 .debug_abbrev  0x00000a6f      0x145 ..\obj\misc.o
 .debug_abbrev  0x00000bb4      0x187 ..\obj\stm32f4xx_tim.o

.debug_aranges  0x00000000      0x700
 .debug_aranges
                0x00000000       0x40 ..\obj\APIdraw.o
 .debug_aranges
                0x00000040       0x20 ..\obj\UI.o
 .debug_aranges
                0x00000060       0x28 ..\obj\startup_stm32f4xx.o
 .debug_aranges
                0x00000088      0x178 ..\obj\stm32f4xx_rcc.o
 .debug_aranges
                0x00000200       0x88 ..\obj\stm32f4xx_gpio.o
 .debug_aranges
                0x00000288       0x30 ..\obj\system_stm32f4xx.o
 .debug_aranges
                0x000002b8       0xb0 ..\obj\stm32f4xx_dma.o
 .debug_aranges
                0x00000368       0x60 ..\obj\stm32_ub_vga_screen.o
 .debug_aranges
                0x000003c8       0x40 ..\obj\misc.o
 .debug_aranges
                0x00000408      0x2f8 ..\obj\stm32f4xx_tim.o

.debug_ranges   0x00000000      0x660
 .debug_ranges  0x00000000       0x30 ..\obj\APIdraw.o
 .debug_ranges  0x00000030       0x10 ..\obj\UI.o
 .debug_ranges  0x00000040       0x18 ..\obj\startup_stm32f4xx.o
 .debug_ranges  0x00000058      0x168 ..\obj\stm32f4xx_rcc.o
 .debug_ranges  0x000001c0       0x78 ..\obj\stm32f4xx_gpio.o
 .debug_ranges  0x00000238       0x20 ..\obj\system_stm32f4xx.o
 .debug_ranges  0x00000258       0xa0 ..\obj\stm32f4xx_dma.o
 .debug_ranges  0x000002f8       0x50 ..\obj\stm32_ub_vga_screen.o
 .debug_ranges  0x00000348       0x30 ..\obj\misc.o
 .debug_ranges  0x00000378      0x2e8 ..\obj\stm32f4xx_tim.o

.debug_line     0x00000000     0x21d9
 .debug_line    0x00000000      0x28d ..\obj\APIdraw.o
 .debug_line    0x0000028d      0x160 ..\obj\UI.o
 .debug_line    0x000003ed       0xaa ..\obj\startup_stm32f4xx.o
 .debug_line    0x00000497      0x562 ..\obj\stm32f4xx_rcc.o
 .debug_line    0x000009f9      0x307 ..\obj\stm32f4xx_gpio.o
 .debug_line    0x00000d00      0x19d ..\obj\system_stm32f4xx.o
 .debug_line    0x00000e9d      0x3a4 ..\obj\stm32f4xx_dma.o
 .debug_line    0x00001241      0x35e ..\obj\stm32_ub_vga_screen.o
 .debug_line    0x0000159f      0x20d ..\obj\misc.o
 .debug_line    0x000017ac      0xa2d ..\obj\stm32f4xx_tim.o

.debug_str      0x00000000     0x25f9
 .debug_str     0x00000000      0x2a8 ..\obj\APIdraw.o
                                0x2f6 (size before relaxing)
 .debug_str     0x000002a8       0x3b ..\obj\UI.o
                                0x204 (size before relaxing)
 .debug_str     0x000002e3       0xb9 ..\obj\startup_stm32f4xx.o
                                0x150 (size before relaxing)
 .debug_str     0x0000039c      0x6bd ..\obj\stm32f4xx_rcc.o
                                0x82f (size before relaxing)
 .debug_str     0x00000a59      0x331 ..\obj\stm32f4xx_gpio.o
                                0x482 (size before relaxing)
 .debug_str     0x00000d8a      0x121 ..\obj\system_stm32f4xx.o
                                0x389 (size before relaxing)
 .debug_str     0x00000eab      0x3a0 ..\obj\stm32f4xx_dma.o
                                0x52b (size before relaxing)
 .debug_str     0x0000124b      0x83d ..\obj\stm32_ub_vga_screen.o
                                0xcbc (size before relaxing)
 .debug_str     0x00001a88      0x16a ..\obj\misc.o
                                0x3b8 (size before relaxing)
 .debug_str     0x00001bf2      0xa07 ..\obj\stm32f4xx_tim.o
                                0xdaf (size before relaxing)

.comment        0x00000000       0x70
 .comment       0x00000000       0x70 ..\obj\APIdraw.o
                                 0x71 (size before relaxing)
 .comment       0x00000000       0x71 ..\obj\UI.o
 .comment       0x00000000       0x71 ..\obj\startup_stm32f4xx.o
 .comment       0x00000000       0x71 ..\obj\stm32f4xx_rcc.o
 .comment       0x00000000       0x71 ..\obj\stm32f4xx_gpio.o
 .comment       0x00000000       0x71 ..\obj\system_stm32f4xx.o
 .comment       0x00000000       0x71 ..\obj\stm32f4xx_dma.o
 .comment       0x00000000       0x71 ..\obj\stm32_ub_vga_screen.o
 .comment       0x00000000       0x71 ..\obj\misc.o
 .comment       0x00000000       0x71 ..\obj\stm32f4xx_tim.o

.ARM.attributes
                0x00000000       0x33
 .ARM.attributes
                0x00000000       0x33 ..\obj\APIdraw.o
 .ARM.attributes
                0x00000033       0x33 ..\obj\UI.o
 .ARM.attributes
                0x00000066       0x33 ..\obj\startup_stm32f4xx.o
 .ARM.attributes
                0x00000099       0x33 ..\obj\stm32f4xx_rcc.o
 .ARM.attributes
                0x000000cc       0x33 ..\obj\stm32f4xx_gpio.o
 .ARM.attributes
                0x000000ff       0x33 ..\obj\system_stm32f4xx.o
 .ARM.attributes
                0x00000132       0x33 ..\obj\stm32f4xx_dma.o
 .ARM.attributes
                0x00000165       0x33 ..\obj\stm32_ub_vga_screen.o
 .ARM.attributes
                0x00000198       0x33 ..\obj\misc.o
 .ARM.attributes
                0x000001cb       0x33 ..\obj\stm32f4xx_tim.o
 .ARM.attributes
                0x000001fe       0x1e c:/program files (x86)/gnu tools arm embedded/4.8 2013q4/bin/../lib/gcc/arm-none-eabi/4.8.3/armv7e-m\libgcc.a(_arm_addsubsf3.o)
 .ARM.attributes
                0x0000021c       0x1e c:/program files (x86)/gnu tools arm embedded/4.8 2013q4/bin/../lib/gcc/arm-none-eabi/4.8.3/armv7e-m\libgcc.a(_arm_muldivsf3.o)
 .ARM.attributes
                0x0000023a       0x1e c:/program files (x86)/gnu tools arm embedded/4.8 2013q4/bin/../lib/gcc/arm-none-eabi/4.8.3/armv7e-m\libgcc.a(_arm_cmpsf2.o)
 .ARM.attributes
                0x00000258       0x1e c:/program files (x86)/gnu tools arm embedded/4.8 2013q4/bin/../lib/gcc/arm-none-eabi/4.8.3/armv7e-m\libgcc.a(_arm_fixsfsi.o)

.debug_frame    0x00000000     0x1620
 .debug_frame   0x00000000       0xb0 ..\obj\APIdraw.o
 .debug_frame   0x000000b0       0x30 ..\obj\UI.o
 .debug_frame   0x000000e0       0x48 ..\obj\startup_stm32f4xx.o
 .debug_frame   0x00000128      0x4d8 ..\obj\stm32f4xx_rcc.o
 .debug_frame   0x00000600      0x19c ..\obj\stm32f4xx_gpio.o
 .debug_frame   0x0000079c       0x64 ..\obj\system_stm32f4xx.o
 .debug_frame   0x00000800      0x224 ..\obj\stm32f4xx_dma.o
 .debug_frame   0x00000a24      0x124 ..\obj\stm32_ub_vga_screen.o
 .debug_frame   0x00000b48       0x9c ..\obj\misc.o
 .debug_frame   0x00000be4      0xa3c ..\obj\stm32f4xx_tim.o
