Archive member included to satisfy reference by file (symbol)

c:/program files (x86)/gnu tools arm embedded/5.4 2016q2/bin/../lib/gcc/arm-none-eabi/5.4.1/armv7e-m\libgcc.a(_arm_addsubdf3.o)
                              ..\obj\delay.o (__aeabi_ui2d)
c:/program files (x86)/gnu tools arm embedded/5.4 2016q2/bin/../lib/gcc/arm-none-eabi/5.4.1/armv7e-m\libgcc.a(_arm_muldivdf3.o)
                              ..\obj\delay.o (__aeabi_dmul)
c:/program files (x86)/gnu tools arm embedded/5.4 2016q2/bin/../lib/gcc/arm-none-eabi/5.4.1/armv7e-m\libgcc.a(_arm_fixunsdfsi.o)
                              ..\obj\delay.o (__aeabi_d2uiz)
c:/program files (x86)/gnu tools arm embedded/5.4 2016q2/bin/../lib/gcc/arm-none-eabi/5.4.1/armv7e-m\libgcc.a(_arm_addsubsf3.o)
                              ..\obj\API_IO.o (__aeabi_fadd)
c:/program files (x86)/gnu tools arm embedded/5.4 2016q2/bin/../lib/gcc/arm-none-eabi/5.4.1/armv7e-m\libgcc.a(_arm_muldivsf3.o)
                              ..\obj\API_IO.o (__aeabi_fmul)
c:/program files (x86)/gnu tools arm embedded/5.4 2016q2/bin/../lib/gcc/arm-none-eabi/5.4.1/armv7e-m\libgcc.a(_arm_cmpsf2.o)
                              ..\obj\API_IO.o (__aeabi_fcmple)
c:/program files (x86)/gnu tools arm embedded/5.4 2016q2/bin/../lib/gcc/arm-none-eabi/5.4.1/armv7e-m\libgcc.a(_arm_fixsfsi.o)
                              ..\obj\API_IO.o (__aeabi_f2iz)
c:/program files (x86)/gnu tools arm embedded/5.4 2016q2/bin/../lib/gcc/arm-none-eabi/5.4.1/../../../../arm-none-eabi/lib/armv7e-m\libg.a(lib_a-ctype_.o)
                              ..\obj\API_IO.o (__ctype_ptr__)
c:/program files (x86)/gnu tools arm embedded/5.4 2016q2/bin/../lib/gcc/arm-none-eabi/5.4.1/../../../../arm-none-eabi/lib/armv7e-m\libg.a(lib_a-strcpy.o)
                              ..\obj\API_IO.o (strcpy)
c:/program files (x86)/gnu tools arm embedded/5.4 2016q2/bin/../lib/gcc/arm-none-eabi/5.4.1/../../../../arm-none-eabi/lib/armv7e-m\libg.a(lib_a-strlen.o)
                              ..\obj\tekst_bitmap_functions.o (strlen)
c:/program files (x86)/gnu tools arm embedded/5.4 2016q2/bin/../lib/gcc/arm-none-eabi/5.4.1/../../../../arm-none-eabi/lib/armv7e-m\libg.a(lib_a-strncmp.o)
                              ..\obj\API_IO.o (strncmp)

Allocating common symbols
Common symbol       size              file

G_CLK               0x4               ..\obj\delay.o
D_S                 0x4               ..\obj\delay.o
D_uS                0x4               ..\obj\delay.o
string              0x64              ..\obj\uart.o
VGA                 0xc               ..\obj\API_DRAW.o
VGA_RAM1            0x12cf0           ..\obj\API_DRAW.o
D_mS                0x4               ..\obj\delay.o

Discarded input sections

 .text          0x00000000        0x0 ..\obj\API_DRAW.o
 .data          0x00000000     0x24e8 ..\obj\API_DRAW.o
 .bss           0x00000000        0x0 ..\obj\API_DRAW.o
 .text.API_draw_line
                0x00000000       0x4c ..\obj\API_DRAW.o
 .text.API_draw_rectangle
                0x00000000       0x54 ..\obj\API_DRAW.o
 .text.API_draw_clearscreen
                0x00000000       0x18 ..\obj\API_DRAW.o
 .text.API_draw_bitmap
                0x00000000      0x360 ..\obj\API_DRAW.o
 .text          0x00000000        0x0 ..\obj\stm32f4xx_syscfg.o
 .data          0x00000000        0x0 ..\obj\stm32f4xx_syscfg.o
 .bss           0x00000000        0x0 ..\obj\stm32f4xx_syscfg.o
 .text.SYSCFG_DeInit
                0x00000000       0x1c ..\obj\stm32f4xx_syscfg.o
 .text.SYSCFG_MemoryRemapConfig
                0x00000000       0x20 ..\obj\stm32f4xx_syscfg.o
 .text.SYSCFG_EXTILineConfig
                0x00000000       0x84 ..\obj\stm32f4xx_syscfg.o
 .text.SYSCFG_ETH_MediaInterfaceConfig
                0x00000000       0x1c ..\obj\stm32f4xx_syscfg.o
 .text.SYSCFG_CompensationCellCmd
                0x00000000       0x20 ..\obj\stm32f4xx_syscfg.o
 .text.SYSCFG_GetCompensationCellStatus
                0x00000000       0x30 ..\obj\stm32f4xx_syscfg.o
 .debug_info    0x00000000      0x274 ..\obj\stm32f4xx_syscfg.o
 .debug_abbrev  0x00000000      0x133 ..\obj\stm32f4xx_syscfg.o
 .debug_aranges
                0x00000000       0x48 ..\obj\stm32f4xx_syscfg.o
 .debug_ranges  0x00000000       0x38 ..\obj\stm32f4xx_syscfg.o
 .debug_line    0x00000000      0x2bb ..\obj\stm32f4xx_syscfg.o
 .debug_str     0x00000000      0x324 ..\obj\stm32f4xx_syscfg.o
 .comment       0x00000000       0x6f ..\obj\stm32f4xx_syscfg.o
 .debug_frame   0x00000000       0xf4 ..\obj\stm32f4xx_syscfg.o
 .ARM.attributes
                0x00000000       0x33 ..\obj\stm32f4xx_syscfg.o
 .text          0x00000000        0x0 ..\obj\delay.o
 .data          0x00000000        0x0 ..\obj\delay.o
 .bss           0x00000000        0x0 ..\obj\delay.o
 .text.DELAY_us
                0x00000000       0x3c ..\obj\delay.o
 .text.DELAY_ms
                0x00000000       0x3c ..\obj\delay.o
 .text.DELAY_s  0x00000000       0x3c ..\obj\delay.o
 .text          0x00000000        0x0 ..\obj\stm32f4xx_usart.o
 .data          0x00000000        0x0 ..\obj\stm32f4xx_usart.o
 .bss           0x00000000        0x0 ..\obj\stm32f4xx_usart.o
 .text.USART_DeInit
                0x00000000       0xd4 ..\obj\stm32f4xx_usart.o
 .text.USART_StructInit
                0x00000000       0x38 ..\obj\stm32f4xx_usart.o
 .text.USART_ClockInit
                0x00000000       0x54 ..\obj\stm32f4xx_usart.o
 .text.USART_ClockStructInit
                0x00000000       0x2c ..\obj\stm32f4xx_usart.o
 .text.USART_SetPrescaler
                0x00000000       0x38 ..\obj\stm32f4xx_usart.o
 .text.USART_OverSampling8Cmd
                0x00000000       0x44 ..\obj\stm32f4xx_usart.o
 .text.USART_OneBitMethodCmd
                0x00000000       0x40 ..\obj\stm32f4xx_usart.o
 .text.USART_SendData
                0x00000000       0x24 ..\obj\stm32f4xx_usart.o
 .text.USART_ReceiveData
                0x00000000       0x20 ..\obj\stm32f4xx_usart.o
 .text.USART_SetAddress
                0x00000000       0x38 ..\obj\stm32f4xx_usart.o
 .text.USART_ReceiverWakeUpCmd
                0x00000000       0x40 ..\obj\stm32f4xx_usart.o
 .text.USART_WakeUpConfig
                0x00000000       0x38 ..\obj\stm32f4xx_usart.o
 .text.USART_LINBreakDetectLengthConfig
                0x00000000       0x38 ..\obj\stm32f4xx_usart.o
 .text.USART_LINCmd
                0x00000000       0x40 ..\obj\stm32f4xx_usart.o
 .text.USART_SendBreak
                0x00000000       0x24 ..\obj\stm32f4xx_usart.o
 .text.USART_HalfDuplexCmd
                0x00000000       0x40 ..\obj\stm32f4xx_usart.o
 .text.USART_SetGuardTime
                0x00000000       0x3c ..\obj\stm32f4xx_usart.o
 .text.USART_SmartCardCmd
                0x00000000       0x40 ..\obj\stm32f4xx_usart.o
 .text.USART_SmartCardNACKCmd
                0x00000000       0x40 ..\obj\stm32f4xx_usart.o
 .text.USART_IrDAConfig
                0x00000000       0x38 ..\obj\stm32f4xx_usart.o
 .text.USART_IrDACmd
                0x00000000       0x40 ..\obj\stm32f4xx_usart.o
 .text.USART_DMACmd
                0x00000000       0x48 ..\obj\stm32f4xx_usart.o
 .text.USART_ClearFlag
                0x00000000       0x20 ..\obj\stm32f4xx_usart.o
 .text          0x00000000        0x0 ..\obj\uart.o
 .data          0x00000000       0x10 ..\obj\uart.o
 .text.UART_putchar
                0x00000000       0x34 ..\obj\uart.o
 .text.UART_puts
                0x00000000       0x38 ..\obj\uart.o
 .text.UART_printf
                0x00000000       0xbc ..\obj\uart.o
 .text.UART_putint
                0x00000000       0x18 ..\obj\uart.o
 .text.UART_putnum
                0x00000000       0xb4 ..\obj\uart.o
 .text.UART_get
                0x00000000       0x30 ..\obj\uart.o
 .text.UART_gets
                0x00000000       0x74 ..\obj\uart.o
 .text          0x00000000        0x0 ..\obj\startup_stm32f4xx.o
 .data          0x00000000        0x0 ..\obj\startup_stm32f4xx.o
 .bss           0x00000000        0x0 ..\obj\startup_stm32f4xx.o
 .text          0x00000000        0x0 ..\obj\tekst_bitmap_functions.o
 .data          0x00000000        0x0 ..\obj\tekst_bitmap_functions.o
 .bss           0x00000000        0x0 ..\obj\tekst_bitmap_functions.o
 .text          0x00000000        0x0 ..\obj\main.o
 .data          0x00000000        0x0 ..\obj\main.o
 .bss           0x00000000        0x0 ..\obj\main.o
 .text          0x00000000        0x0 ..\obj\stm32f4xx_rcc.o
 .bss           0x00000000        0x0 ..\obj\stm32f4xx_rcc.o
 .text.RCC_DeInit
                0x00000000       0x50 ..\obj\stm32f4xx_rcc.o
 .text.RCC_HSEConfig
                0x00000000       0x24 ..\obj\stm32f4xx_rcc.o
 .text.RCC_WaitForHSEStartUp
                0x00000000       0x50 ..\obj\stm32f4xx_rcc.o
 .text.RCC_AdjustHSICalibrationValue
                0x00000000       0x3c ..\obj\stm32f4xx_rcc.o
 .text.RCC_HSICmd
                0x00000000       0x20 ..\obj\stm32f4xx_rcc.o
 .text.RCC_LSEConfig
                0x00000000       0x40 ..\obj\stm32f4xx_rcc.o
 .text.RCC_LSICmd
                0x00000000       0x20 ..\obj\stm32f4xx_rcc.o
 .text.RCC_PLLConfig
                0x00000000       0x3c ..\obj\stm32f4xx_rcc.o
 .text.RCC_PLLCmd
                0x00000000       0x20 ..\obj\stm32f4xx_rcc.o
 .text.RCC_PLLI2SConfig
                0x00000000       0x28 ..\obj\stm32f4xx_rcc.o
 .text.RCC_PLLI2SCmd
                0x00000000       0x20 ..\obj\stm32f4xx_rcc.o
 .text.RCC_ClockSecuritySystemCmd
                0x00000000       0x20 ..\obj\stm32f4xx_rcc.o
 .text.RCC_MCO1Config
                0x00000000       0x3c ..\obj\stm32f4xx_rcc.o
 .text.RCC_MCO2Config
                0x00000000       0x3c ..\obj\stm32f4xx_rcc.o
 .text.RCC_SYSCLKConfig
                0x00000000       0x38 ..\obj\stm32f4xx_rcc.o
 .text.RCC_GetSYSCLKSource
                0x00000000       0x1c ..\obj\stm32f4xx_rcc.o
 .text.RCC_HCLKConfig
                0x00000000       0x38 ..\obj\stm32f4xx_rcc.o
 .text.RCC_PCLK1Config
                0x00000000       0x38 ..\obj\stm32f4xx_rcc.o
 .text.RCC_PCLK2Config
                0x00000000       0x38 ..\obj\stm32f4xx_rcc.o
 .text.RCC_RTCCLKConfig
                0x00000000       0x5c ..\obj\stm32f4xx_rcc.o
 .text.RCC_RTCCLKCmd
                0x00000000       0x20 ..\obj\stm32f4xx_rcc.o
 .text.RCC_BackupResetCmd
                0x00000000       0x20 ..\obj\stm32f4xx_rcc.o
 .text.RCC_I2SCLKConfig
                0x00000000       0x1c ..\obj\stm32f4xx_rcc.o
 .text.RCC_AHB2PeriphClockCmd
                0x00000000       0x3c ..\obj\stm32f4xx_rcc.o
 .text.RCC_AHB3PeriphClockCmd
                0x00000000       0x3c ..\obj\stm32f4xx_rcc.o
 .text.RCC_AHB1PeriphResetCmd
                0x00000000       0x3c ..\obj\stm32f4xx_rcc.o
 .text.RCC_AHB2PeriphResetCmd
                0x00000000       0x3c ..\obj\stm32f4xx_rcc.o
 .text.RCC_AHB3PeriphResetCmd
                0x00000000       0x3c ..\obj\stm32f4xx_rcc.o
 .text.RCC_APB1PeriphResetCmd
                0x00000000       0x3c ..\obj\stm32f4xx_rcc.o
 .text.RCC_APB2PeriphResetCmd
                0x00000000       0x3c ..\obj\stm32f4xx_rcc.o
 .text.RCC_AHB1PeriphClockLPModeCmd
                0x00000000       0x3c ..\obj\stm32f4xx_rcc.o
 .text.RCC_AHB2PeriphClockLPModeCmd
                0x00000000       0x3c ..\obj\stm32f4xx_rcc.o
 .text.RCC_AHB3PeriphClockLPModeCmd
                0x00000000       0x3c ..\obj\stm32f4xx_rcc.o
 .text.RCC_APB1PeriphClockLPModeCmd
                0x00000000       0x3c ..\obj\stm32f4xx_rcc.o
 .text.RCC_APB2PeriphClockLPModeCmd
                0x00000000       0x3c ..\obj\stm32f4xx_rcc.o
 .text.RCC_ITConfig
                0x00000000       0x4c ..\obj\stm32f4xx_rcc.o
 .text.RCC_GetFlagStatus
                0x00000000       0x74 ..\obj\stm32f4xx_rcc.o
 .text.RCC_ClearFlag
                0x00000000       0x1c ..\obj\stm32f4xx_rcc.o
 .text.RCC_GetITStatus
                0x00000000       0x34 ..\obj\stm32f4xx_rcc.o
 .text.RCC_ClearITPendingBit
                0x00000000       0x20 ..\obj\stm32f4xx_rcc.o
 .text          0x00000000        0x0 ..\obj\printf.o
 .data          0x00000000      0x42c ..\obj\printf.o
 .bss           0x00000000        0x0 ..\obj\printf.o
 .text.PrintChar
                0x00000000       0x14 ..\obj\printf.o
 .text.PutChar  0x00000000       0x20 ..\obj\printf.o
 .text.PutString
                0x00000000       0x3c ..\obj\printf.o
 .text.PutUnsignedInt
                0x00000000       0x9c ..\obj\printf.o
 .text.PutSignedInt
                0x00000000       0xf8 ..\obj\printf.o
 .text.PutHexa  0x00000000       0xd4 ..\obj\printf.o
 .text.vsnprintf
                0x00000000      0x254 ..\obj\printf.o
 .text.snprintf
                0x00000000       0x30 ..\obj\printf.o
 .text.vsprintf
                0x00000000       0x24 ..\obj\printf.o
 .rodata        0x00000000       0x24 ..\obj\printf.o
 .text.vfprintf
                0x00000000       0x68 ..\obj\printf.o
 .text.vprintf  0x00000000       0x28 ..\obj\printf.o
 .text.fprintf  0x00000000       0x2c ..\obj\printf.o
 .text.printf   0x00000000       0x28 ..\obj\printf.o
 .text.sprintf  0x00000000       0x2c ..\obj\printf.o
 .text.puts     0x00000000       0x24 ..\obj\printf.o
 .text.fputc    0x00000000       0x40 ..\obj\printf.o
 .text.fputs    0x00000000       0x48 ..\obj\printf.o
 .debug_info    0x00000000      0xe3d ..\obj\printf.o
 .debug_abbrev  0x00000000      0x262 ..\obj\printf.o
 .debug_aranges
                0x00000000       0xa0 ..\obj\printf.o
 .debug_ranges  0x00000000       0x90 ..\obj\printf.o
 .debug_line    0x00000000      0x3a6 ..\obj\printf.o
 .debug_str     0x00000000      0x6ce ..\obj\printf.o
 .comment       0x00000000       0x6f ..\obj\printf.o
 .debug_frame   0x00000000      0x2dc ..\obj\printf.o
 .ARM.attributes
                0x00000000       0x33 ..\obj\printf.o
 .text          0x00000000        0x0 ..\obj\stm32f4xx_gpio.o
 .data          0x00000000        0x0 ..\obj\stm32f4xx_gpio.o
 .bss           0x00000000        0x0 ..\obj\stm32f4xx_gpio.o
 .text.GPIO_DeInit
                0x00000000      0x120 ..\obj\stm32f4xx_gpio.o
 .text.GPIO_StructInit
                0x00000000       0x34 ..\obj\stm32f4xx_gpio.o
 .text.GPIO_PinLockConfig
                0x00000000       0x44 ..\obj\stm32f4xx_gpio.o
 .text.GPIO_ReadInputDataBit
                0x00000000       0x34 ..\obj\stm32f4xx_gpio.o
 .text.GPIO_ReadInputData
                0x00000000       0x18 ..\obj\stm32f4xx_gpio.o
 .text.GPIO_ReadOutputDataBit
                0x00000000       0x34 ..\obj\stm32f4xx_gpio.o
 .text.GPIO_ReadOutputData
                0x00000000       0x18 ..\obj\stm32f4xx_gpio.o
 .text.GPIO_SetBits
                0x00000000       0x1c ..\obj\stm32f4xx_gpio.o
 .text.GPIO_ResetBits
                0x00000000       0x1c ..\obj\stm32f4xx_gpio.o
 .text.GPIO_WriteBit
                0x00000000       0x30 ..\obj\stm32f4xx_gpio.o
 .text.GPIO_Write
                0x00000000       0x1c ..\obj\stm32f4xx_gpio.o
 .text.GPIO_ToggleBits
                0x00000000       0x24 ..\obj\stm32f4xx_gpio.o
 .text          0x00000000        0x0 ..\obj\system_stm32f4xx.o
 .data          0x00000000       0x14 ..\obj\system_stm32f4xx.o
 .bss           0x00000000        0x0 ..\obj\system_stm32f4xx.o
 .text.SystemCoreClockUpdate
                0x00000000       0xf8 ..\obj\system_stm32f4xx.o
 .text          0x00000000        0x0 ..\obj\syscalls.o
 .data          0x00000000        0x0 ..\obj\syscalls.o
 .bss           0x00000000        0x4 ..\obj\syscalls.o
 .text._sbrk    0x00000000       0x3c ..\obj\syscalls.o
 .text.link     0x00000000       0x18 ..\obj\syscalls.o
 .text._close   0x00000000       0x18 ..\obj\syscalls.o
 .text._fstat   0x00000000       0x20 ..\obj\syscalls.o
 .text._isatty  0x00000000       0x14 ..\obj\syscalls.o
 .text._lseek   0x00000000       0x18 ..\obj\syscalls.o
 .text._read    0x00000000       0x18 ..\obj\syscalls.o
 .text._write   0x00000000       0x18 ..\obj\syscalls.o
 .text.abort    0x00000000        0x8 ..\obj\syscalls.o
 .debug_info    0x00000000      0x458 ..\obj\syscalls.o
 .debug_abbrev  0x00000000       0xe5 ..\obj\syscalls.o
 .debug_aranges
                0x00000000       0x60 ..\obj\syscalls.o
 .debug_ranges  0x00000000       0x50 ..\obj\syscalls.o
 .debug_line    0x00000000      0x221 ..\obj\syscalls.o
 .debug_str     0x00000000      0x397 ..\obj\syscalls.o
 .comment       0x00000000       0x6f ..\obj\syscalls.o
 .debug_frame   0x00000000      0x168 ..\obj\syscalls.o
 .ARM.attributes
                0x00000000       0x33 ..\obj\syscalls.o
 .text          0x00000000        0x0 ..\obj\stm32f4xx_dma.o
 .data          0x00000000        0x0 ..\obj\stm32f4xx_dma.o
 .bss           0x00000000        0x0 ..\obj\stm32f4xx_dma.o
 .text.DMA_StructInit
                0x00000000       0x6c ..\obj\stm32f4xx_dma.o
 .text.DMA_PeriphIncOffsetSizeConfig
                0x00000000       0x34 ..\obj\stm32f4xx_dma.o
 .text.DMA_FlowControllerConfig
                0x00000000       0x34 ..\obj\stm32f4xx_dma.o
 .text.DMA_SetCurrDataCounter
                0x00000000       0x1c ..\obj\stm32f4xx_dma.o
 .text.DMA_GetCurrDataCounter
                0x00000000       0x18 ..\obj\stm32f4xx_dma.o
 .text.DMA_DoubleBufferModeConfig
                0x00000000       0x3c ..\obj\stm32f4xx_dma.o
 .text.DMA_DoubleBufferModeCmd
                0x00000000       0x38 ..\obj\stm32f4xx_dma.o
 .text.DMA_MemoryTargetConfig
                0x00000000       0x2c ..\obj\stm32f4xx_dma.o
 .text.DMA_GetCurrentMemoryTarget
                0x00000000       0x30 ..\obj\stm32f4xx_dma.o
 .text.DMA_GetCmdStatus
                0x00000000       0x30 ..\obj\stm32f4xx_dma.o
 .text.DMA_GetFIFOStatus
                0x00000000       0x24 ..\obj\stm32f4xx_dma.o
 .text.DMA_GetFlagStatus
                0x00000000       0x74 ..\obj\stm32f4xx_dma.o
 .text.DMA_ClearFlag
                0x00000000       0x5c ..\obj\stm32f4xx_dma.o
 .text          0x00000000        0x0 ..\obj\API_IO.o
 .data          0x00000000        0x0 ..\obj\API_IO.o
 .bss           0x00000000        0x0 ..\obj\API_IO.o
 .text.API_io_DELAY_us
                0x00000000       0x18 ..\obj\API_IO.o
 .text.API_io_DELAY_ms
                0x00000000       0x18 ..\obj\API_IO.o
 .text.API_io_DELAY_s
                0x00000000       0x18 ..\obj\API_IO.o
 .text.API_io_UART_INT_gets
                0x00000000       0x54 ..\obj\API_IO.o
 .text.API_io_UART_gets
                0x00000000       0x18 ..\obj\API_IO.o
 .text.API_io_UART_get
                0x00000000       0x10 ..\obj\API_IO.o
 .text.API_io_UART_puts
                0x00000000       0x18 ..\obj\API_IO.o
 .text.API_io_UART_putchar
                0x00000000       0x1c ..\obj\API_IO.o
 .text.API_io_UART_putint
                0x00000000       0x18 ..\obj\API_IO.o
 .text.API_io_UART_putnum
                0x00000000       0x20 ..\obj\API_IO.o
 .text.API_io_rp_c
                0x00000000       0x6c ..\obj\API_IO.o
 .text.API_io_rm_c_ut
                0x00000000       0xa4 ..\obj\API_IO.o
 .text.API_io_bitmap
                0x00000000      0x124 ..\obj\API_IO.o
 .text.API_io_line
                0x00000000      0x270 ..\obj\API_IO.o
 .text.API_io_rechthoek
                0x00000000       0xb8 ..\obj\API_IO.o
 .text          0x00000000        0x0 ..\obj\stm32_ub_vga_screen.o
 .data          0x00000000        0x0 ..\obj\stm32_ub_vga_screen.o
 .bss           0x00000000        0x0 ..\obj\stm32_ub_vga_screen.o
 .text          0x00000000        0x0 ..\obj\stm32f4xx_exti.o
 .data          0x00000000        0x0 ..\obj\stm32f4xx_exti.o
 .bss           0x00000000        0x0 ..\obj\stm32f4xx_exti.o
 .text.EXTI_DeInit
                0x00000000       0x34 ..\obj\stm32f4xx_exti.o
 .text.EXTI_Init
                0x00000000       0xe4 ..\obj\stm32f4xx_exti.o
 .text.EXTI_StructInit
                0x00000000       0x2c ..\obj\stm32f4xx_exti.o
 .text.EXTI_GenerateSWInterrupt
                0x00000000       0x24 ..\obj\stm32f4xx_exti.o
 .text.EXTI_GetFlagStatus
                0x00000000       0x34 ..\obj\stm32f4xx_exti.o
 .text.EXTI_ClearFlag
                0x00000000       0x1c ..\obj\stm32f4xx_exti.o
 .text.EXTI_GetITStatus
                0x00000000       0x48 ..\obj\stm32f4xx_exti.o
 .text.EXTI_ClearITPendingBit
                0x00000000       0x1c ..\obj\stm32f4xx_exti.o
 .debug_info    0x00000000      0x357 ..\obj\stm32f4xx_exti.o
 .debug_abbrev  0x00000000      0x1a9 ..\obj\stm32f4xx_exti.o
 .debug_aranges
                0x00000000       0x58 ..\obj\stm32f4xx_exti.o
 .debug_ranges  0x00000000       0x48 ..\obj\stm32f4xx_exti.o
 .debug_line    0x00000000      0x381 ..\obj\stm32f4xx_exti.o
 .debug_str     0x00000000      0x389 ..\obj\stm32f4xx_exti.o
 .comment       0x00000000       0x6f ..\obj\stm32f4xx_exti.o
 .debug_frame   0x00000000      0x148 ..\obj\stm32f4xx_exti.o
 .ARM.attributes
                0x00000000       0x33 ..\obj\stm32f4xx_exti.o
 .text          0x00000000        0x0 ..\obj\misc.o
 .data          0x00000000        0x0 ..\obj\misc.o
 .bss           0x00000000        0x0 ..\obj\misc.o
 .text.NVIC_PriorityGroupConfig
                0x00000000       0x24 ..\obj\misc.o
 .text.NVIC_SetVectorTable
                0x00000000       0x2c ..\obj\misc.o
 .text.NVIC_SystemLPConfig
                0x00000000       0x40 ..\obj\misc.o
 .text.SysTick_CLKSourceConfig
                0x00000000       0x38 ..\obj\misc.o
 .text          0x00000000        0x0 ..\obj\stm32f4xx_tim.o
 .data          0x00000000        0x0 ..\obj\stm32f4xx_tim.o
 .bss           0x00000000        0x0 ..\obj\stm32f4xx_tim.o
 .text.TIM_DeInit
                0x00000000      0x1c0 ..\obj\stm32f4xx_tim.o
 .text.TIM_TimeBaseStructInit
                0x00000000       0x34 ..\obj\stm32f4xx_tim.o
 .text.TIM_PrescalerConfig
                0x00000000       0x28 ..\obj\stm32f4xx_tim.o
 .text.TIM_CounterModeConfig
                0x00000000       0x38 ..\obj\stm32f4xx_tim.o
 .text.TIM_SetCounter
                0x00000000       0x1c ..\obj\stm32f4xx_tim.o
 .text.TIM_SetAutoreload
                0x00000000       0x1c ..\obj\stm32f4xx_tim.o
 .text.TIM_GetCounter
                0x00000000       0x18 ..\obj\stm32f4xx_tim.o
 .text.TIM_GetPrescaler
                0x00000000       0x18 ..\obj\stm32f4xx_tim.o
 .text.TIM_UpdateDisableConfig
                0x00000000       0x40 ..\obj\stm32f4xx_tim.o
 .text.TIM_UpdateRequestConfig
                0x00000000       0x40 ..\obj\stm32f4xx_tim.o
 .text.TIM_SelectOnePulseMode
                0x00000000       0x38 ..\obj\stm32f4xx_tim.o
 .text.TIM_SetClockDivision
                0x00000000       0x38 ..\obj\stm32f4xx_tim.o
 .text.TIM_OC1Init
                0x00000000       0xf4 ..\obj\stm32f4xx_tim.o
 .text.TIM_OC2Init
                0x00000000      0x110 ..\obj\stm32f4xx_tim.o
 .text.TIM_OCStructInit
                0x00000000       0x44 ..\obj\stm32f4xx_tim.o
 .text.TIM_SelectOCxM
                0x00000000       0xb0 ..\obj\stm32f4xx_tim.o
 .text.TIM_SetCompare1
                0x00000000       0x1c ..\obj\stm32f4xx_tim.o
 .text.TIM_SetCompare2
                0x00000000       0x1c ..\obj\stm32f4xx_tim.o
 .text.TIM_SetCompare3
                0x00000000       0x1c ..\obj\stm32f4xx_tim.o
 .text.TIM_SetCompare4
                0x00000000       0x1c ..\obj\stm32f4xx_tim.o
 .text.TIM_ForcedOC1Config
                0x00000000       0x38 ..\obj\stm32f4xx_tim.o
 .text.TIM_ForcedOC2Config
                0x00000000       0x3c ..\obj\stm32f4xx_tim.o
 .text.TIM_ForcedOC3Config
                0x00000000       0x38 ..\obj\stm32f4xx_tim.o
 .text.TIM_ForcedOC4Config
                0x00000000       0x3c ..\obj\stm32f4xx_tim.o
 .text.TIM_OC1PreloadConfig
                0x00000000       0x38 ..\obj\stm32f4xx_tim.o
 .text.TIM_OC2PreloadConfig
                0x00000000       0x3c ..\obj\stm32f4xx_tim.o
 .text.TIM_OC1FastConfig
                0x00000000       0x38 ..\obj\stm32f4xx_tim.o
 .text.TIM_OC2FastConfig
                0x00000000       0x3c ..\obj\stm32f4xx_tim.o
 .text.TIM_OC3FastConfig
                0x00000000       0x38 ..\obj\stm32f4xx_tim.o
 .text.TIM_OC4FastConfig
                0x00000000       0x3c ..\obj\stm32f4xx_tim.o
 .text.TIM_ClearOC1Ref
                0x00000000       0x38 ..\obj\stm32f4xx_tim.o
 .text.TIM_ClearOC2Ref
                0x00000000       0x3c ..\obj\stm32f4xx_tim.o
 .text.TIM_ClearOC3Ref
                0x00000000       0x38 ..\obj\stm32f4xx_tim.o
 .text.TIM_ClearOC4Ref
                0x00000000       0x3c ..\obj\stm32f4xx_tim.o
 .text.TIM_OC1PolarityConfig
                0x00000000       0x38 ..\obj\stm32f4xx_tim.o
 .text.TIM_OC1NPolarityConfig
                0x00000000       0x38 ..\obj\stm32f4xx_tim.o
 .text.TIM_OC2PolarityConfig
                0x00000000       0x3c ..\obj\stm32f4xx_tim.o
 .text.TIM_OC2NPolarityConfig
                0x00000000       0x3c ..\obj\stm32f4xx_tim.o
 .text.TIM_OC3PolarityConfig
                0x00000000       0x3c ..\obj\stm32f4xx_tim.o
 .text.TIM_OC3NPolarityConfig
                0x00000000       0x3c ..\obj\stm32f4xx_tim.o
 .text.TIM_OC4PolarityConfig
                0x00000000       0x3c ..\obj\stm32f4xx_tim.o
 .text.TIM_CCxCmd
                0x00000000       0x58 ..\obj\stm32f4xx_tim.o
 .text.TIM_CCxNCmd
                0x00000000       0x58 ..\obj\stm32f4xx_tim.o
 .text.TIM_ICInit
                0x00000000       0xa8 ..\obj\stm32f4xx_tim.o
 .text.TIM_ICStructInit
                0x00000000       0x30 ..\obj\stm32f4xx_tim.o
 .text.TIM_PWMIConfig
                0x00000000       0xb8 ..\obj\stm32f4xx_tim.o
 .text.TIM_GetCapture1
                0x00000000       0x18 ..\obj\stm32f4xx_tim.o
 .text.TIM_GetCapture2
                0x00000000       0x18 ..\obj\stm32f4xx_tim.o
 .text.TIM_GetCapture3
                0x00000000       0x18 ..\obj\stm32f4xx_tim.o
 .text.TIM_GetCapture4
                0x00000000       0x18 ..\obj\stm32f4xx_tim.o
 .text.TIM_SetIC1Prescaler
                0x00000000       0x38 ..\obj\stm32f4xx_tim.o
 .text.TIM_SetIC2Prescaler
                0x00000000       0x3c ..\obj\stm32f4xx_tim.o
 .text.TIM_SetIC3Prescaler
                0x00000000       0x38 ..\obj\stm32f4xx_tim.o
 .text.TIM_SetIC4Prescaler
                0x00000000       0x3c ..\obj\stm32f4xx_tim.o
 .text.TIM_BDTRConfig
                0x00000000       0x50 ..\obj\stm32f4xx_tim.o
 .text.TIM_BDTRStructInit
                0x00000000       0x3c ..\obj\stm32f4xx_tim.o
 .text.TIM_CtrlPWMOutputs
                0x00000000       0x4c ..\obj\stm32f4xx_tim.o
 .text.TIM_SelectCOM
                0x00000000       0x40 ..\obj\stm32f4xx_tim.o
 .text.TIM_CCPreloadControl
                0x00000000       0x40 ..\obj\stm32f4xx_tim.o
 .text.TIM_GenerateEvent
                0x00000000       0x1c ..\obj\stm32f4xx_tim.o
 .text.TIM_GetFlagStatus
                0x00000000       0x38 ..\obj\stm32f4xx_tim.o
 .text.TIM_ClearFlag
                0x00000000       0x20 ..\obj\stm32f4xx_tim.o
 .text.TIM_GetITStatus
                0x00000000       0x54 ..\obj\stm32f4xx_tim.o
 .text.TIM_DMAConfig
                0x00000000       0x28 ..\obj\stm32f4xx_tim.o
 .text.TIM_SelectCCDMA
                0x00000000       0x40 ..\obj\stm32f4xx_tim.o
 .text.TIM_InternalClockConfig
                0x00000000       0x24 ..\obj\stm32f4xx_tim.o
 .text.TIM_ITRxExternalClockConfig
                0x00000000       0x30 ..\obj\stm32f4xx_tim.o
 .text.TIM_TIxExternalClockConfig
                0x00000000       0x5c ..\obj\stm32f4xx_tim.o
 .text.TIM_ETRClockMode1Config
                0x00000000       0x60 ..\obj\stm32f4xx_tim.o
 .text.TIM_ETRClockMode2Config
                0x00000000       0x40 ..\obj\stm32f4xx_tim.o
 .text.TIM_SelectInputTrigger
                0x00000000       0x38 ..\obj\stm32f4xx_tim.o
 .text.TIM_SelectOutputTrigger
                0x00000000       0x38 ..\obj\stm32f4xx_tim.o
 .text.TIM_SelectSlaveMode
                0x00000000       0x38 ..\obj\stm32f4xx_tim.o
 .text.TIM_SelectMasterSlaveMode
                0x00000000       0x38 ..\obj\stm32f4xx_tim.o
 .text.TIM_ETRConfig
                0x00000000       0x54 ..\obj\stm32f4xx_tim.o
 .text.TIM_EncoderInterfaceConfig
                0x00000000       0x98 ..\obj\stm32f4xx_tim.o
 .text.TIM_SelectHallSensor
                0x00000000       0x40 ..\obj\stm32f4xx_tim.o
 .text.TIM_RemapConfig
                0x00000000       0x20 ..\obj\stm32f4xx_tim.o
 .text.TI1_Config
                0x00000000       0x84 ..\obj\stm32f4xx_tim.o
 .text.TI2_Config
                0x00000000       0x98 ..\obj\stm32f4xx_tim.o
 .text.TI3_Config
                0x00000000       0x90 ..\obj\stm32f4xx_tim.o
 .text.TI4_Config
                0x00000000       0x9c ..\obj\stm32f4xx_tim.o
 .data          0x00000000        0x0 c:/program files (x86)/gnu tools arm embedded/5.4 2016q2/bin/../lib/gcc/arm-none-eabi/5.4.1/armv7e-m\libgcc.a(_arm_addsubdf3.o)
 .bss           0x00000000        0x0 c:/program files (x86)/gnu tools arm embedded/5.4 2016q2/bin/../lib/gcc/arm-none-eabi/5.4.1/armv7e-m\libgcc.a(_arm_addsubdf3.o)
 .data          0x00000000        0x0 c:/program files (x86)/gnu tools arm embedded/5.4 2016q2/bin/../lib/gcc/arm-none-eabi/5.4.1/armv7e-m\libgcc.a(_arm_muldivdf3.o)
 .bss           0x00000000        0x0 c:/program files (x86)/gnu tools arm embedded/5.4 2016q2/bin/../lib/gcc/arm-none-eabi/5.4.1/armv7e-m\libgcc.a(_arm_muldivdf3.o)
 .data          0x00000000        0x0 c:/program files (x86)/gnu tools arm embedded/5.4 2016q2/bin/../lib/gcc/arm-none-eabi/5.4.1/armv7e-m\libgcc.a(_arm_fixunsdfsi.o)
 .bss           0x00000000        0x0 c:/program files (x86)/gnu tools arm embedded/5.4 2016q2/bin/../lib/gcc/arm-none-eabi/5.4.1/armv7e-m\libgcc.a(_arm_fixunsdfsi.o)
 .text          0x00000000      0x21c c:/program files (x86)/gnu tools arm embedded/5.4 2016q2/bin/../lib/gcc/arm-none-eabi/5.4.1/armv7e-m\libgcc.a(_arm_addsubsf3.o)
 .data          0x00000000        0x0 c:/program files (x86)/gnu tools arm embedded/5.4 2016q2/bin/../lib/gcc/arm-none-eabi/5.4.1/armv7e-m\libgcc.a(_arm_addsubsf3.o)
 .bss           0x00000000        0x0 c:/program files (x86)/gnu tools arm embedded/5.4 2016q2/bin/../lib/gcc/arm-none-eabi/5.4.1/armv7e-m\libgcc.a(_arm_addsubsf3.o)
 .ARM.attributes
                0x00000000       0x1e c:/program files (x86)/gnu tools arm embedded/5.4 2016q2/bin/../lib/gcc/arm-none-eabi/5.4.1/armv7e-m\libgcc.a(_arm_addsubsf3.o)
 .text          0x00000000      0x2a0 c:/program files (x86)/gnu tools arm embedded/5.4 2016q2/bin/../lib/gcc/arm-none-eabi/5.4.1/armv7e-m\libgcc.a(_arm_muldivsf3.o)
 .data          0x00000000        0x0 c:/program files (x86)/gnu tools arm embedded/5.4 2016q2/bin/../lib/gcc/arm-none-eabi/5.4.1/armv7e-m\libgcc.a(_arm_muldivsf3.o)
 .bss           0x00000000        0x0 c:/program files (x86)/gnu tools arm embedded/5.4 2016q2/bin/../lib/gcc/arm-none-eabi/5.4.1/armv7e-m\libgcc.a(_arm_muldivsf3.o)
 .ARM.attributes
                0x00000000       0x1e c:/program files (x86)/gnu tools arm embedded/5.4 2016q2/bin/../lib/gcc/arm-none-eabi/5.4.1/armv7e-m\libgcc.a(_arm_muldivsf3.o)
 .text          0x00000000       0xec c:/program files (x86)/gnu tools arm embedded/5.4 2016q2/bin/../lib/gcc/arm-none-eabi/5.4.1/armv7e-m\libgcc.a(_arm_cmpsf2.o)
 .data          0x00000000        0x0 c:/program files (x86)/gnu tools arm embedded/5.4 2016q2/bin/../lib/gcc/arm-none-eabi/5.4.1/armv7e-m\libgcc.a(_arm_cmpsf2.o)
 .bss           0x00000000        0x0 c:/program files (x86)/gnu tools arm embedded/5.4 2016q2/bin/../lib/gcc/arm-none-eabi/5.4.1/armv7e-m\libgcc.a(_arm_cmpsf2.o)
 .ARM.attributes
                0x00000000       0x1e c:/program files (x86)/gnu tools arm embedded/5.4 2016q2/bin/../lib/gcc/arm-none-eabi/5.4.1/armv7e-m\libgcc.a(_arm_cmpsf2.o)
 .text          0x00000000       0x4c c:/program files (x86)/gnu tools arm embedded/5.4 2016q2/bin/../lib/gcc/arm-none-eabi/5.4.1/armv7e-m\libgcc.a(_arm_fixsfsi.o)
 .data          0x00000000        0x0 c:/program files (x86)/gnu tools arm embedded/5.4 2016q2/bin/../lib/gcc/arm-none-eabi/5.4.1/armv7e-m\libgcc.a(_arm_fixsfsi.o)
 .bss           0x00000000        0x0 c:/program files (x86)/gnu tools arm embedded/5.4 2016q2/bin/../lib/gcc/arm-none-eabi/5.4.1/armv7e-m\libgcc.a(_arm_fixsfsi.o)
 .ARM.attributes
                0x00000000       0x1e c:/program files (x86)/gnu tools arm embedded/5.4 2016q2/bin/../lib/gcc/arm-none-eabi/5.4.1/armv7e-m\libgcc.a(_arm_fixsfsi.o)
 .text          0x00000000        0x0 c:/program files (x86)/gnu tools arm embedded/5.4 2016q2/bin/../lib/gcc/arm-none-eabi/5.4.1/../../../../arm-none-eabi/lib/armv7e-m\libg.a(lib_a-ctype_.o)
 .data          0x00000000        0x0 c:/program files (x86)/gnu tools arm embedded/5.4 2016q2/bin/../lib/gcc/arm-none-eabi/5.4.1/../../../../arm-none-eabi/lib/armv7e-m\libg.a(lib_a-ctype_.o)
 .bss           0x00000000        0x0 c:/program files (x86)/gnu tools arm embedded/5.4 2016q2/bin/../lib/gcc/arm-none-eabi/5.4.1/../../../../arm-none-eabi/lib/armv7e-m\libg.a(lib_a-ctype_.o)
 .text          0x00000000        0x0 c:/program files (x86)/gnu tools arm embedded/5.4 2016q2/bin/../lib/gcc/arm-none-eabi/5.4.1/../../../../arm-none-eabi/lib/armv7e-m\libg.a(lib_a-strcpy.o)
 .data          0x00000000        0x0 c:/program files (x86)/gnu tools arm embedded/5.4 2016q2/bin/../lib/gcc/arm-none-eabi/5.4.1/../../../../arm-none-eabi/lib/armv7e-m\libg.a(lib_a-strcpy.o)
 .bss           0x00000000        0x0 c:/program files (x86)/gnu tools arm embedded/5.4 2016q2/bin/../lib/gcc/arm-none-eabi/5.4.1/../../../../arm-none-eabi/lib/armv7e-m\libg.a(lib_a-strcpy.o)
 .text.strcpy   0x00000000       0xbc c:/program files (x86)/gnu tools arm embedded/5.4 2016q2/bin/../lib/gcc/arm-none-eabi/5.4.1/../../../../arm-none-eabi/lib/armv7e-m\libg.a(lib_a-strcpy.o)
 .debug_frame   0x00000000       0x20 c:/program files (x86)/gnu tools arm embedded/5.4 2016q2/bin/../lib/gcc/arm-none-eabi/5.4.1/../../../../arm-none-eabi/lib/armv7e-m\libg.a(lib_a-strcpy.o)
 .ARM.attributes
                0x00000000       0x2e c:/program files (x86)/gnu tools arm embedded/5.4 2016q2/bin/../lib/gcc/arm-none-eabi/5.4.1/../../../../arm-none-eabi/lib/armv7e-m\libg.a(lib_a-strcpy.o)
 .data          0x00000000        0x0 c:/program files (x86)/gnu tools arm embedded/5.4 2016q2/bin/../lib/gcc/arm-none-eabi/5.4.1/../../../../arm-none-eabi/lib/armv7e-m\libg.a(lib_a-strlen.o)
 .bss           0x00000000        0x0 c:/program files (x86)/gnu tools arm embedded/5.4 2016q2/bin/../lib/gcc/arm-none-eabi/5.4.1/../../../../arm-none-eabi/lib/armv7e-m\libg.a(lib_a-strlen.o)
 .text          0x00000000        0x0 c:/program files (x86)/gnu tools arm embedded/5.4 2016q2/bin/../lib/gcc/arm-none-eabi/5.4.1/../../../../arm-none-eabi/lib/armv7e-m\libg.a(lib_a-strncmp.o)
 .data          0x00000000        0x0 c:/program files (x86)/gnu tools arm embedded/5.4 2016q2/bin/../lib/gcc/arm-none-eabi/5.4.1/../../../../arm-none-eabi/lib/armv7e-m\libg.a(lib_a-strncmp.o)
 .bss           0x00000000        0x0 c:/program files (x86)/gnu tools arm embedded/5.4 2016q2/bin/../lib/gcc/arm-none-eabi/5.4.1/../../../../arm-none-eabi/lib/armv7e-m\libg.a(lib_a-strncmp.o)

Memory Configuration

Name             Origin             Length             Attributes
rom              0x08000000         0x00100000         xr
ram              0x20000000         0x00020000         xrw
ram1             0x10000000         0x00010000         xrw
*default*        0x00000000         0xffffffff

Linker script and memory map

                0x20020000                _eram = 0x20020000

.text           0x08000000     0xb625
 *(.isr_vector)
 .isr_vector    0x08000000      0x188 ..\obj\startup_stm32f4xx.o
                0x08000000                g_pfnVectors
 *(.text*)
 .text.API_draw_text
                0x08000188       0x38 ..\obj\API_DRAW.o
                0x08000188                API_draw_text
 .text.DELAY_init
                0x080001c0      0x128 ..\obj\delay.o
                0x080001c0                DELAY_init
 .text.USART_Init
                0x080002e8      0x174 ..\obj\stm32f4xx_usart.o
                0x080002e8                USART_Init
 .text.USART_Cmd
                0x0800045c       0x40 ..\obj\stm32f4xx_usart.o
                0x0800045c                USART_Cmd
 .text.USART_ITConfig
                0x0800049c       0x90 ..\obj\stm32f4xx_usart.o
                0x0800049c                USART_ITConfig
 .text.USART_GetFlagStatus
                0x0800052c       0x38 ..\obj\stm32f4xx_usart.o
                0x0800052c                USART_GetFlagStatus
 .text.USART_GetITStatus
                0x08000564       0xb4 ..\obj\stm32f4xx_usart.o
                0x08000564                USART_GetITStatus
 .text.USART_ClearITPendingBit
                0x08000618       0x38 ..\obj\stm32f4xx_usart.o
                0x08000618                USART_ClearITPendingBit
 .text.UART_init
                0x08000650       0x94 ..\obj\uart.o
                0x08000650                UART_init
 .text.UART_INT_init
                0x080006e4       0x28 ..\obj\uart.o
                0x080006e4                UART_INT_init
 .text.USART2_IRQHandler
                0x0800070c       0x8c ..\obj\uart.o
                0x0800070c                USART2_IRQHandler
 .text.Default_Reset_Handler
                0x08000798       0x5c ..\obj\startup_stm32f4xx.o
                0x08000798                Default_Reset_Handler
                0x08000798                Reset_Handler
 .text.Default_Handler
                0x080007f4        0x8 ..\obj\startup_stm32f4xx.o
                0x080007f4                RTC_Alarm_IRQHandler
                0x080007f4                HASH_RNG_IRQHandler
                0x080007f4                EXTI2_IRQHandler
                0x080007f4                TIM8_CC_IRQHandler
                0x080007f4                DebugMon_Handler
                0x080007f4                TIM1_CC_IRQHandler
                0x080007f4                HardFault_Handler
                0x080007f4                DMA1_Stream5_IRQHandler
                0x080007f4                SysTick_Handler
                0x080007f4                PVD_IRQHandler
                0x080007f4                SDIO_IRQHandler
                0x080007f4                TAMP_STAMP_IRQHandler
                0x080007f4                PendSV_Handler
                0x080007f4                NMI_Handler
                0x080007f4                CAN2_RX1_IRQHandler
                0x080007f4                EXTI3_IRQHandler
                0x080007f4                TIM8_TRG_COM_TIM14_IRQHandler
                0x080007f4                TIM1_UP_TIM10_IRQHandler
                0x080007f4                TIM8_UP_TIM13_IRQHandler
                0x080007f4                I2C3_ER_IRQHandler
                0x080007f4                EXTI0_IRQHandler
                0x080007f4                I2C2_EV_IRQHandler
                0x080007f4                DMA1_Stream2_IRQHandler
                0x080007f4                CAN1_RX0_IRQHandler
                0x080007f4                FPU_IRQHandler
                0x080007f4                OTG_HS_WKUP_IRQHandler
                0x080007f4                UsageFault_Handler
                0x080007f4                CAN2_SCE_IRQHandler
                0x080007f4                DMA2_Stream2_IRQHandler
                0x080007f4                SPI1_IRQHandler
                0x080007f4                TIM6_DAC_IRQHandler
                0x080007f4                TIM1_BRK_TIM9_IRQHandler
                0x080007f4                DCMI_IRQHandler
                0x080007f4                CAN2_RX0_IRQHandler
                0x080007f4                DMA2_Stream3_IRQHandler
                0x080007f4                USART6_IRQHandler
                0x080007f4                USART3_IRQHandler
                0x080007f4                CRYP_IRQHandler
                0x080007f4                CAN1_RX1_IRQHandler
                0x080007f4                UART5_IRQHandler
                0x080007f4                DMA2_Stream0_IRQHandler
                0x080007f4                TIM4_IRQHandler
                0x080007f4                I2C1_EV_IRQHandler
                0x080007f4                DMA1_Stream6_IRQHandler
                0x080007f4                DMA1_Stream1_IRQHandler
                0x080007f4                UART4_IRQHandler
                0x080007f4                TIM3_IRQHandler
                0x080007f4                RCC_IRQHandler
                0x080007f4                TIM8_BRK_TIM12_IRQHandler
                0x080007f4                EXTI15_10_IRQHandler
                0x080007f4                ADC_IRQHandler
                0x080007f4                DMA1_Stream7_IRQHandler
                0x080007f4                TIM7_IRQHandler
                0x080007f4                CAN2_TX_IRQHandler
                0x080007f4                TIM5_IRQHandler
                0x080007f4                DMA2_Stream7_IRQHandler
                0x080007f4                I2C3_EV_IRQHandler
                0x080007f4                EXTI9_5_IRQHandler
                0x080007f4                RTC_WKUP_IRQHandler
                0x080007f4                ETH_WKUP_IRQHandler
                0x080007f4                SPI2_IRQHandler
                0x080007f4                OTG_HS_EP1_IN_IRQHandler
                0x080007f4                MemManage_Handler
                0x080007f4                DMA1_Stream0_IRQHandler
                0x080007f4                CAN1_TX_IRQHandler
                0x080007f4                SVC_Handler
                0x080007f4                EXTI4_IRQHandler
                0x080007f4                FSMC_IRQHandler
                0x080007f4                ETH_IRQHandler
                0x080007f4                OTG_HS_EP1_OUT_IRQHandler
                0x080007f4                WWDG_IRQHandler
                0x080007f4                OTG_FS_WKUP_IRQHandler
                0x080007f4                TIM1_TRG_COM_TIM11_IRQHandler
                0x080007f4                OTG_HS_IRQHandler
                0x080007f4                EXTI1_IRQHandler
                0x080007f4                I2C2_ER_IRQHandler
                0x080007f4                DMA2_Stream1_IRQHandler
                0x080007f4                CAN1_SCE_IRQHandler
                0x080007f4                FLASH_IRQHandler
                0x080007f4                DMA2_Stream4_IRQHandler
                0x080007f4                BusFault_Handler
                0x080007f4                USART1_IRQHandler
                0x080007f4                OTG_FS_IRQHandler
                0x080007f4                SPI3_IRQHandler
                0x080007f4                DMA1_Stream4_IRQHandler
                0x080007f4                I2C1_ER_IRQHandler
                0x080007f4                DMA2_Stream6_IRQHandler
                0x080007f4                DMA1_Stream3_IRQHandler
 .text.API_io_putc_0
                0x080007fc       0xe4 ..\obj\tekst_bitmap_functions.o
                0x080007fc                API_io_putc_0
 .text.API_io_puts_0
                0x080008e0       0xe8 ..\obj\tekst_bitmap_functions.o
                0x080008e0                API_io_puts_0
 .text.API_io_putc_1
                0x080009c8       0xe4 ..\obj\tekst_bitmap_functions.o
                0x080009c8                API_io_putc_1
 .text.API_io_puts_1
                0x08000aac       0xe8 ..\obj\tekst_bitmap_functions.o
                0x08000aac                API_io_puts_1
 .text.API_io_putc_2
                0x08000b94       0xe4 ..\obj\tekst_bitmap_functions.o
                0x08000b94                API_io_putc_2
 .text.API_io_puts_2
                0x08000c78       0xe8 ..\obj\tekst_bitmap_functions.o
                0x08000c78                API_io_puts_2
 .text.API_io_putc_3
                0x08000d60       0xe4 ..\obj\tekst_bitmap_functions.o
                0x08000d60                API_io_putc_3
 .text.API_io_puts_3
                0x08000e44       0xe8 ..\obj\tekst_bitmap_functions.o
                0x08000e44                API_io_puts_3
 .text.API_io_putc_4
                0x08000f2c       0xe4 ..\obj\tekst_bitmap_functions.o
                0x08000f2c                API_io_putc_4
 .text.API_io_puts_4
                0x08001010       0xe8 ..\obj\tekst_bitmap_functions.o
                0x08001010                API_io_puts_4
 .text.API_io_putc_5
                0x080010f8       0xe4 ..\obj\tekst_bitmap_functions.o
                0x080010f8                API_io_putc_5
 .text.API_io_puts_5
                0x080011dc       0xe8 ..\obj\tekst_bitmap_functions.o
                0x080011dc                API_io_puts_5
 .text.API_io_putc_6
                0x080012c4       0xe4 ..\obj\tekst_bitmap_functions.o
                0x080012c4                API_io_putc_6
 .text.API_io_puts_6
                0x080013a8       0xe8 ..\obj\tekst_bitmap_functions.o
                0x080013a8                API_io_puts_6
 .text.API_io_putc_7
                0x08001490       0xe4 ..\obj\tekst_bitmap_functions.o
                0x08001490                API_io_putc_7
 .text.API_io_puts_7
                0x08001574       0xe8 ..\obj\tekst_bitmap_functions.o
                0x08001574                API_io_puts_7
 .text.API_io_putc_8
                0x0800165c       0xe4 ..\obj\tekst_bitmap_functions.o
                0x0800165c                API_io_putc_8
 .text.API_io_puts_8
                0x08001740       0xe8 ..\obj\tekst_bitmap_functions.o
                0x08001740                API_io_puts_8
 .text.API_io_putc_9
                0x08001828       0xe4 ..\obj\tekst_bitmap_functions.o
                0x08001828                API_io_putc_9
 .text.API_io_puts_9
                0x0800190c       0xe8 ..\obj\tekst_bitmap_functions.o
                0x0800190c                API_io_puts_9
 .text.API_io_putc_10
                0x080019f4       0xe4 ..\obj\tekst_bitmap_functions.o
                0x080019f4                API_io_putc_10
 .text.API_io_puts_10
                0x08001ad8       0xe8 ..\obj\tekst_bitmap_functions.o
                0x08001ad8                API_io_puts_10
 .text.API_io_putc_11
                0x08001bc0       0xe4 ..\obj\tekst_bitmap_functions.o
                0x08001bc0                API_io_putc_11
 .text.API_io_puts_11
                0x08001ca4       0xe8 ..\obj\tekst_bitmap_functions.o
                0x08001ca4                API_io_puts_11
 .text.main     0x08001d8c       0xe0 ..\obj\main.o
                0x08001d8c                main
 .text.RCC_GetClocksFreq
                0x08001e6c      0x154 ..\obj\stm32f4xx_rcc.o
                0x08001e6c                RCC_GetClocksFreq
 .text.RCC_AHB1PeriphClockCmd
                0x08001fc0       0x3c ..\obj\stm32f4xx_rcc.o
                0x08001fc0                RCC_AHB1PeriphClockCmd
 .text.RCC_APB1PeriphClockCmd
                0x08001ffc       0x3c ..\obj\stm32f4xx_rcc.o
                0x08001ffc                RCC_APB1PeriphClockCmd
 .text.RCC_APB2PeriphClockCmd
                0x08002038       0x3c ..\obj\stm32f4xx_rcc.o
                0x08002038                RCC_APB2PeriphClockCmd
 .text.GPIO_Init
                0x08002074      0x11c ..\obj\stm32f4xx_gpio.o
                0x08002074                GPIO_Init
 .text.GPIO_PinAFConfig
                0x08002190       0x90 ..\obj\stm32f4xx_gpio.o
                0x08002190                GPIO_PinAFConfig
 .text.SystemInit
                0x08002220       0x5c ..\obj\system_stm32f4xx.o
                0x08002220                SystemInit
 .text.SetSysClock
                0x0800227c       0xf4 ..\obj\system_stm32f4xx.o
 .text.DMA_DeInit
                0x08002370      0x1a4 ..\obj\stm32f4xx_dma.o
                0x08002370                DMA_DeInit
 .text.DMA_Init
                0x08002514       0xac ..\obj\stm32f4xx_dma.o
                0x08002514                DMA_Init
 .text.DMA_Cmd  0x080025c0       0x38 ..\obj\stm32f4xx_dma.o
                0x080025c0                DMA_Cmd
 .text.DMA_ITConfig
                0x080025f8       0x74 ..\obj\stm32f4xx_dma.o
                0x080025f8                DMA_ITConfig
 .text.DMA_GetITStatus
                0x0800266c       0xac ..\obj\stm32f4xx_dma.o
                0x0800266c                DMA_GetITStatus
 .text.DMA_ClearITPendingBit
                0x08002718       0x5c ..\obj\stm32f4xx_dma.o
                0x08002718                DMA_ClearITPendingBit
 .text.API_io_init
                0x08002774       0x1c ..\obj\API_IO.o
                0x08002774                API_io_init
 .text.API_io_UART_INT_init
                0x08002790        0xc ..\obj\API_IO.o
                0x08002790                API_io_UART_INT_init
 .text.API_io_ERROR_inrange
                0x0800279c       0x64 ..\obj\API_IO.o
                0x0800279c                API_io_ERROR_inrange
 .text.STRING_check
                0x08002800       0x7c ..\obj\API_IO.o
                0x08002800                STRING_check
 .text.API_io_tekst
                0x0800287c      0x1fc ..\obj\API_IO.o
                0x0800287c                API_io_tekst
 .text.API_io_clearscherm
                0x08002a78       0x1c ..\obj\API_IO.o
                0x08002a78                API_io_clearscherm
 .text.UB_VGA_Screen_Init
                0x08002a94       0x80 ..\obj\stm32_ub_vga_screen.o
                0x08002a94                UB_VGA_Screen_Init
 .text.UB_VGA_FillScreen
                0x08002b14       0x44 ..\obj\stm32_ub_vga_screen.o
                0x08002b14                UB_VGA_FillScreen
 .text.UB_VGA_SetPixel
                0x08002b58       0x4c ..\obj\stm32_ub_vga_screen.o
                0x08002b58                UB_VGA_SetPixel
 .text.P_VGA_InitIO
                0x08002ba4       0xa8 ..\obj\stm32_ub_vga_screen.o
                0x08002ba4                P_VGA_InitIO
 .text.P_VGA_InitTIM
                0x08002c4c       0xcc ..\obj\stm32_ub_vga_screen.o
                0x08002c4c                P_VGA_InitTIM
 .text.P_VGA_InitINT
                0x08002d18       0x58 ..\obj\stm32_ub_vga_screen.o
                0x08002d18                P_VGA_InitINT
 .text.P_VGA_InitDMA
                0x08002d70       0x90 ..\obj\stm32_ub_vga_screen.o
                0x08002d70                P_VGA_InitDMA
 .text.TIM2_IRQHandler
                0x08002e00       0xbc ..\obj\stm32_ub_vga_screen.o
                0x08002e00                TIM2_IRQHandler
 .text.DMA2_Stream5_IRQHandler
                0x08002ebc       0x4c ..\obj\stm32_ub_vga_screen.o
                0x08002ebc                DMA2_Stream5_IRQHandler
 .text.NVIC_Init
                0x08002f08       0xc0 ..\obj\misc.o
                0x08002f08                NVIC_Init
 .text.TIM_TimeBaseInit
                0x08002fc8       0xd4 ..\obj\stm32f4xx_tim.o
                0x08002fc8                TIM_TimeBaseInit
 .text.TIM_ARRPreloadConfig
                0x0800309c       0x40 ..\obj\stm32f4xx_tim.o
                0x0800309c                TIM_ARRPreloadConfig
 .text.TIM_Cmd  0x080030dc       0x40 ..\obj\stm32f4xx_tim.o
                0x080030dc                TIM_Cmd
 .text.TIM_OC3Init
                0x0800311c      0x10c ..\obj\stm32f4xx_tim.o
                0x0800311c                TIM_OC3Init
 .text.TIM_OC4Init
                0x08003228       0xcc ..\obj\stm32f4xx_tim.o
                0x08003228                TIM_OC4Init
 .text.TIM_OC3PreloadConfig
                0x080032f4       0x38 ..\obj\stm32f4xx_tim.o
                0x080032f4                TIM_OC3PreloadConfig
 .text.TIM_OC4PreloadConfig
                0x0800332c       0x3c ..\obj\stm32f4xx_tim.o
                0x0800332c                TIM_OC4PreloadConfig
 .text.TIM_ITConfig
                0x08003368       0x48 ..\obj\stm32f4xx_tim.o
                0x08003368                TIM_ITConfig
 .text.TIM_ClearITPendingBit
                0x080033b0       0x20 ..\obj\stm32f4xx_tim.o
                0x080033b0                TIM_ClearITPendingBit
 .text.TIM_DMACmd
                0x080033d0       0x48 ..\obj\stm32f4xx_tim.o
                0x080033d0                TIM_DMACmd
 .text          0x08003418      0x370 c:/program files (x86)/gnu tools arm embedded/5.4 2016q2/bin/../lib/gcc/arm-none-eabi/5.4.1/armv7e-m\libgcc.a(_arm_addsubdf3.o)
                0x08003418                __aeabi_drsub
                0x08003420                __aeabi_dsub
                0x08003420                __subdf3
                0x08003424                __aeabi_dadd
                0x08003424                __adddf3
                0x0800369c                __floatunsidf
                0x0800369c                __aeabi_ui2d
                0x080036bc                __floatsidf
                0x080036bc                __aeabi_i2d
                0x080036e0                __aeabi_f2d
                0x080036e0                __extendsfdf2
                0x0800371c                __floatundidf
                0x0800371c                __aeabi_ul2d
                0x0800372c                __floatdidf
                0x0800372c                __aeabi_l2d
 .text          0x08003788      0x424 c:/program files (x86)/gnu tools arm embedded/5.4 2016q2/bin/../lib/gcc/arm-none-eabi/5.4.1/armv7e-m\libgcc.a(_arm_muldivdf3.o)
                0x08003788                __aeabi_dmul
                0x08003788                __muldf3
                0x080039dc                __divdf3
                0x080039dc                __aeabi_ddiv
 .text          0x08003bac       0x40 c:/program files (x86)/gnu tools arm embedded/5.4 2016q2/bin/../lib/gcc/arm-none-eabi/5.4.1/armv7e-m\libgcc.a(_arm_fixunsdfsi.o)
                0x08003bac                __aeabi_d2uiz
                0x08003bac                __fixunsdfsi
 *fill*         0x08003bec       0x14 
 .text          0x08003c00       0xdc c:/program files (x86)/gnu tools arm embedded/5.4 2016q2/bin/../lib/gcc/arm-none-eabi/5.4.1/../../../../arm-none-eabi/lib/armv7e-m\libg.a(lib_a-strlen.o)
                0x08003c00                strlen
 .text.strncmp  0x08003cdc       0xa0 c:/program files (x86)/gnu tools arm embedded/5.4 2016q2/bin/../lib/gcc/arm-none-eabi/5.4.1/../../../../arm-none-eabi/lib/armv7e-m\libg.a(lib_a-strncmp.o)
                0x08003cdc                strncmp
 *(.init)
 *(.fini)
 *crtbegin.o(.ctors)
 *crtbegin?.o(.ctors)
 *(EXCLUDE_FILE(*crtend.o *crtend?.o) .ctors)
 *(SORT(.ctors.*))
 *(.ctors)
 *crtbegin.o(.dtors)
 *crtbegin?.o(.dtors)
 *(EXCLUDE_FILE(*crtend.o *crtend?.o) .dtors)
 *(SORT(.dtors.*))
 *(.dtors)
 *(.rodata*)
 .rodata        0x08003d7c     0x7740 ..\obj\tekst_bitmap_functions.o
                0x08003d7c                S_arial_8ptBitmaps
                0x08004150                S_arial_8ptDescriptors
                0x08004440                B_arial_8ptBitmaps
                0x08004884                B_arial_8ptDescriptors
                0x08004b74                C_arial_8ptBitmaps
                0x0800500c                C_arial_8ptDescriptors
                0x080052fc                S_arial_16ptBitmaps
                0x08006034                S_arial_16ptDescriptors
                0x08006324                B_arial_16ptBitmaps
                0x08007084                B_arial_16ptDescriptors
                0x08007374                C_arial_16ptBitmaps
                0x080080e8                C_arial_16ptDescriptors
                0x080083d8                S_consolas_8ptBitmaps
                0x080087e4                S_consolas_8ptDescriptors
                0x08008ad4                B_consolas_8ptBitmaps
                0x08008ee0                B_consolas_8ptDescriptors
                0x080091d0                C_consolas_8ptBitmaps
                0x080095dc                C_consolas_8ptDescriptors
                0x080098cc                S_consolas_16ptBitmaps
                0x08009efc                S_consolas_16ptDescriptors
                0x0800a1ec                B_consolas_16ptBitmaps
                0x0800a7ec                B_consolas_16ptDescriptors
                0x0800aadc                C_consolas_16ptBitmaps
                0x0800b1cc                C_consolas_16ptDescriptors
 .rodata        0x0800b4bc       0x52 ..\obj\main.o
 *fill*         0x0800b50e        0x2 
 .rodata        0x0800b510       0x11 ..\obj\API_IO.o
 *fill*         0x0800b521        0x3 
 .rodata._ctype_
                0x0800b524      0x101 c:/program files (x86)/gnu tools arm embedded/5.4 2016q2/bin/../lib/gcc/arm-none-eabi/5.4.1/../../../../arm-none-eabi/lib/armv7e-m\libg.a(lib_a-ctype_.o)
                0x0800b524                _ctype_
 *(.eh_fram e*)

.glue_7         0x0800b628        0x0
 .glue_7        0x0800b628        0x0 linker stubs

.glue_7t        0x0800b628        0x0
 .glue_7t       0x0800b628        0x0 linker stubs

.vfp11_veneer   0x0800b628        0x0
 .vfp11_veneer  0x0800b628        0x0 linker stubs

.v4_bx          0x0800b628        0x0
 .v4_bx         0x0800b628        0x0 linker stubs

.iplt           0x0800b628        0x0
 .iplt          0x0800b628        0x0 ..\obj\API_DRAW.o

.rel.dyn        0x0800b628        0x0
 .rel.iplt      0x0800b628        0x0 ..\obj\API_DRAW.o

.ARM.extab
 *(.ARM.extab* .gnu.linkonce.armextab.*)
                0x0800b628                __exidx_start = .

.ARM.exidx
 *(.ARM.exidx* .gnu.linkonce.armexidx.*)
                0x0800b628                __exidx_end = .
                0x0800b628                __etext = .
                0x0800b625                _sidata = __etext

.data           0x20000000       0x14 load address 0x0800b625
                0x20000000                __data_start__ = .
                0x20000000                _sdata = __data_start__
 *(vtable)
 *(.data*)
 .data          0x20000000       0x10 ..\obj\stm32f4xx_rcc.o
 .data.__ctype_ptr__
                0x20000010        0x4 c:/program files (x86)/gnu tools arm embedded/5.4 2016q2/bin/../lib/gcc/arm-none-eabi/5.4.1/../../../../arm-none-eabi/lib/armv7e-m\libg.a(lib_a-ctype_.o)
                0x20000010                __ctype_ptr__
                0x20000014                . = ALIGN (0x4)
                [!provide]                PROVIDE (__preinit_array_start, .)
 *(.preinit_array)
                [!provide]                PROVIDE (__preinit_array_end, .)
                0x20000014                . = ALIGN (0x4)
                [!provide]                PROVIDE (__init_array_start, .)
 *(SORT(.init_array.*))
 *(.init_array)
                [!provide]                PROVIDE (__init_array_end, .)
                0x20000014                . = ALIGN (0x4)
                [!provide]                PROVIDE (__fini_array_start, .)
 *(SORT(.fini_array.*))
 *(.fini_array)
                [!provide]                PROVIDE (__fini_array_end, .)
 *(.jcr*)
                0x20000014                . = ALIGN (0x4)
                0x20000014                __data_end__ = .
                0x20000014                _edata = __data_end__

.igot.plt       0x20000014        0x0 load address 0x0800b63c
 .igot.plt      0x20000014        0x0 ..\obj\API_DRAW.o

.bss            0x20000014    0x12d74 load address 0x0800b63c
                0x20000014                . = ALIGN (0x4)
                0x20000014                __bss_start__ = .
                0x20000014                _sbss = __bss_start__
 *(.bss*)
 .bss           0x20000014        0x4 ..\obj\uart.o
                0x20000014                charcounter
 *(COMMON)
 COMMON         0x20000018    0x12cfc ..\obj\API_DRAW.o
                0x20000018                VGA
                0x20000024                VGA_RAM1
 COMMON         0x20012d14       0x10 ..\obj\delay.o
                0x20012d14                G_CLK
                0x20012d18                D_S
                0x20012d1c                D_uS
                0x20012d20                D_mS
 COMMON         0x20012d24       0x64 ..\obj\uart.o
                0x20012d24                string
                0x20012d88                . = ALIGN (0x4)
                0x20012d88                __bss_end__ = .
                0x20012d88                _ebss = __bss_end__

.heap           0x20012d88        0x0
                0x20012d88                __end__ = .
                0x20012d88                _end = __end__
                0x20012d88                end = __end__
 *(.heap*)
                0x20012d88                __HeapLimit = .

.co_stack       0x20012d88      0x800 load address 0x0801e3b0
                0x20012d88                . = ALIGN (0x8)
 *(.co_stack .co_stack.*)
 .co_stack      0x20012d88      0x800 ..\obj\startup_stm32f4xx.o
                0x20012d88                pulStack
                0x20020000                __StackTop = (ORIGIN (ram) + LENGTH (ram))
                0x2001f800                __StackLimit = (__StackTop - SIZEOF (.co_stack))
                [!provide]                PROVIDE (__stack, __StackTop)
                0x00000001                ASSERT ((__StackLimit >= __HeapLimit), region ram  overflowed with stack)
LOAD ..\obj\API_DRAW.o
LOAD ..\obj\stm32f4xx_syscfg.o
LOAD ..\obj\delay.o
LOAD ..\obj\stm32f4xx_usart.o
LOAD ..\obj\uart.o
LOAD ..\obj\startup_stm32f4xx.o
LOAD ..\obj\tekst_bitmap_functions.o
LOAD ..\obj\main.o
LOAD ..\obj\stm32f4xx_rcc.o
LOAD ..\obj\printf.o
LOAD ..\obj\stm32f4xx_gpio.o
LOAD ..\obj\system_stm32f4xx.o
LOAD ..\obj\syscalls.o
LOAD ..\obj\stm32f4xx_dma.o
LOAD ..\obj\API_IO.o
LOAD ..\obj\stm32_ub_vga_screen.o
LOAD ..\obj\stm32f4xx_exti.o
LOAD ..\obj\misc.o
LOAD ..\obj\stm32f4xx_tim.o
LOAD c:/program files (x86)/gnu tools arm embedded/5.4 2016q2/bin/../lib/gcc/arm-none-eabi/5.4.1/../../../../arm-none-eabi/lib/armv7e-m\libm.a
START GROUP
LOAD c:/program files (x86)/gnu tools arm embedded/5.4 2016q2/bin/../lib/gcc/arm-none-eabi/5.4.1/armv7e-m\libgcc.a
LOAD c:/program files (x86)/gnu tools arm embedded/5.4 2016q2/bin/../lib/gcc/arm-none-eabi/5.4.1/../../../../arm-none-eabi/lib/armv7e-m\libg.a
LOAD c:/program files (x86)/gnu tools arm embedded/5.4 2016q2/bin/../lib/gcc/arm-none-eabi/5.4.1/../../../../arm-none-eabi/lib/armv7e-m\libc.a
END GROUP
OUTPUT(VGA_API.elf elf32-littlearm)

.debug_info     0x00000000     0x8625
 .debug_info    0x00000000      0x489 ..\obj\API_DRAW.o
 .debug_info    0x00000489      0x2a6 ..\obj\delay.o
 .debug_info    0x0000072f      0x9ca ..\obj\stm32f4xx_usart.o
 .debug_info    0x000010f9      0x9e8 ..\obj\uart.o
 .debug_info    0x00001ae1       0xf2 ..\obj\startup_stm32f4xx.o
 .debug_info    0x00001bd3     0x1564 ..\obj\tekst_bitmap_functions.o
 .debug_info    0x00003137       0xb6 ..\obj\main.o
 .debug_info    0x000031ed      0xc63 ..\obj\stm32f4xx_rcc.o
 .debug_info    0x00003e50      0x61a ..\obj\stm32f4xx_gpio.o
 .debug_info    0x0000446a      0x5c5 ..\obj\system_stm32f4xx.o
 .debug_info    0x00004a2f      0x741 ..\obj\stm32f4xx_dma.o
 .debug_info    0x00005170      0x81d ..\obj\API_IO.o
 .debug_info    0x0000598d      0xad9 ..\obj\stm32_ub_vga_screen.o
 .debug_info    0x00006466      0x556 ..\obj\misc.o
 .debug_info    0x000069bc     0x1c69 ..\obj\stm32f4xx_tim.o

.debug_abbrev   0x00000000     0x1537
 .debug_abbrev  0x00000000      0x112 ..\obj\API_DRAW.o
 .debug_abbrev  0x00000112      0x100 ..\obj\delay.o
 .debug_abbrev  0x00000212      0x157 ..\obj\stm32f4xx_usart.o
 .debug_abbrev  0x00000369      0x1e6 ..\obj\uart.o
 .debug_abbrev  0x0000054f       0xb0 ..\obj\startup_stm32f4xx.o
 .debug_abbrev  0x000005ff      0x1b9 ..\obj\tekst_bitmap_functions.o
 .debug_abbrev  0x000007b8       0x65 ..\obj\main.o
 .debug_abbrev  0x0000081d      0x1e5 ..\obj\stm32f4xx_rcc.o
 .debug_abbrev  0x00000a02      0x1a7 ..\obj\stm32f4xx_gpio.o
 .debug_abbrev  0x00000ba9      0x138 ..\obj\system_stm32f4xx.o
 .debug_abbrev  0x00000ce1      0x157 ..\obj\stm32f4xx_dma.o
 .debug_abbrev  0x00000e38      0x25f ..\obj\API_IO.o
 .debug_abbrev  0x00001097      0x1d0 ..\obj\stm32_ub_vga_screen.o
 .debug_abbrev  0x00001267      0x147 ..\obj\misc.o
 .debug_abbrev  0x000013ae      0x189 ..\obj\stm32f4xx_tim.o

.debug_aranges  0x00000000      0xa38
 .debug_aranges
                0x00000000       0x40 ..\obj\API_DRAW.o
 .debug_aranges
                0x00000040       0x38 ..\obj\delay.o
 .debug_aranges
                0x00000078      0x100 ..\obj\stm32f4xx_usart.o
 .debug_aranges
                0x00000178       0x68 ..\obj\uart.o
 .debug_aranges
                0x000001e0       0x28 ..\obj\startup_stm32f4xx.o
 .debug_aranges
                0x00000208       0xd8 ..\obj\tekst_bitmap_functions.o
 .debug_aranges
                0x000002e0       0x20 ..\obj\main.o
 .debug_aranges
                0x00000300      0x178 ..\obj\stm32f4xx_rcc.o
 .debug_aranges
                0x00000478       0x88 ..\obj\stm32f4xx_gpio.o
 .debug_aranges
                0x00000500       0x30 ..\obj\system_stm32f4xx.o
 .debug_aranges
                0x00000530       0xb0 ..\obj\stm32f4xx_dma.o
 .debug_aranges
                0x000005e0       0xc0 ..\obj\API_IO.o
 .debug_aranges
                0x000006a0       0x60 ..\obj\stm32_ub_vga_screen.o
 .debug_aranges
                0x00000700       0x40 ..\obj\misc.o
 .debug_aranges
                0x00000740      0x2f8 ..\obj\stm32f4xx_tim.o

.debug_ranges   0x00000000      0x948
 .debug_ranges  0x00000000       0x30 ..\obj\API_DRAW.o
 .debug_ranges  0x00000030       0x28 ..\obj\delay.o
 .debug_ranges  0x00000058       0xf0 ..\obj\stm32f4xx_usart.o
 .debug_ranges  0x00000148       0x58 ..\obj\uart.o
 .debug_ranges  0x000001a0       0x18 ..\obj\startup_stm32f4xx.o
 .debug_ranges  0x000001b8       0xc8 ..\obj\tekst_bitmap_functions.o
 .debug_ranges  0x00000280       0x10 ..\obj\main.o
 .debug_ranges  0x00000290      0x168 ..\obj\stm32f4xx_rcc.o
 .debug_ranges  0x000003f8       0x78 ..\obj\stm32f4xx_gpio.o
 .debug_ranges  0x00000470       0x20 ..\obj\system_stm32f4xx.o
 .debug_ranges  0x00000490       0xa0 ..\obj\stm32f4xx_dma.o
 .debug_ranges  0x00000530       0xb0 ..\obj\API_IO.o
 .debug_ranges  0x000005e0       0x50 ..\obj\stm32_ub_vga_screen.o
 .debug_ranges  0x00000630       0x30 ..\obj\misc.o
 .debug_ranges  0x00000660      0x2e8 ..\obj\stm32f4xx_tim.o

.debug_line     0x00000000     0x48a1
 .debug_line    0x00000000      0x3fb ..\obj\API_DRAW.o
 .debug_line    0x000003fb      0x32d ..\obj\delay.o
 .debug_line    0x00000728      0x599 ..\obj\stm32f4xx_usart.o
 .debug_line    0x00000cc1      0x519 ..\obj\uart.o
 .debug_line    0x000011da       0xd1 ..\obj\startup_stm32f4xx.o
 .debug_line    0x000012ab      0xa42 ..\obj\tekst_bitmap_functions.o
 .debug_line    0x00001ced       0xa1 ..\obj\main.o
 .debug_line    0x00001d8e      0x685 ..\obj\stm32f4xx_rcc.o
 .debug_line    0x00002413      0x440 ..\obj\stm32f4xx_gpio.o
 .debug_line    0x00002853      0x262 ..\obj\system_stm32f4xx.o
 .debug_line    0x00002ab5      0x50a ..\obj\stm32f4xx_dma.o
 .debug_line    0x00002fbf      0x5b1 ..\obj\API_IO.o
 .debug_line    0x00003570      0x472 ..\obj\stm32_ub_vga_screen.o
 .debug_line    0x000039e2      0x31e ..\obj\misc.o
 .debug_line    0x00003d00      0xba1 ..\obj\stm32f4xx_tim.o

.debug_str      0x00000000     0x343b
 .debug_str     0x00000000      0x354 ..\obj\API_DRAW.o
                                0x3c2 (size before relaxing)
 .debug_str     0x00000354       0xd8 ..\obj\delay.o
                                0x313 (size before relaxing)
 .debug_str     0x0000042c      0x4e6 ..\obj\stm32f4xx_usart.o
                                0x6bf (size before relaxing)
 .debug_str     0x00000912      0x828 ..\obj\uart.o
                                0xb90 (size before relaxing)
 .debug_str     0x0000113a       0xe0 ..\obj\startup_stm32f4xx.o
                                0x177 (size before relaxing)
 .debug_str     0x0000121a      0x424 ..\obj\tekst_bitmap_functions.o
                                0x684 (size before relaxing)
 .debug_str     0x0000163e       0x6b ..\obj\main.o
                                0x1f0 (size before relaxing)
 .debug_str     0x000016a9      0x60d ..\obj\stm32f4xx_rcc.o
                                0x880 (size before relaxing)
 .debug_str     0x00001cb6      0x1d3 ..\obj\stm32f4xx_gpio.o
                                0x4d3 (size before relaxing)
 .debug_str     0x00001e89      0x148 ..\obj\system_stm32f4xx.o
                                0x3da (size before relaxing)
 .debug_str     0x00001fd1      0x3c7 ..\obj\stm32f4xx_dma.o
                                0x572 (size before relaxing)
 .debug_str     0x00002398      0x214 ..\obj\API_IO.o
                                0x57e (size before relaxing)
 .debug_str     0x000025ac      0x2d0 ..\obj\stm32_ub_vga_screen.o
                                0xd0d (size before relaxing)
 .debug_str     0x0000287c      0x191 ..\obj\misc.o
                                0x3fe (size before relaxing)
 .debug_str     0x00002a0d      0xa2e ..\obj\stm32f4xx_tim.o
                                0xe00 (size before relaxing)

.comment        0x00000000       0x6e
 .comment       0x00000000       0x6e ..\obj\API_DRAW.o
                                 0x6f (size before relaxing)
 .comment       0x0000006e       0x6f ..\obj\delay.o
 .comment       0x0000006e       0x6f ..\obj\stm32f4xx_usart.o
 .comment       0x0000006e       0x6f ..\obj\uart.o
 .comment       0x0000006e       0x6f ..\obj\startup_stm32f4xx.o
 .comment       0x0000006e       0x6f ..\obj\tekst_bitmap_functions.o
 .comment       0x0000006e       0x6f ..\obj\main.o
 .comment       0x0000006e       0x6f ..\obj\stm32f4xx_rcc.o
 .comment       0x0000006e       0x6f ..\obj\stm32f4xx_gpio.o
 .comment       0x0000006e       0x6f ..\obj\system_stm32f4xx.o
 .comment       0x0000006e       0x6f ..\obj\stm32f4xx_dma.o
 .comment       0x0000006e       0x6f ..\obj\API_IO.o
 .comment       0x0000006e       0x6f ..\obj\stm32_ub_vga_screen.o
 .comment       0x0000006e       0x6f ..\obj\misc.o
 .comment       0x0000006e       0x6f ..\obj\stm32f4xx_tim.o

.ARM.attributes
                0x00000000       0x31
 .ARM.attributes
                0x00000000       0x33 ..\obj\API_DRAW.o
 .ARM.attributes
                0x00000033       0x33 ..\obj\delay.o
 .ARM.attributes
                0x00000066       0x33 ..\obj\stm32f4xx_usart.o
 .ARM.attributes
                0x00000099       0x33 ..\obj\uart.o
 .ARM.attributes
                0x000000cc       0x33 ..\obj\startup_stm32f4xx.o
 .ARM.attributes
                0x000000ff       0x33 ..\obj\tekst_bitmap_functions.o
 .ARM.attributes
                0x00000132       0x33 ..\obj\main.o
 .ARM.attributes
                0x00000165       0x33 ..\obj\stm32f4xx_rcc.o
 .ARM.attributes
                0x00000198       0x33 ..\obj\stm32f4xx_gpio.o
 .ARM.attributes
                0x000001cb       0x33 ..\obj\system_stm32f4xx.o
 .ARM.attributes
                0x000001fe       0x33 ..\obj\stm32f4xx_dma.o
 .ARM.attributes
                0x00000231       0x33 ..\obj\API_IO.o
 .ARM.attributes
                0x00000264       0x33 ..\obj\stm32_ub_vga_screen.o
 .ARM.attributes
                0x00000297       0x33 ..\obj\misc.o
 .ARM.attributes
                0x000002ca       0x33 ..\obj\stm32f4xx_tim.o
 .ARM.attributes
                0x000002fd       0x1e c:/program files (x86)/gnu tools arm embedded/5.4 2016q2/bin/../lib/gcc/arm-none-eabi/5.4.1/armv7e-m\libgcc.a(_arm_addsubdf3.o)
 .ARM.attributes
                0x0000031b       0x1e c:/program files (x86)/gnu tools arm embedded/5.4 2016q2/bin/../lib/gcc/arm-none-eabi/5.4.1/armv7e-m\libgcc.a(_arm_muldivdf3.o)
 .ARM.attributes
                0x00000339       0x1e c:/program files (x86)/gnu tools arm embedded/5.4 2016q2/bin/../lib/gcc/arm-none-eabi/5.4.1/armv7e-m\libgcc.a(_arm_fixunsdfsi.o)
 .ARM.attributes
                0x00000357       0x2e c:/program files (x86)/gnu tools arm embedded/5.4 2016q2/bin/../lib/gcc/arm-none-eabi/5.4.1/../../../../arm-none-eabi/lib/armv7e-m\libg.a(lib_a-ctype_.o)
 .ARM.attributes
                0x00000385       0x1c c:/program files (x86)/gnu tools arm embedded/5.4 2016q2/bin/../lib/gcc/arm-none-eabi/5.4.1/../../../../arm-none-eabi/lib/armv7e-m\libg.a(lib_a-strlen.o)
 .ARM.attributes
                0x000003a1       0x2e c:/program files (x86)/gnu tools arm embedded/5.4 2016q2/bin/../lib/gcc/arm-none-eabi/5.4.1/../../../../arm-none-eabi/lib/armv7e-m\libg.a(lib_a-strncmp.o)

.debug_frame    0x00000000     0x2c1c
 .debug_frame   0x00000000       0xc8 ..\obj\API_DRAW.o
 .debug_frame   0x000000c8       0xb0 ..\obj\delay.o
 .debug_frame   0x00000178      0x490 ..\obj\stm32f4xx_usart.o
 .debug_frame   0x00000608      0x198 ..\obj\uart.o
 .debug_frame   0x000007a0       0x4c ..\obj\startup_stm32f4xx.o
 .debug_frame   0x000007ec      0x3a0 ..\obj\tekst_bitmap_functions.o
 .debug_frame   0x00000b8c       0x30 ..\obj\main.o
 .debug_frame   0x00000bbc      0x6d4 ..\obj\stm32f4xx_rcc.o
 .debug_frame   0x00001290      0x23c ..\obj\stm32f4xx_gpio.o
 .debug_frame   0x000014cc       0x7c ..\obj\system_stm32f4xx.o
 .debug_frame   0x00001548      0x308 ..\obj\stm32f4xx_dma.o
 .debug_frame   0x00001850      0x304 ..\obj\API_IO.o
 .debug_frame   0x00001b54      0x148 ..\obj\stm32_ub_vga_screen.o
 .debug_frame   0x00001c9c       0xd8 ..\obj\misc.o
 .debug_frame   0x00001d74      0xe54 ..\obj\stm32f4xx_tim.o
 .debug_frame   0x00002bc8       0x54 c:/program files (x86)/gnu tools arm embedded/5.4 2016q2/bin/../lib/gcc/arm-none-eabi/5.4.1/../../../../arm-none-eabi/lib/armv7e-m\libg.a(lib_a-strncmp.o)
